OpenROAD 41a51eaf4ca2171c92ff38afb91eb37bbd3f36da 
This program is licensed under the BSD-3 license. See the LICENSE file for details.
Components of this program may be licensed under more restrictive licenses which must be honored.
[INFO]: Reading ODB at '/openlane/designs/Markov_Chain_Accelerator/runs/Mrqn-9-Sept/results/cts/A06_BH_top_wrapper.odb'…
define_corners Slowest Typical Fastest
read_liberty -corner Slowest /home/user/.ciel/gf180mcuC/libs.ref/gf180mcu_fd_sc_mcu7t5v0/lib/gf180mcu_fd_sc_mcu7t5v0__ss_125C_4v50.lib
read_liberty -corner Typical /home/user/.ciel/gf180mcuC/libs.ref/gf180mcu_fd_sc_mcu7t5v0/lib/gf180mcu_fd_sc_mcu7t5v0__tt_025C_5v00.lib
read_liberty -corner Fastest /home/user/.ciel/gf180mcuC/libs.ref/gf180mcu_fd_sc_mcu7t5v0/lib/gf180mcu_fd_sc_mcu7t5v0__ff_n40C_5v50.lib
Using 1e-12 for capacitance...
Using 1e+00 for resistance...
Using 1e-09 for time...
Using 1e+00 for voltage...
Using 1e-03 for current...
Using 1e-06 for power...
Using 1e-06 for distance...
Reading design constraints file at '/openlane/designs/Markov_Chain_Accelerator/runs/Mrqn-9-Sept/results/cts/A06_BH_top_wrapper.sdc'…
[INFO]: Setting RC values...
[INFO RSZ-0033] No hold violations found.
Placement Analysis
---------------------------------
total displacement          0.0 u
average displacement        0.0 u
max displacement            0.0 u
original HPWL          286464.0 u
legalized HPWL         294534.0 u
delta HPWL                    3 %

[INFO DPL-0020] Mirrored 4943 instances
[INFO DPL-0021] HPWL before          294534.0 u
[INFO DPL-0022] HPWL after           286464.0 u
[INFO DPL-0023] HPWL delta               -2.7 %
Setting global connections for newly added cells…
Writing OpenROAD database to '/openlane/designs/Markov_Chain_Accelerator/runs/Mrqn-9-Sept/tmp/cts/14-A06_BH_top_wrapper.resized.odb'…
Writing netlist to '/openlane/designs/Markov_Chain_Accelerator/runs/Mrqn-9-Sept/tmp/cts/14-A06_BH_top_wrapper.resized.nl.v'…
Writing powered netlist to '/openlane/designs/Markov_Chain_Accelerator/runs/Mrqn-9-Sept/tmp/cts/14-A06_BH_top_wrapper.resized.pnl.v'…
Writing layout to '/openlane/designs/Markov_Chain_Accelerator/runs/Mrqn-9-Sept/tmp/cts/14-A06_BH_top_wrapper.resized.def'…
Writing timing constraints to '/openlane/designs/Markov_Chain_Accelerator/runs/Mrqn-9-Sept/tmp/cts/14-A06_BH_top_wrapper.resized.sdc'…
area_report

===========================================================================
report_design_area
============================================================================
Design area 312511 u^2 53% utilization.
area_report_end
