OpenROAD 41a51eaf4ca2171c92ff38afb91eb37bbd3f36da 
This program is licensed under the BSD-3 license. See the LICENSE file for details.
Components of this program may be licensed under more restrictive licenses which must be honored.
[INFO]: Reading ODB at '/openlane/designs/Markov_Chain_Accelerator/runs/automated_pdn_fix_v9_odb_refresh/tmp/routing/24-fill.odb'…
define_corners Typical
read_liberty -corner Typical /home/user/.ciel/gf180mcuC/libs.ref/gf180mcu_fd_sc_mcu7t5v0/lib/gf180mcu_fd_sc_mcu7t5v0__tt_025C_5v00.lib
Using 1e-12 for capacitance...
Using 1e+00 for resistance...
Using 1e-09 for time...
Using 1e+00 for voltage...
Using 1e-03 for current...
Using 1e-06 for power...
Using 1e-06 for distance...
Reading design constraints file at '/openlane/designs/Markov_Chain_Accelerator/runs/automated_pdn_fix_v9_odb_refresh/tmp/17-A06_BH_top_wrapper.sdc'…
[INFO ORD-0030] Using 2 thread(s).
[INFO DRT-0149] Reading tech and libs.
[WARNING DRT-0140] SpacingRange unsupported.
[WARNING DRT-0140] SpacingRange unsupported.
[WARNING DRT-0140] SpacingRange unsupported.
[WARNING DRT-0140] SpacingRange unsupported.
[WARNING DRT-0140] SpacingRange unsupported.

Units:                2000
Number of layers:     11
Number of macros:     229
Number of vias:       60
Number of viarulegen: 18

[INFO DRT-0150] Reading design.

Design:                   A06_BH_top_wrapper
Die area:                 ( 0 0 ) ( 2220000 1100000 )
Number of track patterns: 10
Number of DEF vias:       0
Number of components:     42146
Number of terminals:      79
Number of snets:          2
Number of nets:           12395

[INFO DRT-0167] List of default vias:
  Layer Via1
    default via: Via1_HV
  Layer Via2
    default via: Via2_VH
  Layer Via3
    default via: Via3_HV
  Layer Via4
    default via: Via4_1_VH
[INFO DRT-0162] Library cell analysis.
[INFO DRT-0163] Instance analysis.
  Complete 10000 instances.
  Complete 20000 instances.
  Complete 30000 instances.
  Complete 40000 instances.
[INFO DRT-0164] Number of unique instances = 269.
[INFO DRT-0168] Init region query.
[INFO DRT-0018]   Complete 10000 insts.
[INFO DRT-0018]   Complete 20000 insts.
[INFO DRT-0018]   Complete 30000 insts.
[INFO DRT-0018]   Complete 40000 insts.
[INFO DRT-0024]   Complete Poly2.
[INFO DRT-0024]   Complete CON.
[INFO DRT-0024]   Complete Metal1.
[INFO DRT-0024]   Complete Via1.
[INFO DRT-0024]   Complete Metal2.
[INFO DRT-0024]   Complete Via2.
[INFO DRT-0024]   Complete Metal3.
[INFO DRT-0024]   Complete Via3.
[INFO DRT-0024]   Complete Metal4.
[INFO DRT-0024]   Complete Via4.
[INFO DRT-0024]   Complete Metal5.
[INFO DRT-0033] Poly2 shape region query size = 0.
[INFO DRT-0033] CON shape region query size = 0.
[INFO DRT-0033] Metal1 shape region query size = 479753.
[INFO DRT-0033] Via1 shape region query size = 18216.
[INFO DRT-0033] Metal2 shape region query size = 12221.
[INFO DRT-0033] Via2 shape region query size = 18216.
[INFO DRT-0033] Metal3 shape region query size = 12144.
[INFO DRT-0033] Via3 shape region query size = 18216.
[INFO DRT-0033] Metal4 shape region query size = 8464.
[INFO DRT-0033] Via4 shape region query size = 19872.
[INFO DRT-0033] Metal5 shape region query size = 2304.
[INFO DRT-0165] Start pin access.
[INFO DRT-0076]   Complete 100 pins.
[INFO DRT-0076]   Complete 200 pins.
[INFO DRT-0076]   Complete 300 pins.
[INFO DRT-0076]   Complete 400 pins.
[INFO DRT-0076]   Complete 500 pins.
[INFO DRT-0076]   Complete 600 pins.
[INFO DRT-0076]   Complete 700 pins.
[INFO DRT-0076]   Complete 800 pins.
[INFO DRT-0078]   Complete 837 pins.
[INFO DRT-0079]   Complete 100 unique inst patterns.
[INFO DRT-0079]   Complete 200 unique inst patterns.
[INFO DRT-0081]   Complete 249 unique inst patterns.
[INFO DRT-0082]   Complete 1000 groups.
[INFO DRT-0082]   Complete 2000 groups.
[INFO DRT-0082]   Complete 3000 groups.
[INFO DRT-0082]   Complete 4000 groups.
[INFO DRT-0082]   Complete 5000 groups.
[INFO DRT-0082]   Complete 6000 groups.
[INFO DRT-0082]   Complete 7000 groups.
[INFO DRT-0082]   Complete 8000 groups.
[INFO DRT-0082]   Complete 9000 groups.
[INFO DRT-0083]   Complete 10000 groups.
[INFO DRT-0084]   Complete 11014 groups.
#scanned instances     = 42146
#unique  instances     = 269
#stdCellGenAp          = 6637
#stdCellValidPlanarAp  = 0
#stdCellValidViaAp     = 5588
#stdCellPinNoAp        = 0
#stdCellPinCnt         = 35315
#instTermValidViaApCnt = 0
#macroGenAp            = 0
#macroValidPlanarAp    = 0
#macroValidViaAp       = 0
#macroNoAp             = 0
[INFO DRT-0166] Complete pin access.
[INFO DRT-0267] cpu time = 00:00:34, elapsed time = 00:00:17, memory = 276.55 (MB), peak = 284.71 (MB)

Number of guides:     89047

[INFO DRT-0169] Post process guides.
[INFO DRT-0176] GCELLGRID X 0 DO 132 STEP 16800 ;
[INFO DRT-0177] GCELLGRID Y 0 DO 65 STEP 16800 ;
[INFO DRT-0026]   Complete 10000 origin guides.
[INFO DRT-0026]   Complete 20000 origin guides.
[INFO DRT-0026]   Complete 30000 origin guides.
[INFO DRT-0026]   Complete 40000 origin guides.
[INFO DRT-0026]   Complete 50000 origin guides.
[INFO DRT-0026]   Complete 60000 origin guides.
[INFO DRT-0026]   Complete 70000 origin guides.
[INFO DRT-0026]   Complete 80000 origin guides.
[INFO DRT-0028]   Complete Poly2.
[INFO DRT-0028]   Complete CON.
[INFO DRT-0028]   Complete Metal1.
[INFO DRT-0028]   Complete Via1.
[INFO DRT-0028]   Complete Metal2.
[INFO DRT-0028]   Complete Via2.
[INFO DRT-0028]   Complete Metal3.
[INFO DRT-0028]   Complete Via3.
[INFO DRT-0028]   Complete Metal4.
[INFO DRT-0028]   Complete Via4.
[INFO DRT-0028]   Complete Metal5.
  complete 10000 nets.
[INFO DRT-0178] Init guide query.
[INFO DRT-0029]   Complete 10000 nets (guide).
[INFO DRT-0035]   Complete Poly2 (guide).
[INFO DRT-0035]   Complete CON (guide).
[INFO DRT-0035]   Complete Metal1 (guide).
[INFO DRT-0035]   Complete Via1 (guide).
[INFO DRT-0035]   Complete Metal2 (guide).
[INFO DRT-0035]   Complete Via2 (guide).
[INFO DRT-0035]   Complete Metal3 (guide).
[INFO DRT-0035]   Complete Via3 (guide).
[INFO DRT-0035]   Complete Metal4 (guide).
[INFO DRT-0035]   Complete Via4 (guide).
[INFO DRT-0035]   Complete Metal5 (guide).
[INFO DRT-0036] Poly2 guide region query size = 0.
[INFO DRT-0036] CON guide region query size = 0.
[INFO DRT-0036] Metal1 guide region query size = 32984.
[INFO DRT-0036] Via1 guide region query size = 0.
[INFO DRT-0036] Metal2 guide region query size = 24701.
[INFO DRT-0036] Via2 guide region query size = 0.
[INFO DRT-0036] Metal3 guide region query size = 12878.
[INFO DRT-0036] Via3 guide region query size = 0.
[INFO DRT-0036] Metal4 guide region query size = 46.
[INFO DRT-0036] Via4 guide region query size = 0.
[INFO DRT-0036] Metal5 guide region query size = 16.
[INFO DRT-0179] Init gr pin query.
[INFO DRT-0245] skipped writing guide updates to database.
[INFO DRT-0185] Post process initialize RPin region query.
[INFO DRT-0181] Start track assignment.
[INFO DRT-0184] Done with 24747 vertical wires in 3 frboxes and 45878 horizontal wires in 2 frboxes.
[INFO DRT-0186] Done with 6404 vertical wires in 3 frboxes and 4961 horizontal wires in 2 frboxes.
[INFO DRT-0182] Complete track assignment.
[INFO DRT-0267] cpu time = 00:00:06, elapsed time = 00:00:04, memory = 416.62 (MB), peak = 451.08 (MB)
[INFO DRT-0187] Start routing data preparation.
[INFO DRT-0267] cpu time = 00:00:00, elapsed time = 00:00:00, memory = 416.62 (MB), peak = 451.08 (MB)
[INFO DRT-0194] Start detail routing.
[INFO DRT-0195] Start 0th optimization iteration.
    Completing 10% with 0 violations.
    elapsed time = 00:00:03, memory = 508.56 (MB).
    Completing 20% with 0 violations.
    elapsed time = 00:00:07, memory = 640.64 (MB).
    Completing 30% with 426 violations.
    elapsed time = 00:00:09, memory = 536.86 (MB).
    Completing 40% with 426 violations.
    elapsed time = 00:00:13, memory = 602.82 (MB).
    Completing 50% with 426 violations.
    elapsed time = 00:00:16, memory = 666.66 (MB).
    Completing 60% with 797 violations.
    elapsed time = 00:00:20, memory = 598.34 (MB).
    Completing 70% with 797 violations.
    elapsed time = 00:00:25, memory = 686.07 (MB).
    Completing 80% with 1171 violations.
    elapsed time = 00:00:28, memory = 552.56 (MB).
    Completing 90% with 1171 violations.
    elapsed time = 00:00:33, memory = 619.64 (MB).
    Completing 100% with 1573 violations.
    elapsed time = 00:00:36, memory = 693.41 (MB).
[INFO DRT-0199]   Number of violations = 4605.
Viol/Layer      Metal1 Metal2   Via2 Metal3 Metal4 Metal5
Cut Spacing          0      0      2      0      0      0
Metal Spacing       61    271      0      3      0      0
NS Metal             0      1      0      0      0      0
Recheck             26   2109      0    859     37      1
Short                1   1179      0     55      0      0
[INFO DRT-0267] cpu time = 00:01:13, elapsed time = 00:00:36, memory = 830.53 (MB), peak = 830.04 (MB)
Total wire length = 367620 um.
Total wire length on LAYER Metal1 = 677 um.
Total wire length on LAYER Metal2 = 191678 um.
Total wire length on LAYER Metal3 = 169557 um.
Total wire length on LAYER Metal4 = 2707 um.
Total wire length on LAYER Metal5 = 3000 um.
Total number of vias = 71386.
Up-via summary (total 71386):.

----------------
  Poly2        0
 Metal1    42163
 Metal2    28983
 Metal3      210
 Metal4       30
----------------
           71386


[INFO DRT-0195] Start 1st optimization iteration.
    Completing 10% with 4605 violations.
    elapsed time = 00:00:02, memory = 830.59 (MB).
    Completing 20% with 4605 violations.
    elapsed time = 00:00:07, memory = 831.07 (MB).
    Completing 30% with 3609 violations.
    elapsed time = 00:00:08, memory = 702.55 (MB).
    Completing 40% with 3609 violations.
    elapsed time = 00:00:12, memory = 776.22 (MB).
    Completing 50% with 3609 violations.
    elapsed time = 00:00:16, memory = 856.86 (MB).
    Completing 60% with 2619 violations.
    elapsed time = 00:00:20, memory = 765.44 (MB).
    Completing 70% with 2619 violations.
    elapsed time = 00:00:25, memory = 857.36 (MB).
    Completing 80% with 1599 violations.
    elapsed time = 00:00:26, memory = 876.34 (MB).
    Completing 90% with 1599 violations.
    elapsed time = 00:00:30, memory = 876.44 (MB).
    Completing 100% with 683 violations.
    elapsed time = 00:00:33, memory = 755.60 (MB).
[INFO DRT-0199]   Number of violations = 683.
Viol/Layer      Metal1 Metal2 Metal3
Metal Spacing        4    108      1
NS Metal             0      0      2
Short                1    552     15
[INFO DRT-0267] cpu time = 00:01:05, elapsed time = 00:00:33, memory = 756.26 (MB), peak = 876.33 (MB)
Total wire length = 364080 um.
Total wire length on LAYER Metal1 = 752 um.
Total wire length on LAYER Metal2 = 190010 um.
Total wire length on LAYER Metal3 = 167524 um.
Total wire length on LAYER Metal4 = 2790 um.
Total wire length on LAYER Metal5 = 3002 um.
Total number of vias = 71066.
Up-via summary (total 71066):.

----------------
  Poly2        0
 Metal1    42208
 Metal2    28586
 Metal3      241
 Metal4       31
----------------
           71066


[INFO DRT-0195] Start 2nd optimization iteration.
    Completing 10% with 683 violations.
    elapsed time = 00:00:01, memory = 756.26 (MB).
    Completing 20% with 683 violations.
    elapsed time = 00:00:05, memory = 768.64 (MB).
    Completing 30% with 647 violations.
    elapsed time = 00:00:07, memory = 683.85 (MB).
    Completing 40% with 647 violations.
    elapsed time = 00:00:10, memory = 762.20 (MB).
    Completing 50% with 647 violations.
    elapsed time = 00:00:13, memory = 811.28 (MB).
    Completing 60% with 624 violations.
    elapsed time = 00:00:16, memory = 730.98 (MB).
    Completing 70% with 624 violations.
    elapsed time = 00:00:20, memory = 785.21 (MB).
    Completing 80% with 595 violations.
    elapsed time = 00:00:21, memory = 686.20 (MB).
    Completing 90% with 595 violations.
    elapsed time = 00:00:25, memory = 775.84 (MB).
    Completing 100% with 568 violations.
    elapsed time = 00:00:28, memory = 665.50 (MB).
[INFO DRT-0199]   Number of violations = 568.
Viol/Layer      Metal1 Metal2 Metal3
Metal Spacing        4    106      3
Short                1    450      4
[INFO DRT-0267] cpu time = 00:00:55, elapsed time = 00:00:29, memory = 695.50 (MB), peak = 876.33 (MB)
Total wire length = 363083 um.
Total wire length on LAYER Metal1 = 760 um.
Total wire length on LAYER Metal2 = 189812 um.
Total wire length on LAYER Metal3 = 166645 um.
Total wire length on LAYER Metal4 = 2865 um.
Total wire length on LAYER Metal5 = 2999 um.
Total number of vias = 70823.
Up-via summary (total 70823):.

----------------
  Poly2        0
 Metal1    42220
 Metal2    28338
 Metal3      235
 Metal4       30
----------------
           70823


[INFO DRT-0195] Start 3rd optimization iteration.
    Completing 10% with 568 violations.
    elapsed time = 00:00:00, memory = 722.21 (MB).
    Completing 20% with 568 violations.
    elapsed time = 00:00:01, memory = 792.85 (MB).
    Completing 30% with 428 violations.
    elapsed time = 00:00:02, memory = 686.77 (MB).
    Completing 40% with 428 violations.
    elapsed time = 00:00:03, memory = 749.47 (MB).
    Completing 50% with 428 violations.
    elapsed time = 00:00:04, memory = 812.21 (MB).
    Completing 60% with 296 violations.
    elapsed time = 00:00:05, memory = 723.11 (MB).
    Completing 70% with 296 violations.
    elapsed time = 00:00:07, memory = 786.15 (MB).
    Completing 80% with 146 violations.
    elapsed time = 00:00:08, memory = 687.94 (MB).
    Completing 90% with 146 violations.
    elapsed time = 00:00:09, memory = 752.40 (MB).
    Completing 100% with 10 violations.
    elapsed time = 00:00:10, memory = 666.73 (MB).
[INFO DRT-0199]   Number of violations = 10.
Viol/Layer      Metal2
Metal Spacing        4
Short                6
[INFO DRT-0267] cpu time = 00:00:19, elapsed time = 00:00:10, memory = 672.52 (MB), peak = 876.33 (MB)
Total wire length = 362581 um.
Total wire length on LAYER Metal1 = 701 um.
Total wire length on LAYER Metal2 = 184062 um.
Total wire length on LAYER Metal3 = 167520 um.
Total wire length on LAYER Metal4 = 7297 um.
Total wire length on LAYER Metal5 = 2999 um.
Total number of vias = 71991.
Up-via summary (total 71991):.

----------------
  Poly2        0
 Metal1    42176
 Metal2    29029
 Metal3      756
 Metal4       30
----------------
           71991


[INFO DRT-0195] Start 4th optimization iteration.
    Completing 10% with 10 violations.
    elapsed time = 00:00:00, memory = 672.52 (MB).
    Completing 20% with 10 violations.
    elapsed time = 00:00:00, memory = 677.31 (MB).
    Completing 30% with 8 violations.
    elapsed time = 00:00:00, memory = 677.31 (MB).
    Completing 40% with 8 violations.
    elapsed time = 00:00:00, memory = 677.31 (MB).
    Completing 50% with 8 violations.
    elapsed time = 00:00:00, memory = 677.97 (MB).
    Completing 60% with 6 violations.
    elapsed time = 00:00:00, memory = 678.58 (MB).
    Completing 70% with 6 violations.
    elapsed time = 00:00:00, memory = 695.03 (MB).
    Completing 80% with 1 violations.
    elapsed time = 00:00:00, memory = 667.19 (MB).
    Completing 90% with 1 violations.
    elapsed time = 00:00:00, memory = 667.19 (MB).
    Completing 100% with 0 violations.
    elapsed time = 00:00:00, memory = 667.19 (MB).
[INFO DRT-0199]   Number of violations = 0.
[INFO DRT-0267] cpu time = 00:00:01, elapsed time = 00:00:00, memory = 667.19 (MB), peak = 876.33 (MB)
Total wire length = 362571 um.
Total wire length on LAYER Metal1 = 701 um.
Total wire length on LAYER Metal2 = 183984 um.
Total wire length on LAYER Metal3 = 167529 um.
Total wire length on LAYER Metal4 = 7357 um.
Total wire length on LAYER Metal5 = 2999 um.
Total number of vias = 72011.
Up-via summary (total 72011):.

----------------
  Poly2        0
 Metal1    42176
 Metal2    29037
 Metal3      768
 Metal4       30
----------------
           72011


[INFO DRT-0198] Complete detail routing.
Total wire length = 362571 um.
Total wire length on LAYER Metal1 = 701 um.
Total wire length on LAYER Metal2 = 183984 um.
Total wire length on LAYER Metal3 = 167529 um.
Total wire length on LAYER Metal4 = 7357 um.
Total wire length on LAYER Metal5 = 2999 um.
Total number of vias = 72011.
Up-via summary (total 72011):.

----------------
  Poly2        0
 Metal1    42176
 Metal2    29037
 Metal3      768
 Metal4       30
----------------
           72011


[INFO DRT-0267] cpu time = 00:03:36, elapsed time = 00:01:51, memory = 667.19 (MB), peak = 876.33 (MB)

[INFO DRT-0180] Post processing.
Setting global connections for newly added cells…
Writing OpenROAD database to '/openlane/designs/Markov_Chain_Accelerator/runs/automated_pdn_fix_v9_odb_refresh/results/routing/A06_BH_top_wrapper.odb'…
Writing netlist to '/openlane/designs/Markov_Chain_Accelerator/runs/automated_pdn_fix_v9_odb_refresh/results/routing/A06_BH_top_wrapper.nl.v'…
Writing powered netlist to '/openlane/designs/Markov_Chain_Accelerator/runs/automated_pdn_fix_v9_odb_refresh/results/routing/A06_BH_top_wrapper.pnl.v'…
Writing layout to '/openlane/designs/Markov_Chain_Accelerator/runs/automated_pdn_fix_v9_odb_refresh/results/routing/A06_BH_top_wrapper.def'…
