
===========================================================================
report_checks -unconstrained
===========================================================================
======================= Typical Corner ===================================

Startpoint: rst_n (input port clocked by clk)
Endpoint: core.res_mem_inst.slot[13].slot_reg._121_
          (recovery check against rising-edge clock clk)
Path Group: asynchronous
Path Type: max

Fanout     Cap    Slew   Delay    Time   Description
-----------------------------------------------------------------------------
                          0.00    0.00   clock clk (rise edge)
                          0.00    0.00   clock network delay (propagated)
                          5.71    5.71 ^ input external delay
                  0.13    0.05    5.76 ^ rst_n (in)
     1    0.00                           rst_n (net)
                  0.13    0.00    5.76 ^ input4/I (gf180mcu_fd_sc_mcu7t5v0__clkbuf_2)
                  0.37    0.42    6.19 ^ input4/Z (gf180mcu_fd_sc_mcu7t5v0__clkbuf_2)
     1    0.04                           net4 (net)
                  0.37    0.00    6.19 ^ fanout81/I (gf180mcu_fd_sc_mcu7t5v0__buf_16)
                  0.57    0.46    6.64 ^ fanout81/Z (gf180mcu_fd_sc_mcu7t5v0__buf_16)
    46    0.59                           net81 (net)
                  0.66    0.13    6.78 ^ fanout78/I (gf180mcu_fd_sc_mcu7t5v0__buf_8)
                  0.67    0.58    7.35 ^ fanout78/Z (gf180mcu_fd_sc_mcu7t5v0__buf_8)
    56    0.32                           net78 (net)
                  0.68    0.04    7.39 ^ core.res_mem_inst._063_/I (gf180mcu_fd_sc_mcu7t5v0__clkinv_1)
                  0.43    0.37    7.77 v core.res_mem_inst._063_/ZN (gf180mcu_fd_sc_mcu7t5v0__clkinv_1)
     1    0.02                           core.res_mem_inst._003_ (net)
                  0.43    0.00    7.77 v fanout40/I (gf180mcu_fd_sc_mcu7t5v0__buf_8)
                  0.39    0.52    8.28 v fanout40/Z (gf180mcu_fd_sc_mcu7t5v0__buf_8)
    40    0.31                           net40 (net)
                  0.40    0.03    8.32 v fanout35/I (gf180mcu_fd_sc_mcu7t5v0__clkbuf_8)
                  0.42    0.56    8.88 v fanout35/Z (gf180mcu_fd_sc_mcu7t5v0__clkbuf_8)
    42    0.18                           net35 (net)
                  0.42    0.01    8.89 v core.res_mem_inst.slot[13].slot_reg._110_/I (gf180mcu_fd_sc_mcu7t5v0__clkinv_1)
                  0.25    0.24    9.12 ^ core.res_mem_inst.slot[13].slot_reg._110_/ZN (gf180mcu_fd_sc_mcu7t5v0__clkinv_1)
     1    0.01                           core.res_mem_inst.slot[13].slot_reg._005_ (net)
                  0.25    0.00    9.12 ^ core.res_mem_inst.slot[13].slot_reg._121_/RN (gf180mcu_fd_sc_mcu7t5v0__dffrnq_1)
                                  9.12   data arrival time

                         28.57   28.57   clock clk (rise edge)
                          0.00   28.57   clock source latency
                  0.44    0.23   28.80 ^ clk (in)
     1    0.10                           clk (net)
                  0.44    0.00   28.80 ^ clkbuf_0_clk/I (gf180mcu_fd_sc_mcu7t5v0__clkbuf_16)
                  0.34    0.44   29.24 ^ clkbuf_0_clk/Z (gf180mcu_fd_sc_mcu7t5v0__clkbuf_16)
    16    0.30                           clknet_0_clk (net)
                  0.34    0.01   29.25 ^ clkbuf_3_2_0_clk/I (gf180mcu_fd_sc_mcu7t5v0__clkbuf_8)
                  0.20    0.33   29.58 ^ clkbuf_3_2_0_clk/Z (gf180mcu_fd_sc_mcu7t5v0__clkbuf_8)
     4    0.07                           clknet_3_2_0_clk (net)
                  0.20    0.00   29.59 ^ clkbuf_4_4__f_clk/I (gf180mcu_fd_sc_mcu7t5v0__clkbuf_16)
                  0.43    0.44   30.03 ^ clkbuf_4_4__f_clk/Z (gf180mcu_fd_sc_mcu7t5v0__clkbuf_16)
    26    0.39                           clknet_4_4__leaf_clk (net)
                  0.43    0.01   30.04 ^ clkbuf_leaf_29_clk/I (gf180mcu_fd_sc_mcu7t5v0__clkbuf_16)
                  0.09    0.27   30.31 ^ clkbuf_leaf_29_clk/Z (gf180mcu_fd_sc_mcu7t5v0__clkbuf_16)
     4    0.02                           clknet_leaf_29_clk (net)
                  0.09    0.00   30.31 ^ core.res_mem_inst.slot[13].slot_reg._121_/CLK (gf180mcu_fd_sc_mcu7t5v0__dffrnq_1)
                         -0.25   30.06   clock uncertainty
                          0.00   30.06   clock reconvergence pessimism
                          0.21   30.28   library recovery time
                                 30.28   data required time
-----------------------------------------------------------------------------
                                 30.28   data required time
                                 -9.12   data arrival time
-----------------------------------------------------------------------------
                                 21.15   slack (MET)


Startpoint: core.bgc_0.final_counter._70_
            (rising edge-triggered flip-flop clocked by clk)
Endpoint: core.res_mem_inst.slot[13].slot_reg._128_
          (rising edge-triggered flip-flop clocked by clk)
Path Group: clk
Path Type: max

Fanout     Cap    Slew   Delay    Time   Description
-----------------------------------------------------------------------------
                          0.00    0.00   clock clk (rise edge)
                          0.00    0.00   clock source latency
                  0.44    0.26    0.26 ^ clk (in)
     1    0.10                           clk (net)
                  0.44    0.00    0.26 ^ clkbuf_0_clk/I (gf180mcu_fd_sc_mcu7t5v0__clkbuf_16)
                  0.34    0.48    0.74 ^ clkbuf_0_clk/Z (gf180mcu_fd_sc_mcu7t5v0__clkbuf_16)
    16    0.30                           clknet_0_clk (net)
                  0.35    0.02    0.76 ^ clkbuf_3_4_0_clk/I (gf180mcu_fd_sc_mcu7t5v0__clkbuf_8)
                  0.22    0.38    1.14 ^ clkbuf_3_4_0_clk/Z (gf180mcu_fd_sc_mcu7t5v0__clkbuf_8)
     4    0.08                           clknet_3_4_0_clk (net)
                  0.22    0.01    1.14 ^ clkbuf_4_8__f_clk/I (gf180mcu_fd_sc_mcu7t5v0__clkbuf_16)
                  0.47    0.52    1.66 ^ clkbuf_4_8__f_clk/Z (gf180mcu_fd_sc_mcu7t5v0__clkbuf_16)
    28    0.43                           clknet_4_8__leaf_clk (net)
                  0.47    0.01    1.67 ^ clkbuf_leaf_169_clk/I (gf180mcu_fd_sc_mcu7t5v0__clkbuf_16)
                  0.11    0.32    2.00 ^ clkbuf_leaf_169_clk/Z (gf180mcu_fd_sc_mcu7t5v0__clkbuf_16)
     7    0.04                           clknet_leaf_169_clk (net)
                  0.11    0.00    2.00 ^ core.bgc_0.final_counter._70_/CLK (gf180mcu_fd_sc_mcu7t5v0__dffrnq_1)
                  0.33    0.90    2.90 v core.bgc_0.final_counter._70_/Q (gf180mcu_fd_sc_mcu7t5v0__dffrnq_1)
     6    0.03                           core.adder_tree.r[0][1] (net)
                  0.33    0.00    2.90 v core.adder_tree._0758_/A2 (gf180mcu_fd_sc_mcu7t5v0__xor3_1)
                  0.40    1.26    4.15 v core.adder_tree._0758_/Z (gf180mcu_fd_sc_mcu7t5v0__xor3_1)
     3    0.02                           core.adder_tree._0043_ (net)
                  0.40    0.00    4.15 v core.adder_tree._0766_/A2 (gf180mcu_fd_sc_mcu7t5v0__xor3_1)
                  0.25    1.19    5.34 v core.adder_tree._0766_/Z (gf180mcu_fd_sc_mcu7t5v0__xor3_1)
     1    0.00                           core.adder_tree._0051_ (net)
                  0.25    0.00    5.34 v wire21/I (gf180mcu_fd_sc_mcu7t5v0__buf_1)
                  0.31    0.46    5.80 v wire21/Z (gf180mcu_fd_sc_mcu7t5v0__buf_1)
     3    0.03                           net21 (net)
                  0.31    0.00    5.80 v core.adder_tree._0779_/A2 (gf180mcu_fd_sc_mcu7t5v0__xnor3_1)
                  0.52    1.13    6.93 v core.adder_tree._0779_/ZN (gf180mcu_fd_sc_mcu7t5v0__xnor3_1)
     3    0.02                           core.adder_tree._0064_ (net)
                  0.52    0.00    6.93 v core.adder_tree._0796_/A2 (gf180mcu_fd_sc_mcu7t5v0__xor3_1)
                  0.38    1.32    8.25 v core.adder_tree._0796_/Z (gf180mcu_fd_sc_mcu7t5v0__xor3_1)
     2    0.02                           core.adder_tree._0081_ (net)
                  0.38    0.00    8.25 v core.adder_tree._0798_/A2 (gf180mcu_fd_sc_mcu7t5v0__xnor2_1)
                  0.47    0.54    8.79 v core.adder_tree._0798_/ZN (gf180mcu_fd_sc_mcu7t5v0__xnor2_1)
     2    0.02                           core.adder_tree._0083_ (net)
                  0.47    0.00    8.79 v core.adder_tree._0804_/A1 (gf180mcu_fd_sc_mcu7t5v0__oai21_2)
                  0.48    0.43    9.22 ^ core.adder_tree._0804_/ZN (gf180mcu_fd_sc_mcu7t5v0__oai21_2)
     3    0.02                           core.adder_tree._0089_ (net)
                  0.48    0.00    9.22 ^ core.adder_tree._0862_/A2 (gf180mcu_fd_sc_mcu7t5v0__xnor3_1)
                  0.64    1.11   10.33 ^ core.adder_tree._0862_/ZN (gf180mcu_fd_sc_mcu7t5v0__xnor3_1)
     2    0.01                           core.adder_tree._0147_ (net)
                  0.64    0.00   10.33 ^ core.adder_tree._0863_/A2 (gf180mcu_fd_sc_mcu7t5v0__nand2_1)
                  0.30    0.22   10.54 v core.adder_tree._0863_/ZN (gf180mcu_fd_sc_mcu7t5v0__nand2_1)
     2    0.01                           core.adder_tree._0148_ (net)
                  0.30    0.00   10.55 v core.adder_tree._0932_/A1 (gf180mcu_fd_sc_mcu7t5v0__oai21_1)
                  0.62    0.47   11.01 ^ core.adder_tree._0932_/ZN (gf180mcu_fd_sc_mcu7t5v0__oai21_1)
     2    0.02                           core.adder_tree._0215_ (net)
                  0.62    0.00   11.01 ^ core.adder_tree._1002_/A1 (gf180mcu_fd_sc_mcu7t5v0__aoi21_2)
                  0.31    0.23   11.25 v core.adder_tree._1002_/ZN (gf180mcu_fd_sc_mcu7t5v0__aoi21_2)
     2    0.02                           core.adder_tree._0284_ (net)
                  0.31    0.00   11.25 v core.adder_tree._1134_/A1 (gf180mcu_fd_sc_mcu7t5v0__oai21_2)
                  0.59    0.44   11.69 ^ core.adder_tree._1134_/ZN (gf180mcu_fd_sc_mcu7t5v0__oai21_2)
     3    0.03                           core.adder_tree._0415_ (net)
                  0.59    0.00   11.69 ^ core.adder_tree._1270_/A2 (gf180mcu_fd_sc_mcu7t5v0__aoi221_2)
                  0.41    0.19   11.88 v core.adder_tree._1270_/ZN (gf180mcu_fd_sc_mcu7t5v0__aoi221_2)
     2    0.01                           core.adder_tree._0549_ (net)
                  0.41    0.00   11.88 v core.adder_tree._1273_/A3 (gf180mcu_fd_sc_mcu7t5v0__oai31_1)
                  1.03    0.75   12.63 ^ core.adder_tree._1273_/ZN (gf180mcu_fd_sc_mcu7t5v0__oai31_1)
     2    0.01                           core.adder_tree._0551_ (net)
                  1.03    0.00   12.63 ^ core.adder_tree._1342_/A1 (gf180mcu_fd_sc_mcu7t5v0__aoi21_1)
                  0.44    0.29   12.92 v core.adder_tree._1342_/ZN (gf180mcu_fd_sc_mcu7t5v0__aoi21_1)
     2    0.01                           core.adder_tree._0619_ (net)
                  0.44    0.00   12.92 v core.adder_tree._1409_/A1 (gf180mcu_fd_sc_mcu7t5v0__oai21_1)
                  0.37    0.34   13.27 ^ core.adder_tree._1409_/ZN (gf180mcu_fd_sc_mcu7t5v0__oai21_1)
     1    0.01                           core.adder_tree._0685_ (net)
                  0.37    0.00   13.27 ^ core.adder_tree._1439_/A1 (gf180mcu_fd_sc_mcu7t5v0__xor3_4)
                  1.15    1.92   15.18 ^ core.adder_tree._1439_/Z (gf180mcu_fd_sc_mcu7t5v0__xor3_4)
    32    0.28                           core.adder_tree.sum_out[11] (net)
                  1.15    0.04   15.23 ^ core.res_mem_inst.slot[13].slot_reg._078_/I (gf180mcu_fd_sc_mcu7t5v0__clkinv_1)
                  0.36    0.25   15.48 v core.res_mem_inst.slot[13].slot_reg._078_/ZN (gf180mcu_fd_sc_mcu7t5v0__clkinv_1)
     1    0.01                           core.res_mem_inst.slot[13].slot_reg._040_ (net)
                  0.36    0.00   15.48 v core.res_mem_inst.slot[13].slot_reg._105_/A1 (gf180mcu_fd_sc_mcu7t5v0__oai221_1)
                  0.46    0.31   15.79 ^ core.res_mem_inst.slot[13].slot_reg._105_/ZN (gf180mcu_fd_sc_mcu7t5v0__oai221_1)
     1    0.00                           core.res_mem_inst.slot[13].slot_reg._000_[11] (net)
                  0.46    0.00   15.79 ^ core.res_mem_inst.slot[13].slot_reg._128_/D (gf180mcu_fd_sc_mcu7t5v0__dffrnq_1)
                                 15.79   data arrival time

                         28.57   28.57   clock clk (rise edge)
                          0.00   28.57   clock source latency
                  0.44    0.23   28.80 ^ clk (in)
     1    0.10                           clk (net)
                  0.44    0.00   28.80 ^ clkbuf_0_clk/I (gf180mcu_fd_sc_mcu7t5v0__clkbuf_16)
                  0.34    0.44   29.24 ^ clkbuf_0_clk/Z (gf180mcu_fd_sc_mcu7t5v0__clkbuf_16)
    16    0.30                           clknet_0_clk (net)
                  0.34    0.01   29.25 ^ clkbuf_3_3_0_clk/I (gf180mcu_fd_sc_mcu7t5v0__clkbuf_8)
                  0.20    0.33   29.58 ^ clkbuf_3_3_0_clk/Z (gf180mcu_fd_sc_mcu7t5v0__clkbuf_8)
     4    0.07                           clknet_3_3_0_clk (net)
                  0.20    0.00   29.59 ^ clkbuf_4_6__f_clk/I (gf180mcu_fd_sc_mcu7t5v0__clkbuf_16)
                  0.45    0.45   30.03 ^ clkbuf_4_6__f_clk/Z (gf180mcu_fd_sc_mcu7t5v0__clkbuf_16)
    26    0.41                           clknet_4_6__leaf_clk (net)
                  0.45    0.01   30.04 ^ clkbuf_leaf_69_clk/I (gf180mcu_fd_sc_mcu7t5v0__clkbuf_16)
                  0.12    0.29   30.34 ^ clkbuf_leaf_69_clk/Z (gf180mcu_fd_sc_mcu7t5v0__clkbuf_16)
    10    0.04                           clknet_leaf_69_clk (net)
                  0.12    0.00   30.34 ^ core.res_mem_inst.slot[13].slot_reg._128_/CLK (gf180mcu_fd_sc_mcu7t5v0__dffrnq_1)
                         -0.25   30.09   clock uncertainty
                          0.07   30.16   clock reconvergence pessimism
                         -0.36   29.80   library setup time
                                 29.80   data required time
-----------------------------------------------------------------------------
                                 29.80   data required time
                                -15.79   data arrival time
-----------------------------------------------------------------------------
                                 14.01   slack (MET)




===========================================================================
report_checks --slack_max -0.01
============================================================================
======================= Typical Corner ===================================

No paths found.


===========================================================================
 report_check_types -max_slew -max_cap -max_fanout -violators
============================================================================
======================= Typical Corner ===================================

max fanout

Pin                                   Limit Fanout  Slack
---------------------------------------------------------
fanout25/Z                               35     70    -35 (VIOLATED)
fanout26/Z                               35     70    -35 (VIOLATED)
fanout28/Z                               35     70    -35 (VIOLATED)
fanout30/Z                               35     70    -35 (VIOLATED)
fanout31/Z                               35     70    -35 (VIOLATED)
fanout34/Z                               35     70    -35 (VIOLATED)
fanout36/Z                               35     70    -35 (VIOLATED)
fanout38/Z                               35     70    -35 (VIOLATED)
fanout39/Z                               35     70    -35 (VIOLATED)
fanout41/Z                               35     70    -35 (VIOLATED)
fanout42/Z                               35     70    -35 (VIOLATED)
fanout43/Z                               35     70    -35 (VIOLATED)
fanout45/Z                               35     70    -35 (VIOLATED)
fanout46/Z                               35     70    -35 (VIOLATED)
fanout48/Z                               35     70    -35 (VIOLATED)
fanout49/Z                               35     70    -35 (VIOLATED)
fanout51/Z                               35     70    -35 (VIOLATED)
fanout53/Z                               35     70    -35 (VIOLATED)
fanout55/Z                               35     70    -35 (VIOLATED)
fanout57/Z                               35     70    -35 (VIOLATED)
fanout60/Z                               35     70    -35 (VIOLATED)
fanout63/Z                               35     70    -35 (VIOLATED)
fanout65/Z                               35     70    -35 (VIOLATED)
fanout67/Z                               35     70    -35 (VIOLATED)
fanout68/Z                               35     70    -35 (VIOLATED)
fanout69/Z                               35     70    -35 (VIOLATED)
fanout71/Z                               35     70    -35 (VIOLATED)
fanout72/Z                               35     70    -35 (VIOLATED)
fanout73/Z                               35     70    -35 (VIOLATED)
fanout74/Z                               35     70    -35 (VIOLATED)
fanout75/Z                               35     70    -35 (VIOLATED)
fanout77/Z                               35     70    -35 (VIOLATED)
fanout79/Z                               35     70    -35 (VIOLATED)
fanout80/Z                               35     70    -35 (VIOLATED)
fanout47/Z                               35     68    -33 (VIOLATED)
fanout52/Z                               35     66    -31 (VIOLATED)
fanout66/Z                               35     62    -27 (VIOLATED)
fanout78/Z                               35     56    -21 (VIOLATED)
fanout58/Z                               35     54    -19 (VIOLATED)
fanout32/Z                               35     52    -17 (VIOLATED)
fanout62/Z                               35     52    -17 (VIOLATED)
fanout33/Z                               35     50    -15 (VIOLATED)
fanout64/Z                               35     50    -15 (VIOLATED)
core.bgc_0._08_/ZN                       35     48    -13 (VIOLATED)
core.bgc_1._08_/ZN                       35     48    -13 (VIOLATED)
core.bgc_10._08_/ZN                      35     48    -13 (VIOLATED)
core.bgc_11._08_/ZN                      35     48    -13 (VIOLATED)
core.bgc_12._08_/ZN                      35     48    -13 (VIOLATED)
core.bgc_13._08_/ZN                      35     48    -13 (VIOLATED)
core.bgc_14._08_/ZN                      35     48    -13 (VIOLATED)
core.bgc_15._08_/ZN                      35     48    -13 (VIOLATED)
core.bgc_2._08_/ZN                       35     48    -13 (VIOLATED)
core.bgc_3._08_/ZN                       35     48    -13 (VIOLATED)
core.bgc_4._08_/ZN                       35     48    -13 (VIOLATED)
core.bgc_5._08_/ZN                       35     48    -13 (VIOLATED)
core.bgc_6._08_/ZN                       35     48    -13 (VIOLATED)
core.bgc_7._08_/ZN                       35     48    -13 (VIOLATED)
core.bgc_8._08_/ZN                       35     48    -13 (VIOLATED)
core.bgc_9._08_/ZN                       35     48    -13 (VIOLATED)
fanout27/Z                               35     46    -11 (VIOLATED)
fanout81/Z                               35     46    -11 (VIOLATED)
fanout35/Z                               35     42     -7 (VIOLATED)
fanout56/Z                               35     42     -7 (VIOLATED)
fanout76/Z                               35     42     -7 (VIOLATED)
fanout29/Z                               35     40     -5 (VIOLATED)
fanout40/Z                               35     40     -5 (VIOLATED)
fanout70/Z                               35     40     -5 (VIOLATED)
fanout54/Z                               35     38     -3 (VIOLATED)
fanout61/Z                               35     38     -3 (VIOLATED)
fanout44/Z                               35     36        (VIOLATED)



===========================================================================
report_parasitic_annotation -report_unannotated
============================================================================
Found 5 unannotated drivers.
 output_ready_IN
 spi_out0_IN
 spi_out1_IN
 spi_out2_IN
 spi_out3_IN
Found 0 partially unannotated drivers.

===========================================================================
max slew violation count 0
max fanout violation count 70
max cap violation count 0
============================================================================

===========================================================================
check_setup -verbose -unconstrained_endpoints -multiple_clock -no_clock -no_input_delay -loops -generated_clocks
===========================================================================
Warning: There are 58 unconstrained endpoints.
  clk_PD
  clk_PU
  input_ready_PD
  input_ready_PU
  load_row_or_col_PD
  load_row_or_col_PU
  output_ready_CS
  output_ready_IE
  output_ready_OE
  output_ready_PD
  output_ready_PDRV0
  output_ready_PDRV1
  output_ready_PU
  output_ready_SL
  output_valid_PD
  output_valid_PU
  rst_n_PD
  rst_n_PU
  spi_in0_PD
  spi_in0_PU
  spi_in1_PD
  spi_in1_PU
  spi_in2_PD
  spi_in2_PU
  spi_in3_PD
  spi_in3_PU
  spi_out0_CS
  spi_out0_IE
  spi_out0_OE
  spi_out0_PD
  spi_out0_PDRV0
  spi_out0_PDRV1
  spi_out0_PU
  spi_out0_SL
  spi_out1_CS
  spi_out1_IE
  spi_out1_OE
  spi_out1_PD
  spi_out1_PDRV0
  spi_out1_PDRV1
  spi_out1_PU
  spi_out1_SL
  spi_out2_CS
  spi_out2_IE
  spi_out2_OE
  spi_out2_PD
  spi_out2_PDRV0
  spi_out2_PDRV1
  spi_out2_PU
  spi_out2_SL
  spi_out3_CS
  spi_out3_IE
  spi_out3_OE
  spi_out3_PD
  spi_out3_PDRV0
  spi_out3_PDRV1
  spi_out3_PU
  spi_out3_SL
