
58. Printing statistics.

=== A06_BH_top_wrapper ===

   Number of wires:              12071
   Number of wire bits:          12071
   Number of public wires:       10679
   Number of public wire bits:   10679
   Number of memories:               0
   Number of memory bits:            0
   Number of processes:              0
   Number of cells:              12057
     gf180mcu_fd_sc_mcu7t5v0__and2_1    662
     gf180mcu_fd_sc_mcu7t5v0__and3_1     36
     gf180mcu_fd_sc_mcu7t5v0__and4_1     51
     gf180mcu_fd_sc_mcu7t5v0__aoi211_1     66
     gf180mcu_fd_sc_mcu7t5v0__aoi21_1    433
     gf180mcu_fd_sc_mcu7t5v0__aoi221_1      1
     gf180mcu_fd_sc_mcu7t5v0__aoi22_1     67
     gf180mcu_fd_sc_mcu7t5v0__clkinv_1   2970
     gf180mcu_fd_sc_mcu7t5v0__dffrnq_1    805
     gf180mcu_fd_sc_mcu7t5v0__dffrsnq_1    384
     gf180mcu_fd_sc_mcu7t5v0__mux2_1    396
     gf180mcu_fd_sc_mcu7t5v0__nand2_1   1324
     gf180mcu_fd_sc_mcu7t5v0__nand3_1     92
     gf180mcu_fd_sc_mcu7t5v0__nand4_1     20
     gf180mcu_fd_sc_mcu7t5v0__nor2_1    815
     gf180mcu_fd_sc_mcu7t5v0__nor3_1     55
     gf180mcu_fd_sc_mcu7t5v0__nor4_1     68
     gf180mcu_fd_sc_mcu7t5v0__oai211_1      1
     gf180mcu_fd_sc_mcu7t5v0__oai21_1    443
     gf180mcu_fd_sc_mcu7t5v0__oai221_1    576
     gf180mcu_fd_sc_mcu7t5v0__oai22_1     32
     gf180mcu_fd_sc_mcu7t5v0__oai31_1     87
     gf180mcu_fd_sc_mcu7t5v0__oai32_1      1
     gf180mcu_fd_sc_mcu7t5v0__or2_1    461
     gf180mcu_fd_sc_mcu7t5v0__or4_1     16
     gf180mcu_fd_sc_mcu7t5v0__tieh    653
     gf180mcu_fd_sc_mcu7t5v0__tiel    797
     gf180mcu_fd_sc_mcu7t5v0__xnor2_1     80
     gf180mcu_fd_sc_mcu7t5v0__xnor3_1     10
     gf180mcu_fd_sc_mcu7t5v0__xor2_1    427
     gf180mcu_fd_sc_mcu7t5v0__xor3_1    228

   Area for cell type \gf180mcu_fd_sc_mcu7t5v0__mux2_1 is unknown!

   Chip area for module '\A06_BH_top_wrapper': 245243.353600

