
===========================================================================
 report_power
============================================================================
======================= Fastest Corner ===================================

Group                  Internal  Switching    Leakage      Total
                          Power      Power      Power      Power (Watts)
----------------------------------------------------------------
Sequential             4.18e-02   5.27e-03   3.42e-07   4.71e-02  31.5%
Combinational          6.41e-02   3.82e-02   3.89e-06   1.02e-01  68.5%
Macro                  0.00e+00   0.00e+00   0.00e+00   0.00e+00   0.0%
Pad                    0.00e+00   0.00e+00   0.00e+00   0.00e+00   0.0%
----------------------------------------------------------------
Total                  1.06e-01   4.34e-02   4.23e-06   1.49e-01 100.0%
                          70.9%      29.1%       0.0%

======================= Slowest Corner ===================================

Group                  Internal  Switching    Leakage      Total
                          Power      Power      Power      Power (Watts)
----------------------------------------------------------------
Sequential             2.80e-02   3.59e-03   7.62e-07   3.16e-02  33.3%
Combinational          3.70e-02   2.61e-02   2.53e-05   6.31e-02  66.7%
Macro                  0.00e+00   0.00e+00   0.00e+00   0.00e+00   0.0%
Pad                    0.00e+00   0.00e+00   0.00e+00   0.00e+00   0.0%
----------------------------------------------------------------
Total                  6.49e-02   2.97e-02   2.61e-05   9.46e-02 100.0%
                          68.6%      31.3%       0.0%

======================= Typical Corner ===================================

Group                  Internal  Switching    Leakage      Total
                          Power      Power      Power      Power (Watts)
----------------------------------------------------------------
Sequential             3.40e-02   4.37e-03   2.88e-07   3.84e-02  32.4%
Combinational          4.83e-02   3.17e-02   3.22e-06   8.01e-02  67.6%
Macro                  0.00e+00   0.00e+00   0.00e+00   0.00e+00   0.0%
Pad                    0.00e+00   0.00e+00   0.00e+00   0.00e+00   0.0%
----------------------------------------------------------------
Total                  8.23e-02   3.61e-02   3.51e-06   1.18e-01 100.0%
                          69.5%      30.5%       0.0%

