
===========================================================================
report_checks -unconstrained
===========================================================================
======================= Fastest Corner ===================================

Startpoint: rst_n (input port clocked by clk)
Endpoint: core.res_mem_inst.slot[13].slot_reg._121_
          (recovery check against rising-edge clock clk)
Path Group: asynchronous
Path Type: max
Corner: Fastest

Fanout     Cap    Slew   Delay    Time   Description
-----------------------------------------------------------------------------
                          0.00    0.00   clock clk (rise edge)
                          0.00    0.00   clock network delay (propagated)
                          5.71    5.71 ^ input external delay
                  0.08    0.04    5.75 ^ rst_n (in)
     1    0.01                           rst_n (net)
                  0.08    0.00    5.75 ^ input4/I (gf180mcu_fd_sc_mcu7t5v0__clkbuf_2)
                  0.24    0.27    6.02 ^ input4/Z (gf180mcu_fd_sc_mcu7t5v0__clkbuf_2)
     1    0.04                           net4 (net)
                  0.24    0.00    6.02 ^ fanout81/I (gf180mcu_fd_sc_mcu7t5v0__buf_16)
                  0.35    0.27    6.30 ^ fanout81/Z (gf180mcu_fd_sc_mcu7t5v0__buf_16)
    46    0.62                           net81 (net)
                  0.53    0.15    6.45 ^ fanout78/I (gf180mcu_fd_sc_mcu7t5v0__buf_8)
                  0.45    0.38    6.83 ^ fanout78/Z (gf180mcu_fd_sc_mcu7t5v0__buf_8)
    56    0.33                           net78 (net)
                  0.46    0.04    6.87 ^ core.res_mem_inst._063_/I (gf180mcu_fd_sc_mcu7t5v0__clkinv_1)
                  0.28    0.24    7.11 v core.res_mem_inst._063_/ZN (gf180mcu_fd_sc_mcu7t5v0__clkinv_1)
     1    0.02                           core.res_mem_inst._003_ (net)
                  0.28    0.00    7.11 v fanout40/I (gf180mcu_fd_sc_mcu7t5v0__buf_8)
                  0.28    0.35    7.46 v fanout40/Z (gf180mcu_fd_sc_mcu7t5v0__buf_8)
    40    0.33                           net40 (net)
                  0.28    0.03    7.49 v fanout35/I (gf180mcu_fd_sc_mcu7t5v0__clkbuf_8)
                  0.28    0.37    7.86 v fanout35/Z (gf180mcu_fd_sc_mcu7t5v0__clkbuf_8)
    42    0.19                           net35 (net)
                  0.28    0.01    7.87 v core.res_mem_inst.slot[13].slot_reg._110_/I (gf180mcu_fd_sc_mcu7t5v0__clkinv_1)
                  0.17    0.16    8.03 ^ core.res_mem_inst.slot[13].slot_reg._110_/ZN (gf180mcu_fd_sc_mcu7t5v0__clkinv_1)
     1    0.01                           core.res_mem_inst.slot[13].slot_reg._005_ (net)
                  0.17    0.00    8.03 ^ core.res_mem_inst.slot[13].slot_reg._121_/RN (gf180mcu_fd_sc_mcu7t5v0__dffrnq_1)
                                  8.03   data arrival time

                         28.57   28.57   clock clk (rise edge)
                          0.00   28.57   clock source latency
                  0.32    0.18   28.75 ^ clk (in)
     1    0.11                           clk (net)
                  0.32    0.00   28.75 ^ clkbuf_0_clk/I (gf180mcu_fd_sc_mcu7t5v0__clkbuf_16)
                  0.23    0.29   29.04 ^ clkbuf_0_clk/Z (gf180mcu_fd_sc_mcu7t5v0__clkbuf_16)
    16    0.32                           clknet_0_clk (net)
                  0.23    0.01   29.05 ^ clkbuf_3_2_0_clk/I (gf180mcu_fd_sc_mcu7t5v0__clkbuf_8)
                  0.14    0.22   29.27 ^ clkbuf_3_2_0_clk/Z (gf180mcu_fd_sc_mcu7t5v0__clkbuf_8)
     4    0.08                           clknet_3_2_0_clk (net)
                  0.14    0.00   29.27 ^ clkbuf_4_4__f_clk/I (gf180mcu_fd_sc_mcu7t5v0__clkbuf_16)
                  0.28    0.29   29.56 ^ clkbuf_4_4__f_clk/Z (gf180mcu_fd_sc_mcu7t5v0__clkbuf_16)
    26    0.39                           clknet_4_4__leaf_clk (net)
                  0.28    0.01   29.57 ^ clkbuf_leaf_29_clk/I (gf180mcu_fd_sc_mcu7t5v0__clkbuf_16)
                  0.06    0.18   29.75 ^ clkbuf_leaf_29_clk/Z (gf180mcu_fd_sc_mcu7t5v0__clkbuf_16)
     4    0.02                           clknet_leaf_29_clk (net)
                  0.06    0.00   29.75 ^ core.res_mem_inst.slot[13].slot_reg._121_/CLK (gf180mcu_fd_sc_mcu7t5v0__dffrnq_1)
                         -0.25   29.50   clock uncertainty
                          0.00   29.50   clock reconvergence pessimism
                          0.12   29.62   library recovery time
                                 29.62   data required time
-----------------------------------------------------------------------------
                                 29.62   data required time
                                 -8.03   data arrival time
-----------------------------------------------------------------------------
                                 21.59   slack (MET)


Startpoint: core.res_mem_inst.out_dec_inst._12_
            (rising edge-triggered flip-flop clocked by clk)
Endpoint: spi_out2_OUT (output port clocked by clk)
Path Group: clk
Path Type: max
Corner: Fastest

Fanout     Cap    Slew   Delay    Time   Description
-----------------------------------------------------------------------------
                          0.00    0.00   clock clk (rise edge)
                          0.00    0.00   clock source latency
                  0.32    0.20    0.20 ^ clk (in)
     1    0.11                           clk (net)
                  0.32    0.00    0.20 ^ clkbuf_0_clk/I (gf180mcu_fd_sc_mcu7t5v0__clkbuf_16)
                  0.23    0.32    0.52 ^ clkbuf_0_clk/Z (gf180mcu_fd_sc_mcu7t5v0__clkbuf_16)
    16    0.32                           clknet_0_clk (net)
                  0.23    0.01    0.53 ^ clkbuf_3_3_0_clk/I (gf180mcu_fd_sc_mcu7t5v0__clkbuf_8)
                  0.13    0.24    0.77 ^ clkbuf_3_3_0_clk/Z (gf180mcu_fd_sc_mcu7t5v0__clkbuf_8)
     4    0.08                           clknet_3_3_0_clk (net)
                  0.13    0.00    0.77 ^ clkbuf_4_6__f_clk/I (gf180mcu_fd_sc_mcu7t5v0__clkbuf_16)
                  0.30    0.32    1.10 ^ clkbuf_4_6__f_clk/Z (gf180mcu_fd_sc_mcu7t5v0__clkbuf_16)
    26    0.42                           clknet_4_6__leaf_clk (net)
                  0.30    0.02    1.11 ^ clkbuf_leaf_71_clk/I (gf180mcu_fd_sc_mcu7t5v0__clkbuf_16)
                  0.08    0.21    1.33 ^ clkbuf_leaf_71_clk/Z (gf180mcu_fd_sc_mcu7t5v0__clkbuf_16)
     7    0.05                           clknet_leaf_71_clk (net)
                  0.08    0.00    1.33 ^ core.res_mem_inst.out_dec_inst._12_/CLK (gf180mcu_fd_sc_mcu7t5v0__dffrnq_1)
                  0.49    0.81    2.14 ^ core.res_mem_inst.out_dec_inst._12_/Q (gf180mcu_fd_sc_mcu7t5v0__dffrnq_1)
     5    0.04                           core.res_mem_inst.out_active_select[1] (net)
                  0.49    0.00    2.14 ^ core.res_mem_inst.out_dec_inst._06_/A2 (gf180mcu_fd_sc_mcu7t5v0__and2_1)
                  0.40    0.41    2.55 ^ core.res_mem_inst.out_dec_inst._06_/Z (gf180mcu_fd_sc_mcu7t5v0__and2_1)
     2    0.03                           core.res_mem_inst.group_active[3] (net)
                  0.40    0.00    2.55 ^ core.res_mem_inst._056_/I (gf180mcu_fd_sc_mcu7t5v0__inv_2)
                  0.32    0.27    2.82 v core.res_mem_inst._056_/ZN (gf180mcu_fd_sc_mcu7t5v0__inv_2)
     8    0.08                           core.res_mem_inst._041_ (net)
                  0.32    0.00    2.82 v core.res_mem_inst._098_/A1 (gf180mcu_fd_sc_mcu7t5v0__oai31_2)
                  0.70    0.50    3.33 ^ core.res_mem_inst._098_/ZN (gf180mcu_fd_sc_mcu7t5v0__oai31_2)
     2    0.04                           core.res_mem_inst._017_ (net)
                  0.70    0.00    3.33 ^ core.res_mem_inst._099_/I0 (gf180mcu_fd_sc_mcu7t5v0__mux2_1)
                  0.25    0.35    3.67 ^ core.res_mem_inst._099_/Z (gf180mcu_fd_sc_mcu7t5v0__mux2_1)
     1    0.02                           core.res_mem_inst._018_ (net)
                  0.25    0.00    3.67 ^ core.res_mem_inst._100_/I0 (gf180mcu_fd_sc_mcu7t5v0__mux2_1)
                  0.42    0.43    4.11 ^ core.res_mem_inst._100_/Z (gf180mcu_fd_sc_mcu7t5v0__mux2_1)
     2    0.04                           net12 (net)
                  0.42    0.00    4.11 ^ output12/I (gf180mcu_fd_sc_mcu7t5v0__buf_3)
                  0.29    0.33    4.44 ^ output12/Z (gf180mcu_fd_sc_mcu7t5v0__buf_3)
     1    0.07                           spi_out2_OUT (net)
                  0.29    0.00    4.44 ^ spi_out2_OUT (out)
                                  4.44   data arrival time

                         28.57   28.57   clock clk (rise edge)
                          0.00   28.57   clock network delay (propagated)
                         -0.25   28.32   clock uncertainty
                          0.00   28.32   clock reconvergence pessimism
                         -5.71   22.61   output external delay
                                 22.61   data required time
-----------------------------------------------------------------------------
                                 22.61   data required time
                                 -4.44   data arrival time
-----------------------------------------------------------------------------
                                 18.16   slack (MET)



======================= Slowest Corner ===================================

Startpoint: rst_n (input port clocked by clk)
Endpoint: core.res_mem_inst.slot[13].slot_reg._121_
          (recovery check against rising-edge clock clk)
Path Group: asynchronous
Path Type: max
Corner: Slowest

Fanout     Cap    Slew   Delay    Time   Description
-----------------------------------------------------------------------------
                          0.00    0.00   clock clk (rise edge)
                          0.00    0.00   clock network delay (propagated)
                          5.71    5.71 ^ input external delay
                  0.23    0.09    5.80 ^ rst_n (in)
     1    0.01                           rst_n (net)
                  0.23    0.00    5.80 ^ input4/I (gf180mcu_fd_sc_mcu7t5v0__clkbuf_2)
                  0.64    0.75    6.55 ^ input4/Z (gf180mcu_fd_sc_mcu7t5v0__clkbuf_2)
     1    0.04                           net4 (net)
                  0.64    0.00    6.55 ^ fanout81/I (gf180mcu_fd_sc_mcu7t5v0__buf_16)
                  1.07    0.88    7.44 ^ fanout81/Z (gf180mcu_fd_sc_mcu7t5v0__buf_16)
    46    0.63                           net81 (net)
                  1.14    0.16    7.60 ^ fanout78/I (gf180mcu_fd_sc_mcu7t5v0__buf_8)
                  1.20    1.04    8.64 ^ fanout78/Z (gf180mcu_fd_sc_mcu7t5v0__buf_8)
    56    0.34                           net78 (net)
                  1.21    0.04    8.68 ^ core.res_mem_inst._063_/I (gf180mcu_fd_sc_mcu7t5v0__clkinv_1)
                  0.78    0.68    9.36 v core.res_mem_inst._063_/ZN (gf180mcu_fd_sc_mcu7t5v0__clkinv_1)
     1    0.02                           core.res_mem_inst._003_ (net)
                  0.78    0.00    9.36 v fanout40/I (gf180mcu_fd_sc_mcu7t5v0__buf_8)
                  0.72    0.97   10.32 v fanout40/Z (gf180mcu_fd_sc_mcu7t5v0__buf_8)
    40    0.34                           net40 (net)
                  0.72    0.03   10.35 v fanout35/I (gf180mcu_fd_sc_mcu7t5v0__clkbuf_8)
                  0.79    1.05   11.40 v fanout35/Z (gf180mcu_fd_sc_mcu7t5v0__clkbuf_8)
    42    0.19                           net35 (net)
                  0.79    0.01   11.41 v core.res_mem_inst.slot[13].slot_reg._110_/I (gf180mcu_fd_sc_mcu7t5v0__clkinv_1)
                  0.46    0.45   11.86 ^ core.res_mem_inst.slot[13].slot_reg._110_/ZN (gf180mcu_fd_sc_mcu7t5v0__clkinv_1)
     1    0.01                           core.res_mem_inst.slot[13].slot_reg._005_ (net)
                  0.46    0.00   11.86 ^ core.res_mem_inst.slot[13].slot_reg._121_/RN (gf180mcu_fd_sc_mcu7t5v0__dffrnq_1)
                                 11.86   data arrival time

                         28.57   28.57   clock clk (rise edge)
                          0.00   28.57   clock source latency
                  0.82    0.43   29.00 ^ clk (in)
     1    0.11                           clk (net)
                  0.82    0.00   29.00 ^ clkbuf_0_clk/I (gf180mcu_fd_sc_mcu7t5v0__clkbuf_16)
                  0.63    0.81   29.81 ^ clkbuf_0_clk/Z (gf180mcu_fd_sc_mcu7t5v0__clkbuf_16)
    16    0.32                           clknet_0_clk (net)
                  0.63    0.01   29.82 ^ clkbuf_3_2_0_clk/I (gf180mcu_fd_sc_mcu7t5v0__clkbuf_8)
                  0.37    0.61   30.43 ^ clkbuf_3_2_0_clk/Z (gf180mcu_fd_sc_mcu7t5v0__clkbuf_8)
     4    0.08                           clknet_3_2_0_clk (net)
                  0.37    0.00   30.43 ^ clkbuf_4_4__f_clk/I (gf180mcu_fd_sc_mcu7t5v0__clkbuf_16)
                  0.76    0.80   31.23 ^ clkbuf_4_4__f_clk/Z (gf180mcu_fd_sc_mcu7t5v0__clkbuf_16)
    26    0.40                           clknet_4_4__leaf_clk (net)
                  0.76    0.02   31.25 ^ clkbuf_leaf_29_clk/I (gf180mcu_fd_sc_mcu7t5v0__clkbuf_16)
                  0.17    0.50   31.75 ^ clkbuf_leaf_29_clk/Z (gf180mcu_fd_sc_mcu7t5v0__clkbuf_16)
     4    0.02                           clknet_leaf_29_clk (net)
                  0.17    0.00   31.75 ^ core.res_mem_inst.slot[13].slot_reg._121_/CLK (gf180mcu_fd_sc_mcu7t5v0__dffrnq_1)
                         -0.25   31.50   clock uncertainty
                          0.00   31.50   clock reconvergence pessimism
                          0.41   31.91   library recovery time
                                 31.91   data required time
-----------------------------------------------------------------------------
                                 31.91   data required time
                                -11.86   data arrival time
-----------------------------------------------------------------------------
                                 20.05   slack (MET)


Startpoint: core.bgc_1.final_counter._70_
            (rising edge-triggered flip-flop clocked by clk)
Endpoint: core.res_mem_inst.slot[9].slot_reg._128_
          (rising edge-triggered flip-flop clocked by clk)
Path Group: clk
Path Type: max
Corner: Slowest

Fanout     Cap    Slew   Delay    Time   Description
-----------------------------------------------------------------------------
                          0.00    0.00   clock clk (rise edge)
                          0.00    0.00   clock source latency
                  0.82    0.47    0.47 ^ clk (in)
     1    0.11                           clk (net)
                  0.82    0.00    0.47 ^ clkbuf_0_clk/I (gf180mcu_fd_sc_mcu7t5v0__clkbuf_16)
                  0.63    0.89    1.37 ^ clkbuf_0_clk/Z (gf180mcu_fd_sc_mcu7t5v0__clkbuf_16)
    16    0.32                           clknet_0_clk (net)
                  0.63    0.02    1.39 ^ clkbuf_3_4_0_clk/I (gf180mcu_fd_sc_mcu7t5v0__clkbuf_8)
                  0.39    0.69    2.08 ^ clkbuf_3_4_0_clk/Z (gf180mcu_fd_sc_mcu7t5v0__clkbuf_8)
     4    0.08                           clknet_3_4_0_clk (net)
                  0.39    0.01    2.08 ^ clkbuf_4_8__f_clk/I (gf180mcu_fd_sc_mcu7t5v0__clkbuf_16)
                  0.85    0.94    3.03 ^ clkbuf_4_8__f_clk/Z (gf180mcu_fd_sc_mcu7t5v0__clkbuf_16)
    28    0.46                           clknet_4_8__leaf_clk (net)
                  0.85    0.01    3.04 ^ clkbuf_leaf_170_clk/I (gf180mcu_fd_sc_mcu7t5v0__clkbuf_16)
                  0.19    0.59    3.62 ^ clkbuf_leaf_170_clk/Z (gf180mcu_fd_sc_mcu7t5v0__clkbuf_16)
     5    0.03                           clknet_leaf_170_clk (net)
                  0.19    0.00    3.62 ^ core.bgc_1.final_counter._70_/CLK (gf180mcu_fd_sc_mcu7t5v0__dffrnq_1)
                  0.59    1.67    5.30 v core.bgc_1.final_counter._70_/Q (gf180mcu_fd_sc_mcu7t5v0__dffrnq_1)
     6    0.03                           core.adder_tree.r[1][1] (net)
                  0.59    0.00    5.30 v core.adder_tree._0758_/A1 (gf180mcu_fd_sc_mcu7t5v0__xor3_1)
                  0.75    2.38    7.67 v core.adder_tree._0758_/Z (gf180mcu_fd_sc_mcu7t5v0__xor3_1)
     3    0.02                           core.adder_tree._0043_ (net)
                  0.75    0.00    7.67 v core.adder_tree._0766_/A2 (gf180mcu_fd_sc_mcu7t5v0__xor3_1)
                  0.47    2.27    9.94 v core.adder_tree._0766_/Z (gf180mcu_fd_sc_mcu7t5v0__xor3_1)
     1    0.01                           core.adder_tree._0051_ (net)
                  0.47    0.00    9.94 v wire21/I (gf180mcu_fd_sc_mcu7t5v0__buf_1)
                  0.54    0.84   10.78 v wire21/Z (gf180mcu_fd_sc_mcu7t5v0__buf_1)
     3    0.03                           net21 (net)
                  0.54    0.00   10.78 v core.adder_tree._0779_/A2 (gf180mcu_fd_sc_mcu7t5v0__xnor3_1)
                  0.92    2.07   12.86 v core.adder_tree._0779_/ZN (gf180mcu_fd_sc_mcu7t5v0__xnor3_1)
     3    0.02                           core.adder_tree._0064_ (net)
                  0.92    0.00   12.86 v core.adder_tree._0796_/A2 (gf180mcu_fd_sc_mcu7t5v0__xor3_1)
                  0.76    2.52   15.38 v core.adder_tree._0796_/Z (gf180mcu_fd_sc_mcu7t5v0__xor3_1)
     2    0.02                           core.adder_tree._0081_ (net)
                  0.76    0.00   15.38 v core.adder_tree._0798_/A2 (gf180mcu_fd_sc_mcu7t5v0__xnor2_1)
                  0.89    1.01   16.39 v core.adder_tree._0798_/ZN (gf180mcu_fd_sc_mcu7t5v0__xnor2_1)
     2    0.02                           core.adder_tree._0083_ (net)
                  0.89    0.00   16.39 v core.adder_tree._0804_/A1 (gf180mcu_fd_sc_mcu7t5v0__oai21_2)
                  0.89    0.81   17.20 ^ core.adder_tree._0804_/ZN (gf180mcu_fd_sc_mcu7t5v0__oai21_2)
     3    0.02                           core.adder_tree._0089_ (net)
                  0.89    0.00   17.20 ^ core.adder_tree._0862_/A2 (gf180mcu_fd_sc_mcu7t5v0__xnor3_1)
                  1.23    2.15   19.35 ^ core.adder_tree._0862_/ZN (gf180mcu_fd_sc_mcu7t5v0__xnor3_1)
     2    0.01                           core.adder_tree._0147_ (net)
                  1.23    0.00   19.35 ^ core.adder_tree._0863_/A2 (gf180mcu_fd_sc_mcu7t5v0__nand2_1)
                  0.57    0.41   19.76 v core.adder_tree._0863_/ZN (gf180mcu_fd_sc_mcu7t5v0__nand2_1)
     2    0.01                           core.adder_tree._0148_ (net)
                  0.57    0.00   19.76 v core.adder_tree._0932_/A1 (gf180mcu_fd_sc_mcu7t5v0__oai21_1)
                  1.16    0.86   20.62 ^ core.adder_tree._0932_/ZN (gf180mcu_fd_sc_mcu7t5v0__oai21_1)
     2    0.02                           core.adder_tree._0215_ (net)
                  1.16    0.00   20.62 ^ core.adder_tree._1002_/A1 (gf180mcu_fd_sc_mcu7t5v0__aoi21_2)
                  0.58    0.46   21.08 v core.adder_tree._1002_/ZN (gf180mcu_fd_sc_mcu7t5v0__aoi21_2)
     2    0.02                           core.adder_tree._0284_ (net)
                  0.58    0.00   21.08 v core.adder_tree._1134_/A1 (gf180mcu_fd_sc_mcu7t5v0__oai21_2)
                  1.11    0.84   21.92 ^ core.adder_tree._1134_/ZN (gf180mcu_fd_sc_mcu7t5v0__oai21_2)
     3    0.03                           core.adder_tree._0415_ (net)
                  1.11    0.00   21.92 ^ core.adder_tree._1270_/A2 (gf180mcu_fd_sc_mcu7t5v0__aoi221_2)
                  0.76    0.37   22.29 v core.adder_tree._1270_/ZN (gf180mcu_fd_sc_mcu7t5v0__aoi221_2)
     2    0.01                           core.adder_tree._0549_ (net)
                  0.76    0.00   22.29 v core.adder_tree._1273_/A3 (gf180mcu_fd_sc_mcu7t5v0__oai31_1)
                  1.89    1.38   23.67 ^ core.adder_tree._1273_/ZN (gf180mcu_fd_sc_mcu7t5v0__oai31_1)
     2    0.01                           core.adder_tree._0551_ (net)
                  1.89    0.00   23.67 ^ core.adder_tree._1342_/A1 (gf180mcu_fd_sc_mcu7t5v0__aoi21_1)
                  0.80    0.56   24.23 v core.adder_tree._1342_/ZN (gf180mcu_fd_sc_mcu7t5v0__aoi21_1)
     2    0.01                           core.adder_tree._0619_ (net)
                  0.80    0.00   24.23 v core.adder_tree._1409_/A1 (gf180mcu_fd_sc_mcu7t5v0__oai21_1)
                  0.71    0.66   24.89 ^ core.adder_tree._1409_/ZN (gf180mcu_fd_sc_mcu7t5v0__oai21_1)
     1    0.01                           core.adder_tree._0685_ (net)
                  0.71    0.00   24.89 ^ core.adder_tree._1439_/A1 (gf180mcu_fd_sc_mcu7t5v0__xor3_4)
                  2.06    3.66   28.55 ^ core.adder_tree._1439_/Z (gf180mcu_fd_sc_mcu7t5v0__xor3_4)
    32    0.29                           core.adder_tree.sum_out[11] (net)
                  2.07    0.04   28.59 ^ core.res_mem_inst.slot[9].slot_reg._078_/I (gf180mcu_fd_sc_mcu7t5v0__clkinv_1)
                  0.63    0.45   29.04 v core.res_mem_inst.slot[9].slot_reg._078_/ZN (gf180mcu_fd_sc_mcu7t5v0__clkinv_1)
     1    0.01                           core.res_mem_inst.slot[9].slot_reg._040_ (net)
                  0.63    0.00   29.04 v core.res_mem_inst.slot[9].slot_reg._105_/A1 (gf180mcu_fd_sc_mcu7t5v0__oai221_1)
                  0.87    0.61   29.64 ^ core.res_mem_inst.slot[9].slot_reg._105_/ZN (gf180mcu_fd_sc_mcu7t5v0__oai221_1)
     1    0.01                           core.res_mem_inst.slot[9].slot_reg._000_[11] (net)
                  0.87    0.00   29.64 ^ core.res_mem_inst.slot[9].slot_reg._128_/D (gf180mcu_fd_sc_mcu7t5v0__dffrnq_1)
                                 29.64   data arrival time

                         28.57   28.57   clock clk (rise edge)
                          0.00   28.57   clock source latency
                  0.82    0.43   29.00 ^ clk (in)
     1    0.11                           clk (net)
                  0.82    0.00   29.00 ^ clkbuf_0_clk/I (gf180mcu_fd_sc_mcu7t5v0__clkbuf_16)
                  0.63    0.81   29.81 ^ clkbuf_0_clk/Z (gf180mcu_fd_sc_mcu7t5v0__clkbuf_16)
    16    0.32                           clknet_0_clk (net)
                  0.63    0.01   29.82 ^ clkbuf_3_3_0_clk/I (gf180mcu_fd_sc_mcu7t5v0__clkbuf_8)
                  0.36    0.61   30.43 ^ clkbuf_3_3_0_clk/Z (gf180mcu_fd_sc_mcu7t5v0__clkbuf_8)
     4    0.08                           clknet_3_3_0_clk (net)
                  0.36    0.00   30.43 ^ clkbuf_4_6__f_clk/I (gf180mcu_fd_sc_mcu7t5v0__clkbuf_16)
                  0.80    0.82   31.25 ^ clkbuf_4_6__f_clk/Z (gf180mcu_fd_sc_mcu7t5v0__clkbuf_16)
    26    0.43                           clknet_4_6__leaf_clk (net)
                  0.80    0.02   31.27 ^ clkbuf_leaf_74_clk/I (gf180mcu_fd_sc_mcu7t5v0__clkbuf_16)
                  0.19    0.53   31.79 ^ clkbuf_leaf_74_clk/Z (gf180mcu_fd_sc_mcu7t5v0__clkbuf_16)
     6    0.04                           clknet_leaf_74_clk (net)
                  0.19    0.00   31.79 ^ core.res_mem_inst.slot[9].slot_reg._128_/CLK (gf180mcu_fd_sc_mcu7t5v0__dffrnq_1)
                         -0.25   31.54   clock uncertainty
                          0.13   31.67   clock reconvergence pessimism
                         -0.71   30.96   library setup time
                                 30.96   data required time
-----------------------------------------------------------------------------
                                 30.96   data required time
                                -29.64   data arrival time
-----------------------------------------------------------------------------
                                  1.32   slack (MET)



======================= Typical Corner ===================================

Startpoint: rst_n (input port clocked by clk)
Endpoint: core.res_mem_inst.slot[13].slot_reg._121_
          (recovery check against rising-edge clock clk)
Path Group: asynchronous
Path Type: max
Corner: Typical

Fanout     Cap    Slew   Delay    Time   Description
-----------------------------------------------------------------------------
                          0.00    0.00   clock clk (rise edge)
                          0.00    0.00   clock network delay (propagated)
                          5.71    5.71 ^ input external delay
                  0.13    0.05    5.77 ^ rst_n (in)
     1    0.01                           rst_n (net)
                  0.13    0.00    5.77 ^ input4/I (gf180mcu_fd_sc_mcu7t5v0__clkbuf_2)
                  0.37    0.42    6.19 ^ input4/Z (gf180mcu_fd_sc_mcu7t5v0__clkbuf_2)
     1    0.04                           net4 (net)
                  0.37    0.00    6.19 ^ fanout81/I (gf180mcu_fd_sc_mcu7t5v0__buf_16)
                  0.58    0.46    6.65 ^ fanout81/Z (gf180mcu_fd_sc_mcu7t5v0__buf_16)
    46    0.62                           net81 (net)
                  0.70    0.15    6.80 ^ fanout78/I (gf180mcu_fd_sc_mcu7t5v0__buf_8)
                  0.69    0.59    7.39 ^ fanout78/Z (gf180mcu_fd_sc_mcu7t5v0__buf_8)
    56    0.33                           net78 (net)
                  0.70    0.04    7.43 ^ core.res_mem_inst._063_/I (gf180mcu_fd_sc_mcu7t5v0__clkinv_1)
                  0.43    0.38    7.81 v core.res_mem_inst._063_/ZN (gf180mcu_fd_sc_mcu7t5v0__clkinv_1)
     1    0.02                           core.res_mem_inst._003_ (net)
                  0.43    0.00    7.81 v fanout40/I (gf180mcu_fd_sc_mcu7t5v0__buf_8)
                  0.42    0.54    8.35 v fanout40/Z (gf180mcu_fd_sc_mcu7t5v0__buf_8)
    40    0.33                           net40 (net)
                  0.42    0.03    8.38 v fanout35/I (gf180mcu_fd_sc_mcu7t5v0__clkbuf_8)
                  0.44    0.58    8.96 v fanout35/Z (gf180mcu_fd_sc_mcu7t5v0__clkbuf_8)
    42    0.19                           net35 (net)
                  0.44    0.01    8.97 v core.res_mem_inst.slot[13].slot_reg._110_/I (gf180mcu_fd_sc_mcu7t5v0__clkinv_1)
                  0.26    0.25    9.22 ^ core.res_mem_inst.slot[13].slot_reg._110_/ZN (gf180mcu_fd_sc_mcu7t5v0__clkinv_1)
     1    0.01                           core.res_mem_inst.slot[13].slot_reg._005_ (net)
                  0.26    0.00    9.22 ^ core.res_mem_inst.slot[13].slot_reg._121_/RN (gf180mcu_fd_sc_mcu7t5v0__dffrnq_1)
                                  9.22   data arrival time

                         28.57   28.57   clock clk (rise edge)
                          0.00   28.57   clock source latency
                  0.48    0.26   28.83 ^ clk (in)
     1    0.11                           clk (net)
                  0.48    0.00   28.83 ^ clkbuf_0_clk/I (gf180mcu_fd_sc_mcu7t5v0__clkbuf_16)
                  0.36    0.45   29.28 ^ clkbuf_0_clk/Z (gf180mcu_fd_sc_mcu7t5v0__clkbuf_16)
    16    0.32                           clknet_0_clk (net)
                  0.36    0.01   29.29 ^ clkbuf_3_2_0_clk/I (gf180mcu_fd_sc_mcu7t5v0__clkbuf_8)
                  0.21    0.34   29.63 ^ clkbuf_3_2_0_clk/Z (gf180mcu_fd_sc_mcu7t5v0__clkbuf_8)
     4    0.08                           clknet_3_2_0_clk (net)
                  0.21    0.00   29.63 ^ clkbuf_4_4__f_clk/I (gf180mcu_fd_sc_mcu7t5v0__clkbuf_16)
                  0.43    0.44   30.08 ^ clkbuf_4_4__f_clk/Z (gf180mcu_fd_sc_mcu7t5v0__clkbuf_16)
    26    0.39                           clknet_4_4__leaf_clk (net)
                  0.43    0.02   30.09 ^ clkbuf_leaf_29_clk/I (gf180mcu_fd_sc_mcu7t5v0__clkbuf_16)
                  0.10    0.28   30.37 ^ clkbuf_leaf_29_clk/Z (gf180mcu_fd_sc_mcu7t5v0__clkbuf_16)
     4    0.02                           clknet_leaf_29_clk (net)
                  0.10    0.00   30.37 ^ core.res_mem_inst.slot[13].slot_reg._121_/CLK (gf180mcu_fd_sc_mcu7t5v0__dffrnq_1)
                         -0.25   30.12   clock uncertainty
                          0.00   30.12   clock reconvergence pessimism
                          0.21   30.33   library recovery time
                                 30.33   data required time
-----------------------------------------------------------------------------
                                 30.33   data required time
                                 -9.22   data arrival time
-----------------------------------------------------------------------------
                                 21.12   slack (MET)


Startpoint: core.bgc_1.final_counter._70_
            (rising edge-triggered flip-flop clocked by clk)
Endpoint: core.res_mem_inst.slot[9].slot_reg._128_
          (rising edge-triggered flip-flop clocked by clk)
Path Group: clk
Path Type: max
Corner: Typical

Fanout     Cap    Slew   Delay    Time   Description
-----------------------------------------------------------------------------
                          0.00    0.00   clock clk (rise edge)
                          0.00    0.00   clock source latency
                  0.48    0.29    0.29 ^ clk (in)
     1    0.11                           clk (net)
                  0.48    0.00    0.29 ^ clkbuf_0_clk/I (gf180mcu_fd_sc_mcu7t5v0__clkbuf_16)
                  0.36    0.50    0.78 ^ clkbuf_0_clk/Z (gf180mcu_fd_sc_mcu7t5v0__clkbuf_16)
    16    0.32                           clknet_0_clk (net)
                  0.36    0.02    0.81 ^ clkbuf_3_4_0_clk/I (gf180mcu_fd_sc_mcu7t5v0__clkbuf_8)
                  0.22    0.38    1.19 ^ clkbuf_3_4_0_clk/Z (gf180mcu_fd_sc_mcu7t5v0__clkbuf_8)
     4    0.08                           clknet_3_4_0_clk (net)
                  0.22    0.01    1.19 ^ clkbuf_4_8__f_clk/I (gf180mcu_fd_sc_mcu7t5v0__clkbuf_16)
                  0.49    0.53    1.72 ^ clkbuf_4_8__f_clk/Z (gf180mcu_fd_sc_mcu7t5v0__clkbuf_16)
    28    0.45                           clknet_4_8__leaf_clk (net)
                  0.49    0.01    1.73 ^ clkbuf_leaf_170_clk/I (gf180mcu_fd_sc_mcu7t5v0__clkbuf_16)
                  0.11    0.33    2.06 ^ clkbuf_leaf_170_clk/Z (gf180mcu_fd_sc_mcu7t5v0__clkbuf_16)
     5    0.03                           clknet_leaf_170_clk (net)
                  0.11    0.00    2.06 ^ core.bgc_1.final_counter._70_/CLK (gf180mcu_fd_sc_mcu7t5v0__dffrnq_1)
                  0.35    0.91    2.97 v core.bgc_1.final_counter._70_/Q (gf180mcu_fd_sc_mcu7t5v0__dffrnq_1)
     6    0.03                           core.adder_tree.r[1][1] (net)
                  0.35    0.00    2.97 v core.adder_tree._0758_/A1 (gf180mcu_fd_sc_mcu7t5v0__xor3_1)
                  0.40    1.26    4.23 v core.adder_tree._0758_/Z (gf180mcu_fd_sc_mcu7t5v0__xor3_1)
     3    0.02                           core.adder_tree._0043_ (net)
                  0.40    0.00    4.23 v core.adder_tree._0766_/A2 (gf180mcu_fd_sc_mcu7t5v0__xor3_1)
                  0.25    1.19    5.42 v core.adder_tree._0766_/Z (gf180mcu_fd_sc_mcu7t5v0__xor3_1)
     1    0.01                           core.adder_tree._0051_ (net)
                  0.25    0.00    5.42 v wire21/I (gf180mcu_fd_sc_mcu7t5v0__buf_1)
                  0.32    0.47    5.88 v wire21/Z (gf180mcu_fd_sc_mcu7t5v0__buf_1)
     3    0.03                           net21 (net)
                  0.32    0.00    5.88 v core.adder_tree._0779_/A2 (gf180mcu_fd_sc_mcu7t5v0__xnor3_1)
                  0.50    1.11    6.99 v core.adder_tree._0779_/ZN (gf180mcu_fd_sc_mcu7t5v0__xnor3_1)
     3    0.02                           core.adder_tree._0064_ (net)
                  0.50    0.00    6.99 v core.adder_tree._0796_/A2 (gf180mcu_fd_sc_mcu7t5v0__xor3_1)
                  0.41    1.33    8.32 v core.adder_tree._0796_/Z (gf180mcu_fd_sc_mcu7t5v0__xor3_1)
     2    0.02                           core.adder_tree._0081_ (net)
                  0.41    0.00    8.32 v core.adder_tree._0798_/A2 (gf180mcu_fd_sc_mcu7t5v0__xnor2_1)
                  0.48    0.54    8.87 v core.adder_tree._0798_/ZN (gf180mcu_fd_sc_mcu7t5v0__xnor2_1)
     2    0.02                           core.adder_tree._0083_ (net)
                  0.48    0.00    8.87 v core.adder_tree._0804_/A1 (gf180mcu_fd_sc_mcu7t5v0__oai21_2)
                  0.48    0.43    9.29 ^ core.adder_tree._0804_/ZN (gf180mcu_fd_sc_mcu7t5v0__oai21_2)
     3    0.02                           core.adder_tree._0089_ (net)
                  0.48    0.00    9.29 ^ core.adder_tree._0862_/A2 (gf180mcu_fd_sc_mcu7t5v0__xnor3_1)
                  0.65    1.12   10.41 ^ core.adder_tree._0862_/ZN (gf180mcu_fd_sc_mcu7t5v0__xnor3_1)
     2    0.01                           core.adder_tree._0147_ (net)
                  0.65    0.00   10.41 ^ core.adder_tree._0863_/A2 (gf180mcu_fd_sc_mcu7t5v0__nand2_1)
                  0.31    0.22   10.63 v core.adder_tree._0863_/ZN (gf180mcu_fd_sc_mcu7t5v0__nand2_1)
     2    0.01                           core.adder_tree._0148_ (net)
                  0.31    0.00   10.64 v core.adder_tree._0932_/A1 (gf180mcu_fd_sc_mcu7t5v0__oai21_1)
                  0.62    0.46   11.10 ^ core.adder_tree._0932_/ZN (gf180mcu_fd_sc_mcu7t5v0__oai21_1)
     2    0.02                           core.adder_tree._0215_ (net)
                  0.62    0.00   11.10 ^ core.adder_tree._1002_/A1 (gf180mcu_fd_sc_mcu7t5v0__aoi21_2)
                  0.32    0.24   11.34 v core.adder_tree._1002_/ZN (gf180mcu_fd_sc_mcu7t5v0__aoi21_2)
     2    0.02                           core.adder_tree._0284_ (net)
                  0.32    0.00   11.34 v core.adder_tree._1134_/A1 (gf180mcu_fd_sc_mcu7t5v0__oai21_2)
                  0.60    0.45   11.79 ^ core.adder_tree._1134_/ZN (gf180mcu_fd_sc_mcu7t5v0__oai21_2)
     3    0.03                           core.adder_tree._0415_ (net)
                  0.60    0.00   11.79 ^ core.adder_tree._1270_/A2 (gf180mcu_fd_sc_mcu7t5v0__aoi221_2)
                  0.41    0.19   11.98 v core.adder_tree._1270_/ZN (gf180mcu_fd_sc_mcu7t5v0__aoi221_2)
     2    0.01                           core.adder_tree._0549_ (net)
                  0.41    0.00   11.99 v core.adder_tree._1273_/A3 (gf180mcu_fd_sc_mcu7t5v0__oai31_1)
                  0.98    0.72   12.71 ^ core.adder_tree._1273_/ZN (gf180mcu_fd_sc_mcu7t5v0__oai31_1)
     2    0.01                           core.adder_tree._0551_ (net)
                  0.98    0.00   12.71 ^ core.adder_tree._1342_/A1 (gf180mcu_fd_sc_mcu7t5v0__aoi21_1)
                  0.44    0.29   13.00 v core.adder_tree._1342_/ZN (gf180mcu_fd_sc_mcu7t5v0__aoi21_1)
     2    0.01                           core.adder_tree._0619_ (net)
                  0.44    0.00   13.00 v core.adder_tree._1409_/A1 (gf180mcu_fd_sc_mcu7t5v0__oai21_1)
                  0.39    0.36   13.36 ^ core.adder_tree._1409_/ZN (gf180mcu_fd_sc_mcu7t5v0__oai21_1)
     1    0.01                           core.adder_tree._0685_ (net)
                  0.39    0.00   13.36 ^ core.adder_tree._1439_/A1 (gf180mcu_fd_sc_mcu7t5v0__xor3_4)
                  1.19    1.94   15.29 ^ core.adder_tree._1439_/Z (gf180mcu_fd_sc_mcu7t5v0__xor3_4)
    32    0.29                           core.adder_tree.sum_out[11] (net)
                  1.19    0.04   15.33 ^ core.res_mem_inst.slot[9].slot_reg._078_/I (gf180mcu_fd_sc_mcu7t5v0__clkinv_1)
                  0.36    0.25   15.58 v core.res_mem_inst.slot[9].slot_reg._078_/ZN (gf180mcu_fd_sc_mcu7t5v0__clkinv_1)
     1    0.01                           core.res_mem_inst.slot[9].slot_reg._040_ (net)
                  0.36    0.00   15.58 v core.res_mem_inst.slot[9].slot_reg._105_/A1 (gf180mcu_fd_sc_mcu7t5v0__oai221_1)
                  0.48    0.33   15.91 ^ core.res_mem_inst.slot[9].slot_reg._105_/ZN (gf180mcu_fd_sc_mcu7t5v0__oai221_1)
     1    0.01                           core.res_mem_inst.slot[9].slot_reg._000_[11] (net)
                  0.48    0.00   15.91 ^ core.res_mem_inst.slot[9].slot_reg._128_/D (gf180mcu_fd_sc_mcu7t5v0__dffrnq_1)
                                 15.91   data arrival time

                         28.57   28.57   clock clk (rise edge)
                          0.00   28.57   clock source latency
                  0.48    0.26   28.83 ^ clk (in)
     1    0.11                           clk (net)
                  0.48    0.00   28.83 ^ clkbuf_0_clk/I (gf180mcu_fd_sc_mcu7t5v0__clkbuf_16)
                  0.36    0.45   29.28 ^ clkbuf_0_clk/Z (gf180mcu_fd_sc_mcu7t5v0__clkbuf_16)
    16    0.32                           clknet_0_clk (net)
                  0.36    0.01   29.29 ^ clkbuf_3_3_0_clk/I (gf180mcu_fd_sc_mcu7t5v0__clkbuf_8)
                  0.21    0.34   29.63 ^ clkbuf_3_3_0_clk/Z (gf180mcu_fd_sc_mcu7t5v0__clkbuf_8)
     4    0.08                           clknet_3_3_0_clk (net)
                  0.21    0.00   29.63 ^ clkbuf_4_6__f_clk/I (gf180mcu_fd_sc_mcu7t5v0__clkbuf_16)
                  0.46    0.46   30.09 ^ clkbuf_4_6__f_clk/Z (gf180mcu_fd_sc_mcu7t5v0__clkbuf_16)
    26    0.42                           clknet_4_6__leaf_clk (net)
                  0.46    0.02   30.10 ^ clkbuf_leaf_74_clk/I (gf180mcu_fd_sc_mcu7t5v0__clkbuf_16)
                  0.11    0.29   30.40 ^ clkbuf_leaf_74_clk/Z (gf180mcu_fd_sc_mcu7t5v0__clkbuf_16)
     6    0.04                           clknet_leaf_74_clk (net)
                  0.11    0.00   30.40 ^ core.res_mem_inst.slot[9].slot_reg._128_/CLK (gf180mcu_fd_sc_mcu7t5v0__dffrnq_1)
                         -0.25   30.15   clock uncertainty
                          0.07   30.22   clock reconvergence pessimism
                         -0.36   29.86   library setup time
                                 29.86   data required time
-----------------------------------------------------------------------------
                                 29.86   data required time
                                -15.91   data arrival time
-----------------------------------------------------------------------------
                                 13.95   slack (MET)




===========================================================================
report_checks --slack_max -0.01
============================================================================
======================= Fastest Corner ===================================

No paths found.

======================= Slowest Corner ===================================

No paths found.

======================= Typical Corner ===================================

No paths found.


===========================================================================
 report_check_types -max_slew -max_cap -max_fanout -violators
============================================================================
======================= Fastest Corner ===================================

max fanout

Pin                                   Limit Fanout  Slack
---------------------------------------------------------
fanout25/Z                               35     70    -35 (VIOLATED)
fanout26/Z                               35     70    -35 (VIOLATED)
fanout28/Z                               35     70    -35 (VIOLATED)
fanout30/Z                               35     70    -35 (VIOLATED)
fanout31/Z                               35     70    -35 (VIOLATED)
fanout34/Z                               35     70    -35 (VIOLATED)
fanout36/Z                               35     70    -35 (VIOLATED)
fanout38/Z                               35     70    -35 (VIOLATED)
fanout39/Z                               35     70    -35 (VIOLATED)
fanout41/Z                               35     70    -35 (VIOLATED)
fanout42/Z                               35     70    -35 (VIOLATED)
fanout43/Z                               35     70    -35 (VIOLATED)
fanout45/Z                               35     70    -35 (VIOLATED)
fanout46/Z                               35     70    -35 (VIOLATED)
fanout48/Z                               35     70    -35 (VIOLATED)
fanout49/Z                               35     70    -35 (VIOLATED)
fanout51/Z                               35     70    -35 (VIOLATED)
fanout53/Z                               35     70    -35 (VIOLATED)
fanout55/Z                               35     70    -35 (VIOLATED)
fanout57/Z                               35     70    -35 (VIOLATED)
fanout60/Z                               35     70    -35 (VIOLATED)
fanout63/Z                               35     70    -35 (VIOLATED)
fanout65/Z                               35     70    -35 (VIOLATED)
fanout67/Z                               35     70    -35 (VIOLATED)
fanout68/Z                               35     70    -35 (VIOLATED)
fanout69/Z                               35     70    -35 (VIOLATED)
fanout71/Z                               35     70    -35 (VIOLATED)
fanout72/Z                               35     70    -35 (VIOLATED)
fanout73/Z                               35     70    -35 (VIOLATED)
fanout74/Z                               35     70    -35 (VIOLATED)
fanout75/Z                               35     70    -35 (VIOLATED)
fanout77/Z                               35     70    -35 (VIOLATED)
fanout79/Z                               35     70    -35 (VIOLATED)
fanout80/Z                               35     70    -35 (VIOLATED)
fanout47/Z                               35     68    -33 (VIOLATED)
fanout52/Z                               35     66    -31 (VIOLATED)
fanout66/Z                               35     62    -27 (VIOLATED)
fanout78/Z                               35     56    -21 (VIOLATED)
fanout58/Z                               35     54    -19 (VIOLATED)
fanout32/Z                               35     52    -17 (VIOLATED)
fanout62/Z                               35     52    -17 (VIOLATED)
fanout33/Z                               35     50    -15 (VIOLATED)
fanout64/Z                               35     50    -15 (VIOLATED)
core.bgc_0._08_/ZN                       35     48    -13 (VIOLATED)
core.bgc_1._08_/ZN                       35     48    -13 (VIOLATED)
core.bgc_10._08_/ZN                      35     48    -13 (VIOLATED)
core.bgc_11._08_/ZN                      35     48    -13 (VIOLATED)
core.bgc_12._08_/ZN                      35     48    -13 (VIOLATED)
core.bgc_13._08_/ZN                      35     48    -13 (VIOLATED)
core.bgc_14._08_/ZN                      35     48    -13 (VIOLATED)
core.bgc_15._08_/ZN                      35     48    -13 (VIOLATED)
core.bgc_2._08_/ZN                       35     48    -13 (VIOLATED)
core.bgc_3._08_/ZN                       35     48    -13 (VIOLATED)
core.bgc_4._08_/ZN                       35     48    -13 (VIOLATED)
core.bgc_5._08_/ZN                       35     48    -13 (VIOLATED)
core.bgc_6._08_/ZN                       35     48    -13 (VIOLATED)
core.bgc_7._08_/ZN                       35     48    -13 (VIOLATED)
core.bgc_8._08_/ZN                       35     48    -13 (VIOLATED)
core.bgc_9._08_/ZN                       35     48    -13 (VIOLATED)
fanout27/Z                               35     46    -11 (VIOLATED)
fanout81/Z                               35     46    -11 (VIOLATED)
fanout35/Z                               35     42     -7 (VIOLATED)
fanout56/Z                               35     42     -7 (VIOLATED)
fanout76/Z                               35     42     -7 (VIOLATED)
fanout29/Z                               35     40     -5 (VIOLATED)
fanout40/Z                               35     40     -5 (VIOLATED)
fanout70/Z                               35     40     -5 (VIOLATED)
fanout54/Z                               35     38     -3 (VIOLATED)
fanout61/Z                               35     38     -3 (VIOLATED)
fanout44/Z                               35     36        (VIOLATED)


======================= Slowest Corner ===================================

max fanout

Pin                                   Limit Fanout  Slack
---------------------------------------------------------
fanout25/Z                               35     70    -35 (VIOLATED)
fanout26/Z                               35     70    -35 (VIOLATED)
fanout28/Z                               35     70    -35 (VIOLATED)
fanout30/Z                               35     70    -35 (VIOLATED)
fanout31/Z                               35     70    -35 (VIOLATED)
fanout34/Z                               35     70    -35 (VIOLATED)
fanout36/Z                               35     70    -35 (VIOLATED)
fanout38/Z                               35     70    -35 (VIOLATED)
fanout39/Z                               35     70    -35 (VIOLATED)
fanout41/Z                               35     70    -35 (VIOLATED)
fanout42/Z                               35     70    -35 (VIOLATED)
fanout43/Z                               35     70    -35 (VIOLATED)
fanout45/Z                               35     70    -35 (VIOLATED)
fanout46/Z                               35     70    -35 (VIOLATED)
fanout48/Z                               35     70    -35 (VIOLATED)
fanout49/Z                               35     70    -35 (VIOLATED)
fanout51/Z                               35     70    -35 (VIOLATED)
fanout53/Z                               35     70    -35 (VIOLATED)
fanout55/Z                               35     70    -35 (VIOLATED)
fanout57/Z                               35     70    -35 (VIOLATED)
fanout60/Z                               35     70    -35 (VIOLATED)
fanout63/Z                               35     70    -35 (VIOLATED)
fanout65/Z                               35     70    -35 (VIOLATED)
fanout67/Z                               35     70    -35 (VIOLATED)
fanout68/Z                               35     70    -35 (VIOLATED)
fanout69/Z                               35     70    -35 (VIOLATED)
fanout71/Z                               35     70    -35 (VIOLATED)
fanout72/Z                               35     70    -35 (VIOLATED)
fanout73/Z                               35     70    -35 (VIOLATED)
fanout74/Z                               35     70    -35 (VIOLATED)
fanout75/Z                               35     70    -35 (VIOLATED)
fanout77/Z                               35     70    -35 (VIOLATED)
fanout79/Z                               35     70    -35 (VIOLATED)
fanout80/Z                               35     70    -35 (VIOLATED)
fanout47/Z                               35     68    -33 (VIOLATED)
fanout52/Z                               35     66    -31 (VIOLATED)
fanout66/Z                               35     62    -27 (VIOLATED)
fanout78/Z                               35     56    -21 (VIOLATED)
fanout58/Z                               35     54    -19 (VIOLATED)
fanout32/Z                               35     52    -17 (VIOLATED)
fanout62/Z                               35     52    -17 (VIOLATED)
fanout33/Z                               35     50    -15 (VIOLATED)
fanout64/Z                               35     50    -15 (VIOLATED)
core.bgc_0._08_/ZN                       35     48    -13 (VIOLATED)
core.bgc_1._08_/ZN                       35     48    -13 (VIOLATED)
core.bgc_10._08_/ZN                      35     48    -13 (VIOLATED)
core.bgc_11._08_/ZN                      35     48    -13 (VIOLATED)
core.bgc_12._08_/ZN                      35     48    -13 (VIOLATED)
core.bgc_13._08_/ZN                      35     48    -13 (VIOLATED)
core.bgc_14._08_/ZN                      35     48    -13 (VIOLATED)
core.bgc_15._08_/ZN                      35     48    -13 (VIOLATED)
core.bgc_2._08_/ZN                       35     48    -13 (VIOLATED)
core.bgc_3._08_/ZN                       35     48    -13 (VIOLATED)
core.bgc_4._08_/ZN                       35     48    -13 (VIOLATED)
core.bgc_5._08_/ZN                       35     48    -13 (VIOLATED)
core.bgc_6._08_/ZN                       35     48    -13 (VIOLATED)
core.bgc_7._08_/ZN                       35     48    -13 (VIOLATED)
core.bgc_8._08_/ZN                       35     48    -13 (VIOLATED)
core.bgc_9._08_/ZN                       35     48    -13 (VIOLATED)
fanout27/Z                               35     46    -11 (VIOLATED)
fanout81/Z                               35     46    -11 (VIOLATED)
fanout35/Z                               35     42     -7 (VIOLATED)
fanout56/Z                               35     42     -7 (VIOLATED)
fanout76/Z                               35     42     -7 (VIOLATED)
fanout29/Z                               35     40     -5 (VIOLATED)
fanout40/Z                               35     40     -5 (VIOLATED)
fanout70/Z                               35     40     -5 (VIOLATED)
fanout54/Z                               35     38     -3 (VIOLATED)
fanout61/Z                               35     38     -3 (VIOLATED)
fanout44/Z                               35     36        (VIOLATED)


======================= Typical Corner ===================================

max fanout

Pin                                   Limit Fanout  Slack
---------------------------------------------------------
fanout25/Z                               35     70    -35 (VIOLATED)
fanout26/Z                               35     70    -35 (VIOLATED)
fanout28/Z                               35     70    -35 (VIOLATED)
fanout30/Z                               35     70    -35 (VIOLATED)
fanout31/Z                               35     70    -35 (VIOLATED)
fanout34/Z                               35     70    -35 (VIOLATED)
fanout36/Z                               35     70    -35 (VIOLATED)
fanout38/Z                               35     70    -35 (VIOLATED)
fanout39/Z                               35     70    -35 (VIOLATED)
fanout41/Z                               35     70    -35 (VIOLATED)
fanout42/Z                               35     70    -35 (VIOLATED)
fanout43/Z                               35     70    -35 (VIOLATED)
fanout45/Z                               35     70    -35 (VIOLATED)
fanout46/Z                               35     70    -35 (VIOLATED)
fanout48/Z                               35     70    -35 (VIOLATED)
fanout49/Z                               35     70    -35 (VIOLATED)
fanout51/Z                               35     70    -35 (VIOLATED)
fanout53/Z                               35     70    -35 (VIOLATED)
fanout55/Z                               35     70    -35 (VIOLATED)
fanout57/Z                               35     70    -35 (VIOLATED)
fanout60/Z                               35     70    -35 (VIOLATED)
fanout63/Z                               35     70    -35 (VIOLATED)
fanout65/Z                               35     70    -35 (VIOLATED)
fanout67/Z                               35     70    -35 (VIOLATED)
fanout68/Z                               35     70    -35 (VIOLATED)
fanout69/Z                               35     70    -35 (VIOLATED)
fanout71/Z                               35     70    -35 (VIOLATED)
fanout72/Z                               35     70    -35 (VIOLATED)
fanout73/Z                               35     70    -35 (VIOLATED)
fanout74/Z                               35     70    -35 (VIOLATED)
fanout75/Z                               35     70    -35 (VIOLATED)
fanout77/Z                               35     70    -35 (VIOLATED)
fanout79/Z                               35     70    -35 (VIOLATED)
fanout80/Z                               35     70    -35 (VIOLATED)
fanout47/Z                               35     68    -33 (VIOLATED)
fanout52/Z                               35     66    -31 (VIOLATED)
fanout66/Z                               35     62    -27 (VIOLATED)
fanout78/Z                               35     56    -21 (VIOLATED)
fanout58/Z                               35     54    -19 (VIOLATED)
fanout32/Z                               35     52    -17 (VIOLATED)
fanout62/Z                               35     52    -17 (VIOLATED)
fanout33/Z                               35     50    -15 (VIOLATED)
fanout64/Z                               35     50    -15 (VIOLATED)
core.bgc_0._08_/ZN                       35     48    -13 (VIOLATED)
core.bgc_1._08_/ZN                       35     48    -13 (VIOLATED)
core.bgc_10._08_/ZN                      35     48    -13 (VIOLATED)
core.bgc_11._08_/ZN                      35     48    -13 (VIOLATED)
core.bgc_12._08_/ZN                      35     48    -13 (VIOLATED)
core.bgc_13._08_/ZN                      35     48    -13 (VIOLATED)
core.bgc_14._08_/ZN                      35     48    -13 (VIOLATED)
core.bgc_15._08_/ZN                      35     48    -13 (VIOLATED)
core.bgc_2._08_/ZN                       35     48    -13 (VIOLATED)
core.bgc_3._08_/ZN                       35     48    -13 (VIOLATED)
core.bgc_4._08_/ZN                       35     48    -13 (VIOLATED)
core.bgc_5._08_/ZN                       35     48    -13 (VIOLATED)
core.bgc_6._08_/ZN                       35     48    -13 (VIOLATED)
core.bgc_7._08_/ZN                       35     48    -13 (VIOLATED)
core.bgc_8._08_/ZN                       35     48    -13 (VIOLATED)
core.bgc_9._08_/ZN                       35     48    -13 (VIOLATED)
fanout27/Z                               35     46    -11 (VIOLATED)
fanout81/Z                               35     46    -11 (VIOLATED)
fanout35/Z                               35     42     -7 (VIOLATED)
fanout56/Z                               35     42     -7 (VIOLATED)
fanout76/Z                               35     42     -7 (VIOLATED)
fanout29/Z                               35     40     -5 (VIOLATED)
fanout40/Z                               35     40     -5 (VIOLATED)
fanout70/Z                               35     40     -5 (VIOLATED)
fanout54/Z                               35     38     -3 (VIOLATED)
fanout61/Z                               35     38     -3 (VIOLATED)
fanout44/Z                               35     36        (VIOLATED)



===========================================================================
report_parasitic_annotation -report_unannotated
============================================================================
Found 5 unannotated drivers.
 output_ready_IN
 spi_out0_IN
 spi_out1_IN
 spi_out2_IN
 spi_out3_IN
Found 0 partially unannotated drivers.

===========================================================================
max slew violation count 0
max fanout violation count 70
max cap violation count 0
============================================================================

===========================================================================
check_setup -verbose -unconstrained_endpoints -multiple_clock -no_clock -no_input_delay -loops -generated_clocks
===========================================================================
Warning: There are 58 unconstrained endpoints.
  clk_PD
  clk_PU
  input_ready_PD
  input_ready_PU
  load_row_or_col_PD
  load_row_or_col_PU
  output_ready_CS
  output_ready_IE
  output_ready_OE
  output_ready_PD
  output_ready_PDRV0
  output_ready_PDRV1
  output_ready_PU
  output_ready_SL
  output_valid_PD
  output_valid_PU
  rst_n_PD
  rst_n_PU
  spi_in0_PD
  spi_in0_PU
  spi_in1_PD
  spi_in1_PU
  spi_in2_PD
  spi_in2_PU
  spi_in3_PD
  spi_in3_PU
  spi_out0_CS
  spi_out0_IE
  spi_out0_OE
  spi_out0_PD
  spi_out0_PDRV0
  spi_out0_PDRV1
  spi_out0_PU
  spi_out0_SL
  spi_out1_CS
  spi_out1_IE
  spi_out1_OE
  spi_out1_PD
  spi_out1_PDRV0
  spi_out1_PDRV1
  spi_out1_PU
  spi_out1_SL
  spi_out2_CS
  spi_out2_IE
  spi_out2_OE
  spi_out2_PD
  spi_out2_PDRV0
  spi_out2_PDRV1
  spi_out2_PU
  spi_out2_SL
  spi_out3_CS
  spi_out3_IE
  spi_out3_OE
  spi_out3_PD
  spi_out3_PDRV0
  spi_out3_PDRV1
  spi_out3_PU
  spi_out3_SL
