
===========================================================================
report_checks -unconstrained
===========================================================================
======================= Typical Corner ===================================

Startpoint: rst_n (input port clocked by clk)
Endpoint: res_mem_inst.slot[13].slot_reg._123_
          (recovery check against rising-edge clock clk)
Path Group: asynchronous
Path Type: max

Fanout     Cap    Slew   Delay    Time   Description
-----------------------------------------------------------------------------
                          0.00    0.00   clock clk (rise edge)
                          0.00    0.00   clock network delay (propagated)
                          5.71    5.71 ^ input external delay
                  0.16    0.07    5.78 ^ rst_n (in)
     1    0.01                           rst_n (net)
                  0.16    0.00    5.78 ^ input4/I (gf180mcu_fd_sc_mcu7t5v0__buf_2)
                  0.41    0.39    6.18 ^ input4/Z (gf180mcu_fd_sc_mcu7t5v0__buf_2)
     2    0.05                           net4 (net)
                  0.41    0.00    6.18 ^ fanout75/I (gf180mcu_fd_sc_mcu7t5v0__buf_16)
                  0.66    0.53    6.71 ^ fanout75/Z (gf180mcu_fd_sc_mcu7t5v0__buf_16)
    38    0.64                           net75 (net)
                  0.67    0.05    6.76 ^ fanout64/I (gf180mcu_fd_sc_mcu7t5v0__buf_8)
                  0.59    0.52    7.28 ^ fanout64/Z (gf180mcu_fd_sc_mcu7t5v0__buf_8)
    54    0.28                           net64 (net)
                  0.59    0.02    7.30 ^ res_mem_inst._063_/I (gf180mcu_fd_sc_mcu7t5v0__clkinv_3)
                  0.41    0.36    7.66 v res_mem_inst._063_/ZN (gf180mcu_fd_sc_mcu7t5v0__clkinv_3)
     3    0.06                           res_mem_inst._003_ (net)
                  0.41    0.00    7.66 v fanout31/I (gf180mcu_fd_sc_mcu7t5v0__clkbuf_8)
                  0.47    0.60    8.26 v fanout31/Z (gf180mcu_fd_sc_mcu7t5v0__clkbuf_8)
    32    0.21                           net31 (net)
                  0.47    0.00    8.27 v fanout29/I (gf180mcu_fd_sc_mcu7t5v0__buf_8)
                  0.38    0.54    8.80 v fanout29/Z (gf180mcu_fd_sc_mcu7t5v0__buf_8)
    64    0.30                           net29 (net)
                  0.38    0.01    8.81 v fanout28/I (gf180mcu_fd_sc_mcu7t5v0__buf_8)
                  0.34    0.47    9.28 v fanout28/Z (gf180mcu_fd_sc_mcu7t5v0__buf_8)
    64    0.26                           net28 (net)
                  0.35    0.03    9.31 v res_mem_inst.slot[13].slot_reg._112_/I (gf180mcu_fd_sc_mcu7t5v0__clkinv_1)
                  0.23    0.22    9.52 ^ res_mem_inst.slot[13].slot_reg._112_/ZN (gf180mcu_fd_sc_mcu7t5v0__clkinv_1)
     1    0.01                           res_mem_inst.slot[13].slot_reg._007_ (net)
                  0.23    0.00    9.52 ^ res_mem_inst.slot[13].slot_reg._123_/RN (gf180mcu_fd_sc_mcu7t5v0__dffrnq_1)
                                  9.52   data arrival time

                         28.57   28.57   clock clk (rise edge)
                          0.00   28.57   clock source latency
                  0.42    0.23   28.80 ^ clk (in)
     1    0.10                           clk (net)
                  0.43    0.00   28.80 ^ clkbuf_0_clk/I (gf180mcu_fd_sc_mcu7t5v0__clkbuf_16)
                  0.32    0.42   29.22 ^ clkbuf_0_clk/Z (gf180mcu_fd_sc_mcu7t5v0__clkbuf_16)
    16    0.28                           clknet_0_clk (net)
                  0.32    0.01   29.23 ^ clkbuf_3_4_0_clk/I (gf180mcu_fd_sc_mcu7t5v0__clkbuf_8)
                  0.19    0.32   29.55 ^ clkbuf_3_4_0_clk/Z (gf180mcu_fd_sc_mcu7t5v0__clkbuf_8)
     4    0.07                           clknet_3_4_0_clk (net)
                  0.19    0.00   29.56 ^ clkbuf_4_9__f_clk/I (gf180mcu_fd_sc_mcu7t5v0__clkbuf_16)
                  0.39    0.42   29.98 ^ clkbuf_4_9__f_clk/Z (gf180mcu_fd_sc_mcu7t5v0__clkbuf_16)
    22    0.35                           clknet_4_9__leaf_clk (net)
                  0.39    0.01   29.98 ^ clkbuf_leaf_155_clk/I (gf180mcu_fd_sc_mcu7t5v0__clkbuf_16)
                  0.11    0.29   30.27 ^ clkbuf_leaf_155_clk/Z (gf180mcu_fd_sc_mcu7t5v0__clkbuf_16)
     7    0.04                           clknet_leaf_155_clk (net)
                  0.11    0.00   30.27 ^ res_mem_inst.slot[13].slot_reg._123_/CLK (gf180mcu_fd_sc_mcu7t5v0__dffrnq_1)
                         -0.25   30.02   clock uncertainty
                          0.00   30.02   clock reconvergence pessimism
                          0.22   30.23   library recovery time
                                 30.23   data required time
-----------------------------------------------------------------------------
                                 30.23   data required time
                                 -9.52   data arrival time
-----------------------------------------------------------------------------
                                 20.71   slack (MET)


Startpoint: bgc_13.final_counter._72_
            (rising edge-triggered flip-flop clocked by clk)
Endpoint: res_mem_inst.slot[8].slot_reg._128_
          (rising edge-triggered flip-flop clocked by clk)
Path Group: clk
Path Type: max

Fanout     Cap    Slew   Delay    Time   Description
-----------------------------------------------------------------------------
                          0.00    0.00   clock clk (rise edge)
                          0.00    0.00   clock source latency
                  0.42    0.25    0.25 ^ clk (in)
     1    0.10                           clk (net)
                  0.43    0.00    0.25 ^ clkbuf_0_clk/I (gf180mcu_fd_sc_mcu7t5v0__clkbuf_16)
                  0.32    0.46    0.72 ^ clkbuf_0_clk/Z (gf180mcu_fd_sc_mcu7t5v0__clkbuf_16)
    16    0.28                           clknet_0_clk (net)
                  0.32    0.02    0.73 ^ clkbuf_3_0_0_clk/I (gf180mcu_fd_sc_mcu7t5v0__clkbuf_8)
                  0.18    0.35    1.08 ^ clkbuf_3_0_0_clk/Z (gf180mcu_fd_sc_mcu7t5v0__clkbuf_8)
     4    0.06                           clknet_3_0_0_clk (net)
                  0.18    0.00    1.09 ^ clkbuf_4_1__f_clk/I (gf180mcu_fd_sc_mcu7t5v0__clkbuf_16)
                  0.41    0.47    1.56 ^ clkbuf_4_1__f_clk/Z (gf180mcu_fd_sc_mcu7t5v0__clkbuf_16)
    24    0.37                           clknet_4_1__leaf_clk (net)
                  0.41    0.01    1.57 ^ clkbuf_leaf_15_clk/I (gf180mcu_fd_sc_mcu7t5v0__clkbuf_16)
                  0.10    0.31    1.88 ^ clkbuf_leaf_15_clk/Z (gf180mcu_fd_sc_mcu7t5v0__clkbuf_16)
     5    0.03                           clknet_leaf_15_clk (net)
                  0.10    0.00    1.88 ^ bgc_13.final_counter._72_/CLK (gf180mcu_fd_sc_mcu7t5v0__dffrnq_1)
                  0.51    1.16    3.03 ^ bgc_13.final_counter._72_/Q (gf180mcu_fd_sc_mcu7t5v0__dffrnq_1)
     5    0.03                           adder_tree.r[13][3] (net)
                  0.51    0.00    3.03 ^ adder_tree._0871_/A1 (gf180mcu_fd_sc_mcu7t5v0__xor2_1)
                  0.79    0.69    3.72 ^ adder_tree._0871_/Z (gf180mcu_fd_sc_mcu7t5v0__xor2_1)
     2    0.02                           adder_tree._0155_ (net)
                  0.79    0.00    3.72 ^ adder_tree._0872_/A2 (gf180mcu_fd_sc_mcu7t5v0__xor2_1)
                  0.42    0.42    4.14 ^ adder_tree._0872_/Z (gf180mcu_fd_sc_mcu7t5v0__xor2_1)
     1    0.01                           adder_tree._0156_ (net)
                  0.42    0.00    4.14 ^ adder_tree._0873_/I (gf180mcu_fd_sc_mcu7t5v0__clkinv_1)
                  0.32    0.28    4.42 v adder_tree._0873_/ZN (gf180mcu_fd_sc_mcu7t5v0__clkinv_1)
     2    0.02                           adder_tree._0157_ (net)
                  0.32    0.00    4.42 v adder_tree._0881_/A1 (gf180mcu_fd_sc_mcu7t5v0__xor3_1)
                  0.52    1.27    5.70 v adder_tree._0881_/Z (gf180mcu_fd_sc_mcu7t5v0__xor3_1)
     3    0.02                           adder_tree._0165_ (net)
                  0.52    0.00    5.70 v adder_tree._0886_/A2 (gf180mcu_fd_sc_mcu7t5v0__xor3_1)
                  0.41    1.34    7.04 v adder_tree._0886_/Z (gf180mcu_fd_sc_mcu7t5v0__xor3_1)
     2    0.02                           adder_tree._0170_ (net)
                  0.41    0.00    7.04 v adder_tree._0917_/A1 (gf180mcu_fd_sc_mcu7t5v0__xnor3_1)
                  0.43    1.09    8.13 v adder_tree._0917_/ZN (gf180mcu_fd_sc_mcu7t5v0__xnor3_1)
     3    0.01                           adder_tree._0201_ (net)
                  0.43    0.00    8.13 v adder_tree._0925_/A2 (gf180mcu_fd_sc_mcu7t5v0__xor3_1)
                  0.46    1.31    9.44 v adder_tree._0925_/Z (gf180mcu_fd_sc_mcu7t5v0__xor3_1)
     3    0.02                           adder_tree._0209_ (net)
                  0.46    0.00    9.44 v adder_tree._0928_/A3 (gf180mcu_fd_sc_mcu7t5v0__xnor3_1)
                  0.83    0.62   10.06 ^ adder_tree._0928_/ZN (gf180mcu_fd_sc_mcu7t5v0__xnor3_1)
     3    0.02                           adder_tree._0212_ (net)
                  0.83    0.00   10.06 ^ adder_tree._0929_/A2 (gf180mcu_fd_sc_mcu7t5v0__nor2_1)
                  0.40    0.30   10.36 v adder_tree._0929_/ZN (gf180mcu_fd_sc_mcu7t5v0__nor2_1)
     1    0.01                           adder_tree._0213_ (net)
                  0.40    0.00   10.36 v adder_tree._0932_/A2 (gf180mcu_fd_sc_mcu7t5v0__oai21_2)
                  0.48    0.40   10.76 ^ adder_tree._0932_/ZN (gf180mcu_fd_sc_mcu7t5v0__oai21_2)
     2    0.02                           adder_tree._0215_ (net)
                  0.48    0.00   10.76 ^ adder_tree._1002_/A1 (gf180mcu_fd_sc_mcu7t5v0__aoi21_2)
                  0.35    0.29   11.05 v adder_tree._1002_/ZN (gf180mcu_fd_sc_mcu7t5v0__aoi21_2)
     2    0.03                           adder_tree._0284_ (net)
                  0.35    0.00   11.05 v adder_tree._1134_/A1 (gf180mcu_fd_sc_mcu7t5v0__oai21_4)
                  0.46    0.38   11.43 ^ adder_tree._1134_/ZN (gf180mcu_fd_sc_mcu7t5v0__oai21_4)
     3    0.04                           adder_tree._0415_ (net)
                  0.46    0.00   11.43 ^ adder_tree._1270_/A2 (gf180mcu_fd_sc_mcu7t5v0__aoi221_4)
                  0.43    0.17   11.61 v adder_tree._1270_/ZN (gf180mcu_fd_sc_mcu7t5v0__aoi221_4)
     2    0.02                           adder_tree._0549_ (net)
                  0.43    0.00   11.61 v adder_tree._1273_/A3 (gf180mcu_fd_sc_mcu7t5v0__oai31_2)
                  0.71    0.56   12.16 ^ adder_tree._1273_/ZN (gf180mcu_fd_sc_mcu7t5v0__oai31_2)
     2    0.02                           adder_tree._0551_ (net)
                  0.71    0.00   12.16 ^ adder_tree._1342_/A1 (gf180mcu_fd_sc_mcu7t5v0__aoi21_1)
                  0.35    0.25   12.41 v adder_tree._1342_/ZN (gf180mcu_fd_sc_mcu7t5v0__aoi21_1)
     2    0.01                           adder_tree._0619_ (net)
                  0.35    0.00   12.41 v adder_tree._1409_/A1 (gf180mcu_fd_sc_mcu7t5v0__oai21_1)
                  0.32    0.29   12.70 ^ adder_tree._1409_/ZN (gf180mcu_fd_sc_mcu7t5v0__oai21_1)
     1    0.01                           adder_tree._0685_ (net)
                  0.32    0.00   12.70 ^ adder_tree._1439_/A1 (gf180mcu_fd_sc_mcu7t5v0__xor3_4)
                  1.13    1.90   14.61 ^ adder_tree._1439_/Z (gf180mcu_fd_sc_mcu7t5v0__xor3_4)
    32    0.27                           adder_tree.sum_out[11] (net)
                  1.13    0.04   14.64 ^ res_mem_inst.slot[8].slot_reg._078_/I (gf180mcu_fd_sc_mcu7t5v0__clkinv_1)
                  0.34    0.23   14.87 v res_mem_inst.slot[8].slot_reg._078_/ZN (gf180mcu_fd_sc_mcu7t5v0__clkinv_1)
     1    0.01                           res_mem_inst.slot[8].slot_reg._040_ (net)
                  0.34    0.00   14.87 v res_mem_inst.slot[8].slot_reg._105_/A1 (gf180mcu_fd_sc_mcu7t5v0__oai221_1)
                  0.46    0.31   15.19 ^ res_mem_inst.slot[8].slot_reg._105_/ZN (gf180mcu_fd_sc_mcu7t5v0__oai221_1)
     1    0.01                           res_mem_inst.slot[8].slot_reg._000_[11] (net)
                  0.46    0.00   15.19 ^ res_mem_inst.slot[8].slot_reg._128_/D (gf180mcu_fd_sc_mcu7t5v0__dffrnq_1)
                                 15.19   data arrival time

                         28.57   28.57   clock clk (rise edge)
                          0.00   28.57   clock source latency
                  0.42    0.23   28.80 ^ clk (in)
     1    0.10                           clk (net)
                  0.43    0.00   28.80 ^ clkbuf_0_clk/I (gf180mcu_fd_sc_mcu7t5v0__clkbuf_16)
                  0.32    0.42   29.22 ^ clkbuf_0_clk/Z (gf180mcu_fd_sc_mcu7t5v0__clkbuf_16)
    16    0.28                           clknet_0_clk (net)
                  0.32    0.01   29.23 ^ clkbuf_3_4_0_clk/I (gf180mcu_fd_sc_mcu7t5v0__clkbuf_8)
                  0.19    0.32   29.55 ^ clkbuf_3_4_0_clk/Z (gf180mcu_fd_sc_mcu7t5v0__clkbuf_8)
     4    0.07                           clknet_3_4_0_clk (net)
                  0.19    0.00   29.56 ^ clkbuf_4_9__f_clk/I (gf180mcu_fd_sc_mcu7t5v0__clkbuf_16)
                  0.39    0.42   29.98 ^ clkbuf_4_9__f_clk/Z (gf180mcu_fd_sc_mcu7t5v0__clkbuf_16)
    22    0.35                           clknet_4_9__leaf_clk (net)
                  0.39    0.01   29.99 ^ clkbuf_leaf_115_clk/I (gf180mcu_fd_sc_mcu7t5v0__clkbuf_16)
                  0.15    0.31   30.30 ^ clkbuf_leaf_115_clk/Z (gf180mcu_fd_sc_mcu7t5v0__clkbuf_16)
    22    0.08                           clknet_leaf_115_clk (net)
                  0.15    0.00   30.30 ^ res_mem_inst.slot[8].slot_reg._128_/CLK (gf180mcu_fd_sc_mcu7t5v0__dffrnq_1)
                         -0.25   30.05   clock uncertainty
                          0.07   30.12   clock reconvergence pessimism
                         -0.35   29.76   library setup time
                                 29.76   data required time
-----------------------------------------------------------------------------
                                 29.76   data required time
                                -15.19   data arrival time
-----------------------------------------------------------------------------
                                 14.58   slack (MET)




===========================================================================
report_checks --slack_max -0.01
============================================================================
======================= Typical Corner ===================================

No paths found.


===========================================================================
 report_check_types -max_slew -max_cap -max_fanout -violators
============================================================================
======================= Typical Corner ===================================

max fanout

Pin                                   Limit Fanout  Slack
---------------------------------------------------------
fanout16/Z                               32     64    -32 (VIOLATED)
fanout18/Z                               32     64    -32 (VIOLATED)
fanout20/Z                               32     64    -32 (VIOLATED)
fanout21/Z                               32     64    -32 (VIOLATED)
fanout22/Z                               32     64    -32 (VIOLATED)
fanout25/Z                               32     64    -32 (VIOLATED)
fanout27/Z                               32     64    -32 (VIOLATED)
fanout28/Z                               32     64    -32 (VIOLATED)
fanout29/Z                               32     64    -32 (VIOLATED)
fanout30/Z                               32     64    -32 (VIOLATED)
fanout32/Z                               32     64    -32 (VIOLATED)
fanout33/Z                               32     64    -32 (VIOLATED)
fanout34/Z                               32     64    -32 (VIOLATED)
fanout36/Z                               32     64    -32 (VIOLATED)
fanout37/Z                               32     64    -32 (VIOLATED)
fanout39/Z                               32     64    -32 (VIOLATED)
fanout41/Z                               32     64    -32 (VIOLATED)
fanout43/Z                               32     64    -32 (VIOLATED)
fanout45/Z                               32     64    -32 (VIOLATED)
fanout46/Z                               32     64    -32 (VIOLATED)
fanout48/Z                               32     64    -32 (VIOLATED)
fanout49/Z                               32     64    -32 (VIOLATED)
fanout51/Z                               32     64    -32 (VIOLATED)
fanout52/Z                               32     64    -32 (VIOLATED)
fanout53/Z                               32     64    -32 (VIOLATED)
fanout54/Z                               32     64    -32 (VIOLATED)
fanout56/Z                               32     64    -32 (VIOLATED)
fanout58/Z                               32     64    -32 (VIOLATED)
fanout60/Z                               32     64    -32 (VIOLATED)
fanout63/Z                               32     64    -32 (VIOLATED)
fanout65/Z                               32     64    -32 (VIOLATED)
fanout66/Z                               32     64    -32 (VIOLATED)
fanout67/Z                               32     64    -32 (VIOLATED)
fanout69/Z                               32     64    -32 (VIOLATED)
fanout70/Z                               32     64    -32 (VIOLATED)
fanout72/Z                               32     64    -32 (VIOLATED)
fanout73/Z                               32     64    -32 (VIOLATED)
fanout24/Z                               32     58    -26 (VIOLATED)
fanout40/Z                               32     58    -26 (VIOLATED)
fanout44/Z                               32     58    -26 (VIOLATED)
fanout47/Z                               32     58    -26 (VIOLATED)
fanout17/Z                               32     56    -24 (VIOLATED)
fanout19/Z                               32     54    -22 (VIOLATED)
fanout50/Z                               32     54    -22 (VIOLATED)
fanout64/Z                               32     54    -22 (VIOLATED)
fanout62/Z                               32     52    -20 (VIOLATED)
fanout35/Z                               32     50    -18 (VIOLATED)
bgc_0._08_/ZN                            32     48    -16 (VIOLATED)
bgc_1._08_/ZN                            32     48    -16 (VIOLATED)
bgc_10._08_/ZN                           32     48    -16 (VIOLATED)
bgc_11._08_/ZN                           32     48    -16 (VIOLATED)
bgc_12._08_/ZN                           32     48    -16 (VIOLATED)
bgc_13._08_/ZN                           32     48    -16 (VIOLATED)
bgc_14._08_/ZN                           32     48    -16 (VIOLATED)
bgc_15._08_/ZN                           32     48    -16 (VIOLATED)
bgc_2._08_/ZN                            32     48    -16 (VIOLATED)
bgc_3._08_/ZN                            32     48    -16 (VIOLATED)
bgc_4._08_/ZN                            32     48    -16 (VIOLATED)
bgc_5._08_/ZN                            32     48    -16 (VIOLATED)
bgc_6._08_/ZN                            32     48    -16 (VIOLATED)
bgc_7._08_/ZN                            32     48    -16 (VIOLATED)
bgc_8._08_/ZN                            32     48    -16 (VIOLATED)
bgc_9._08_/ZN                            32     48    -16 (VIOLATED)
fanout38/Z                               32     48    -16 (VIOLATED)
fanout68/Z                               32     46    -14 (VIOLATED)
fanout57/Z                               32     44    -12 (VIOLATED)
fanout26/Z                               32     40     -8 (VIOLATED)
fanout74/Z                               32     40     -8 (VIOLATED)
fanout42/Z                               32     38     -6 (VIOLATED)
fanout75/Z                               32     38     -6 (VIOLATED)
fanout55/Z                               32     36     -4 (VIOLATED)
fanout71/Z                               32     36     -4 (VIOLATED)
fanout23/Z                               32     34     -2 (VIOLATED)
fanout59/Z                               32     34     -2 (VIOLATED)



===========================================================================
report_parasitic_annotation -report_unannotated
============================================================================
Found 0 unannotated drivers.
Found 0 partially unannotated drivers.

===========================================================================
max slew violation count 0
max fanout violation count 74
max cap violation count 0
============================================================================

===========================================================================
check_setup -verbose -unconstrained_endpoints -multiple_clock -no_clock -no_input_delay -loops -generated_clocks
===========================================================================
