
===========================================================================
 report_power
============================================================================
======================= Fastest Corner ===================================

Group                  Internal  Switching    Leakage      Total
                          Power      Power      Power      Power (Watts)
----------------------------------------------------------------
Sequential             4.18e-02   5.19e-03   3.42e-07   4.70e-02  33.5%
Combinational          5.59e-02   3.74e-02   3.83e-06   9.33e-02  66.5%
Macro                  0.00e+00   0.00e+00   0.00e+00   0.00e+00   0.0%
Pad                    0.00e+00   0.00e+00   0.00e+00   0.00e+00   0.0%
----------------------------------------------------------------
Total                  9.77e-02   4.26e-02   4.18e-06   1.40e-01 100.0%
                          69.6%      30.4%       0.0%

======================= Slowest Corner ===================================

Group                  Internal  Switching    Leakage      Total
                          Power      Power      Power      Power (Watts)
----------------------------------------------------------------
Sequential             2.80e-02   3.53e-03   7.62e-07   3.15e-02  35.1%
Combinational          3.27e-02   2.57e-02   2.47e-05   5.84e-02  64.9%
Macro                  0.00e+00   0.00e+00   0.00e+00   0.00e+00   0.0%
Pad                    0.00e+00   0.00e+00   0.00e+00   0.00e+00   0.0%
----------------------------------------------------------------
Total                  6.07e-02   2.92e-02   2.54e-05   8.99e-02 100.0%
                          67.5%      32.5%       0.0%

======================= Typical Corner ===================================

Group                  Internal  Switching    Leakage      Total
                          Power      Power      Power      Power (Watts)
----------------------------------------------------------------
Sequential             3.40e-02   4.31e-03   2.89e-07   3.83e-02  34.2%
Combinational          4.24e-02   3.12e-02   3.17e-06   7.36e-02  65.8%
Macro                  0.00e+00   0.00e+00   0.00e+00   0.00e+00   0.0%
Pad                    0.00e+00   0.00e+00   0.00e+00   0.00e+00   0.0%
----------------------------------------------------------------
Total                  7.65e-02   3.55e-02   3.46e-06   1.12e-01 100.0%
                          68.3%      31.7%       0.0%

