OpenROAD 41a51eaf4ca2171c92ff38afb91eb37bbd3f36da 
This program is licensed under the BSD-3 license. See the LICENSE file for details.
Components of this program may be licensed under more restrictive licenses which must be honored.
[INFO ODB-0222] Reading LEF file: /openlane/designs/Markov_Chain_Accelerator/runs/Mrqn-9-Sept/tmp/merged.nom.lef
[INFO ODB-0388] unsupported LEF58_EOLENCLOSURE property for layer Via1 :"
  	EOLENCLOSURE 0.34 0.06 ;"
[INFO ODB-0388] unsupported LEF58_EOLENCLOSURE property for layer Via2 :" EOLENCLOSURE 0.34 0.06 ; "
[INFO ODB-0388] unsupported LEF58_EOLENCLOSURE property for layer Via3 :" EOLENCLOSURE 0.34 0.06 ; "
[INFO ODB-0388] unsupported LEF58_EOLENCLOSURE property for layer Via4 :" EOLENCLOSURE 0.34 0.06 ; "
[INFO ODB-0223]     Created 15 technology layers
[INFO ODB-0224]     Created 60 technology vias
[INFO ODB-0225]     Created 229 library cells
[INFO ODB-0226] Finished LEF file:  /openlane/designs/Markov_Chain_Accelerator/runs/Mrqn-9-Sept/tmp/merged.nom.lef
[INFO ODB-0127] Reading DEF file: /openlane/designs/Markov_Chain_Accelerator/src/A06_BH.def
[INFO ODB-0128] Design: A06_BH
[INFO ODB-0130]     Created 79 pins.
[INFO ODB-0134] Finished DEF file: /openlane/designs/Markov_Chain_Accelerator/src/A06_BH.def
Using manufacturing grid: 10 Using dbu per mircons: 2000
Found 77 block terminals in existing database...
Found 79 template_bterms:
  * VDD: [('Metal2', 0, 218280, 2000, 237280), ('Metal2', 0, 191980, 2000, 212480), ('Metal2', 0, 168280, 2000, 188780), ('Metal2', 0, 141220, 2000, 161720), ('Metal2', 0, 117520, 2000, 138020), ('Metal2', 0, 92720, 2000, 111720)]
  * VSS: [('Metal2', 0, 418280, 2000, 437280), ('Metal2', 0, 391980, 2000, 412480), ('Metal2', 0, 368280, 2000, 388780), ('Metal2', 0, 341220, 2000, 361720), ('Metal2', 0, 317520, 2000, 338020), ('Metal2', 0, 292720, 2000, 311720)]
  * rst_n_PU: [('Metal2', 0, 627310, 2000, 628070)]
  * rst_n_PD: [('Metal2', 0, 618580, 2000, 619340)]
  * rst_n: [('Metal2', 0, 497520, 2000, 498280)]
  * clk_PU: [('Metal2', 0, 827310, 2000, 828070)]
  * clk_PD: [('Metal2', 0, 818580, 2000, 819340)]
  * clk: [('Metal2', 0, 697520, 2000, 698280)]
  * spi_in0_PU: [('Metal2', 0, 1027310, 2000, 1028070)]
  * spi_in0_PD: [('Metal2', 0, 1018580, 2000, 1019340)]
  * spi_in0: [('Metal2', 0, 897520, 2000, 898280)]
  * spi_in1_PU: [('Metal2', 197310, 1098000, 198070, 1100000)]
  * spi_in1_PD: [('Metal2', 188580, 1098000, 189340, 1100000)]
  * spi_in1: [('Metal2', 67520, 1098000, 68280, 1100000)]
  * spi_in2_PU: [('Metal2', 397310, 1098000, 398070, 1100000)]
  * spi_in2_PD: [('Metal2', 388580, 1098000, 389340, 1100000)]
  * spi_in2: [('Metal2', 267520, 1098000, 268280, 1100000)]
  * spi_in3_PU: [('Metal2', 597310, 1098000, 598070, 1100000)]
  * spi_in3_PD: [('Metal2', 588580, 1098000, 589340, 1100000)]
  * spi_in3: [('Metal2', 467520, 1098000, 468280, 1100000)]
  * load_row_or_col_PU: [('Metal2', 797310, 1098000, 798070, 1100000)]
  * load_row_or_col_PD: [('Metal2', 788580, 1098000, 789340, 1100000)]
  * load_row_or_col: [('Metal2', 667520, 1098000, 668280, 1100000)]
  * input_ready_PU: [('Metal2', 997310, 1098000, 998070, 1100000)]
  * input_ready_PD: [('Metal2', 988580, 1098000, 989340, 1100000)]
  * input_ready: [('Metal2', 867520, 1098000, 868280, 1100000)]
  * spi_out0_CS: [('Metal2', 1202520, 1098000, 1203280, 1100000)]
  * spi_out0_SL: [('Metal2', 1071900, 1098000, 1072660, 1100000)]
  * spi_out0_IE: [('Metal2', 1186470, 1098000, 1187230, 1100000)]
  * spi_out0_OE: [('Metal2', 1068980, 1098000, 1069740, 1100000)]
  * spi_out0_PU: [('Metal2', 1197310, 1098000, 1198070, 1100000)]
  * spi_out0_PD: [('Metal2', 1188580, 1098000, 1189340, 1100000)]
  * spi_out0_OUT: [('Metal2', 1070440, 1098000, 1071200, 1100000)]
  * spi_out0_PDRV0: [('Metal2', 1195020, 1098000, 1195780, 1100000)]
  * spi_out0_PDRV1: [('Metal2', 1193600, 1098000, 1194360, 1100000)]
  * spi_out0_IN: [('Metal2', 1067520, 1098000, 1068280, 1100000)]
  * spi_out1_CS: [('Metal2', 1402520, 1098000, 1403280, 1100000)]
  * spi_out1_SL: [('Metal2', 1271900, 1098000, 1272660, 1100000)]
  * spi_out1_IE: [('Metal2', 1386470, 1098000, 1387230, 1100000)]
  * spi_out1_OE: [('Metal2', 1268980, 1098000, 1269740, 1100000)]
  * spi_out1_PU: [('Metal2', 1397310, 1098000, 1398070, 1100000)]
  * spi_out1_PD: [('Metal2', 1388580, 1098000, 1389340, 1100000)]
  * spi_out1_OUT: [('Metal2', 1270440, 1098000, 1271200, 1100000)]
  * spi_out1_PDRV0: [('Metal2', 1395020, 1098000, 1395780, 1100000)]
  * spi_out1_PDRV1: [('Metal2', 1393600, 1098000, 1394360, 1100000)]
  * spi_out1_IN: [('Metal2', 1267520, 1098000, 1268280, 1100000)]
  * spi_out2_CS: [('Metal2', 1602520, 1098000, 1603280, 1100000)]
  * spi_out2_SL: [('Metal2', 1471900, 1098000, 1472660, 1100000)]
  * spi_out2_IE: [('Metal2', 1586470, 1098000, 1587230, 1100000)]
  * spi_out2_OE: [('Metal2', 1468980, 1098000, 1469740, 1100000)]
  * spi_out2_PU: [('Metal2', 1597310, 1098000, 1598070, 1100000)]
  * spi_out2_PD: [('Metal2', 1588580, 1098000, 1589340, 1100000)]
  * spi_out2_OUT: [('Metal2', 1470440, 1098000, 1471200, 1100000)]
  * spi_out2_PDRV0: [('Metal2', 1595020, 1098000, 1595780, 1100000)]
  * spi_out2_PDRV1: [('Metal2', 1593600, 1098000, 1594360, 1100000)]
  * spi_out2_IN: [('Metal2', 1467520, 1098000, 1468280, 1100000)]
  * spi_out3_CS: [('Metal2', 1802520, 1098000, 1803280, 1100000)]
  * spi_out3_SL: [('Metal2', 1671900, 1098000, 1672660, 1100000)]
  * spi_out3_IE: [('Metal2', 1786470, 1098000, 1787230, 1100000)]
  * spi_out3_OE: [('Metal2', 1668980, 1098000, 1669740, 1100000)]
  * spi_out3_PU: [('Metal2', 1797310, 1098000, 1798070, 1100000)]
  * spi_out3_PD: [('Metal2', 1788580, 1098000, 1789340, 1100000)]
  * spi_out3_OUT: [('Metal2', 1670440, 1098000, 1671200, 1100000)]
  * spi_out3_PDRV0: [('Metal2', 1795020, 1098000, 1795780, 1100000)]
  * spi_out3_PDRV1: [('Metal2', 1793600, 1098000, 1794360, 1100000)]
  * spi_out3_IN: [('Metal2', 1667520, 1098000, 1668280, 1100000)]
  * output_valid_PU: [('Metal2', 1997310, 1098000, 1998070, 1100000)]
  * output_valid_PD: [('Metal2', 1988580, 1098000, 1989340, 1100000)]
  * output_valid: [('Metal2', 1867520, 1098000, 1868280, 1100000)]
  * output_ready_CS: [('Metal2', 2202520, 1098000, 2203280, 1100000)]
  * output_ready_SL: [('Metal2', 2071900, 1098000, 2072660, 1100000)]
  * output_ready_IE: [('Metal2', 2186470, 1098000, 2187230, 1100000)]
  * output_ready_OE: [('Metal2', 2068980, 1098000, 2069740, 1100000)]
  * output_ready_PU: [('Metal2', 2197310, 1098000, 2198070, 1100000)]
  * output_ready_PD: [('Metal2', 2188580, 1098000, 2189340, 1100000)]
  * output_ready_OUT: [('Metal2', 2070440, 1098000, 2071200, 1100000)]
  * output_ready_PDRV0: [('Metal2', 2195020, 1098000, 2195780, 1100000)]
  * output_ready_PDRV1: [('Metal2', 2193600, 1098000, 2194360, 1100000)]
  * output_ready_IN: [('Metal2', 2067520, 1098000, 2068280, 1100000)]
Wrote pin clk at layer Metal2 at (0, 697520, 2000, 698280)...
Wrote pin clk_PD at layer Metal2 at (0, 818580, 2000, 819340)...
Wrote pin clk_PU at layer Metal2 at (0, 827310, 2000, 828070)...
Wrote pin input_ready at layer Metal2 at (867520, 1098000, 868280, 1100000)...
Wrote pin input_ready_PD at layer Metal2 at (988580, 1098000, 989340, 1100000)...
Wrote pin input_ready_PU at layer Metal2 at (997310, 1098000, 998070, 1100000)...
Wrote pin load_row_or_col at layer Metal2 at (667520, 1098000, 668280, 1100000)...
Wrote pin load_row_or_col_PD at layer Metal2 at (788580, 1098000, 789340, 1100000)...
Wrote pin load_row_or_col_PU at layer Metal2 at (797310, 1098000, 798070, 1100000)...
Wrote pin output_ready_CS at layer Metal2 at (2202520, 1098000, 2203280, 1100000)...
Wrote pin output_ready_IE at layer Metal2 at (2186470, 1098000, 2187230, 1100000)...
Wrote pin output_ready_IN at layer Metal2 at (2067520, 1098000, 2068280, 1100000)...
Wrote pin output_ready_OE at layer Metal2 at (2068980, 1098000, 2069740, 1100000)...
Wrote pin output_ready_OUT at layer Metal2 at (2070440, 1098000, 2071200, 1100000)...
Wrote pin output_ready_PD at layer Metal2 at (2188580, 1098000, 2189340, 1100000)...
Wrote pin output_ready_PDRV0 at layer Metal2 at (2195020, 1098000, 2195780, 1100000)...
Wrote pin output_ready_PDRV1 at layer Metal2 at (2193600, 1098000, 2194360, 1100000)...
Wrote pin output_ready_PU at layer Metal2 at (2197310, 1098000, 2198070, 1100000)...
Wrote pin output_ready_SL at layer Metal2 at (2071900, 1098000, 2072660, 1100000)...
Wrote pin output_valid at layer Metal2 at (1867520, 1098000, 1868280, 1100000)...
Wrote pin output_valid_PD at layer Metal2 at (1988580, 1098000, 1989340, 1100000)...
Wrote pin output_valid_PU at layer Metal2 at (1997310, 1098000, 1998070, 1100000)...
Wrote pin rst_n at layer Metal2 at (0, 497520, 2000, 498280)...
Wrote pin rst_n_PD at layer Metal2 at (0, 618580, 2000, 619340)...
Wrote pin rst_n_PU at layer Metal2 at (0, 627310, 2000, 628070)...
Wrote pin spi_in0 at layer Metal2 at (0, 897520, 2000, 898280)...
Wrote pin spi_in0_PD at layer Metal2 at (0, 1018580, 2000, 1019340)...
Wrote pin spi_in0_PU at layer Metal2 at (0, 1027310, 2000, 1028070)...
Wrote pin spi_in1 at layer Metal2 at (67520, 1098000, 68280, 1100000)...
Wrote pin spi_in1_PD at layer Metal2 at (188580, 1098000, 189340, 1100000)...
Wrote pin spi_in1_PU at layer Metal2 at (197310, 1098000, 198070, 1100000)...
Wrote pin spi_in2 at layer Metal2 at (267520, 1098000, 268280, 1100000)...
Wrote pin spi_in2_PD at layer Metal2 at (388580, 1098000, 389340, 1100000)...
Wrote pin spi_in2_PU at layer Metal2 at (397310, 1098000, 398070, 1100000)...[INFO ODB-0222] Reading LEF file: /openlane/designs/Markov_Chain_Accelerator/runs/Mrqn-9-Sept/tmp/merged.nom.lef
[INFO ODB-0388] unsupported LEF58_EOLENCLOSURE property for layer Via1 :"
  	EOLENCLOSURE 0.34 0.06 ;"
[INFO ODB-0388] unsupported LEF58_EOLENCLOSURE property for layer Via2 :" EOLENCLOSURE 0.34 0.06 ; "
[INFO ODB-0388] unsupported LEF58_EOLENCLOSURE property for layer Via3 :" EOLENCLOSURE 0.34 0.06 ; "
[INFO ODB-0388] unsupported LEF58_EOLENCLOSURE property for layer Via4 :" EOLENCLOSURE 0.34 0.06 ; "
[INFO ODB-0223]     Created 15 technology layers
[INFO ODB-0224]     Created 60 technology vias
[INFO ODB-0225]     Created 229 library cells
[INFO ODB-0226] Finished LEF file:  /openlane/designs/Markov_Chain_Accelerator/runs/Mrqn-9-Sept/tmp/merged.nom.lef
[INFO ODB-0127] Reading DEF file: /openlane/designs/Markov_Chain_Accelerator/src/A06_BH.def
[INFO ODB-0128] Design: A06_BH
[INFO ODB-0130]     Created 79 pins.
[INFO ODB-0134] Finished DEF file: /openlane/designs/Markov_Chain_Accelerator/src/A06_BH.def

Wrote pin spi_in3 at layer Metal2 at (467520, 1098000, 468280, 1100000)...
Wrote pin spi_in3_PD at layer Metal2 at (588580, 1098000, 589340, 1100000)...
Wrote pin spi_in3_PU at layer Metal2 at (597310, 1098000, 598070, 1100000)...
Wrote pin spi_out0_CS at layer Metal2 at (1202520, 1098000, 1203280, 1100000)...
Wrote pin spi_out0_IE at layer Metal2 at (1186470, 1098000, 1187230, 1100000)...
Wrote pin spi_out0_IN at layer Metal2 at (1067520, 1098000, 1068280, 1100000)...
Wrote pin spi_out0_OE at layer Metal2 at (1068980, 1098000, 1069740, 1100000)...
Wrote pin spi_out0_OUT at layer Metal2 at (1070440, 1098000, 1071200, 1100000)...
Wrote pin spi_out0_PD at layer Metal2 at (1188580, 1098000, 1189340, 1100000)...
Wrote pin spi_out0_PDRV0 at layer Metal2 at (1195020, 1098000, 1195780, 1100000)...
Wrote pin spi_out0_PDRV1 at layer Metal2 at (1193600, 1098000, 1194360, 1100000)...
Wrote pin spi_out0_PU at layer Metal2 at (1197310, 1098000, 1198070, 1100000)...
Wrote pin spi_out0_SL at layer Metal2 at (1071900, 1098000, 1072660, 1100000)...
Wrote pin spi_out1_CS at layer Metal2 at (1402520, 1098000, 1403280, 1100000)...
Wrote pin spi_out1_IE at layer Metal2 at (1386470, 1098000, 1387230, 1100000)...
Wrote pin spi_out1_IN at layer Metal2 at (1267520, 1098000, 1268280, 1100000)...
Wrote pin spi_out1_OE at layer Metal2 at (1268980, 1098000, 1269740, 1100000)...
Wrote pin spi_out1_OUT at layer Metal2 at (1270440, 1098000, 1271200, 1100000)...
Wrote pin spi_out1_PD at layer Metal2 at (1388580, 1098000, 1389340, 1100000)...
Wrote pin spi_out1_PDRV0 at layer Metal2 at (1395020, 1098000, 1395780, 1100000)...
Wrote pin spi_out1_PDRV1 at layer Metal2 at (1393600, 1098000, 1394360, 1100000)...
Wrote pin spi_out1_PU at layer Metal2 at (1397310, 1098000, 1398070, 1100000)...
Wrote pin spi_out1_SL at layer Metal2 at (1271900, 1098000, 1272660, 1100000)...
Wrote pin spi_out2_CS at layer Metal2 at (1602520, 1098000, 1603280, 1100000)...
Wrote pin spi_out2_IE at layer Metal2 at (1586470, 1098000, 1587230, 1100000)...
Wrote pin spi_out2_IN at layer Metal2 at (1467520, 1098000, 1468280, 1100000)...
Wrote pin spi_out2_OE at layer Metal2 at (1468980, 1098000, 1469740, 1100000)...
Wrote pin spi_out2_OUT at layer Metal2 at (1470440, 1098000, 1471200, 1100000)...
Wrote pin spi_out2_PD at layer Metal2 at (1588580, 1098000, 1589340, 1100000)...
Wrote pin spi_out2_PDRV0 at layer Metal2 at (1595020, 1098000, 1595780, 1100000)...
Wrote pin spi_out2_PDRV1 at layer Metal2 at (1593600, 1098000, 1594360, 1100000)...
Wrote pin spi_out2_PU at layer Metal2 at (1597310, 1098000, 1598070, 1100000)...
Wrote pin spi_out2_SL at layer Metal2 at (1471900, 1098000, 1472660, 1100000)...
Wrote pin spi_out3_CS at layer Metal2 at (1802520, 1098000, 1803280, 1100000)...
Wrote pin spi_out3_IE at layer Metal2 at (1786470, 1098000, 1787230, 1100000)...
Wrote pin spi_out3_IN at layer Metal2 at (1667520, 1098000, 1668280, 1100000)...
Wrote pin spi_out3_OE at layer Metal2 at (1668980, 1098000, 1669740, 1100000)...
Wrote pin spi_out3_OUT at layer Metal2 at (1670440, 1098000, 1671200, 1100000)...
Wrote pin spi_out3_PD at layer Metal2 at (1788580, 1098000, 1789340, 1100000)...
Wrote pin spi_out3_PDRV0 at layer Metal2 at (1795020, 1098000, 1795780, 1100000)...
Wrote pin spi_out3_PDRV1 at layer Metal2 at (1793600, 1098000, 1794360, 1100000)...
Wrote pin spi_out3_PU at layer Metal2 at (1797310, 1098000, 1798070, 1100000)...
Wrote pin spi_out3_SL at layer Metal2 at (1671900, 1098000, 1672660, 1100000)...
