OpenROAD 41a51eaf4ca2171c92ff38afb91eb37bbd3f36da 
This program is licensed under the BSD-3 license. See the LICENSE file for details.
Components of this program may be licensed under more restrictive licenses which must be honored.
[INFO]: Reading ODB at '/openlane/designs/Markov_Chain_Accelerator/runs/Mrqn-9-Sept/results/floorplan/A06_BH_top_wrapper.odb'…
define_corners Typical
read_liberty -corner Typical /home/user/.ciel/gf180mcuC/libs.ref/gf180mcu_fd_sc_mcu7t5v0/lib/gf180mcu_fd_sc_mcu7t5v0__tt_025C_5v00.lib
Using 1e-12 for capacitance...
Using 1e+00 for resistance...
Using 1e-09 for time...
Using 1e+00 for voltage...
Using 1e-03 for current...
Using 1e-06 for power...
Using 1e-06 for distance...
Reading design constraints file at '/openlane/designs/Markov_Chain_Accelerator/runs/Mrqn-9-Sept/tmp/floorplan/3-initial_fp.sdc'…
[INFO]: Setting RC values...
[INFO]: Setting signal min routing layer to: Metal2 and clock min routing layer to Metal2. 
[INFO]: Setting signal max routing layer to: Metal5 and clock max routing layer to Metal5. 
[INFO GPL-0002] DBU: 2000
[INFO GPL-0003] SiteSize: 1120 7840
[INFO GPL-0004] CoreAreaLxLy: 10080 15680
[INFO GPL-0005] CoreAreaUxUy: 2209760 1089760
[INFO GPL-0006] NumInstances: 15881
[INFO GPL-0007] NumPlaceInstances: 12057
[INFO GPL-0008] NumFixedInstances: 3824
[INFO GPL-0009] NumDummyInstances: 0
[INFO GPL-0010] NumNets: 12071
[INFO GPL-0011] NumPins: 36194
[INFO GPL-0012] DieAreaLxLy: 0 0
[INFO GPL-0013] DieAreaUxUy: 2220000 1100000
[INFO GPL-0014] CoreAreaLxLy: 10080 15680
[INFO GPL-0015] CoreAreaUxUy: 2209760 1089760
[INFO GPL-0016] CoreArea: 2362632294400
[INFO GPL-0017] NonPlaceInstsArea: 67155558400
[INFO GPL-0018] PlaceInstsArea: 1026176972800
[INFO GPL-0019] Util(%): 44.70
[INFO GPL-0020] StdInstsArea: 1026176972800
[INFO GPL-0021] MacroInstsArea: 0
[InitialPlace]  Iter: 1 CG residual: 0.00127306 HPWL: 500588990
[InitialPlace]  Iter: 2 CG residual: 0.00008515 HPWL: 370144652
[InitialPlace]  Iter: 3 CG residual: 0.00002599 HPWL: 370181328
[InitialPlace]  Iter: 4 CG residual: 0.00003327 HPWL: 370611076
[InitialPlace]  Iter: 5 CG residual: 0.00002463 HPWL: 370645885
[InitialPlace]  Iter: 6 CG residual: 0.00003091 HPWL: 370729811
[InitialPlace]  Iter: 7 CG residual: 0.00002810 HPWL: 370634524
[InitialPlace]  Iter: 8 CG residual: 0.00002576 HPWL: 370716848
[InitialPlace]  Iter: 9 CG residual: 0.00004272 HPWL: 370571239
[InitialPlace]  Iter: 10 CG residual: 0.00002790 HPWL: 370586373
[InitialPlace]  Iter: 11 CG residual: 0.00004033 HPWL: 370429829
[InitialPlace]  Iter: 12 CG residual: 0.00002368 HPWL: 370501620
[InitialPlace]  Iter: 13 CG residual: 0.00002612 HPWL: 370358831
[InitialPlace]  Iter: 14 CG residual: 0.00003541 HPWL: 370359896
[InitialPlace]  Iter: 15 CG residual: 0.00003438 HPWL: 370213501
[InitialPlace]  Iter: 16 CG residual: 0.00002522 HPWL: 370162252
[InitialPlace]  Iter: 17 CG residual: 0.00003345 HPWL: 369981119
[InitialPlace]  Iter: 18 CG residual: 0.00002420 HPWL: 369937357
[InitialPlace]  Iter: 19 CG residual: 0.00003164 HPWL: 369820743
[InitialPlace]  Iter: 20 CG residual: 0.00003793 HPWL: 369806664
[INFO GPL-0031] FillerInit: NumGCells: 15539
[INFO GPL-0032] FillerInit: NumGNets: 12071
[INFO GPL-0033] FillerInit: NumGPins: 36194
[INFO GPL-0023] TargetDensity: 0.56
[INFO GPL-0024] AveragePlaceInstArea: 85110472
[INFO GPL-0025] IdealBinArea: 151982992
[INFO GPL-0026] IdealBinCnt: 15545
[INFO GPL-0027] TotalBinArea: 2362632294400
[INFO GPL-0028] BinCnt: 128 64
[INFO GPL-0029] BinSize: 17185 16783
[INFO GPL-0030] NumBins: 8192
[NesterovSolve] Iter: 1 overflow: 0.995021 HPWL: 89293078
[NesterovSolve] Iter: 10 overflow: 0.989725 HPWL: 91836519
[NesterovSolve] Iter: 20 overflow: 0.986839 HPWL: 95880688
[NesterovSolve] Iter: 30 overflow: 0.986178 HPWL: 96911857
[NesterovSolve] Iter: 40 overflow: 0.985257 HPWL: 98002835
[NesterovSolve] Iter: 50 overflow: 0.98465 HPWL: 98705854
[NesterovSolve] Iter: 60 overflow: 0.984333 HPWL: 98892643
[NesterovSolve] Iter: 70 overflow: 0.984321 HPWL: 98782027
[NesterovSolve] Iter: 80 overflow: 0.983927 HPWL: 98727453
[NesterovSolve] Iter: 90 overflow: 0.983515 HPWL: 98858043
[NesterovSolve] Iter: 100 overflow: 0.983283 HPWL: 99156210
[NesterovSolve] Iter: 110 overflow: 0.98315 HPWL: 99708632
[NesterovSolve] Iter: 120 overflow: 0.982392 HPWL: 100609941
[NesterovSolve] Iter: 130 overflow: 0.981352 HPWL: 102028374
[NesterovSolve] Iter: 140 overflow: 0.980157 HPWL: 104347416
[NesterovSolve] Iter: 150 overflow: 0.977401 HPWL: 108140584
[NesterovSolve] Iter: 160 overflow: 0.973011 HPWL: 113756640
[NesterovSolve] Iter: 170 overflow: 0.965495 HPWL: 121585316
[NesterovSolve] Iter: 180 overflow: 0.953825 HPWL: 131954005
[NesterovSolve] Iter: 190 overflow: 0.937901 HPWL: 145030875
[NesterovSolve] Iter: 200 overflow: 0.91855 HPWL: 160601971
[NesterovSolve] Iter: 210 overflow: 0.894063 HPWL: 178439102
[NesterovSolve] Iter: 220 overflow: 0.865407 HPWL: 198247820
[NesterovSolve] Iter: 230 overflow: 0.835358 HPWL: 220089591
[NesterovSolve] Iter: 240 overflow: 0.810059 HPWL: 244188831
[NesterovSolve] Iter: 250 overflow: 0.786777 HPWL: 270293004
[INFO GPL-0100] worst slack 1.52e-08
[INFO GPL-0103] Weighted 997 nets.
[NesterovSolve] Iter: 260 overflow: 0.763128 HPWL: 297086492
[NesterovSolve] Iter: 270 overflow: 0.738197 HPWL: 325188467
[NesterovSolve] Iter: 280 overflow: 0.718374 HPWL: 343635964
[NesterovSolve] Iter: 290 overflow: 0.694615 HPWL: 355550149
[NesterovSolve] Iter: 300 overflow: 0.661192 HPWL: 355063176
[INFO GPL-0100] worst slack 1.45e-08
[INFO GPL-0103] Weighted 997 nets.
[NesterovSolve] Iter: 310 overflow: 0.631998 HPWL: 357813736
[NesterovSolve] Snapshot saved at iter = 318
[NesterovSolve] Iter: 320 overflow: 0.59295 HPWL: 364508237
[NesterovSolve] Iter: 330 overflow: 0.550854 HPWL: 370424847
[NesterovSolve] Iter: 340 overflow: 0.50634 HPWL: 374932415
[INFO GPL-0100] worst slack 1.48e-08
[INFO GPL-0103] Weighted 997 nets.
[NesterovSolve] Iter: 350 overflow: 0.466578 HPWL: 378014101
[NesterovSolve] Iter: 360 overflow: 0.419919 HPWL: 380380031
[NesterovSolve] Iter: 370 overflow: 0.372294 HPWL: 382768029
[NesterovSolve] Iter: 380 overflow: 0.325197 HPWL: 383989184
[NesterovSolve] Iter: 390 overflow: 0.289227 HPWL: 384744665
[INFO GPL-0100] worst slack 1.5e-08
[INFO GPL-0103] Weighted 997 nets.
[NesterovSolve] Iter: 400 overflow: 0.254508 HPWL: 386563559
[NesterovSolve] Iter: 410 overflow: 0.223485 HPWL: 387995693
[INFO GPL-0100] worst slack 1.5e-08
[INFO GPL-0103] Weighted 997 nets.
[INFO GPL-0075] Routability numCall: 1 inflationIterCnt: 1 bloatIterCnt: 0
[INFO GPL-0036] TileLxLy: 0 0
[INFO GPL-0037] TileSize: 16800 16800
[INFO GPL-0038] TileCnt: 132 65
[INFO GPL-0039] numRoutingLayers: 5
[INFO GPL-0040] NumTiles: 8580
[INFO GPL-0063] TotalRouteOverflowH2: 0.0
[INFO GPL-0064] TotalRouteOverflowV2: 0.0
[INFO GPL-0065] OverflowTileCnt2: 0
[INFO GPL-0066] 0.5%RC: 0.9753401272353672
[INFO GPL-0067] 1.0%RC: 0.943346075358845
[INFO GPL-0068] 2.0%RC: 0.9002444705083257
[INFO GPL-0069] 5.0%RC: 0.8240039087876375
[INFO GPL-0070] 0.5rcK: 1.0
[INFO GPL-0071] 1.0rcK: 1.0
[INFO GPL-0072] 2.0rcK: 0.0
[INFO GPL-0073] 5.0rcK: 0.0
[INFO GPL-0074] FinalRC: 0.9593431
[NesterovSolve] Iter: 420 overflow: 0.193779 HPWL: 389935392
[NesterovSolve] Iter: 430 overflow: 0.166872 HPWL: 391754603
[INFO GPL-0100] worst slack 1.51e-08
[INFO GPL-0103] Weighted 994 nets.
[NesterovSolve] Iter: 440 overflow: 0.142443 HPWL: 394115460
[NesterovSolve] Iter: 450 overflow: 0.122714 HPWL: 396597078
[NesterovSolve] Iter: 460 overflow: 0.102731 HPWL: 398548240
[NesterovSolve] Finished with Overflow: 0.099115
Setting global connections for newly added cells…
Writing OpenROAD database to '/openlane/designs/Markov_Chain_Accelerator/runs/Mrqn-9-Sept/tmp/placement/7-global.odb'…
Writing netlist to '/openlane/designs/Markov_Chain_Accelerator/runs/Mrqn-9-Sept/tmp/placement/7-global.nl.v'…
Writing powered netlist to '/openlane/designs/Markov_Chain_Accelerator/runs/Mrqn-9-Sept/tmp/placement/7-global.pnl.v'…
Writing layout to '/openlane/designs/Markov_Chain_Accelerator/runs/Mrqn-9-Sept/tmp/placement/7-global.def'…
