OpenROAD 41a51eaf4ca2171c92ff38afb91eb37bbd3f36da 
This program is licensed under the BSD-3 license. See the LICENSE file for details.
Components of this program may be licensed under more restrictive licenses which must be honored.
[INFO]: Reading ODB at '/openlane/designs/Markov_Chain_Accelerator/runs/Mrqn-9-Sept/tmp/placement/7-global.odb'…
define_corners Slowest Typical Fastest
read_liberty -corner Slowest /home/user/.ciel/gf180mcuC/libs.ref/gf180mcu_fd_sc_mcu7t5v0/lib/gf180mcu_fd_sc_mcu7t5v0__ss_125C_4v50.lib
read_liberty -corner Typical /home/user/.ciel/gf180mcuC/libs.ref/gf180mcu_fd_sc_mcu7t5v0/lib/gf180mcu_fd_sc_mcu7t5v0__tt_025C_5v00.lib
read_liberty -corner Fastest /home/user/.ciel/gf180mcuC/libs.ref/gf180mcu_fd_sc_mcu7t5v0/lib/gf180mcu_fd_sc_mcu7t5v0__ff_n40C_5v50.lib
Using 1e-12 for capacitance...
Using 1e+00 for resistance...
Using 1e-09 for time...
Using 1e+00 for voltage...
Using 1e-03 for current...
Using 1e-06 for power...
Using 1e-06 for distance...
Reading design constraints file at '/openlane/designs/Markov_Chain_Accelerator/runs/Mrqn-9-Sept/tmp/floorplan/3-initial_fp.sdc'…
[INFO]: Setting RC values...
[INFO RSZ-0027] Inserted 8 input buffers.
[INFO RSZ-0028] Inserted 5 output buffers.
[INFO RSZ-0058] Using max wire length 9189um.
[INFO RSZ-0034] Found 1648 slew violations.
[INFO RSZ-0035] Found 4 fanout violations.
[INFO RSZ-0038] Inserted 68 buffers in 1651 nets.
[INFO RSZ-0039] Resized 557 instances.
[INFO RSZ-0042] Inserted 797 tie gf180mcu_fd_sc_mcu7t5v0__tiel instances.
[INFO RSZ-0042] Inserted 653 tie gf180mcu_fd_sc_mcu7t5v0__tieh instances.
Placement Analysis
---------------------------------
total displacement      44490.3 u
average displacement        2.7 u
max displacement           18.0 u
original HPWL          221876.3 u
legalized HPWL         265515.7 u
delta HPWL                   20 %

[INFO DPL-0020] Mirrored 4739 instances
[INFO DPL-0021] HPWL before          265515.7 u
[INFO DPL-0022] HPWL after           259105.7 u
[INFO DPL-0023] HPWL delta               -2.4 %
Setting global connections for newly added cells…
Writing OpenROAD database to '/openlane/designs/Markov_Chain_Accelerator/runs/Mrqn-9-Sept/tmp/placement/9-resizer.odb'…
Writing netlist to '/openlane/designs/Markov_Chain_Accelerator/runs/Mrqn-9-Sept/tmp/placement/9-resizer.nl.v'…
Writing powered netlist to '/openlane/designs/Markov_Chain_Accelerator/runs/Mrqn-9-Sept/tmp/placement/9-resizer.pnl.v'…
Writing layout to '/openlane/designs/Markov_Chain_Accelerator/runs/Mrqn-9-Sept/tmp/placement/9-resizer.def'…
Writing timing constraints to '/openlane/designs/Markov_Chain_Accelerator/runs/Mrqn-9-Sept/tmp/placement/9-resizer.sdc'…
area_report

===========================================================================
report_design_area
============================================================================
Design area 286370 u^2 48% utilization.
area_report_end
