
===========================================================================
 report_power
============================================================================
======================= Fastest Corner ===================================

Group                  Internal  Switching    Leakage      Total
                          Power      Power      Power      Power (Watts)
----------------------------------------------------------------
Sequential             5.97e-02   7.30e-03   3.42e-07   6.70e-02  33.0%
Combinational          8.09e-02   5.53e-02   3.81e-06   1.36e-01  67.0%
Macro                  0.00e+00   0.00e+00   0.00e+00   0.00e+00   0.0%
Pad                    0.00e+00   0.00e+00   0.00e+00   0.00e+00   0.0%
----------------------------------------------------------------
Total                  1.41e-01   6.26e-02   4.15e-06   2.03e-01 100.0%
                          69.2%      30.8%       0.0%

======================= Slowest Corner ===================================

Group                  Internal  Switching    Leakage      Total
                          Power      Power      Power      Power (Watts)
----------------------------------------------------------------
Sequential             4.00e-02   4.97e-03   7.62e-07   4.49e-02  34.5%
Combinational          4.75e-02   3.78e-02   2.45e-05   8.54e-02  65.5%
Macro                  0.00e+00   0.00e+00   0.00e+00   0.00e+00   0.0%
Pad                    0.00e+00   0.00e+00   0.00e+00   0.00e+00   0.0%
----------------------------------------------------------------
Total                  8.75e-02   4.28e-02   2.52e-05   1.30e-01 100.0%
                          67.1%      32.9%       0.0%

======================= Typical Corner ===================================

Group                  Internal  Switching    Leakage      Total
                          Power      Power      Power      Power (Watts)
----------------------------------------------------------------
Sequential             4.86e-02   6.06e-03   2.89e-07   5.47e-02  33.7%
Combinational          6.16e-02   4.60e-02   3.15e-06   1.08e-01  66.3%
Macro                  0.00e+00   0.00e+00   0.00e+00   0.00e+00   0.0%
Pad                    0.00e+00   0.00e+00   0.00e+00   0.00e+00   0.0%
----------------------------------------------------------------
Total                  1.10e-01   5.21e-02   3.44e-06   1.62e-01 100.0%
                          67.9%      32.1%       0.0%

