
===========================================================================
 report_power
============================================================================
======================= Fastest Corner ===================================

Group                  Internal  Switching    Leakage      Total
                          Power      Power      Power      Power (Watts)
----------------------------------------------------------------
Sequential             5.97e-02   6.99e-03   3.42e-07   6.67e-02  33.4%
Combinational          8.01e-02   5.29e-02   3.81e-06   1.33e-01  66.6%
Macro                  0.00e+00   0.00e+00   0.00e+00   0.00e+00   0.0%
Pad                    0.00e+00   0.00e+00   0.00e+00   0.00e+00   0.0%
----------------------------------------------------------------
Total                  1.40e-01   5.99e-02   4.15e-06   2.00e-01 100.0%
                          70.0%      30.0%       0.0%

======================= Slowest Corner ===================================

Group                  Internal  Switching    Leakage      Total
                          Power      Power      Power      Power (Watts)
----------------------------------------------------------------
Sequential             3.99e-02   4.77e-03   7.62e-07   4.47e-02  34.9%
Combinational          4.72e-02   3.62e-02   2.45e-05   8.35e-02  65.1%
Macro                  0.00e+00   0.00e+00   0.00e+00   0.00e+00   0.0%
Pad                    0.00e+00   0.00e+00   0.00e+00   0.00e+00   0.0%
----------------------------------------------------------------
Total                  8.72e-02   4.10e-02   2.52e-05   1.28e-01 100.0%
                          68.0%      32.0%       0.0%

======================= Typical Corner ===================================

Group                  Internal  Switching    Leakage      Total
                          Power      Power      Power      Power (Watts)
----------------------------------------------------------------
Sequential             4.86e-02   5.81e-03   2.89e-07   5.44e-02  34.1%
Combinational          6.11e-02   4.40e-02   3.15e-06   1.05e-01  65.9%
Macro                  0.00e+00   0.00e+00   0.00e+00   0.00e+00   0.0%
Pad                    0.00e+00   0.00e+00   0.00e+00   0.00e+00   0.0%
----------------------------------------------------------------
Total                  1.10e-01   4.98e-02   3.44e-06   1.60e-01 100.0%
                          68.7%      31.2%       0.0%

