Thu Sep 10 17:14:01 UTC 2026 - Executing "/openlane/scripts/mergeLef.py -o /openlane/designs/Markov_Chain_Accelerator/runs/Mrqn-9-Sept/tmp/merged.nom.lef -i /home/user/.ciel/gf180mcuC/libs.ref/gf180mcu_fd_sc_mcu7t5v0/techlef/gf180mcu_fd_sc_mcu7t5v0__nom.tlef /home/user/.ciel/gf180mcuC/libs.ref/gf180mcu_fd_sc_mcu7t5v0/lef/gf180mcu_fd_sc_mcu7t5v0.lef |& tee /dev/null"

Thu Sep 10 17:14:01 UTC 2026 - Executing "/openlane/scripts/mergeLef.py -o /openlane/designs/Markov_Chain_Accelerator/runs/Mrqn-9-Sept/tmp/merged.min.lef -i /home/user/.ciel/gf180mcuC/libs.ref/gf180mcu_fd_sc_mcu7t5v0/techlef/gf180mcu_fd_sc_mcu7t5v0__min.tlef /home/user/.ciel/gf180mcuC/libs.ref/gf180mcu_fd_sc_mcu7t5v0/lef/gf180mcu_fd_sc_mcu7t5v0.lef |& tee /dev/null"

Thu Sep 10 17:14:01 UTC 2026 - Executing "/openlane/scripts/mergeLef.py -o /openlane/designs/Markov_Chain_Accelerator/runs/Mrqn-9-Sept/tmp/merged.max.lef -i /home/user/.ciel/gf180mcuC/libs.ref/gf180mcu_fd_sc_mcu7t5v0/techlef/gf180mcu_fd_sc_mcu7t5v0__max.tlef /home/user/.ciel/gf180mcuC/libs.ref/gf180mcu_fd_sc_mcu7t5v0/lef/gf180mcu_fd_sc_mcu7t5v0.lef |& tee /dev/null"

Thu Sep 10 17:14:01 UTC 2026 - Executing "python3 /openlane/scripts/mergeLib.py --output /openlane/designs/Markov_Chain_Accelerator/runs/Mrqn-9-Sept/tmp/synthesis/merged.lib --name gf180mcuC_merged /home/user/.ciel/gf180mcuC/libs.ref/gf180mcu_fd_sc_mcu7t5v0/lib/gf180mcu_fd_sc_mcu7t5v0__tt_025C_5v00.lib"

Thu Sep 10 17:14:02 UTC 2026 - Executing "python3 /openlane/scripts/libtrim.py --cell-file /openlane/designs/Markov_Chain_Accelerator/runs/Mrqn-9-Sept/tmp/synthesis/trimmed.lib.exclude.list --output /openlane/designs/Markov_Chain_Accelerator/runs/Mrqn-9-Sept/tmp/synthesis/trimmed.lib /openlane/designs/Markov_Chain_Accelerator/runs/Mrqn-9-Sept/tmp/synthesis/merged.lib"

Thu Sep 10 17:14:03 UTC 2026 - Executing "python3 /openlane/scripts/libtrim.py --cell-file /openlane/designs/Markov_Chain_Accelerator/runs/Mrqn-9-Sept/tmp/cts/cts.lib.exclude.list --output /openlane/designs/Markov_Chain_Accelerator/runs/Mrqn-9-Sept/tmp/cts/cts.lib /home/user/.ciel/gf180mcuC/libs.ref/gf180mcu_fd_sc_mcu7t5v0/lib/gf180mcu_fd_sc_mcu7t5v0__tt_025C_5v00.lib"

Thu Sep 10 17:14:03 UTC 2026 - Executing "python3 /openlane/scripts/libtrim.py --cell-file /openlane/designs/Markov_Chain_Accelerator/runs/Mrqn-9-Sept/tmp/cts/cts-fastest.lib.exclude.list --output /openlane/designs/Markov_Chain_Accelerator/runs/Mrqn-9-Sept/tmp/cts/cts-fastest.lib /home/user/.ciel/gf180mcuC/libs.ref/gf180mcu_fd_sc_mcu7t5v0/lib/gf180mcu_fd_sc_mcu7t5v0__ff_n40C_5v50.lib"

Thu Sep 10 17:14:04 UTC 2026 - Executing "python3 /openlane/scripts/libtrim.py --cell-file /openlane/designs/Markov_Chain_Accelerator/runs/Mrqn-9-Sept/tmp/cts/cts-slowest.lib.exclude.list --output /openlane/designs/Markov_Chain_Accelerator/runs/Mrqn-9-Sept/tmp/cts/cts-slowest.lib /home/user/.ciel/gf180mcuC/libs.ref/gf180mcu_fd_sc_mcu7t5v0/lib/gf180mcu_fd_sc_mcu7t5v0__ss_125C_4v50.lib"

Thu Sep 10 17:14:04 UTC 2026 - Executing "python3 /openlane/scripts/new_tracks.py -i /home/user/.ciel/gf180mcuC/libs.tech/openlane/gf180mcu_fd_sc_mcu7t5v0/tracks.info -o /openlane/designs/Markov_Chain_Accelerator/runs/Mrqn-9-Sept/tmp/routing/config.tracks"

Thu Sep 10 17:14:04 UTC 2026 - Executing "echo {OpenLane ff5509f65b17bfa4068d5336495ab1718987ff69} > /openlane/designs/Markov_Chain_Accelerator/runs/Mrqn-9-Sept/OPENLANE_COMMIT"

Thu Sep 10 17:14:04 UTC 2026 - Executing "sed -E {s/^([[:space:]]+)pg_pin(.*)/\1pin\2\n\1    direction : "inout";/g} /home/user/.ciel/gf180mcuC/libs.ref/gf180mcu_fd_sc_mcu7t5v0/lib/gf180mcu_fd_sc_mcu7t5v0__tt_025C_5v00.lib > /openlane/designs/Markov_Chain_Accelerator/runs/Mrqn-9-Sept/tmp/synthesis/1-gf180mcu_fd_sc_mcu7t5v0__tt_025C_5v00.no_pg.lib"

Thu Sep 10 17:14:05 UTC 2026 - Executing "sed -E {s/^([[:space:]]+)pg_pin(.*)/\1pin\2\n\1    direction : "inout";/g} /openlane/designs/Markov_Chain_Accelerator/runs/Mrqn-9-Sept/tmp/synthesis/trimmed.lib > /openlane/designs/Markov_Chain_Accelerator/runs/Mrqn-9-Sept/tmp/synthesis/1-trimmed.no_pg.lib"

Thu Sep 10 17:14:05 UTC 2026 - Executing "yosys -c /openlane/scripts/yosys/synth.tcl |& tee /dev/null /openlane/designs/Markov_Chain_Accelerator/runs/Mrqn-9-Sept/logs/synthesis/1-synthesis.log"

Thu Sep 10 17:14:16 UTC 2026 - Executing "sed -i.bak -e {s/\(set ::env(CURRENT_NETLIST)\).*/\1 \/openlane\/designs\/Markov_Chain_Accelerator\/runs\/Mrqn-9-Sept\/results\/synthesis\/A06_BH_top_wrapper.v/} /openlane/designs/Markov_Chain_Accelerator/runs/Mrqn-9-Sept/config.tcl"

Thu Sep 10 17:14:16 UTC 2026 - Executing "sed -i.bak /defparam/d /openlane/designs/Markov_Chain_Accelerator/runs/Mrqn-9-Sept/results/synthesis/A06_BH_top_wrapper.v"

Thu Sep 10 17:14:16 UTC 2026 - Executing "sta -exit -no_init /openlane/scripts/openroad/sta/multi_corner.tcl |& tee /dev/null /openlane/designs/Markov_Chain_Accelerator/runs/Mrqn-9-Sept/logs/synthesis/2-sta.log"

Thu Sep 10 17:14:18 UTC 2026 - Executing "openroad -exit /openlane/scripts/openroad/floorplan.tcl |& tee /dev/null /openlane/designs/Markov_Chain_Accelerator/runs/Mrqn-9-Sept/logs/floorplan/3-initial_fp.log"

Thu Sep 10 17:14:20 UTC 2026 - Executing "openroad -exit -no_init -python /openlane/scripts/odbpy/defutil.py extract_core_dims --output-data /openlane/designs/Markov_Chain_Accelerator/runs/Mrqn-9-Sept/tmp/dimensions.txt --input-lef /openlane/designs/Markov_Chain_Accelerator/runs/Mrqn-9-Sept/tmp/merged.nom.lef /openlane/designs/Markov_Chain_Accelerator/runs/Mrqn-9-Sept/tmp/floorplan/3-initial_fp.def"

Thu Sep 10 17:14:20 UTC 2026 - Executing "openroad -exit /openlane/scripts/openroad/ioplacer.tcl |& tee /dev/null /openlane/designs/Markov_Chain_Accelerator/runs/Mrqn-9-Sept/logs/floorplan/4-io.log"

Thu Sep 10 17:14:21 UTC 2026 - Executing "openroad -exit -no_init -python /openlane/scripts/odbpy/apply_def_template.py --def-template /openlane/designs/Markov_Chain_Accelerator/src/A06_BH.def --input-lef /openlane/designs/Markov_Chain_Accelerator/runs/Mrqn-9-Sept/tmp/merged.nom.lef --output-def /openlane/designs/Markov_Chain_Accelerator/runs/Mrqn-9-Sept/tmp/floorplan/4-io.def --output /openlane/designs/Markov_Chain_Accelerator/runs/Mrqn-9-Sept/tmp/floorplan/4-io.odb /openlane/designs/Markov_Chain_Accelerator/runs/Mrqn-9-Sept/tmp/floorplan/4-io.odb |& tee /dev/null /openlane/designs/Markov_Chain_Accelerator/runs/Mrqn-9-Sept/logs/floorplan/4-apply_def_template.log"

Thu Sep 10 17:14:22 UTC 2026 - Executing "openroad -exit /openlane/scripts/openroad/tapcell.tcl |& tee /dev/null /openlane/designs/Markov_Chain_Accelerator/runs/Mrqn-9-Sept/logs/floorplan/5-tap.log"

Thu Sep 10 17:14:23 UTC 2026 - Executing "openroad -exit /openlane/scripts/openroad/pdn.tcl |& tee /dev/null /openlane/designs/Markov_Chain_Accelerator/runs/Mrqn-9-Sept/logs/floorplan/6-pdn.log"

Thu Sep 10 17:14:24 UTC 2026 - Executing "openroad -exit /openlane/scripts/openroad/gpl.tcl |& tee /dev/null /openlane/designs/Markov_Chain_Accelerator/runs/Mrqn-9-Sept/logs/placement/7-global.log"

Thu Sep 10 17:14:41 UTC 2026 - Executing "sed -i.bak -e {s/\(set ::env(CURRENT_NETLIST)\).*/\1 \/openlane\/designs\/Markov_Chain_Accelerator\/runs\/Mrqn-9-Sept\/tmp\/placement\/7-global.nl.v/} /openlane/designs/Markov_Chain_Accelerator/runs/Mrqn-9-Sept/config.tcl"

Thu Sep 10 17:14:41 UTC 2026 - Executing "openroad -exit /openlane/scripts/openroad/sta/multi_corner.tcl |& tee /dev/null /openlane/designs/Markov_Chain_Accelerator/runs/Mrqn-9-Sept/logs/placement/8-gpl_sta.log"

Thu Sep 10 17:14:44 UTC 2026 - Executing "openroad -exit /openlane/scripts/openroad/resizer.tcl |& tee /dev/null /openlane/designs/Markov_Chain_Accelerator/runs/Mrqn-9-Sept/logs/placement/9-resizer.log"

Thu Sep 10 17:14:50 UTC 2026 - Executing "sed -i.bak -e {s/\(set ::env(CURRENT_NETLIST)\).*/\1 \/openlane\/designs\/Markov_Chain_Accelerator\/runs\/Mrqn-9-Sept\/tmp\/placement\/9-resizer.nl.v/} /openlane/designs/Markov_Chain_Accelerator/runs/Mrqn-9-Sept/config.tcl"

Thu Sep 10 17:14:51 UTC 2026 - Executing "openroad -exit /openlane/scripts/openroad/dpl.tcl |& tee /dev/null /openlane/designs/Markov_Chain_Accelerator/runs/Mrqn-9-Sept/logs/placement/10-detailed.log"

Thu Sep 10 17:14:52 UTC 2026 - Executing "sed -i.bak -e {s/\(set ::env(CURRENT_NETLIST)\).*/\1 \/openlane\/designs\/Markov_Chain_Accelerator\/runs\/Mrqn-9-Sept\/results\/placement\/A06_BH_top_wrapper.nl.v/} /openlane/designs/Markov_Chain_Accelerator/runs/Mrqn-9-Sept/config.tcl"

Thu Sep 10 17:14:52 UTC 2026 - Executing "openroad -exit /openlane/scripts/openroad/sta/multi_corner.tcl |& tee /dev/null /openlane/designs/Markov_Chain_Accelerator/runs/Mrqn-9-Sept/logs/placement/11-dpl_sta.log"

Thu Sep 10 17:14:55 UTC 2026 - Executing "openroad -exit /openlane/scripts/openroad/cts.tcl |& tee /dev/null /openlane/designs/Markov_Chain_Accelerator/runs/Mrqn-9-Sept/logs/cts/12-cts.log"

Thu Sep 10 17:15:38 UTC 2026 - Executing "openroad -exit /openlane/scripts/openroad/sta/multi_corner.tcl |& tee /dev/null /openlane/designs/Markov_Chain_Accelerator/runs/Mrqn-9-Sept/logs/cts/13-cts_sta.log"

Thu Sep 10 17:15:43 UTC 2026 - Executing "openroad -exit /openlane/scripts/openroad/resizer_timing.tcl |& tee /dev/null /openlane/designs/Markov_Chain_Accelerator/runs/Mrqn-9-Sept/logs/cts/14-resizer.log"

Thu Sep 10 17:15:49 UTC 2026 - Executing "sed -i.bak -e {s/\(set ::env(CURRENT_NETLIST)\).*/\1 \/openlane\/designs\/Markov_Chain_Accelerator\/runs\/Mrqn-9-Sept\/tmp\/cts\/14-A06_BH_top_wrapper.resized.nl.v/} /openlane/designs/Markov_Chain_Accelerator/runs/Mrqn-9-Sept/config.tcl"

Thu Sep 10 17:15:49 UTC 2026 - Executing "openroad -exit /openlane/scripts/openroad/resizer_routing_design.tcl |& tee /dev/null /openlane/designs/Markov_Chain_Accelerator/runs/Mrqn-9-Sept/logs/routing/15-resizer_design.log"

Thu Sep 10 17:15:58 UTC 2026 - Executing "sed -i.bak -e {s/\(set ::env(CURRENT_NETLIST)\).*/\1 \/openlane\/designs\/Markov_Chain_Accelerator\/runs\/Mrqn-9-Sept\/tmp\/15-A06_BH_top_wrapper.nl.v/} /openlane/designs/Markov_Chain_Accelerator/runs/Mrqn-9-Sept/config.tcl"

Thu Sep 10 17:15:58 UTC 2026 - Executing "openroad -exit /openlane/scripts/openroad/sta/multi_corner.tcl |& tee /dev/null /openlane/designs/Markov_Chain_Accelerator/runs/Mrqn-9-Sept/logs/routing/16-rsz_design_sta.log"

Thu Sep 10 17:16:03 UTC 2026 - Executing "openroad -exit /openlane/scripts/openroad/resizer_routing_timing.tcl |& tee /dev/null /openlane/designs/Markov_Chain_Accelerator/runs/Mrqn-9-Sept/logs/routing/17-resizer_timing.log"

Thu Sep 10 17:16:10 UTC 2026 - Executing "sed -i.bak -e {s/\(set ::env(CURRENT_NETLIST)\).*/\1 \/openlane\/designs\/Markov_Chain_Accelerator\/runs\/Mrqn-9-Sept\/tmp\/17-A06_BH_top_wrapper.nl.v/} /openlane/designs/Markov_Chain_Accelerator/runs/Mrqn-9-Sept/config.tcl"

Thu Sep 10 17:16:10 UTC 2026 - Executing "openroad -exit /openlane/scripts/openroad/sta/multi_corner.tcl |& tee /dev/null /openlane/designs/Markov_Chain_Accelerator/runs/Mrqn-9-Sept/logs/routing/18-rsz_timing_sta.log"

Thu Sep 10 17:16:16 UTC 2026 - Executing "openroad -exit -no_init -python /openlane/scripts/odbpy/diodes.py place --diode-cell gf180mcu_fd_sc_mcu7t5v0__antenna --diode-pin I --threshold 90 --side-strategy source --port-protect none --input-lef /openlane/designs/Markov_Chain_Accelerator/runs/Mrqn-9-Sept/tmp/merged.nom.lef --output-def /openlane/designs/Markov_Chain_Accelerator/runs/Mrqn-9-Sept/tmp/routing/19-diodes.def --output /openlane/designs/Markov_Chain_Accelerator/runs/Mrqn-9-Sept/tmp/routing/19-diodes.odb /openlane/designs/Markov_Chain_Accelerator/runs/Mrqn-9-Sept/tmp/17-A06_BH_top_wrapper.odb |& tee /dev/null /openlane/designs/Markov_Chain_Accelerator/runs/Mrqn-9-Sept/logs/routing/19-diodes.log"

Thu Sep 10 17:16:17 UTC 2026 - Executing "openroad -exit /openlane/scripts/openroad/dpl.tcl |& tee /dev/null /openlane/designs/Markov_Chain_Accelerator/runs/Mrqn-9-Sept/logs/routing/20-diode_legalization.log"

Thu Sep 10 17:16:18 UTC 2026 - Executing "sed -i.bak -e {s/\(set ::env(CURRENT_NETLIST)\).*/\1 \/openlane\/designs\/Markov_Chain_Accelerator\/runs\/Mrqn-9-Sept\/tmp\/routing\/.\/19-diodes_legalized.nl.v/} /openlane/designs/Markov_Chain_Accelerator/runs/Mrqn-9-Sept/config.tcl"

Thu Sep 10 17:16:19 UTC 2026 - Executing "openroad -exit /openlane/scripts/openroad/groute.tcl |& tee /dev/null /openlane/designs/Markov_Chain_Accelerator/runs/Mrqn-9-Sept/logs/routing/21-global.log"

Thu Sep 10 17:16:21 UTC 2026 - Executing "openroad -exit /openlane/scripts/openroad/write_views.tcl |& tee /dev/null /openlane/designs/Markov_Chain_Accelerator/runs/Mrqn-9-Sept/logs/routing/21-global_write_netlist.log"

Thu Sep 10 17:16:22 UTC 2026 - Executing "sed -i.bak -e {s/\(set ::env(CURRENT_NETLIST)\).*/\1 \/openlane\/designs\/Markov_Chain_Accelerator\/runs\/Mrqn-9-Sept\/tmp\/routing\/global.nl.v/} /openlane/designs/Markov_Chain_Accelerator/runs/Mrqn-9-Sept/config.tcl"

Thu Sep 10 17:16:22 UTC 2026 - Executing "openroad -exit /openlane/scripts/openroad/sta/multi_corner.tcl |& tee /dev/null /openlane/designs/Markov_Chain_Accelerator/runs/Mrqn-9-Sept/logs/routing/23-grt_sta.log"

Thu Sep 10 17:16:26 UTC 2026 - Executing "openroad -exit /openlane/scripts/openroad/fill.tcl |& tee /dev/null /openlane/designs/Markov_Chain_Accelerator/runs/Mrqn-9-Sept/logs/routing/24-fill.log"

Thu Sep 10 17:16:27 UTC 2026 - Executing "sed -i.bak -e {s/\(set ::env(CURRENT_NETLIST)\).*/\1 \/openlane\/designs\/Markov_Chain_Accelerator\/runs\/Mrqn-9-Sept\/tmp\/routing\/24-fill.nl.v/} /openlane/designs/Markov_Chain_Accelerator/runs/Mrqn-9-Sept/config.tcl"

Thu Sep 10 17:16:28 UTC 2026 - Executing "openroad -exit /openlane/scripts/openroad/droute.tcl |& tee /dev/null /openlane/designs/Markov_Chain_Accelerator/runs/Mrqn-9-Sept/logs/routing/25-detailed.log"

Thu Sep 10 17:18:37 UTC 2026 - Executing "sed -i.bak -e {s/\(set ::env(CURRENT_NETLIST)\).*/\1 \/openlane\/designs\/Markov_Chain_Accelerator\/runs\/Mrqn-9-Sept\/results\/routing\/A06_BH_top_wrapper.nl.v/} /openlane/designs/Markov_Chain_Accelerator/runs/Mrqn-9-Sept/config.tcl"

Thu Sep 10 17:18:37 UTC 2026 - Executing "python3 /openlane/scripts/drc_rosetta.py tr to_klayout -o /openlane/designs/Markov_Chain_Accelerator/runs/Mrqn-9-Sept/reports/routing/drt.klayout.xml --design-name A06_BH_top_wrapper /openlane/designs/Markov_Chain_Accelerator/runs/Mrqn-9-Sept/reports/routing/drt.drc"

Thu Sep 10 17:18:37 UTC 2026 - Executing "openroad -exit -no_init -python /openlane/scripts/odbpy/wire_lengths.py --report-out /openlane/designs/Markov_Chain_Accelerator/runs/Mrqn-9-Sept/reports/routing/26-wire_lengths.csv --input-lef /openlane/designs/Markov_Chain_Accelerator/runs/Mrqn-9-Sept/tmp/merged.nom.lef --output-def /dev/null --output /openlane/designs/Markov_Chain_Accelerator/runs/Mrqn-9-Sept/results/routing/A06_BH_top_wrapper.odb /openlane/designs/Markov_Chain_Accelerator/runs/Mrqn-9-Sept/results/routing/A06_BH_top_wrapper.odb |& tee /dev/null /openlane/designs/Markov_Chain_Accelerator/runs/Mrqn-9-Sept/logs/routing/26-wire_lengths.log"

Thu Sep 10 17:18:38 UTC 2026 - Executing "openroad -exit /openlane/scripts/openroad/rcx.tcl |& tee /dev/null /openlane/designs/Markov_Chain_Accelerator/runs/Mrqn-9-Sept/logs/signoff/27-parasitics_extraction.min.log"

Thu Sep 10 17:18:42 UTC 2026 - Executing "sta -exit -no_init /openlane/scripts/openroad/sta/multi_corner.tcl |& tee /dev/null /openlane/designs/Markov_Chain_Accelerator/runs/Mrqn-9-Sept/logs/signoff/28-rcx_mcsta.min.log"

Thu Sep 10 17:19:03 UTC 2026 - Executing "openroad -exit /openlane/scripts/openroad/rcx.tcl |& tee /dev/null /openlane/designs/Markov_Chain_Accelerator/runs/Mrqn-9-Sept/logs/signoff/29-parasitics_extraction.max.log"

Thu Sep 10 17:19:07 UTC 2026 - Executing "sta -exit -no_init /openlane/scripts/openroad/sta/multi_corner.tcl |& tee /dev/null /openlane/designs/Markov_Chain_Accelerator/runs/Mrqn-9-Sept/logs/signoff/30-rcx_mcsta.max.log"

Thu Sep 10 17:19:29 UTC 2026 - Executing "openroad -exit /openlane/scripts/openroad/rcx.tcl |& tee /dev/null /openlane/designs/Markov_Chain_Accelerator/runs/Mrqn-9-Sept/logs/signoff/31-parasitics_extraction.nom.log"

Thu Sep 10 17:19:33 UTC 2026 - Executing "sta -exit -no_init /openlane/scripts/openroad/sta/multi_corner.tcl |& tee /dev/null /openlane/designs/Markov_Chain_Accelerator/runs/Mrqn-9-Sept/logs/signoff/32-rcx_mcsta.nom.log"

Thu Sep 10 17:19:56 UTC 2026 - Executing "sta -exit -no_init /openlane/scripts/openroad/sta/multi_corner.tcl |& tee /dev/null /openlane/designs/Markov_Chain_Accelerator/runs/Mrqn-9-Sept/logs/signoff/33-rcx_sta.log"

Thu Sep 10 17:20:03 UTC 2026 - Executing "openroad -exit /openlane/scripts/openroad/irdrop.tcl |& tee /dev/null /openlane/designs/Markov_Chain_Accelerator/runs/Mrqn-9-Sept/logs/signoff/34-irdrop.log"

Thu Sep 10 17:20:08 UTC 2026 - Executing "magic -noconsole -dnull -rcfile /home/user/.ciel/gf180mcuC/libs.tech/magic/gf180mcuC.magicrc < /openlane/scripts/magic/wrapper.tcl |& tee /dev/null /openlane/designs/Markov_Chain_Accelerator/runs/Mrqn-9-Sept/logs/signoff/35-gdsii.log"

Thu Sep 10 17:20:15 UTC 2026 - Executing "magic -noconsole -dnull -rcfile /home/user/.ciel/gf180mcuC/libs.tech/magic/gf180mcuC.magicrc < /openlane/scripts/magic/wrapper.tcl |& tee /dev/null /openlane/designs/Markov_Chain_Accelerator/runs/Mrqn-9-Sept/logs/signoff/35-gds_ptrs.log"

Thu Sep 10 17:20:19 UTC 2026 - Executing "sed -i.bak -n {/^<< properties >>/,/^<< end >>/p} /openlane/designs/Markov_Chain_Accelerator/runs/Mrqn-9-Sept/tmp/signoff/gds_ptrs.mag"

Thu Sep 10 17:20:20 UTC 2026 - Executing "magic -noconsole -dnull -rcfile /home/user/.ciel/gf180mcuC/libs.tech/magic/gf180mcuC.magicrc < /openlane/scripts/magic/wrapper.tcl |& tee /dev/null /openlane/designs/Markov_Chain_Accelerator/runs/Mrqn-9-Sept/logs/signoff/35-lef.log"

Thu Sep 10 17:20:25 UTC 2026 - Executing "magic -noconsole -dnull -rcfile /home/user/.ciel/gf180mcuC/libs.tech/magic/gf180mcuC.magicrc < /openlane/scripts/magic/wrapper.tcl |& tee /dev/null /openlane/designs/Markov_Chain_Accelerator/runs/Mrqn-9-Sept/logs/signoff/35-maglef.log"

Thu Sep 10 17:20:25 UTC 2026 - Executing "python3 /openlane/scripts/klayout/stream_out.py --output /openlane/designs/Markov_Chain_Accelerator/runs/Mrqn-9-Sept/results/signoff/A06_BH_top_wrapper.klayout.gds --lyt /home/user/.ciel/gf180mcuC/libs.tech/klayout/tech/gf180mcu.lyt --lym /home/user/.ciel/gf180mcuC/libs.tech/klayout/tech/gf180mcu.map --lyp /home/user/.ciel/gf180mcuC/libs.tech/klayout/tech/gf180mcu.lyp --top A06_BH_top_wrapper --with-gds-file /home/user/.ciel/gf180mcuC/libs.ref/gf180mcu_fd_sc_mcu7t5v0/gds/gf180mcu_fd_sc_mcu7t5v0.gds --input-lef /openlane/designs/Markov_Chain_Accelerator/runs/Mrqn-9-Sept/tmp/merged.nom.lef /openlane/designs/Markov_Chain_Accelerator/runs/Mrqn-9-Sept/results/routing/A06_BH_top_wrapper.def |& tee /dev/null /openlane/designs/Markov_Chain_Accelerator/runs/Mrqn-9-Sept/logs/signoff/36-gdsii-klayout.log"

Thu Sep 10 17:20:28 UTC 2026 - Executing "klayout -b -r /openlane/scripts/klayout/xor.drc -rd a=/openlane/designs/Markov_Chain_Accelerator/runs/Mrqn-9-Sept/results/signoff/A06_BH_top_wrapper.gds -rd b=/openlane/designs/Markov_Chain_Accelerator/runs/Mrqn-9-Sept/results/signoff/A06_BH_top_wrapper.klayout.gds -rd jobs=1 -rd rdb_out=/openlane/designs/Markov_Chain_Accelerator/runs/Mrqn-9-Sept/reports/signoff/37-xor.xml -rd ignore= -rd rpt_out=/openlane/designs/Markov_Chain_Accelerator/runs/Mrqn-9-Sept/reports/signoff/37-xor.rpt |& tee /dev/null /openlane/designs/Markov_Chain_Accelerator/runs/Mrqn-9-Sept/logs/signoff/37-xor.log"

Thu Sep 10 17:20:46 UTC 2026 - Executing "magic -noconsole -dnull -rcfile /home/user/.ciel/gf180mcuC/libs.tech/magic/gf180mcuC.magicrc < /openlane/scripts/magic/wrapper.tcl |& tee /dev/null /openlane/designs/Markov_Chain_Accelerator/runs/Mrqn-9-Sept/logs/signoff/38-spice.log"

Thu Sep 10 17:21:03 UTC 2026 - Executing "openroad -exit -no_init -python /openlane/scripts/odbpy/power_utils.py write_powered_def --output /openlane/designs/Markov_Chain_Accelerator/runs/Mrqn-9-Sept/tmp/signoff/38-A06_BH_top_wrapper.p.def --input-lef /openlane/designs/Markov_Chain_Accelerator/runs/Mrqn-9-Sept/tmp/merged.nom.lef --power-port VDD --ground-port VSS --powered-netlist {} /openlane/designs/Markov_Chain_Accelerator/runs/Mrqn-9-Sept/results/routing/A06_BH_top_wrapper.def |& tee /dev/null /openlane/designs/Markov_Chain_Accelerator/runs/Mrqn-9-Sept/logs/signoff/39-write_powered_def.log"

Thu Sep 10 17:21:05 UTC 2026 - Executing "openroad -exit /openlane/scripts/openroad/write_views.tcl |& tee /dev/null /openlane/designs/Markov_Chain_Accelerator/runs/Mrqn-9-Sept/logs/signoff/39-write_powered_verilog.log"

Thu Sep 10 17:21:07 UTC 2026 - Executing "sed -i.bak -e {s/\(set ::env(CURRENT_NETLIST)\).*/\1 \/openlane\/designs\/Markov_Chain_Accelerator\/runs\/Mrqn-9-Sept\/tmp\/signoff\/38-A06_BH_top_wrapper.nl.v/} /openlane/designs/Markov_Chain_Accelerator/runs/Mrqn-9-Sept/config.tcl"

Thu Sep 10 17:21:07 UTC 2026 - Executing "netgen -batch source /openlane/designs/Markov_Chain_Accelerator/runs/Mrqn-9-Sept/tmp/signoff/41-setup_file.lef.lvs |& tee /dev/null /openlane/designs/Markov_Chain_Accelerator/runs/Mrqn-9-Sept/logs/signoff/41-lvs.lef.log"

Thu Sep 10 17:21:12 UTC 2026 - Executing "magic -noconsole -dnull -rcfile /home/user/.ciel/gf180mcuC/libs.tech/magic/gf180mcuC.magicrc < /openlane/scripts/magic/wrapper.tcl |& tee /dev/null /openlane/designs/Markov_Chain_Accelerator/runs/Mrqn-9-Sept/logs/signoff/42-drc.log"

Thu Sep 10 17:21:37 UTC 2026 - Executing "python3 /openlane/scripts/drc_rosetta.py magic to_tcl -o /openlane/designs/Markov_Chain_Accelerator/runs/Mrqn-9-Sept/reports/signoff/drc.tcl /openlane/designs/Markov_Chain_Accelerator/runs/Mrqn-9-Sept/reports/signoff/drc.rpt"

Thu Sep 10 17:21:37 UTC 2026 - Executing "python3 /openlane/scripts/drc_rosetta.py magic to_tr -o /openlane/designs/Markov_Chain_Accelerator/runs/Mrqn-9-Sept/reports/signoff/drc.tr /openlane/designs/Markov_Chain_Accelerator/runs/Mrqn-9-Sept/reports/signoff/drc.rpt"

Thu Sep 10 17:21:37 UTC 2026 - Executing "python3 /openlane/scripts/drc_rosetta.py tr to_klayout -o /openlane/designs/Markov_Chain_Accelerator/runs/Mrqn-9-Sept/reports/signoff/drc.klayout.xml --design-name A06_BH_top_wrapper /openlane/designs/Markov_Chain_Accelerator/runs/Mrqn-9-Sept/reports/signoff/drc.tr"

Thu Sep 10 17:21:38 UTC 2026 - Executing "python3 /openlane/scripts/drc_rosetta.py magic to_rdb -o /openlane/designs/Markov_Chain_Accelerator/runs/Mrqn-9-Sept/reports/signoff/drc.rdb /openlane/designs/Markov_Chain_Accelerator/runs/Mrqn-9-Sept/reports/signoff/drc.rpt"

Thu Sep 10 17:21:38 UTC 2026 - Executing "openroad -exit /openlane/scripts/openroad/antenna_check.tcl |& tee /dev/null /openlane/designs/Markov_Chain_Accelerator/runs/Mrqn-9-Sept/logs/signoff/43-arc.log"

Thu Sep 10 17:21:41 UTC 2026 - Executing "python3 /openlane/scripts/extract_antenna_violators.py --output /openlane/designs/Markov_Chain_Accelerator/runs/Mrqn-9-Sept/reports/signoff/43-antenna_violators.rpt --plain-out /openlane/designs/Markov_Chain_Accelerator/runs/Mrqn-9-Sept/reports/signoff/43-antenna_violators_pins.txt /openlane/designs/Markov_Chain_Accelerator/runs/Mrqn-9-Sept/logs/signoff/43-arc.log"

