[INFO]: Saving runtime environment...
[INFO]: Preparing LEF files for the nom corner...
[INFO]: Preparing LEF files for the min corner...
[INFO]: Preparing LEF files for the max corner...
[INFO]: Running Synthesis (log: designs/Markov_Chain_Accelerator/runs/Mrqn-9-Sept/logs/synthesis/1-synthesis.log)...
[INFO]: Running Single-Corner Static Timing Analysis (log: designs/Markov_Chain_Accelerator/runs/Mrqn-9-Sept/logs/synthesis/2-sta.log)...
[INFO]: Running Initial Floorplanning (log: designs/Markov_Chain_Accelerator/runs/Mrqn-9-Sept/logs/floorplan/3-initial_fp.log)...
[INFO]: Floorplanned with width 1099.84 and height 537.04.
[INFO]: Running IO Placement...
[INFO]: Applying DEF template...
[INFO]: Running Tap/Decap Insertion (log: designs/Markov_Chain_Accelerator/runs/Mrqn-9-Sept/logs/floorplan/5-tap.log)...
[INFO]: Power planning with power {VDD} and ground {VSS}...
[INFO]: Generating PDN (log: designs/Markov_Chain_Accelerator/runs/Mrqn-9-Sept/logs/floorplan/6-pdn.log)...
[INFO]: Running Global Placement (log: designs/Markov_Chain_Accelerator/runs/Mrqn-9-Sept/logs/placement/7-global.log)...
[INFO]: Running Single-Corner Static Timing Analysis (log: designs/Markov_Chain_Accelerator/runs/Mrqn-9-Sept/logs/placement/8-gpl_sta.log)...
[INFO]: Running Placement Resizer Design Optimizations (log: designs/Markov_Chain_Accelerator/runs/Mrqn-9-Sept/logs/placement/9-resizer.log)...
[INFO]: Running Detailed Placement (log: designs/Markov_Chain_Accelerator/runs/Mrqn-9-Sept/logs/placement/10-detailed.log)...
[INFO]: Running Single-Corner Static Timing Analysis (log: designs/Markov_Chain_Accelerator/runs/Mrqn-9-Sept/logs/placement/11-dpl_sta.log)...
[INFO]: Running Clock Tree Synthesis (log: designs/Markov_Chain_Accelerator/runs/Mrqn-9-Sept/logs/cts/12-cts.log)...
[INFO]: Running Single-Corner Static Timing Analysis (log: designs/Markov_Chain_Accelerator/runs/Mrqn-9-Sept/logs/cts/13-cts_sta.log)...
[INFO]: Running Placement Resizer Timing Optimizations (log: designs/Markov_Chain_Accelerator/runs/Mrqn-9-Sept/logs/cts/14-resizer.log)...
[INFO]: Running Global Routing Resizer Design Optimizations (log: designs/Markov_Chain_Accelerator/runs/Mrqn-9-Sept/logs/routing/15-resizer_design.log)...
[INFO]: Running Single-Corner Static Timing Analysis (log: designs/Markov_Chain_Accelerator/runs/Mrqn-9-Sept/logs/routing/16-rsz_design_sta.log)...
[INFO]: Running Global Routing Resizer Timing Optimizations (log: designs/Markov_Chain_Accelerator/runs/Mrqn-9-Sept/logs/routing/17-resizer_timing.log)...
[INFO]: Running Single-Corner Static Timing Analysis (log: designs/Markov_Chain_Accelerator/runs/Mrqn-9-Sept/logs/routing/18-rsz_timing_sta.log)...
[INFO]: Running Heuristic Diode Insertion (log: designs/Markov_Chain_Accelerator/runs/Mrqn-9-Sept/logs/routing/19-diodes.log)...
[INFO]: Running Detailed Placement (log: designs/Markov_Chain_Accelerator/runs/Mrqn-9-Sept/logs/routing/20-diode_legalization.log)...
[INFO]: Running Global Routing (log: designs/Markov_Chain_Accelerator/runs/Mrqn-9-Sept/logs/routing/21-global.log)...
[INFO]: Writing Verilog (log: designs/Markov_Chain_Accelerator/runs/Mrqn-9-Sept/logs/routing/21-global_write_netlist.log)...
[INFO]: Running Single-Corner Static Timing Analysis (log: designs/Markov_Chain_Accelerator/runs/Mrqn-9-Sept/logs/routing/23-grt_sta.log)...
[INFO]: Running Fill Insertion (log: designs/Markov_Chain_Accelerator/runs/Mrqn-9-Sept/logs/routing/24-fill.log)...
[INFO]: Running Detailed Routing (log: designs/Markov_Chain_Accelerator/runs/Mrqn-9-Sept/logs/routing/25-detailed.log)...
[INFO]: No DRC violations after detailed routing.
[INFO]: Checking Wire Lengths (log: designs/Markov_Chain_Accelerator/runs/Mrqn-9-Sept/logs/routing/26-wire_lengths.log)...
[INFO]: Running SPEF Extraction at the min process corner (log: designs/Markov_Chain_Accelerator/runs/Mrqn-9-Sept/logs/signoff/27-parasitics_extraction.min.log)...
[INFO]: Running Multi-Corner Static Timing Analysis at the min process corner (log: designs/Markov_Chain_Accelerator/runs/Mrqn-9-Sept/logs/signoff/28-rcx_mcsta.min.log)...
[INFO]: Running SPEF Extraction at the max process corner (log: designs/Markov_Chain_Accelerator/runs/Mrqn-9-Sept/logs/signoff/29-parasitics_extraction.max.log)...
[INFO]: Running Multi-Corner Static Timing Analysis at the max process corner (log: designs/Markov_Chain_Accelerator/runs/Mrqn-9-Sept/logs/signoff/30-rcx_mcsta.max.log)...
[INFO]: Running SPEF Extraction at the nom process corner (log: designs/Markov_Chain_Accelerator/runs/Mrqn-9-Sept/logs/signoff/31-parasitics_extraction.nom.log)...
[INFO]: Running Multi-Corner Static Timing Analysis at the nom process corner (log: designs/Markov_Chain_Accelerator/runs/Mrqn-9-Sept/logs/signoff/32-rcx_mcsta.nom.log)...
[INFO]: Running Single-Corner Static Timing Analysis at the nom process corner (log: designs/Markov_Chain_Accelerator/runs/Mrqn-9-Sept/logs/signoff/33-rcx_sta.log)...
[INFO]: Creating IR Drop Report (log: designs/Markov_Chain_Accelerator/runs/Mrqn-9-Sept/logs/signoff/34-irdrop.log)...
[WARNING]: VSRC_LOC_FILES is not defined. The IR drop analysis will run, but the values may be inaccurate.
[INFO]: Running Magic to generate various views...
[INFO]: Streaming out GDSII with Magic (log: designs/Markov_Chain_Accelerator/runs/Mrqn-9-Sept/logs/signoff/35-gdsii.log)...
[INFO]: Generating MAGLEF views...
[INFO]: Generating lef with Magic (/openlane/designs/Markov_Chain_Accelerator/runs/Mrqn-9-Sept/logs/signoff/35-lef.log)...
[INFO]: Streaming out GDSII with KLayout (log: designs/Markov_Chain_Accelerator/runs/Mrqn-9-Sept/logs/signoff/36-gdsii-klayout.log)...
[INFO]: Running XOR on the layouts using KLayout (log: designs/Markov_Chain_Accelerator/runs/Mrqn-9-Sept/logs/signoff/37-xor.log)...
[INFO]: No XOR differences between KLayout and Magic gds.
[INFO]: Running Magic Spice Export from LEF (log: designs/Markov_Chain_Accelerator/runs/Mrqn-9-Sept/logs/signoff/38-spice.log)...
[INFO]: Writing Powered Verilog (logs: designs/Markov_Chain_Accelerator/runs/Mrqn-9-Sept/logs/signoff/39-write_powered_def.log, designs/Markov_Chain_Accelerator/runs/Mrqn-9-Sept/logs/signoff/39-write_powered_verilog.log)...
[INFO]: Writing Verilog (log: designs/Markov_Chain_Accelerator/runs/Mrqn-9-Sept/logs/signoff/39-write_powered_verilog.log)...
[INFO]: Running LVS (log: designs/Markov_Chain_Accelerator/runs/Mrqn-9-Sept/logs/signoff/41-lvs.lef.log)...
[INFO]: Running Magic DRC (log: designs/Markov_Chain_Accelerator/runs/Mrqn-9-Sept/logs/signoff/42-drc.log)...
[INFO]: Converting Magic DRC database to various tool-readable formats...
[INFO]: No DRC violations after GDS streaming out.
[WARNING]: ::env(KLAYOUT_DRC_TECH_SCRIPT) is not defined or doesn't exist for the current PDK. So, GDSII streaming out using KLayout will be skipped.
[WARNING]: This warning can be turned off by setting ::env(RUN_KLAYOUT_DRC) to 0, or designating a tech file.
[INFO]: Running OpenROAD Antenna Rule Checker (log: designs/Markov_Chain_Accelerator/runs/Mrqn-9-Sept/logs/signoff/43-arc.log)...
[WARNING]: This PDK does not support the Circuit Validity Checker, skipping...
[INFO]: Saving current set of views in 'designs/Markov_Chain_Accelerator/runs/Mrqn-9-Sept/results/final'...
[INFO]: Saving runtime environment...
[INFO]: Generating final set of reports...
[INFO]: Created manufacturability report at 'designs/Markov_Chain_Accelerator/runs/Mrqn-9-Sept/reports/manufacturability.rpt'.
[INFO]: Created metrics report at 'designs/Markov_Chain_Accelerator/runs/Mrqn-9-Sept/reports/metrics.csv'.
[WARNING]: There are max fanout violations in the design at the typical corner. Please refer to 'designs/Markov_Chain_Accelerator/runs/Mrqn-9-Sept/reports/signoff/33-rcx_sta.checks.rpt'.
[INFO]: There are no hold violations in the design at the typical corner.
[INFO]: There are no setup violations in the design at the typical corner.
[SUCCESS]: Flow complete.
[INFO]: Note that the following warnings have been generated:
