
===========================================================================
 report_power
============================================================================
======================= Fastest Corner ===================================

Group                  Internal  Switching    Leakage      Total
                          Power      Power      Power      Power (Watts)
----------------------------------------------------------------
Sequential             4.18e-02   5.03e-03   3.42e-07   4.68e-02  31.9%
Combinational          6.34e-02   3.65e-02   3.89e-06   9.99e-02  68.1%
Macro                  0.00e+00   0.00e+00   0.00e+00   0.00e+00   0.0%
Pad                    0.00e+00   0.00e+00   0.00e+00   0.00e+00   0.0%
----------------------------------------------------------------
Total                  1.05e-01   4.15e-02   4.23e-06   1.47e-01 100.0%
                          71.7%      28.3%       0.0%

======================= Slowest Corner ===================================

Group                  Internal  Switching    Leakage      Total
                          Power      Power      Power      Power (Watts)
----------------------------------------------------------------
Sequential             2.80e-02   3.43e-03   7.62e-07   3.14e-02  33.8%
Combinational          3.66e-02   2.50e-02   2.53e-05   6.16e-02  66.2%
Macro                  0.00e+00   0.00e+00   0.00e+00   0.00e+00   0.0%
Pad                    0.00e+00   0.00e+00   0.00e+00   0.00e+00   0.0%
----------------------------------------------------------------
Total                  6.45e-02   2.84e-02   2.61e-05   9.30e-02 100.0%
                          69.4%      30.5%       0.0%

======================= Typical Corner ===================================

Group                  Internal  Switching    Leakage      Total
                          Power      Power      Power      Power (Watts)
----------------------------------------------------------------
Sequential             3.40e-02   4.18e-03   2.88e-07   3.82e-02  32.8%
Combinational          4.79e-02   3.04e-02   3.22e-06   7.82e-02  67.2%
Macro                  0.00e+00   0.00e+00   0.00e+00   0.00e+00   0.0%
Pad                    0.00e+00   0.00e+00   0.00e+00   0.00e+00   0.0%
----------------------------------------------------------------
Total                  8.18e-02   3.45e-02   3.51e-06   1.16e-01 100.0%
                          70.3%      29.7%       0.0%

