
===========================================================================
report_checks -unconstrained
===========================================================================
======================= Fastest Corner ===================================

Startpoint: rst_n (input port clocked by clk)
Endpoint: core.res_mem_inst.slot[13].slot_reg._121_
          (recovery check against rising-edge clock clk)
Path Group: asynchronous
Path Type: max
Corner: Fastest

Fanout     Cap    Slew   Delay    Time   Description
-----------------------------------------------------------------------------
                          0.00    0.00   clock clk (rise edge)
                          0.00    0.00   clock network delay (propagated)
                          5.71    5.71 ^ input external delay
                  0.08    0.03    5.75 ^ rst_n (in)
     1    0.00                           rst_n (net)
                  0.08    0.00    5.75 ^ input4/I (gf180mcu_fd_sc_mcu7t5v0__clkbuf_2)
                  0.24    0.27    6.02 ^ input4/Z (gf180mcu_fd_sc_mcu7t5v0__clkbuf_2)
     1    0.04                           net4 (net)
                  0.24    0.00    6.02 ^ fanout81/I (gf180mcu_fd_sc_mcu7t5v0__buf_16)
                  0.35    0.27    6.29 ^ fanout81/Z (gf180mcu_fd_sc_mcu7t5v0__buf_16)
    46    0.59                           net81 (net)
                  0.49    0.13    6.43 ^ fanout78/I (gf180mcu_fd_sc_mcu7t5v0__buf_8)
                  0.44    0.37    6.80 ^ fanout78/Z (gf180mcu_fd_sc_mcu7t5v0__buf_8)
    56    0.32                           net78 (net)
                  0.45    0.04    6.84 ^ core.res_mem_inst._063_/I (gf180mcu_fd_sc_mcu7t5v0__clkinv_1)
                  0.28    0.24    7.08 v core.res_mem_inst._063_/ZN (gf180mcu_fd_sc_mcu7t5v0__clkinv_1)
     1    0.02                           core.res_mem_inst._003_ (net)
                  0.28    0.00    7.08 v fanout40/I (gf180mcu_fd_sc_mcu7t5v0__buf_8)
                  0.26    0.33    7.41 v fanout40/Z (gf180mcu_fd_sc_mcu7t5v0__buf_8)
    40    0.30                           net40 (net)
                  0.27    0.03    7.45 v fanout35/I (gf180mcu_fd_sc_mcu7t5v0__clkbuf_8)
                  0.26    0.36    7.80 v fanout35/Z (gf180mcu_fd_sc_mcu7t5v0__clkbuf_8)
    42    0.17                           net35 (net)
                  0.26    0.01    7.81 v core.res_mem_inst.slot[13].slot_reg._110_/I (gf180mcu_fd_sc_mcu7t5v0__clkinv_1)
                  0.16    0.15    7.96 ^ core.res_mem_inst.slot[13].slot_reg._110_/ZN (gf180mcu_fd_sc_mcu7t5v0__clkinv_1)
     1    0.01                           core.res_mem_inst.slot[13].slot_reg._005_ (net)
                  0.16    0.00    7.97 ^ core.res_mem_inst.slot[13].slot_reg._121_/RN (gf180mcu_fd_sc_mcu7t5v0__dffrnq_1)
                                  7.97   data arrival time

                         28.57   28.57   clock clk (rise edge)
                          0.00   28.57   clock source latency
                  0.29    0.16   28.73 ^ clk (in)
     1    0.10                           clk (net)
                  0.29    0.00   28.73 ^ clkbuf_0_clk/I (gf180mcu_fd_sc_mcu7t5v0__clkbuf_16)
                  0.22    0.28   29.01 ^ clkbuf_0_clk/Z (gf180mcu_fd_sc_mcu7t5v0__clkbuf_16)
    16    0.30                           clknet_0_clk (net)
                  0.23    0.01   29.02 ^ clkbuf_3_2_0_clk/I (gf180mcu_fd_sc_mcu7t5v0__clkbuf_8)
                  0.13    0.21   29.24 ^ clkbuf_3_2_0_clk/Z (gf180mcu_fd_sc_mcu7t5v0__clkbuf_8)
     4    0.07                           clknet_3_2_0_clk (net)
                  0.13    0.00   29.24 ^ clkbuf_4_4__f_clk/I (gf180mcu_fd_sc_mcu7t5v0__clkbuf_16)
                  0.28    0.28   29.52 ^ clkbuf_4_4__f_clk/Z (gf180mcu_fd_sc_mcu7t5v0__clkbuf_16)
    26    0.39                           clknet_4_4__leaf_clk (net)
                  0.28    0.01   29.54 ^ clkbuf_leaf_29_clk/I (gf180mcu_fd_sc_mcu7t5v0__clkbuf_16)
                  0.06    0.18   29.71 ^ clkbuf_leaf_29_clk/Z (gf180mcu_fd_sc_mcu7t5v0__clkbuf_16)
     4    0.02                           clknet_leaf_29_clk (net)
                  0.06    0.00   29.71 ^ core.res_mem_inst.slot[13].slot_reg._121_/CLK (gf180mcu_fd_sc_mcu7t5v0__dffrnq_1)
                         -0.25   29.46   clock uncertainty
                          0.00   29.46   clock reconvergence pessimism
                          0.12   29.58   library recovery time
                                 29.58   data required time
-----------------------------------------------------------------------------
                                 29.58   data required time
                                 -7.97   data arrival time
-----------------------------------------------------------------------------
                                 21.61   slack (MET)


Startpoint: core.res_mem_inst.out_dec_inst._12_
            (rising edge-triggered flip-flop clocked by clk)
Endpoint: spi_out2_OUT (output port clocked by clk)
Path Group: clk
Path Type: max
Corner: Fastest

Fanout     Cap    Slew   Delay    Time   Description
-----------------------------------------------------------------------------
                          0.00    0.00   clock clk (rise edge)
                          0.00    0.00   clock source latency
                  0.29    0.18    0.18 ^ clk (in)
     1    0.10                           clk (net)
                  0.29    0.00    0.18 ^ clkbuf_0_clk/I (gf180mcu_fd_sc_mcu7t5v0__clkbuf_16)
                  0.22    0.31    0.49 ^ clkbuf_0_clk/Z (gf180mcu_fd_sc_mcu7t5v0__clkbuf_16)
    16    0.30                           clknet_0_clk (net)
                  0.22    0.01    0.50 ^ clkbuf_3_3_0_clk/I (gf180mcu_fd_sc_mcu7t5v0__clkbuf_8)
                  0.13    0.24    0.74 ^ clkbuf_3_3_0_clk/Z (gf180mcu_fd_sc_mcu7t5v0__clkbuf_8)
     4    0.07                           clknet_3_3_0_clk (net)
                  0.13    0.00    0.74 ^ clkbuf_4_6__f_clk/I (gf180mcu_fd_sc_mcu7t5v0__clkbuf_16)
                  0.29    0.32    1.06 ^ clkbuf_4_6__f_clk/Z (gf180mcu_fd_sc_mcu7t5v0__clkbuf_16)
    26    0.41                           clknet_4_6__leaf_clk (net)
                  0.29    0.02    1.07 ^ clkbuf_leaf_71_clk/I (gf180mcu_fd_sc_mcu7t5v0__clkbuf_16)
                  0.08    0.21    1.28 ^ clkbuf_leaf_71_clk/Z (gf180mcu_fd_sc_mcu7t5v0__clkbuf_16)
     7    0.05                           clknet_leaf_71_clk (net)
                  0.08    0.00    1.28 ^ core.res_mem_inst.out_dec_inst._12_/CLK (gf180mcu_fd_sc_mcu7t5v0__dffrnq_1)
                  0.48    0.81    2.09 ^ core.res_mem_inst.out_dec_inst._12_/Q (gf180mcu_fd_sc_mcu7t5v0__dffrnq_1)
     5    0.04                           core.res_mem_inst.out_active_select[1] (net)
                  0.48    0.00    2.09 ^ core.res_mem_inst.out_dec_inst._06_/A2 (gf180mcu_fd_sc_mcu7t5v0__and2_1)
                  0.39    0.40    2.50 ^ core.res_mem_inst.out_dec_inst._06_/Z (gf180mcu_fd_sc_mcu7t5v0__and2_1)
     2    0.03                           core.res_mem_inst.group_active[3] (net)
                  0.39    0.00    2.50 ^ core.res_mem_inst._056_/I (gf180mcu_fd_sc_mcu7t5v0__inv_2)
                  0.30    0.25    2.75 v core.res_mem_inst._056_/ZN (gf180mcu_fd_sc_mcu7t5v0__inv_2)
     8    0.08                           core.res_mem_inst._041_ (net)
                  0.30    0.00    2.75 v core.res_mem_inst._098_/A1 (gf180mcu_fd_sc_mcu7t5v0__oai31_2)
                  0.72    0.51    3.26 ^ core.res_mem_inst._098_/ZN (gf180mcu_fd_sc_mcu7t5v0__oai31_2)
     2    0.04                           core.res_mem_inst._017_ (net)
                  0.72    0.00    3.26 ^ core.res_mem_inst._099_/I0 (gf180mcu_fd_sc_mcu7t5v0__mux2_1)
                  0.27    0.35    3.62 ^ core.res_mem_inst._099_/Z (gf180mcu_fd_sc_mcu7t5v0__mux2_1)
     1    0.02                           core.res_mem_inst._018_ (net)
                  0.27    0.00    3.62 ^ core.res_mem_inst._100_/I0 (gf180mcu_fd_sc_mcu7t5v0__mux2_1)
                  0.37    0.40    4.02 ^ core.res_mem_inst._100_/Z (gf180mcu_fd_sc_mcu7t5v0__mux2_1)
     2    0.03                           net12 (net)
                  0.37    0.00    4.02 ^ output12/I (gf180mcu_fd_sc_mcu7t5v0__buf_3)
                  0.29    0.33    4.35 ^ output12/Z (gf180mcu_fd_sc_mcu7t5v0__buf_3)
     1    0.07                           spi_out2_OUT (net)
                  0.29    0.00    4.35 ^ spi_out2_OUT (out)
                                  4.35   data arrival time

                         28.57   28.57   clock clk (rise edge)
                          0.00   28.57   clock network delay (propagated)
                         -0.25   28.32   clock uncertainty
                          0.00   28.32   clock reconvergence pessimism
                         -5.71   22.61   output external delay
                                 22.61   data required time
-----------------------------------------------------------------------------
                                 22.61   data required time
                                 -4.35   data arrival time
-----------------------------------------------------------------------------
                                 18.26   slack (MET)



======================= Slowest Corner ===================================

Startpoint: rst_n (input port clocked by clk)
Endpoint: core.res_mem_inst.slot[13].slot_reg._121_
          (recovery check against rising-edge clock clk)
Path Group: asynchronous
Path Type: max
Corner: Slowest

Fanout     Cap    Slew   Delay    Time   Description
-----------------------------------------------------------------------------
                          0.00    0.00   clock clk (rise edge)
                          0.00    0.00   clock network delay (propagated)
                          5.71    5.71 ^ input external delay
                  0.22    0.08    5.80 ^ rst_n (in)
     1    0.00                           rst_n (net)
                  0.22    0.00    5.80 ^ input4/I (gf180mcu_fd_sc_mcu7t5v0__clkbuf_2)
                  0.63    0.74    6.54 ^ input4/Z (gf180mcu_fd_sc_mcu7t5v0__clkbuf_2)
     1    0.04                           net4 (net)
                  0.63    0.00    6.54 ^ fanout81/I (gf180mcu_fd_sc_mcu7t5v0__buf_16)
                  1.01    0.86    7.40 ^ fanout81/Z (gf180mcu_fd_sc_mcu7t5v0__buf_16)
    46    0.60                           net81 (net)
                  1.06    0.14    7.53 ^ fanout78/I (gf180mcu_fd_sc_mcu7t5v0__buf_8)
                  1.15    1.01    8.54 ^ fanout78/Z (gf180mcu_fd_sc_mcu7t5v0__buf_8)
    56    0.33                           net78 (net)
                  1.15    0.04    8.58 ^ core.res_mem_inst._063_/I (gf180mcu_fd_sc_mcu7t5v0__clkinv_1)
                  0.75    0.65    9.24 v core.res_mem_inst._063_/ZN (gf180mcu_fd_sc_mcu7t5v0__clkinv_1)
     1    0.02                           core.res_mem_inst._003_ (net)
                  0.75    0.00    9.24 v fanout40/I (gf180mcu_fd_sc_mcu7t5v0__buf_8)
                  0.65    0.91   10.14 v fanout40/Z (gf180mcu_fd_sc_mcu7t5v0__buf_8)
    40    0.31                           net40 (net)
                  0.66    0.03   10.18 v fanout35/I (gf180mcu_fd_sc_mcu7t5v0__clkbuf_8)
                  0.72    0.98   11.16 v fanout35/Z (gf180mcu_fd_sc_mcu7t5v0__clkbuf_8)
    42    0.18                           net35 (net)
                  0.72    0.01   11.17 v core.res_mem_inst.slot[13].slot_reg._110_/I (gf180mcu_fd_sc_mcu7t5v0__clkinv_1)
                  0.43    0.42   11.59 ^ core.res_mem_inst.slot[13].slot_reg._110_/ZN (gf180mcu_fd_sc_mcu7t5v0__clkinv_1)
     1    0.01                           core.res_mem_inst.slot[13].slot_reg._005_ (net)
                  0.43    0.00   11.59 ^ core.res_mem_inst.slot[13].slot_reg._121_/RN (gf180mcu_fd_sc_mcu7t5v0__dffrnq_1)
                                 11.59   data arrival time

                         28.57   28.57   clock clk (rise edge)
                          0.00   28.57   clock source latency
                  0.75    0.39   28.96 ^ clk (in)
     1    0.10                           clk (net)
                  0.75    0.00   28.96 ^ clkbuf_0_clk/I (gf180mcu_fd_sc_mcu7t5v0__clkbuf_16)
                  0.60    0.78   29.74 ^ clkbuf_0_clk/Z (gf180mcu_fd_sc_mcu7t5v0__clkbuf_16)
    16    0.31                           clknet_0_clk (net)
                  0.60    0.01   29.75 ^ clkbuf_3_2_0_clk/I (gf180mcu_fd_sc_mcu7t5v0__clkbuf_8)
                  0.35    0.60   30.34 ^ clkbuf_3_2_0_clk/Z (gf180mcu_fd_sc_mcu7t5v0__clkbuf_8)
     4    0.07                           clknet_3_2_0_clk (net)
                  0.35    0.00   30.35 ^ clkbuf_4_4__f_clk/I (gf180mcu_fd_sc_mcu7t5v0__clkbuf_16)
                  0.73    0.78   31.13 ^ clkbuf_4_4__f_clk/Z (gf180mcu_fd_sc_mcu7t5v0__clkbuf_16)
    26    0.39                           clknet_4_4__leaf_clk (net)
                  0.73    0.01   31.14 ^ clkbuf_leaf_29_clk/I (gf180mcu_fd_sc_mcu7t5v0__clkbuf_16)
                  0.17    0.49   31.64 ^ clkbuf_leaf_29_clk/Z (gf180mcu_fd_sc_mcu7t5v0__clkbuf_16)
     4    0.02                           clknet_leaf_29_clk (net)
                  0.17    0.00   31.64 ^ core.res_mem_inst.slot[13].slot_reg._121_/CLK (gf180mcu_fd_sc_mcu7t5v0__dffrnq_1)
                         -0.25   31.39   clock uncertainty
                          0.00   31.39   clock reconvergence pessimism
                          0.41   31.80   library recovery time
                                 31.80   data required time
-----------------------------------------------------------------------------
                                 31.80   data required time
                                -11.59   data arrival time
-----------------------------------------------------------------------------
                                 20.21   slack (MET)


Startpoint: core.bgc_0.final_counter._70_
            (rising edge-triggered flip-flop clocked by clk)
Endpoint: core.res_mem_inst.slot[13].slot_reg._128_
          (rising edge-triggered flip-flop clocked by clk)
Path Group: clk
Path Type: max
Corner: Slowest

Fanout     Cap    Slew   Delay    Time   Description
-----------------------------------------------------------------------------
                          0.00    0.00   clock clk (rise edge)
                          0.00    0.00   clock source latency
                  0.75    0.43    0.43 ^ clk (in)
     1    0.10                           clk (net)
                  0.75    0.00    0.43 ^ clkbuf_0_clk/I (gf180mcu_fd_sc_mcu7t5v0__clkbuf_16)
                  0.60    0.86    1.29 ^ clkbuf_0_clk/Z (gf180mcu_fd_sc_mcu7t5v0__clkbuf_16)
    16    0.31                           clknet_0_clk (net)
                  0.60    0.02    1.31 ^ clkbuf_3_4_0_clk/I (gf180mcu_fd_sc_mcu7t5v0__clkbuf_8)
                  0.38    0.68    1.99 ^ clkbuf_3_4_0_clk/Z (gf180mcu_fd_sc_mcu7t5v0__clkbuf_8)
     4    0.08                           clknet_3_4_0_clk (net)
                  0.38    0.01    1.99 ^ clkbuf_4_8__f_clk/I (gf180mcu_fd_sc_mcu7t5v0__clkbuf_16)
                  0.81    0.92    2.91 ^ clkbuf_4_8__f_clk/Z (gf180mcu_fd_sc_mcu7t5v0__clkbuf_16)
    28    0.44                           clknet_4_8__leaf_clk (net)
                  0.81    0.01    2.92 ^ clkbuf_leaf_169_clk/I (gf180mcu_fd_sc_mcu7t5v0__clkbuf_16)
                  0.20    0.58    3.50 ^ clkbuf_leaf_169_clk/Z (gf180mcu_fd_sc_mcu7t5v0__clkbuf_16)
     7    0.04                           clknet_leaf_169_clk (net)
                  0.20    0.00    3.50 ^ core.bgc_0.final_counter._70_/CLK (gf180mcu_fd_sc_mcu7t5v0__dffrnq_1)
                  0.56    1.65    5.15 v core.bgc_0.final_counter._70_/Q (gf180mcu_fd_sc_mcu7t5v0__dffrnq_1)
     6    0.03                           core.adder_tree.r[0][1] (net)
                  0.56    0.00    5.15 v core.adder_tree._0758_/A2 (gf180mcu_fd_sc_mcu7t5v0__xor3_1)
                  0.74    2.36    7.51 v core.adder_tree._0758_/Z (gf180mcu_fd_sc_mcu7t5v0__xor3_1)
     3    0.02                           core.adder_tree._0043_ (net)
                  0.74    0.00    7.51 v core.adder_tree._0766_/A2 (gf180mcu_fd_sc_mcu7t5v0__xor3_1)
                  0.46    2.26    9.77 v core.adder_tree._0766_/Z (gf180mcu_fd_sc_mcu7t5v0__xor3_1)
     1    0.00                           core.adder_tree._0051_ (net)
                  0.46    0.00    9.77 v wire21/I (gf180mcu_fd_sc_mcu7t5v0__buf_1)
                  0.53    0.83   10.60 v wire21/Z (gf180mcu_fd_sc_mcu7t5v0__buf_1)
     3    0.03                           net21 (net)
                  0.53    0.00   10.60 v core.adder_tree._0779_/A2 (gf180mcu_fd_sc_mcu7t5v0__xnor3_1)
                  0.95    2.10   12.70 v core.adder_tree._0779_/ZN (gf180mcu_fd_sc_mcu7t5v0__xnor3_1)
     3    0.02                           core.adder_tree._0064_ (net)
                  0.95    0.00   12.70 v core.adder_tree._0796_/A2 (gf180mcu_fd_sc_mcu7t5v0__xor3_1)
                  0.70    2.50   15.20 v core.adder_tree._0796_/Z (gf180mcu_fd_sc_mcu7t5v0__xor3_1)
     2    0.02                           core.adder_tree._0081_ (net)
                  0.70    0.00   15.20 v core.adder_tree._0798_/A2 (gf180mcu_fd_sc_mcu7t5v0__xnor2_1)
                  0.85    0.99   16.18 v core.adder_tree._0798_/ZN (gf180mcu_fd_sc_mcu7t5v0__xnor2_1)
     2    0.02                           core.adder_tree._0083_ (net)
                  0.85    0.00   16.18 v core.adder_tree._0804_/A1 (gf180mcu_fd_sc_mcu7t5v0__oai21_2)
                  0.87    0.79   16.97 ^ core.adder_tree._0804_/ZN (gf180mcu_fd_sc_mcu7t5v0__oai21_2)
     3    0.02                           core.adder_tree._0089_ (net)
                  0.87    0.00   16.97 ^ core.adder_tree._0862_/A2 (gf180mcu_fd_sc_mcu7t5v0__xnor3_1)
                  1.16    2.13   19.10 ^ core.adder_tree._0862_/ZN (gf180mcu_fd_sc_mcu7t5v0__xnor3_1)
     2    0.01                           core.adder_tree._0147_ (net)
                  1.16    0.00   19.10 ^ core.adder_tree._0863_/A2 (gf180mcu_fd_sc_mcu7t5v0__nand2_1)
                  0.55    0.39   19.49 v core.adder_tree._0863_/ZN (gf180mcu_fd_sc_mcu7t5v0__nand2_1)
     2    0.01                           core.adder_tree._0148_ (net)
                  0.55    0.00   19.49 v core.adder_tree._0932_/A1 (gf180mcu_fd_sc_mcu7t5v0__oai21_1)
                  1.16    0.86   20.35 ^ core.adder_tree._0932_/ZN (gf180mcu_fd_sc_mcu7t5v0__oai21_1)
     2    0.02                           core.adder_tree._0215_ (net)
                  1.16    0.00   20.35 ^ core.adder_tree._1002_/A1 (gf180mcu_fd_sc_mcu7t5v0__aoi21_2)
                  0.56    0.44   20.79 v core.adder_tree._1002_/ZN (gf180mcu_fd_sc_mcu7t5v0__aoi21_2)
     2    0.02                           core.adder_tree._0284_ (net)
                  0.56    0.00   20.79 v core.adder_tree._1134_/A1 (gf180mcu_fd_sc_mcu7t5v0__oai21_2)
                  1.07    0.82   21.61 ^ core.adder_tree._1134_/ZN (gf180mcu_fd_sc_mcu7t5v0__oai21_2)
     3    0.03                           core.adder_tree._0415_ (net)
                  1.07    0.00   21.61 ^ core.adder_tree._1270_/A2 (gf180mcu_fd_sc_mcu7t5v0__aoi221_2)
                  0.74    0.36   21.97 v core.adder_tree._1270_/ZN (gf180mcu_fd_sc_mcu7t5v0__aoi221_2)
     2    0.01                           core.adder_tree._0549_ (net)
                  0.74    0.00   21.97 v core.adder_tree._1273_/A3 (gf180mcu_fd_sc_mcu7t5v0__oai31_1)
                  1.97    1.43   23.40 ^ core.adder_tree._1273_/ZN (gf180mcu_fd_sc_mcu7t5v0__oai31_1)
     2    0.02                           core.adder_tree._0551_ (net)
                  1.97    0.00   23.40 ^ core.adder_tree._1342_/A1 (gf180mcu_fd_sc_mcu7t5v0__aoi21_1)
                  0.80    0.54   23.94 v core.adder_tree._1342_/ZN (gf180mcu_fd_sc_mcu7t5v0__aoi21_1)
     2    0.01                           core.adder_tree._0619_ (net)
                  0.80    0.00   23.94 v core.adder_tree._1409_/A1 (gf180mcu_fd_sc_mcu7t5v0__oai21_1)
                  0.68    0.64   24.58 ^ core.adder_tree._1409_/ZN (gf180mcu_fd_sc_mcu7t5v0__oai21_1)
     1    0.01                           core.adder_tree._0685_ (net)
                  0.68    0.00   24.58 ^ core.adder_tree._1439_/A1 (gf180mcu_fd_sc_mcu7t5v0__xor3_4)
                  1.95    3.60   28.18 ^ core.adder_tree._1439_/Z (gf180mcu_fd_sc_mcu7t5v0__xor3_4)
    32    0.28                           core.adder_tree.sum_out[11] (net)
                  1.95    0.04   28.22 ^ core.res_mem_inst.slot[13].slot_reg._078_/I (gf180mcu_fd_sc_mcu7t5v0__clkinv_1)
                  0.62    0.44   28.66 v core.res_mem_inst.slot[13].slot_reg._078_/ZN (gf180mcu_fd_sc_mcu7t5v0__clkinv_1)
     1    0.01                           core.res_mem_inst.slot[13].slot_reg._040_ (net)
                  0.62    0.00   28.66 v core.res_mem_inst.slot[13].slot_reg._105_/A1 (gf180mcu_fd_sc_mcu7t5v0__oai221_1)
                  0.82    0.57   29.23 ^ core.res_mem_inst.slot[13].slot_reg._105_/ZN (gf180mcu_fd_sc_mcu7t5v0__oai221_1)
     1    0.00                           core.res_mem_inst.slot[13].slot_reg._000_[11] (net)
                  0.82    0.00   29.23 ^ core.res_mem_inst.slot[13].slot_reg._128_/D (gf180mcu_fd_sc_mcu7t5v0__dffrnq_1)
                                 29.23   data arrival time

                         28.57   28.57   clock clk (rise edge)
                          0.00   28.57   clock source latency
                  0.75    0.39   28.96 ^ clk (in)
     1    0.10                           clk (net)
                  0.75    0.00   28.96 ^ clkbuf_0_clk/I (gf180mcu_fd_sc_mcu7t5v0__clkbuf_16)
                  0.60    0.78   29.74 ^ clkbuf_0_clk/Z (gf180mcu_fd_sc_mcu7t5v0__clkbuf_16)
    16    0.31                           clknet_0_clk (net)
                  0.60    0.01   29.75 ^ clkbuf_3_3_0_clk/I (gf180mcu_fd_sc_mcu7t5v0__clkbuf_8)
                  0.35    0.60   30.34 ^ clkbuf_3_3_0_clk/Z (gf180mcu_fd_sc_mcu7t5v0__clkbuf_8)
     4    0.07                           clknet_3_3_0_clk (net)
                  0.35    0.00   30.35 ^ clkbuf_4_6__f_clk/I (gf180mcu_fd_sc_mcu7t5v0__clkbuf_16)
                  0.77    0.80   31.14 ^ clkbuf_4_6__f_clk/Z (gf180mcu_fd_sc_mcu7t5v0__clkbuf_16)
    26    0.41                           clknet_4_6__leaf_clk (net)
                  0.77    0.01   31.15 ^ clkbuf_leaf_69_clk/I (gf180mcu_fd_sc_mcu7t5v0__clkbuf_16)
                  0.21    0.53   31.68 ^ clkbuf_leaf_69_clk/Z (gf180mcu_fd_sc_mcu7t5v0__clkbuf_16)
    10    0.05                           clknet_leaf_69_clk (net)
                  0.21    0.00   31.68 ^ core.res_mem_inst.slot[13].slot_reg._128_/CLK (gf180mcu_fd_sc_mcu7t5v0__dffrnq_1)
                         -0.25   31.43   clock uncertainty
                          0.12   31.55   clock reconvergence pessimism
                         -0.70   30.85   library setup time
                                 30.85   data required time
-----------------------------------------------------------------------------
                                 30.85   data required time
                                -29.23   data arrival time
-----------------------------------------------------------------------------
                                  1.62   slack (MET)



======================= Typical Corner ===================================

Startpoint: rst_n (input port clocked by clk)
Endpoint: core.res_mem_inst.slot[13].slot_reg._121_
          (recovery check against rising-edge clock clk)
Path Group: asynchronous
Path Type: max
Corner: Typical

Fanout     Cap    Slew   Delay    Time   Description
-----------------------------------------------------------------------------
                          0.00    0.00   clock clk (rise edge)
                          0.00    0.00   clock network delay (propagated)
                          5.71    5.71 ^ input external delay
                  0.13    0.05    5.76 ^ rst_n (in)
     1    0.00                           rst_n (net)
                  0.13    0.00    5.76 ^ input4/I (gf180mcu_fd_sc_mcu7t5v0__clkbuf_2)
                  0.36    0.42    6.19 ^ input4/Z (gf180mcu_fd_sc_mcu7t5v0__clkbuf_2)
     1    0.04                           net4 (net)
                  0.36    0.00    6.19 ^ fanout81/I (gf180mcu_fd_sc_mcu7t5v0__buf_16)
                  0.56    0.45    6.64 ^ fanout81/Z (gf180mcu_fd_sc_mcu7t5v0__buf_16)
    46    0.59                           net81 (net)
                  0.66    0.13    6.77 ^ fanout78/I (gf180mcu_fd_sc_mcu7t5v0__buf_8)
                  0.67    0.57    7.34 ^ fanout78/Z (gf180mcu_fd_sc_mcu7t5v0__buf_8)
    56    0.32                           net78 (net)
                  0.67    0.04    7.39 ^ core.res_mem_inst._063_/I (gf180mcu_fd_sc_mcu7t5v0__clkinv_1)
                  0.42    0.37    7.76 v core.res_mem_inst._063_/ZN (gf180mcu_fd_sc_mcu7t5v0__clkinv_1)
     1    0.02                           core.res_mem_inst._003_ (net)
                  0.42    0.00    7.76 v fanout40/I (gf180mcu_fd_sc_mcu7t5v0__buf_8)
                  0.39    0.51    8.27 v fanout40/Z (gf180mcu_fd_sc_mcu7t5v0__buf_8)
    40    0.31                           net40 (net)
                  0.39    0.03    8.30 v fanout35/I (gf180mcu_fd_sc_mcu7t5v0__clkbuf_8)
                  0.41    0.55    8.86 v fanout35/Z (gf180mcu_fd_sc_mcu7t5v0__clkbuf_8)
    42    0.18                           net35 (net)
                  0.41    0.01    8.87 v core.res_mem_inst.slot[13].slot_reg._110_/I (gf180mcu_fd_sc_mcu7t5v0__clkinv_1)
                  0.25    0.23    9.10 ^ core.res_mem_inst.slot[13].slot_reg._110_/ZN (gf180mcu_fd_sc_mcu7t5v0__clkinv_1)
     1    0.01                           core.res_mem_inst.slot[13].slot_reg._005_ (net)
                  0.25    0.00    9.10 ^ core.res_mem_inst.slot[13].slot_reg._121_/RN (gf180mcu_fd_sc_mcu7t5v0__dffrnq_1)
                                  9.10   data arrival time

                         28.57   28.57   clock clk (rise edge)
                          0.00   28.57   clock source latency
                  0.44    0.23   28.80 ^ clk (in)
     1    0.10                           clk (net)
                  0.44    0.00   28.80 ^ clkbuf_0_clk/I (gf180mcu_fd_sc_mcu7t5v0__clkbuf_16)
                  0.34    0.44   29.24 ^ clkbuf_0_clk/Z (gf180mcu_fd_sc_mcu7t5v0__clkbuf_16)
    16    0.30                           clknet_0_clk (net)
                  0.34    0.01   29.25 ^ clkbuf_3_2_0_clk/I (gf180mcu_fd_sc_mcu7t5v0__clkbuf_8)
                  0.20    0.33   29.58 ^ clkbuf_3_2_0_clk/Z (gf180mcu_fd_sc_mcu7t5v0__clkbuf_8)
     4    0.07                           clknet_3_2_0_clk (net)
                  0.20    0.00   29.59 ^ clkbuf_4_4__f_clk/I (gf180mcu_fd_sc_mcu7t5v0__clkbuf_16)
                  0.42    0.44   30.02 ^ clkbuf_4_4__f_clk/Z (gf180mcu_fd_sc_mcu7t5v0__clkbuf_16)
    26    0.39                           clknet_4_4__leaf_clk (net)
                  0.43    0.01   30.04 ^ clkbuf_leaf_29_clk/I (gf180mcu_fd_sc_mcu7t5v0__clkbuf_16)
                  0.09    0.27   30.31 ^ clkbuf_leaf_29_clk/Z (gf180mcu_fd_sc_mcu7t5v0__clkbuf_16)
     4    0.02                           clknet_leaf_29_clk (net)
                  0.09    0.00   30.31 ^ core.res_mem_inst.slot[13].slot_reg._121_/CLK (gf180mcu_fd_sc_mcu7t5v0__dffrnq_1)
                         -0.25   30.06   clock uncertainty
                          0.00   30.06   clock reconvergence pessimism
                          0.21   30.28   library recovery time
                                 30.28   data required time
-----------------------------------------------------------------------------
                                 30.28   data required time
                                 -9.10   data arrival time
-----------------------------------------------------------------------------
                                 21.17   slack (MET)


Startpoint: core.bgc_0.final_counter._70_
            (rising edge-triggered flip-flop clocked by clk)
Endpoint: core.res_mem_inst.slot[13].slot_reg._128_
          (rising edge-triggered flip-flop clocked by clk)
Path Group: clk
Path Type: max
Corner: Typical

Fanout     Cap    Slew   Delay    Time   Description
-----------------------------------------------------------------------------
                          0.00    0.00   clock clk (rise edge)
                          0.00    0.00   clock source latency
                  0.44    0.26    0.26 ^ clk (in)
     1    0.10                           clk (net)
                  0.44    0.00    0.26 ^ clkbuf_0_clk/I (gf180mcu_fd_sc_mcu7t5v0__clkbuf_16)
                  0.34    0.48    0.74 ^ clkbuf_0_clk/Z (gf180mcu_fd_sc_mcu7t5v0__clkbuf_16)
    16    0.30                           clknet_0_clk (net)
                  0.34    0.02    0.76 ^ clkbuf_3_4_0_clk/I (gf180mcu_fd_sc_mcu7t5v0__clkbuf_8)
                  0.22    0.38    1.14 ^ clkbuf_3_4_0_clk/Z (gf180mcu_fd_sc_mcu7t5v0__clkbuf_8)
     4    0.08                           clknet_3_4_0_clk (net)
                  0.22    0.01    1.14 ^ clkbuf_4_8__f_clk/I (gf180mcu_fd_sc_mcu7t5v0__clkbuf_16)
                  0.47    0.52    1.66 ^ clkbuf_4_8__f_clk/Z (gf180mcu_fd_sc_mcu7t5v0__clkbuf_16)
    28    0.43                           clknet_4_8__leaf_clk (net)
                  0.47    0.01    1.67 ^ clkbuf_leaf_169_clk/I (gf180mcu_fd_sc_mcu7t5v0__clkbuf_16)
                  0.11    0.32    1.99 ^ clkbuf_leaf_169_clk/Z (gf180mcu_fd_sc_mcu7t5v0__clkbuf_16)
     7    0.04                           clknet_leaf_169_clk (net)
                  0.11    0.00    1.99 ^ core.bgc_0.final_counter._70_/CLK (gf180mcu_fd_sc_mcu7t5v0__dffrnq_1)
                  0.33    0.90    2.89 v core.bgc_0.final_counter._70_/Q (gf180mcu_fd_sc_mcu7t5v0__dffrnq_1)
     6    0.03                           core.adder_tree.r[0][1] (net)
                  0.33    0.00    2.89 v core.adder_tree._0758_/A2 (gf180mcu_fd_sc_mcu7t5v0__xor3_1)
                  0.40    1.26    4.15 v core.adder_tree._0758_/Z (gf180mcu_fd_sc_mcu7t5v0__xor3_1)
     3    0.02                           core.adder_tree._0043_ (net)
                  0.40    0.00    4.15 v core.adder_tree._0766_/A2 (gf180mcu_fd_sc_mcu7t5v0__xor3_1)
                  0.25    1.18    5.33 v core.adder_tree._0766_/Z (gf180mcu_fd_sc_mcu7t5v0__xor3_1)
     1    0.00                           core.adder_tree._0051_ (net)
                  0.25    0.00    5.33 v wire21/I (gf180mcu_fd_sc_mcu7t5v0__buf_1)
                  0.31    0.46    5.79 v wire21/Z (gf180mcu_fd_sc_mcu7t5v0__buf_1)
     3    0.03                           net21 (net)
                  0.31    0.00    5.80 v core.adder_tree._0779_/A2 (gf180mcu_fd_sc_mcu7t5v0__xnor3_1)
                  0.52    1.12    6.92 v core.adder_tree._0779_/ZN (gf180mcu_fd_sc_mcu7t5v0__xnor3_1)
     3    0.02                           core.adder_tree._0064_ (net)
                  0.52    0.00    6.92 v core.adder_tree._0796_/A2 (gf180mcu_fd_sc_mcu7t5v0__xor3_1)
                  0.38    1.32    8.24 v core.adder_tree._0796_/Z (gf180mcu_fd_sc_mcu7t5v0__xor3_1)
     2    0.02                           core.adder_tree._0081_ (net)
                  0.38    0.00    8.24 v core.adder_tree._0798_/A2 (gf180mcu_fd_sc_mcu7t5v0__xnor2_1)
                  0.46    0.53    8.78 v core.adder_tree._0798_/ZN (gf180mcu_fd_sc_mcu7t5v0__xnor2_1)
     2    0.02                           core.adder_tree._0083_ (net)
                  0.46    0.00    8.78 v core.adder_tree._0804_/A1 (gf180mcu_fd_sc_mcu7t5v0__oai21_2)
                  0.47    0.42    9.20 ^ core.adder_tree._0804_/ZN (gf180mcu_fd_sc_mcu7t5v0__oai21_2)
     3    0.02                           core.adder_tree._0089_ (net)
                  0.47    0.00    9.20 ^ core.adder_tree._0862_/A2 (gf180mcu_fd_sc_mcu7t5v0__xnor3_1)
                  0.63    1.11   10.31 ^ core.adder_tree._0862_/ZN (gf180mcu_fd_sc_mcu7t5v0__xnor3_1)
     2    0.01                           core.adder_tree._0147_ (net)
                  0.63    0.00   10.31 ^ core.adder_tree._0863_/A2 (gf180mcu_fd_sc_mcu7t5v0__nand2_1)
                  0.30    0.21   10.53 v core.adder_tree._0863_/ZN (gf180mcu_fd_sc_mcu7t5v0__nand2_1)
     2    0.01                           core.adder_tree._0148_ (net)
                  0.30    0.00   10.53 v core.adder_tree._0932_/A1 (gf180mcu_fd_sc_mcu7t5v0__oai21_1)
                  0.62    0.47   10.99 ^ core.adder_tree._0932_/ZN (gf180mcu_fd_sc_mcu7t5v0__oai21_1)
     2    0.02                           core.adder_tree._0215_ (net)
                  0.62    0.00   10.99 ^ core.adder_tree._1002_/A1 (gf180mcu_fd_sc_mcu7t5v0__aoi21_2)
                  0.31    0.23   11.23 v core.adder_tree._1002_/ZN (gf180mcu_fd_sc_mcu7t5v0__aoi21_2)
     2    0.02                           core.adder_tree._0284_ (net)
                  0.31    0.00   11.23 v core.adder_tree._1134_/A1 (gf180mcu_fd_sc_mcu7t5v0__oai21_2)
                  0.58    0.44   11.67 ^ core.adder_tree._1134_/ZN (gf180mcu_fd_sc_mcu7t5v0__oai21_2)
     3    0.03                           core.adder_tree._0415_ (net)
                  0.58    0.00   11.67 ^ core.adder_tree._1270_/A2 (gf180mcu_fd_sc_mcu7t5v0__aoi221_2)
                  0.41    0.19   11.86 v core.adder_tree._1270_/ZN (gf180mcu_fd_sc_mcu7t5v0__aoi221_2)
     2    0.01                           core.adder_tree._0549_ (net)
                  0.41    0.00   11.86 v core.adder_tree._1273_/A3 (gf180mcu_fd_sc_mcu7t5v0__oai31_1)
                  1.03    0.75   12.61 ^ core.adder_tree._1273_/ZN (gf180mcu_fd_sc_mcu7t5v0__oai31_1)
     2    0.01                           core.adder_tree._0551_ (net)
                  1.03    0.00   12.61 ^ core.adder_tree._1342_/A1 (gf180mcu_fd_sc_mcu7t5v0__aoi21_1)
                  0.44    0.29   12.90 v core.adder_tree._1342_/ZN (gf180mcu_fd_sc_mcu7t5v0__aoi21_1)
     2    0.01                           core.adder_tree._0619_ (net)
                  0.44    0.00   12.90 v core.adder_tree._1409_/A1 (gf180mcu_fd_sc_mcu7t5v0__oai21_1)
                  0.37    0.34   13.24 ^ core.adder_tree._1409_/ZN (gf180mcu_fd_sc_mcu7t5v0__oai21_1)
     1    0.01                           core.adder_tree._0685_ (net)
                  0.37    0.00   13.24 ^ core.adder_tree._1439_/A1 (gf180mcu_fd_sc_mcu7t5v0__xor3_4)
                  1.14    1.91   15.15 ^ core.adder_tree._1439_/Z (gf180mcu_fd_sc_mcu7t5v0__xor3_4)
    32    0.28                           core.adder_tree.sum_out[11] (net)
                  1.14    0.04   15.20 ^ core.res_mem_inst.slot[13].slot_reg._078_/I (gf180mcu_fd_sc_mcu7t5v0__clkinv_1)
                  0.35    0.25   15.44 v core.res_mem_inst.slot[13].slot_reg._078_/ZN (gf180mcu_fd_sc_mcu7t5v0__clkinv_1)
     1    0.01                           core.res_mem_inst.slot[13].slot_reg._040_ (net)
                  0.35    0.00   15.44 v core.res_mem_inst.slot[13].slot_reg._105_/A1 (gf180mcu_fd_sc_mcu7t5v0__oai221_1)
                  0.46    0.31   15.76 ^ core.res_mem_inst.slot[13].slot_reg._105_/ZN (gf180mcu_fd_sc_mcu7t5v0__oai221_1)
     1    0.00                           core.res_mem_inst.slot[13].slot_reg._000_[11] (net)
                  0.46    0.00   15.76 ^ core.res_mem_inst.slot[13].slot_reg._128_/D (gf180mcu_fd_sc_mcu7t5v0__dffrnq_1)
                                 15.76   data arrival time

                         28.57   28.57   clock clk (rise edge)
                          0.00   28.57   clock source latency
                  0.44    0.23   28.80 ^ clk (in)
     1    0.10                           clk (net)
                  0.44    0.00   28.80 ^ clkbuf_0_clk/I (gf180mcu_fd_sc_mcu7t5v0__clkbuf_16)
                  0.34    0.44   29.24 ^ clkbuf_0_clk/Z (gf180mcu_fd_sc_mcu7t5v0__clkbuf_16)
    16    0.30                           clknet_0_clk (net)
                  0.34    0.01   29.25 ^ clkbuf_3_3_0_clk/I (gf180mcu_fd_sc_mcu7t5v0__clkbuf_8)
                  0.20    0.33   29.58 ^ clkbuf_3_3_0_clk/Z (gf180mcu_fd_sc_mcu7t5v0__clkbuf_8)
     4    0.07                           clknet_3_3_0_clk (net)
                  0.20    0.00   29.59 ^ clkbuf_4_6__f_clk/I (gf180mcu_fd_sc_mcu7t5v0__clkbuf_16)
                  0.44    0.45   30.03 ^ clkbuf_4_6__f_clk/Z (gf180mcu_fd_sc_mcu7t5v0__clkbuf_16)
    26    0.41                           clknet_4_6__leaf_clk (net)
                  0.44    0.01   30.04 ^ clkbuf_leaf_69_clk/I (gf180mcu_fd_sc_mcu7t5v0__clkbuf_16)
                  0.12    0.29   30.33 ^ clkbuf_leaf_69_clk/Z (gf180mcu_fd_sc_mcu7t5v0__clkbuf_16)
    10    0.04                           clknet_leaf_69_clk (net)
                  0.12    0.00   30.34 ^ core.res_mem_inst.slot[13].slot_reg._128_/CLK (gf180mcu_fd_sc_mcu7t5v0__dffrnq_1)
                         -0.25   30.09   clock uncertainty
                          0.07   30.16   clock reconvergence pessimism
                         -0.36   29.80   library setup time
                                 29.80   data required time
-----------------------------------------------------------------------------
                                 29.80   data required time
                                -15.76   data arrival time
-----------------------------------------------------------------------------
                                 14.04   slack (MET)




===========================================================================
report_checks --slack_max -0.01
============================================================================
======================= Fastest Corner ===================================

No paths found.

======================= Slowest Corner ===================================

No paths found.

======================= Typical Corner ===================================

No paths found.


===========================================================================
 report_check_types -max_slew -max_cap -max_fanout -violators
============================================================================
======================= Fastest Corner ===================================

max fanout

Pin                                   Limit Fanout  Slack
---------------------------------------------------------
fanout25/Z                               35     70    -35 (VIOLATED)
fanout26/Z                               35     70    -35 (VIOLATED)
fanout28/Z                               35     70    -35 (VIOLATED)
fanout30/Z                               35     70    -35 (VIOLATED)
fanout31/Z                               35     70    -35 (VIOLATED)
fanout34/Z                               35     70    -35 (VIOLATED)
fanout36/Z                               35     70    -35 (VIOLATED)
fanout38/Z                               35     70    -35 (VIOLATED)
fanout39/Z                               35     70    -35 (VIOLATED)
fanout41/Z                               35     70    -35 (VIOLATED)
fanout42/Z                               35     70    -35 (VIOLATED)
fanout43/Z                               35     70    -35 (VIOLATED)
fanout45/Z                               35     70    -35 (VIOLATED)
fanout46/Z                               35     70    -35 (VIOLATED)
fanout48/Z                               35     70    -35 (VIOLATED)
fanout49/Z                               35     70    -35 (VIOLATED)
fanout51/Z                               35     70    -35 (VIOLATED)
fanout53/Z                               35     70    -35 (VIOLATED)
fanout55/Z                               35     70    -35 (VIOLATED)
fanout57/Z                               35     70    -35 (VIOLATED)
fanout60/Z                               35     70    -35 (VIOLATED)
fanout63/Z                               35     70    -35 (VIOLATED)
fanout65/Z                               35     70    -35 (VIOLATED)
fanout67/Z                               35     70    -35 (VIOLATED)
fanout68/Z                               35     70    -35 (VIOLATED)
fanout69/Z                               35     70    -35 (VIOLATED)
fanout71/Z                               35     70    -35 (VIOLATED)
fanout72/Z                               35     70    -35 (VIOLATED)
fanout73/Z                               35     70    -35 (VIOLATED)
fanout74/Z                               35     70    -35 (VIOLATED)
fanout75/Z                               35     70    -35 (VIOLATED)
fanout77/Z                               35     70    -35 (VIOLATED)
fanout79/Z                               35     70    -35 (VIOLATED)
fanout80/Z                               35     70    -35 (VIOLATED)
fanout47/Z                               35     68    -33 (VIOLATED)
fanout52/Z                               35     66    -31 (VIOLATED)
fanout66/Z                               35     62    -27 (VIOLATED)
fanout78/Z                               35     56    -21 (VIOLATED)
fanout58/Z                               35     54    -19 (VIOLATED)
fanout32/Z                               35     52    -17 (VIOLATED)
fanout62/Z                               35     52    -17 (VIOLATED)
fanout33/Z                               35     50    -15 (VIOLATED)
fanout64/Z                               35     50    -15 (VIOLATED)
core.bgc_0._08_/ZN                       35     48    -13 (VIOLATED)
core.bgc_1._08_/ZN                       35     48    -13 (VIOLATED)
core.bgc_10._08_/ZN                      35     48    -13 (VIOLATED)
core.bgc_11._08_/ZN                      35     48    -13 (VIOLATED)
core.bgc_12._08_/ZN                      35     48    -13 (VIOLATED)
core.bgc_13._08_/ZN                      35     48    -13 (VIOLATED)
core.bgc_14._08_/ZN                      35     48    -13 (VIOLATED)
core.bgc_15._08_/ZN                      35     48    -13 (VIOLATED)
core.bgc_2._08_/ZN                       35     48    -13 (VIOLATED)
core.bgc_3._08_/ZN                       35     48    -13 (VIOLATED)
core.bgc_4._08_/ZN                       35     48    -13 (VIOLATED)
core.bgc_5._08_/ZN                       35     48    -13 (VIOLATED)
core.bgc_6._08_/ZN                       35     48    -13 (VIOLATED)
core.bgc_7._08_/ZN                       35     48    -13 (VIOLATED)
core.bgc_8._08_/ZN                       35     48    -13 (VIOLATED)
core.bgc_9._08_/ZN                       35     48    -13 (VIOLATED)
fanout27/Z                               35     46    -11 (VIOLATED)
fanout81/Z                               35     46    -11 (VIOLATED)
fanout35/Z                               35     42     -7 (VIOLATED)
fanout56/Z                               35     42     -7 (VIOLATED)
fanout76/Z                               35     42     -7 (VIOLATED)
fanout29/Z                               35     40     -5 (VIOLATED)
fanout40/Z                               35     40     -5 (VIOLATED)
fanout70/Z                               35     40     -5 (VIOLATED)
fanout54/Z                               35     38     -3 (VIOLATED)
fanout61/Z                               35     38     -3 (VIOLATED)
fanout44/Z                               35     36        (VIOLATED)


======================= Slowest Corner ===================================

max fanout

Pin                                   Limit Fanout  Slack
---------------------------------------------------------
fanout25/Z                               35     70    -35 (VIOLATED)
fanout26/Z                               35     70    -35 (VIOLATED)
fanout28/Z                               35     70    -35 (VIOLATED)
fanout30/Z                               35     70    -35 (VIOLATED)
fanout31/Z                               35     70    -35 (VIOLATED)
fanout34/Z                               35     70    -35 (VIOLATED)
fanout36/Z                               35     70    -35 (VIOLATED)
fanout38/Z                               35     70    -35 (VIOLATED)
fanout39/Z                               35     70    -35 (VIOLATED)
fanout41/Z                               35     70    -35 (VIOLATED)
fanout42/Z                               35     70    -35 (VIOLATED)
fanout43/Z                               35     70    -35 (VIOLATED)
fanout45/Z                               35     70    -35 (VIOLATED)
fanout46/Z                               35     70    -35 (VIOLATED)
fanout48/Z                               35     70    -35 (VIOLATED)
fanout49/Z                               35     70    -35 (VIOLATED)
fanout51/Z                               35     70    -35 (VIOLATED)
fanout53/Z                               35     70    -35 (VIOLATED)
fanout55/Z                               35     70    -35 (VIOLATED)
fanout57/Z                               35     70    -35 (VIOLATED)
fanout60/Z                               35     70    -35 (VIOLATED)
fanout63/Z                               35     70    -35 (VIOLATED)
fanout65/Z                               35     70    -35 (VIOLATED)
fanout67/Z                               35     70    -35 (VIOLATED)
fanout68/Z                               35     70    -35 (VIOLATED)
fanout69/Z                               35     70    -35 (VIOLATED)
fanout71/Z                               35     70    -35 (VIOLATED)
fanout72/Z                               35     70    -35 (VIOLATED)
fanout73/Z                               35     70    -35 (VIOLATED)
fanout74/Z                               35     70    -35 (VIOLATED)
fanout75/Z                               35     70    -35 (VIOLATED)
fanout77/Z                               35     70    -35 (VIOLATED)
fanout79/Z                               35     70    -35 (VIOLATED)
fanout80/Z                               35     70    -35 (VIOLATED)
fanout47/Z                               35     68    -33 (VIOLATED)
fanout52/Z                               35     66    -31 (VIOLATED)
fanout66/Z                               35     62    -27 (VIOLATED)
fanout78/Z                               35     56    -21 (VIOLATED)
fanout58/Z                               35     54    -19 (VIOLATED)
fanout32/Z                               35     52    -17 (VIOLATED)
fanout62/Z                               35     52    -17 (VIOLATED)
fanout33/Z                               35     50    -15 (VIOLATED)
fanout64/Z                               35     50    -15 (VIOLATED)
core.bgc_0._08_/ZN                       35     48    -13 (VIOLATED)
core.bgc_1._08_/ZN                       35     48    -13 (VIOLATED)
core.bgc_10._08_/ZN                      35     48    -13 (VIOLATED)
core.bgc_11._08_/ZN                      35     48    -13 (VIOLATED)
core.bgc_12._08_/ZN                      35     48    -13 (VIOLATED)
core.bgc_13._08_/ZN                      35     48    -13 (VIOLATED)
core.bgc_14._08_/ZN                      35     48    -13 (VIOLATED)
core.bgc_15._08_/ZN                      35     48    -13 (VIOLATED)
core.bgc_2._08_/ZN                       35     48    -13 (VIOLATED)
core.bgc_3._08_/ZN                       35     48    -13 (VIOLATED)
core.bgc_4._08_/ZN                       35     48    -13 (VIOLATED)
core.bgc_5._08_/ZN                       35     48    -13 (VIOLATED)
core.bgc_6._08_/ZN                       35     48    -13 (VIOLATED)
core.bgc_7._08_/ZN                       35     48    -13 (VIOLATED)
core.bgc_8._08_/ZN                       35     48    -13 (VIOLATED)
core.bgc_9._08_/ZN                       35     48    -13 (VIOLATED)
fanout27/Z                               35     46    -11 (VIOLATED)
fanout81/Z                               35     46    -11 (VIOLATED)
fanout35/Z                               35     42     -7 (VIOLATED)
fanout56/Z                               35     42     -7 (VIOLATED)
fanout76/Z                               35     42     -7 (VIOLATED)
fanout29/Z                               35     40     -5 (VIOLATED)
fanout40/Z                               35     40     -5 (VIOLATED)
fanout70/Z                               35     40     -5 (VIOLATED)
fanout54/Z                               35     38     -3 (VIOLATED)
fanout61/Z                               35     38     -3 (VIOLATED)
fanout44/Z                               35     36        (VIOLATED)


======================= Typical Corner ===================================

max fanout

Pin                                   Limit Fanout  Slack
---------------------------------------------------------
fanout25/Z                               35     70    -35 (VIOLATED)
fanout26/Z                               35     70    -35 (VIOLATED)
fanout28/Z                               35     70    -35 (VIOLATED)
fanout30/Z                               35     70    -35 (VIOLATED)
fanout31/Z                               35     70    -35 (VIOLATED)
fanout34/Z                               35     70    -35 (VIOLATED)
fanout36/Z                               35     70    -35 (VIOLATED)
fanout38/Z                               35     70    -35 (VIOLATED)
fanout39/Z                               35     70    -35 (VIOLATED)
fanout41/Z                               35     70    -35 (VIOLATED)
fanout42/Z                               35     70    -35 (VIOLATED)
fanout43/Z                               35     70    -35 (VIOLATED)
fanout45/Z                               35     70    -35 (VIOLATED)
fanout46/Z                               35     70    -35 (VIOLATED)
fanout48/Z                               35     70    -35 (VIOLATED)
fanout49/Z                               35     70    -35 (VIOLATED)
fanout51/Z                               35     70    -35 (VIOLATED)
fanout53/Z                               35     70    -35 (VIOLATED)
fanout55/Z                               35     70    -35 (VIOLATED)
fanout57/Z                               35     70    -35 (VIOLATED)
fanout60/Z                               35     70    -35 (VIOLATED)
fanout63/Z                               35     70    -35 (VIOLATED)
fanout65/Z                               35     70    -35 (VIOLATED)
fanout67/Z                               35     70    -35 (VIOLATED)
fanout68/Z                               35     70    -35 (VIOLATED)
fanout69/Z                               35     70    -35 (VIOLATED)
fanout71/Z                               35     70    -35 (VIOLATED)
fanout72/Z                               35     70    -35 (VIOLATED)
fanout73/Z                               35     70    -35 (VIOLATED)
fanout74/Z                               35     70    -35 (VIOLATED)
fanout75/Z                               35     70    -35 (VIOLATED)
fanout77/Z                               35     70    -35 (VIOLATED)
fanout79/Z                               35     70    -35 (VIOLATED)
fanout80/Z                               35     70    -35 (VIOLATED)
fanout47/Z                               35     68    -33 (VIOLATED)
fanout52/Z                               35     66    -31 (VIOLATED)
fanout66/Z                               35     62    -27 (VIOLATED)
fanout78/Z                               35     56    -21 (VIOLATED)
fanout58/Z                               35     54    -19 (VIOLATED)
fanout32/Z                               35     52    -17 (VIOLATED)
fanout62/Z                               35     52    -17 (VIOLATED)
fanout33/Z                               35     50    -15 (VIOLATED)
fanout64/Z                               35     50    -15 (VIOLATED)
core.bgc_0._08_/ZN                       35     48    -13 (VIOLATED)
core.bgc_1._08_/ZN                       35     48    -13 (VIOLATED)
core.bgc_10._08_/ZN                      35     48    -13 (VIOLATED)
core.bgc_11._08_/ZN                      35     48    -13 (VIOLATED)
core.bgc_12._08_/ZN                      35     48    -13 (VIOLATED)
core.bgc_13._08_/ZN                      35     48    -13 (VIOLATED)
core.bgc_14._08_/ZN                      35     48    -13 (VIOLATED)
core.bgc_15._08_/ZN                      35     48    -13 (VIOLATED)
core.bgc_2._08_/ZN                       35     48    -13 (VIOLATED)
core.bgc_3._08_/ZN                       35     48    -13 (VIOLATED)
core.bgc_4._08_/ZN                       35     48    -13 (VIOLATED)
core.bgc_5._08_/ZN                       35     48    -13 (VIOLATED)
core.bgc_6._08_/ZN                       35     48    -13 (VIOLATED)
core.bgc_7._08_/ZN                       35     48    -13 (VIOLATED)
core.bgc_8._08_/ZN                       35     48    -13 (VIOLATED)
core.bgc_9._08_/ZN                       35     48    -13 (VIOLATED)
fanout27/Z                               35     46    -11 (VIOLATED)
fanout81/Z                               35     46    -11 (VIOLATED)
fanout35/Z                               35     42     -7 (VIOLATED)
fanout56/Z                               35     42     -7 (VIOLATED)
fanout76/Z                               35     42     -7 (VIOLATED)
fanout29/Z                               35     40     -5 (VIOLATED)
fanout40/Z                               35     40     -5 (VIOLATED)
fanout70/Z                               35     40     -5 (VIOLATED)
fanout54/Z                               35     38     -3 (VIOLATED)
fanout61/Z                               35     38     -3 (VIOLATED)
fanout44/Z                               35     36        (VIOLATED)



===========================================================================
report_parasitic_annotation -report_unannotated
============================================================================
Found 5 unannotated drivers.
 output_ready_IN
 spi_out0_IN
 spi_out1_IN
 spi_out2_IN
 spi_out3_IN
Found 0 partially unannotated drivers.

===========================================================================
max slew violation count 0
max fanout violation count 70
max cap violation count 0
============================================================================

===========================================================================
check_setup -verbose -unconstrained_endpoints -multiple_clock -no_clock -no_input_delay -loops -generated_clocks
===========================================================================
Warning: There are 58 unconstrained endpoints.
  clk_PD
  clk_PU
  input_ready_PD
  input_ready_PU
  load_row_or_col_PD
  load_row_or_col_PU
  output_ready_CS
  output_ready_IE
  output_ready_OE
  output_ready_PD
  output_ready_PDRV0
  output_ready_PDRV1
  output_ready_PU
  output_ready_SL
  output_valid_PD
  output_valid_PU
  rst_n_PD
  rst_n_PU
  spi_in0_PD
  spi_in0_PU
  spi_in1_PD
  spi_in1_PU
  spi_in2_PD
  spi_in2_PU
  spi_in3_PD
  spi_in3_PU
  spi_out0_CS
  spi_out0_IE
  spi_out0_OE
  spi_out0_PD
  spi_out0_PDRV0
  spi_out0_PDRV1
  spi_out0_PU
  spi_out0_SL
  spi_out1_CS
  spi_out1_IE
  spi_out1_OE
  spi_out1_PD
  spi_out1_PDRV0
  spi_out1_PDRV1
  spi_out1_PU
  spi_out1_SL
  spi_out2_CS
  spi_out2_IE
  spi_out2_OE
  spi_out2_PD
  spi_out2_PDRV0
  spi_out2_PDRV1
  spi_out2_PU
  spi_out2_SL
  spi_out3_CS
  spi_out3_IE
  spi_out3_OE
  spi_out3_PD
  spi_out3_PDRV0
  spi_out3_PDRV1
  spi_out3_PU
  spi_out3_SL
