
===========================================================================
report_checks -unconstrained
===========================================================================
======================= Fastest Corner ===================================

Startpoint: rst_n (input port clocked by clk)
Endpoint: core.res_mem_inst.slot[7].slot_reg._126_
          (recovery check against rising-edge clock clk)
Path Group: asynchronous
Path Type: max
Corner: Fastest

Fanout     Cap    Slew   Delay    Time   Description
-----------------------------------------------------------------------------
                          0.00    0.00   clock clk (rise edge)
                          0.00    0.00   clock network delay (propagated)
                          5.71    5.71 ^ input external delay
                  0.09    0.04    5.76 ^ rst_n (in)
     1    0.01                           rst_n (net)
                  0.09    0.00    5.76 ^ input4/I (gf180mcu_fd_sc_mcu7t5v0__buf_2)
                  0.31    0.28    6.04 ^ input4/Z (gf180mcu_fd_sc_mcu7t5v0__buf_2)
     1    0.05                           net4 (net)
                  0.31    0.00    6.04 ^ fanout75/I (gf180mcu_fd_sc_mcu7t5v0__buf_20)
                  0.30    0.26    6.30 ^ fanout75/Z (gf180mcu_fd_sc_mcu7t5v0__buf_20)
    58    0.68                           net75 (net)
                  0.44    0.12    6.42 ^ fanout71/I (gf180mcu_fd_sc_mcu7t5v0__clkbuf_12)
                  0.32    0.39    6.81 ^ fanout71/Z (gf180mcu_fd_sc_mcu7t5v0__clkbuf_12)
    52    0.34                           net71 (net)
                  0.32    0.01    6.82 ^ core.res_mem_inst._063_/I (gf180mcu_fd_sc_mcu7t5v0__clkinv_8)
                  0.28    0.24    7.06 v core.res_mem_inst._063_/ZN (gf180mcu_fd_sc_mcu7t5v0__clkinv_8)
    30    0.19                           core.res_mem_inst._003_ (net)
                  0.28    0.00    7.07 v fanout34/I (gf180mcu_fd_sc_mcu7t5v0__clkbuf_8)
                  0.32    0.40    7.46 v fanout34/Z (gf180mcu_fd_sc_mcu7t5v0__clkbuf_8)
    40    0.22                           net34 (net)
                  0.32    0.01    7.47 v fanout32/I (gf180mcu_fd_sc_mcu7t5v0__buf_8)
                  0.24    0.34    7.82 v fanout32/Z (gf180mcu_fd_sc_mcu7t5v0__buf_8)
    70    0.29                           net32 (net)
                  0.25    0.02    7.83 v core.res_mem_inst.slot[7].slot_reg._115_/I (gf180mcu_fd_sc_mcu7t5v0__clkinv_1)
                  0.17    0.16    7.99 ^ core.res_mem_inst.slot[7].slot_reg._115_/ZN (gf180mcu_fd_sc_mcu7t5v0__clkinv_1)
     1    0.01                           core.res_mem_inst.slot[7].slot_reg._010_ (net)
                  0.17    0.00    7.99 ^ core.res_mem_inst.slot[7].slot_reg._126_/RN (gf180mcu_fd_sc_mcu7t5v0__dffrnq_1)
                                  7.99   data arrival time

                         28.57   28.57   clock clk (rise edge)
                          0.00   28.57   clock source latency
                  0.26    0.14   28.71 ^ clk (in)
     1    0.09                           clk (net)
                  0.26    0.00   28.71 ^ clkbuf_0_clk/I (gf180mcu_fd_sc_mcu7t5v0__clkbuf_16)
                  0.20    0.26   28.98 ^ clkbuf_0_clk/Z (gf180mcu_fd_sc_mcu7t5v0__clkbuf_16)
    16    0.27                           clknet_0_clk (net)
                  0.21    0.01   28.99 ^ clkbuf_3_4_0_clk/I (gf180mcu_fd_sc_mcu7t5v0__clkbuf_8)
                  0.13    0.21   29.20 ^ clkbuf_3_4_0_clk/Z (gf180mcu_fd_sc_mcu7t5v0__clkbuf_8)
     4    0.07                           clknet_3_4_0_clk (net)
                  0.13    0.00   29.20 ^ clkbuf_4_9__f_clk/I (gf180mcu_fd_sc_mcu7t5v0__clkbuf_16)
                  0.30    0.29   29.49 ^ clkbuf_4_9__f_clk/Z (gf180mcu_fd_sc_mcu7t5v0__clkbuf_16)
    28    0.42                           clknet_4_9__leaf_clk (net)
                  0.30    0.01   29.50 ^ clkbuf_leaf_188_clk/I (gf180mcu_fd_sc_mcu7t5v0__clkbuf_16)
                  0.06    0.18   29.68 ^ clkbuf_leaf_188_clk/Z (gf180mcu_fd_sc_mcu7t5v0__clkbuf_16)
     4    0.02                           clknet_leaf_188_clk (net)
                  0.06    0.00   29.68 ^ core.res_mem_inst.slot[7].slot_reg._126_/CLK (gf180mcu_fd_sc_mcu7t5v0__dffrnq_1)
                         -0.25   29.43   clock uncertainty
                          0.00   29.43   clock reconvergence pessimism
                          0.12   29.55   library recovery time
                                 29.55   data required time
-----------------------------------------------------------------------------
                                 29.55   data required time
                                 -7.99   data arrival time
-----------------------------------------------------------------------------
                                 21.56   slack (MET)


Startpoint: core.res_mem_inst.out_dec_inst._12_
            (rising edge-triggered flip-flop clocked by clk)
Endpoint: spi_out0_OUT (output port clocked by clk)
Path Group: clk
Path Type: max
Corner: Fastest

Fanout     Cap    Slew   Delay    Time   Description
-----------------------------------------------------------------------------
                          0.00    0.00   clock clk (rise edge)
                          0.00    0.00   clock source latency
                  0.26    0.16    0.16 ^ clk (in)
     1    0.09                           clk (net)
                  0.26    0.00    0.16 ^ clkbuf_0_clk/I (gf180mcu_fd_sc_mcu7t5v0__clkbuf_16)
                  0.20    0.29    0.45 ^ clkbuf_0_clk/Z (gf180mcu_fd_sc_mcu7t5v0__clkbuf_16)
    16    0.27                           clknet_0_clk (net)
                  0.21    0.01    0.46 ^ clkbuf_3_6_0_clk/I (gf180mcu_fd_sc_mcu7t5v0__clkbuf_8)
                  0.14    0.24    0.70 ^ clkbuf_3_6_0_clk/Z (gf180mcu_fd_sc_mcu7t5v0__clkbuf_8)
     4    0.08                           clknet_3_6_0_clk (net)
                  0.14    0.00    0.71 ^ clkbuf_4_12__f_clk/I (gf180mcu_fd_sc_mcu7t5v0__clkbuf_16)
                  0.35    0.36    1.06 ^ clkbuf_4_12__f_clk/Z (gf180mcu_fd_sc_mcu7t5v0__clkbuf_16)
    32    0.49                           clknet_4_12__leaf_clk (net)
                  0.35    0.01    1.07 ^ clkbuf_leaf_72_clk/I (gf180mcu_fd_sc_mcu7t5v0__clkbuf_16)
                  0.08    0.22    1.29 ^ clkbuf_leaf_72_clk/Z (gf180mcu_fd_sc_mcu7t5v0__clkbuf_16)
     9    0.05                           clknet_leaf_72_clk (net)
                  0.08    0.00    1.29 ^ core.res_mem_inst.out_dec_inst._12_/CLK (gf180mcu_fd_sc_mcu7t5v0__dffrnq_1)
                  0.46    0.80    2.09 ^ core.res_mem_inst.out_dec_inst._12_/Q (gf180mcu_fd_sc_mcu7t5v0__dffrnq_1)
     5    0.04                           core.res_mem_inst.out_active_select[1] (net)
                  0.46    0.00    2.09 ^ core.res_mem_inst.out_dec_inst._06_/A2 (gf180mcu_fd_sc_mcu7t5v0__and2_1)
                  0.35    0.38    2.47 ^ core.res_mem_inst.out_dec_inst._06_/Z (gf180mcu_fd_sc_mcu7t5v0__and2_1)
     2    0.03                           core.res_mem_inst.group_active[3] (net)
                  0.35    0.00    2.47 ^ core.res_mem_inst._056_/I (gf180mcu_fd_sc_mcu7t5v0__clkinv_2)
                  0.35    0.30    2.77 v core.res_mem_inst._056_/ZN (gf180mcu_fd_sc_mcu7t5v0__clkinv_2)
     8    0.06                           core.res_mem_inst._041_ (net)
                  0.35    0.00    2.77 v core.res_mem_inst._090_/A2 (gf180mcu_fd_sc_mcu7t5v0__oai31_2)
                  0.58    0.44    3.21 ^ core.res_mem_inst._090_/ZN (gf180mcu_fd_sc_mcu7t5v0__oai31_2)
     2    0.03                           core.res_mem_inst._011_ (net)
                  0.58    0.00    3.21 ^ core.res_mem_inst._091_/I0 (gf180mcu_fd_sc_mcu7t5v0__mux2_1)
                  0.12    0.26    3.47 ^ core.res_mem_inst._091_/Z (gf180mcu_fd_sc_mcu7t5v0__mux2_1)
     1    0.01                           core.res_mem_inst._012_ (net)
                  0.12    0.00    3.47 ^ core.res_mem_inst._092_/I0 (gf180mcu_fd_sc_mcu7t5v0__mux2_2)
                  0.40    0.40    3.87 ^ core.res_mem_inst._092_/Z (gf180mcu_fd_sc_mcu7t5v0__mux2_2)
     2    0.07                           net10 (net)
                  0.40    0.01    3.88 ^ output10/I (gf180mcu_fd_sc_mcu7t5v0__clkbuf_4)
                  0.22    0.35    4.22 ^ output10/Z (gf180mcu_fd_sc_mcu7t5v0__clkbuf_4)
     1    0.07                           spi_out0_OUT (net)
                  0.22    0.00    4.22 ^ spi_out0_OUT (out)
                                  4.22   data arrival time

                         28.57   28.57   clock clk (rise edge)
                          0.00   28.57   clock network delay (propagated)
                         -0.25   28.32   clock uncertainty
                          0.00   28.32   clock reconvergence pessimism
                         -5.71   22.61   output external delay
                                 22.61   data required time
-----------------------------------------------------------------------------
                                 22.61   data required time
                                 -4.22   data arrival time
-----------------------------------------------------------------------------
                                 18.38   slack (MET)



======================= Slowest Corner ===================================

Startpoint: rst_n (input port clocked by clk)
Endpoint: core.res_mem_inst.slot[7].slot_reg._126_
          (recovery check against rising-edge clock clk)
Path Group: asynchronous
Path Type: max
Corner: Slowest

Fanout     Cap    Slew   Delay    Time   Description
-----------------------------------------------------------------------------
                          0.00    0.00   clock clk (rise edge)
                          0.00    0.00   clock network delay (propagated)
                          5.71    5.71 ^ input external delay
                  0.25    0.10    5.82 ^ rst_n (in)
     1    0.01                           rst_n (net)
                  0.25    0.00    5.82 ^ input4/I (gf180mcu_fd_sc_mcu7t5v0__buf_2)
                  0.82    0.75    6.57 ^ input4/Z (gf180mcu_fd_sc_mcu7t5v0__buf_2)
     1    0.06                           net4 (net)
                  0.82    0.00    6.57 ^ fanout75/I (gf180mcu_fd_sc_mcu7t5v0__buf_20)
                  0.95    0.84    7.41 ^ fanout75/Z (gf180mcu_fd_sc_mcu7t5v0__buf_20)
    58    0.70                           net75 (net)
                  1.01    0.13    7.54 ^ fanout71/I (gf180mcu_fd_sc_mcu7t5v0__clkbuf_12)
                  0.87    1.06    8.60 ^ fanout71/Z (gf180mcu_fd_sc_mcu7t5v0__clkbuf_12)
    52    0.35                           net71 (net)
                  0.87    0.01    8.61 ^ core.res_mem_inst._063_/I (gf180mcu_fd_sc_mcu7t5v0__clkinv_8)
                  0.77    0.68    9.29 v core.res_mem_inst._063_/ZN (gf180mcu_fd_sc_mcu7t5v0__clkinv_8)
    30    0.20                           core.res_mem_inst._003_ (net)
                  0.77    0.00    9.30 v fanout34/I (gf180mcu_fd_sc_mcu7t5v0__clkbuf_8)
                  0.90    1.14   10.43 v fanout34/Z (gf180mcu_fd_sc_mcu7t5v0__clkbuf_8)
    40    0.23                           net34 (net)
                  0.90    0.01   10.44 v fanout32/I (gf180mcu_fd_sc_mcu7t5v0__buf_8)
                  0.65    0.96   11.39 v fanout32/Z (gf180mcu_fd_sc_mcu7t5v0__buf_8)
    70    0.30                           net32 (net)
                  0.65    0.02   11.41 v core.res_mem_inst.slot[7].slot_reg._115_/I (gf180mcu_fd_sc_mcu7t5v0__clkinv_1)
                  0.45    0.43   11.84 ^ core.res_mem_inst.slot[7].slot_reg._115_/ZN (gf180mcu_fd_sc_mcu7t5v0__clkinv_1)
     1    0.01                           core.res_mem_inst.slot[7].slot_reg._010_ (net)
                  0.45    0.00   11.84 ^ core.res_mem_inst.slot[7].slot_reg._126_/RN (gf180mcu_fd_sc_mcu7t5v0__dffrnq_1)
                                 11.84   data arrival time

                         28.57   28.57   clock clk (rise edge)
                          0.00   28.57   clock source latency
                  0.67    0.34   28.91 ^ clk (in)
     1    0.09                           clk (net)
                  0.67    0.00   28.91 ^ clkbuf_0_clk/I (gf180mcu_fd_sc_mcu7t5v0__clkbuf_16)
                  0.55    0.74   29.65 ^ clkbuf_0_clk/Z (gf180mcu_fd_sc_mcu7t5v0__clkbuf_16)
    16    0.28                           clknet_0_clk (net)
                  0.55    0.01   29.66 ^ clkbuf_3_4_0_clk/I (gf180mcu_fd_sc_mcu7t5v0__clkbuf_8)
                  0.35    0.59   30.25 ^ clkbuf_3_4_0_clk/Z (gf180mcu_fd_sc_mcu7t5v0__clkbuf_8)
     4    0.07                           clknet_3_4_0_clk (net)
                  0.35    0.00   30.25 ^ clkbuf_4_9__f_clk/I (gf180mcu_fd_sc_mcu7t5v0__clkbuf_16)
                  0.79    0.81   31.07 ^ clkbuf_4_9__f_clk/Z (gf180mcu_fd_sc_mcu7t5v0__clkbuf_16)
    28    0.42                           clknet_4_9__leaf_clk (net)
                  0.79    0.01   31.08 ^ clkbuf_leaf_188_clk/I (gf180mcu_fd_sc_mcu7t5v0__clkbuf_16)
                  0.17    0.51   31.58 ^ clkbuf_leaf_188_clk/Z (gf180mcu_fd_sc_mcu7t5v0__clkbuf_16)
     4    0.02                           clknet_leaf_188_clk (net)
                  0.17    0.00   31.58 ^ core.res_mem_inst.slot[7].slot_reg._126_/CLK (gf180mcu_fd_sc_mcu7t5v0__dffrnq_1)
                         -0.25   31.33   clock uncertainty
                          0.00   31.33   clock reconvergence pessimism
                          0.41   31.75   library recovery time
                                 31.75   data required time
-----------------------------------------------------------------------------
                                 31.75   data required time
                                -11.84   data arrival time
-----------------------------------------------------------------------------
                                 19.90   slack (MET)


Startpoint: core.bgc_9.final_counter._71_
            (rising edge-triggered flip-flop clocked by clk)
Endpoint: core.res_mem_inst.slot[12].slot_reg._128_
          (rising edge-triggered flip-flop clocked by clk)
Path Group: clk
Path Type: max
Corner: Slowest

Fanout     Cap    Slew   Delay    Time   Description
-----------------------------------------------------------------------------
                          0.00    0.00   clock clk (rise edge)
                          0.00    0.00   clock source latency
                  0.67    0.38    0.38 ^ clk (in)
     1    0.09                           clk (net)
                  0.67    0.00    0.38 ^ clkbuf_0_clk/I (gf180mcu_fd_sc_mcu7t5v0__clkbuf_16)
                  0.55    0.82    1.20 ^ clkbuf_0_clk/Z (gf180mcu_fd_sc_mcu7t5v0__clkbuf_16)
    16    0.28                           clknet_0_clk (net)
                  0.55    0.01    1.21 ^ clkbuf_3_5_0_clk/I (gf180mcu_fd_sc_mcu7t5v0__clkbuf_8)
                  0.35    0.65    1.86 ^ clkbuf_3_5_0_clk/Z (gf180mcu_fd_sc_mcu7t5v0__clkbuf_8)
     4    0.07                           clknet_3_5_0_clk (net)
                  0.35    0.00    1.86 ^ clkbuf_4_11__f_clk/I (gf180mcu_fd_sc_mcu7t5v0__clkbuf_16)
                  0.87    0.94    2.80 ^ clkbuf_4_11__f_clk/Z (gf180mcu_fd_sc_mcu7t5v0__clkbuf_16)
    30    0.48                           clknet_4_11__leaf_clk (net)
                  0.88    0.06    2.86 ^ clkbuf_leaf_133_clk/I (gf180mcu_fd_sc_mcu7t5v0__clkbuf_16)
                  0.17    0.57    3.43 ^ clkbuf_leaf_133_clk/Z (gf180mcu_fd_sc_mcu7t5v0__clkbuf_16)
     4    0.02                           clknet_leaf_133_clk (net)
                  0.17    0.00    3.43 ^ core.bgc_9.final_counter._71_/CLK (gf180mcu_fd_sc_mcu7t5v0__dffrnq_1)
                  0.92    2.20    5.63 ^ core.bgc_9.final_counter._71_/Q (gf180mcu_fd_sc_mcu7t5v0__dffrnq_1)
     4    0.03                           core.adder_tree.r[9][2] (net)
                  0.92    0.00    5.63 ^ core.adder_tree._0816_/A2 (gf180mcu_fd_sc_mcu7t5v0__xor2_1)
                  1.12    1.01    6.64 ^ core.adder_tree._0816_/Z (gf180mcu_fd_sc_mcu7t5v0__xor2_1)
     2    0.01                           core.adder_tree._0101_ (net)
                  1.12    0.00    6.64 ^ core.adder_tree._0818_/A2 (gf180mcu_fd_sc_mcu7t5v0__xor2_1)
                  1.38    1.19    7.83 ^ core.adder_tree._0818_/Z (gf180mcu_fd_sc_mcu7t5v0__xor2_1)
     2    0.02                           core.adder_tree._0103_ (net)
                  1.38    0.00    7.83 ^ core.adder_tree._0820_/A2 (gf180mcu_fd_sc_mcu7t5v0__xor2_1)
                  1.17    1.04    8.88 ^ core.adder_tree._0820_/Z (gf180mcu_fd_sc_mcu7t5v0__xor2_1)
     2    0.01                           core.adder_tree._0105_ (net)
                  1.17    0.00    8.88 ^ core.adder_tree._0822_/A2 (gf180mcu_fd_sc_mcu7t5v0__xnor2_1)
                  0.93    0.77    9.64 v core.adder_tree._0822_/ZN (gf180mcu_fd_sc_mcu7t5v0__xnor2_1)
     3    0.02                           core.adder_tree._0107_ (net)
                  0.93    0.00    9.65 v core.adder_tree._0826_/A2 (gf180mcu_fd_sc_mcu7t5v0__xor3_1)
                  0.83    2.57   12.21 v core.adder_tree._0826_/Z (gf180mcu_fd_sc_mcu7t5v0__xor3_1)
     4    0.02                           core.adder_tree._0111_ (net)
                  0.83    0.00   12.21 v core.adder_tree._0857_/A1 (gf180mcu_fd_sc_mcu7t5v0__xor3_1)
                  0.77    2.45   14.67 v core.adder_tree._0857_/Z (gf180mcu_fd_sc_mcu7t5v0__xor3_1)
     2    0.02                           core.adder_tree._0142_ (net)
                  0.77    0.00   14.67 v core.adder_tree._0858_/A2 (gf180mcu_fd_sc_mcu7t5v0__xor2_1)
                  0.47    1.07   15.73 v core.adder_tree._0858_/Z (gf180mcu_fd_sc_mcu7t5v0__xor2_1)
     1    0.01                           core.adder_tree._0143_ (net)
                  0.47    0.00   15.73 v core.adder_tree._0867_/B1 (gf180mcu_fd_sc_mcu7t5v0__oai32_1)
                  1.48    0.46   16.19 ^ core.adder_tree._0867_/ZN (gf180mcu_fd_sc_mcu7t5v0__oai32_1)
     1    0.00                           core.adder_tree._0151_ (net)
                  1.48    0.00   16.19 ^ wire2/I (gf180mcu_fd_sc_mcu7t5v0__clkbuf_1)
                  0.35    0.64   16.83 ^ wire2/Z (gf180mcu_fd_sc_mcu7t5v0__clkbuf_1)
     2    0.01                           net1527 (net)
                  0.35    0.00   16.83 ^ max_cap1/I (gf180mcu_fd_sc_mcu7t5v0__clkbuf_1)
                  0.27    0.44   17.27 ^ max_cap1/Z (gf180mcu_fd_sc_mcu7t5v0__clkbuf_1)
     1    0.01                           net1526 (net)
                  0.27    0.00   17.27 ^ core.adder_tree._0928_/A2 (gf180mcu_fd_sc_mcu7t5v0__xnor3_1)
                  1.53    2.22   19.49 ^ core.adder_tree._0928_/ZN (gf180mcu_fd_sc_mcu7t5v0__xnor3_1)
     3    0.02                           core.adder_tree._0212_ (net)
                  1.53    0.00   19.49 ^ core.adder_tree._0929_/A2 (gf180mcu_fd_sc_mcu7t5v0__nor2_1)
                  0.58    0.41   19.91 v core.adder_tree._0929_/ZN (gf180mcu_fd_sc_mcu7t5v0__nor2_1)
     1    0.01                           core.adder_tree._0213_ (net)
                  0.58    0.00   19.91 v core.adder_tree._0932_/A2 (gf180mcu_fd_sc_mcu7t5v0__oai21_1)
                  1.14    0.84   20.75 ^ core.adder_tree._0932_/ZN (gf180mcu_fd_sc_mcu7t5v0__oai21_1)
     2    0.02                           core.adder_tree._0215_ (net)
                  1.14    0.00   20.75 ^ core.adder_tree._1002_/A1 (gf180mcu_fd_sc_mcu7t5v0__aoi21_2)
                  0.54    0.42   21.17 v core.adder_tree._1002_/ZN (gf180mcu_fd_sc_mcu7t5v0__aoi21_2)
     2    0.02                           core.adder_tree._0284_ (net)
                  0.54    0.00   21.17 v core.adder_tree._1134_/A1 (gf180mcu_fd_sc_mcu7t5v0__oai21_2)
                  1.19    0.88   22.05 ^ core.adder_tree._1134_/ZN (gf180mcu_fd_sc_mcu7t5v0__oai21_2)
     3    0.03                           core.adder_tree._0415_ (net)
                  1.19    0.00   22.05 ^ core.adder_tree._1270_/A2 (gf180mcu_fd_sc_mcu7t5v0__aoi221_2)
                  0.87    0.36   22.41 v core.adder_tree._1270_/ZN (gf180mcu_fd_sc_mcu7t5v0__aoi221_2)
     2    0.01                           core.adder_tree._0549_ (net)
                  0.87    0.00   22.41 v core.adder_tree._1273_/A3 (gf180mcu_fd_sc_mcu7t5v0__oai31_1)
                  1.34    1.07   23.48 ^ core.adder_tree._1273_/ZN (gf180mcu_fd_sc_mcu7t5v0__oai31_1)
     1    0.01                           core.adder_tree._0551_ (net)
                  1.34    0.00   23.48 ^ wire14/I (gf180mcu_fd_sc_mcu7t5v0__clkbuf_1)
                  0.47    0.71   24.20 ^ wire14/Z (gf180mcu_fd_sc_mcu7t5v0__clkbuf_1)
     2    0.01                           net14 (net)
                  0.47    0.00   24.20 ^ core.adder_tree._1342_/A1 (gf180mcu_fd_sc_mcu7t5v0__aoi21_1)
                  0.62    0.43   24.62 v core.adder_tree._1342_/ZN (gf180mcu_fd_sc_mcu7t5v0__aoi21_1)
     2    0.01                           core.adder_tree._0619_ (net)
                  0.62    0.00   24.62 v core.adder_tree._1409_/A1 (gf180mcu_fd_sc_mcu7t5v0__oai21_1)
                  0.61    0.55   25.17 ^ core.adder_tree._1409_/ZN (gf180mcu_fd_sc_mcu7t5v0__oai21_1)
     1    0.01                           core.adder_tree._0685_ (net)
                  0.61    0.00   25.17 ^ core.adder_tree._1439_/A1 (gf180mcu_fd_sc_mcu7t5v0__xor3_4)
                  2.12    3.68   28.86 ^ core.adder_tree._1439_/Z (gf180mcu_fd_sc_mcu7t5v0__xor3_4)
    32    0.30                           core.adder_tree.sum_out[11] (net)
                  2.12    0.06   28.92 ^ core.res_mem_inst.slot[12].slot_reg._078_/I (gf180mcu_fd_sc_mcu7t5v0__clkinv_1)
                  0.62    0.42   29.34 v core.res_mem_inst.slot[12].slot_reg._078_/ZN (gf180mcu_fd_sc_mcu7t5v0__clkinv_1)
     1    0.01                           core.res_mem_inst.slot[12].slot_reg._040_ (net)
                  0.62    0.00   29.34 v core.res_mem_inst.slot[12].slot_reg._105_/A1 (gf180mcu_fd_sc_mcu7t5v0__oai221_1)
                  0.77    0.55   29.89 ^ core.res_mem_inst.slot[12].slot_reg._105_/ZN (gf180mcu_fd_sc_mcu7t5v0__oai221_1)
     1    0.00                           core.res_mem_inst.slot[12].slot_reg._000_[11] (net)
                  0.77    0.00   29.89 ^ core.res_mem_inst.slot[12].slot_reg._128_/D (gf180mcu_fd_sc_mcu7t5v0__dffrnq_1)
                                 29.89   data arrival time

                         28.57   28.57   clock clk (rise edge)
                          0.00   28.57   clock source latency
                  0.67    0.34   28.91 ^ clk (in)
     1    0.09                           clk (net)
                  0.67    0.00   28.91 ^ clkbuf_0_clk/I (gf180mcu_fd_sc_mcu7t5v0__clkbuf_16)
                  0.55    0.74   29.65 ^ clkbuf_0_clk/Z (gf180mcu_fd_sc_mcu7t5v0__clkbuf_16)
    16    0.28                           clknet_0_clk (net)
                  0.55    0.01   29.66 ^ clkbuf_3_4_0_clk/I (gf180mcu_fd_sc_mcu7t5v0__clkbuf_8)
                  0.35    0.59   30.25 ^ clkbuf_3_4_0_clk/Z (gf180mcu_fd_sc_mcu7t5v0__clkbuf_8)
     4    0.07                           clknet_3_4_0_clk (net)
                  0.35    0.00   30.25 ^ clkbuf_4_9__f_clk/I (gf180mcu_fd_sc_mcu7t5v0__clkbuf_16)
                  0.79    0.81   31.07 ^ clkbuf_4_9__f_clk/Z (gf180mcu_fd_sc_mcu7t5v0__clkbuf_16)
    28    0.42                           clknet_4_9__leaf_clk (net)
                  0.79    0.01   31.08 ^ clkbuf_leaf_130_clk/I (gf180mcu_fd_sc_mcu7t5v0__clkbuf_16)
                  0.19    0.52   31.60 ^ clkbuf_leaf_130_clk/Z (gf180mcu_fd_sc_mcu7t5v0__clkbuf_16)
     6    0.03                           clknet_leaf_130_clk (net)
                  0.19    0.00   31.60 ^ core.res_mem_inst.slot[12].slot_reg._128_/CLK (gf180mcu_fd_sc_mcu7t5v0__dffrnq_1)
                         -0.25   31.35   clock uncertainty
                          0.11   31.46   clock reconvergence pessimism
                         -0.70   30.76   library setup time
                                 30.76   data required time
-----------------------------------------------------------------------------
                                 30.76   data required time
                                -29.89   data arrival time
-----------------------------------------------------------------------------
                                  0.88   slack (MET)



======================= Typical Corner ===================================

Startpoint: rst_n (input port clocked by clk)
Endpoint: core.res_mem_inst.slot[7].slot_reg._126_
          (recovery check against rising-edge clock clk)
Path Group: asynchronous
Path Type: max
Corner: Typical

Fanout     Cap    Slew   Delay    Time   Description
-----------------------------------------------------------------------------
                          0.00    0.00   clock clk (rise edge)
                          0.00    0.00   clock network delay (propagated)
                          5.71    5.71 ^ input external delay
                  0.14    0.06    5.78 ^ rst_n (in)
     1    0.01                           rst_n (net)
                  0.14    0.00    5.78 ^ input4/I (gf180mcu_fd_sc_mcu7t5v0__buf_2)
                  0.47    0.43    6.21 ^ input4/Z (gf180mcu_fd_sc_mcu7t5v0__buf_2)
     1    0.05                           net4 (net)
                  0.48    0.00    6.21 ^ fanout75/I (gf180mcu_fd_sc_mcu7t5v0__buf_20)
                  0.51    0.44    6.65 ^ fanout75/Z (gf180mcu_fd_sc_mcu7t5v0__buf_20)
    58    0.69                           net75 (net)
                  0.61    0.12    6.77 ^ fanout71/I (gf180mcu_fd_sc_mcu7t5v0__clkbuf_12)
                  0.50    0.59    7.36 ^ fanout71/Z (gf180mcu_fd_sc_mcu7t5v0__clkbuf_12)
    52    0.35                           net71 (net)
                  0.50    0.01    7.38 ^ core.res_mem_inst._063_/I (gf180mcu_fd_sc_mcu7t5v0__clkinv_8)
                  0.44    0.38    7.75 v core.res_mem_inst._063_/ZN (gf180mcu_fd_sc_mcu7t5v0__clkinv_8)
    30    0.19                           core.res_mem_inst._003_ (net)
                  0.44    0.00    7.76 v fanout34/I (gf180mcu_fd_sc_mcu7t5v0__clkbuf_8)
                  0.50    0.63    8.39 v fanout34/Z (gf180mcu_fd_sc_mcu7t5v0__clkbuf_8)
    40    0.22                           net34 (net)
                  0.50    0.01    8.39 v fanout32/I (gf180mcu_fd_sc_mcu7t5v0__buf_8)
                  0.37    0.54    8.93 v fanout32/Z (gf180mcu_fd_sc_mcu7t5v0__buf_8)
    70    0.29                           net32 (net)
                  0.38    0.02    8.94 v core.res_mem_inst.slot[7].slot_reg._115_/I (gf180mcu_fd_sc_mcu7t5v0__clkinv_1)
                  0.26    0.24    9.19 ^ core.res_mem_inst.slot[7].slot_reg._115_/ZN (gf180mcu_fd_sc_mcu7t5v0__clkinv_1)
     1    0.01                           core.res_mem_inst.slot[7].slot_reg._010_ (net)
                  0.26    0.00    9.19 ^ core.res_mem_inst.slot[7].slot_reg._126_/RN (gf180mcu_fd_sc_mcu7t5v0__dffrnq_1)
                                  9.19   data arrival time

                         28.57   28.57   clock clk (rise edge)
                          0.00   28.57   clock source latency
                  0.39    0.21   28.78 ^ clk (in)
     1    0.09                           clk (net)
                  0.39    0.00   28.78 ^ clkbuf_0_clk/I (gf180mcu_fd_sc_mcu7t5v0__clkbuf_16)
                  0.31    0.41   29.19 ^ clkbuf_0_clk/Z (gf180mcu_fd_sc_mcu7t5v0__clkbuf_16)
    16    0.27                           clknet_0_clk (net)
                  0.32    0.01   29.20 ^ clkbuf_3_4_0_clk/I (gf180mcu_fd_sc_mcu7t5v0__clkbuf_8)
                  0.20    0.32   29.53 ^ clkbuf_3_4_0_clk/Z (gf180mcu_fd_sc_mcu7t5v0__clkbuf_8)
     4    0.07                           clknet_3_4_0_clk (net)
                  0.20    0.00   29.53 ^ clkbuf_4_9__f_clk/I (gf180mcu_fd_sc_mcu7t5v0__clkbuf_16)
                  0.45    0.45   29.98 ^ clkbuf_4_9__f_clk/Z (gf180mcu_fd_sc_mcu7t5v0__clkbuf_16)
    28    0.42                           clknet_4_9__leaf_clk (net)
                  0.46    0.01   29.99 ^ clkbuf_leaf_188_clk/I (gf180mcu_fd_sc_mcu7t5v0__clkbuf_16)
                  0.10    0.28   30.27 ^ clkbuf_leaf_188_clk/Z (gf180mcu_fd_sc_mcu7t5v0__clkbuf_16)
     4    0.02                           clknet_leaf_188_clk (net)
                  0.10    0.00   30.27 ^ core.res_mem_inst.slot[7].slot_reg._126_/CLK (gf180mcu_fd_sc_mcu7t5v0__dffrnq_1)
                         -0.25   30.02   clock uncertainty
                          0.00   30.02   clock reconvergence pessimism
                          0.21   30.24   library recovery time
                                 30.24   data required time
-----------------------------------------------------------------------------
                                 30.24   data required time
                                 -9.19   data arrival time
-----------------------------------------------------------------------------
                                 21.05   slack (MET)


Startpoint: core.bgc_9.final_counter._71_
            (rising edge-triggered flip-flop clocked by clk)
Endpoint: core.res_mem_inst.slot[12].slot_reg._128_
          (rising edge-triggered flip-flop clocked by clk)
Path Group: clk
Path Type: max
Corner: Typical

Fanout     Cap    Slew   Delay    Time   Description
-----------------------------------------------------------------------------
                          0.00    0.00   clock clk (rise edge)
                          0.00    0.00   clock source latency
                  0.39    0.23    0.23 ^ clk (in)
     1    0.09                           clk (net)
                  0.39    0.00    0.23 ^ clkbuf_0_clk/I (gf180mcu_fd_sc_mcu7t5v0__clkbuf_16)
                  0.31    0.45    0.68 ^ clkbuf_0_clk/Z (gf180mcu_fd_sc_mcu7t5v0__clkbuf_16)
    16    0.27                           clknet_0_clk (net)
                  0.32    0.01    0.70 ^ clkbuf_3_5_0_clk/I (gf180mcu_fd_sc_mcu7t5v0__clkbuf_8)
                  0.20    0.36    1.06 ^ clkbuf_3_5_0_clk/Z (gf180mcu_fd_sc_mcu7t5v0__clkbuf_8)
     4    0.07                           clknet_3_5_0_clk (net)
                  0.20    0.00    1.06 ^ clkbuf_4_11__f_clk/I (gf180mcu_fd_sc_mcu7t5v0__clkbuf_16)
                  0.50    0.52    1.58 ^ clkbuf_4_11__f_clk/Z (gf180mcu_fd_sc_mcu7t5v0__clkbuf_16)
    30    0.47                           clknet_4_11__leaf_clk (net)
                  0.52    0.06    1.63 ^ clkbuf_leaf_133_clk/I (gf180mcu_fd_sc_mcu7t5v0__clkbuf_16)
                  0.10    0.32    1.95 ^ clkbuf_leaf_133_clk/Z (gf180mcu_fd_sc_mcu7t5v0__clkbuf_16)
     4    0.02                           clknet_leaf_133_clk (net)
                  0.10    0.00    1.95 ^ core.bgc_9.final_counter._71_/CLK (gf180mcu_fd_sc_mcu7t5v0__dffrnq_1)
                  0.32    0.88    2.84 v core.bgc_9.final_counter._71_/Q (gf180mcu_fd_sc_mcu7t5v0__dffrnq_1)
     4    0.03                           core.adder_tree.r[9][2] (net)
                  0.32    0.00    2.84 v core.adder_tree._0816_/A2 (gf180mcu_fd_sc_mcu7t5v0__xor2_1)
                  0.31    0.59    3.43 v core.adder_tree._0816_/Z (gf180mcu_fd_sc_mcu7t5v0__xor2_1)
     2    0.01                           core.adder_tree._0101_ (net)
                  0.31    0.00    3.43 v core.adder_tree._0818_/A2 (gf180mcu_fd_sc_mcu7t5v0__xor2_1)
                  0.38    0.63    4.06 v core.adder_tree._0818_/Z (gf180mcu_fd_sc_mcu7t5v0__xor2_1)
     2    0.02                           core.adder_tree._0103_ (net)
                  0.38    0.00    4.06 v core.adder_tree._0820_/A2 (gf180mcu_fd_sc_mcu7t5v0__xor2_1)
                  0.36    0.62    4.68 v core.adder_tree._0820_/Z (gf180mcu_fd_sc_mcu7t5v0__xor2_1)
     2    0.01                           core.adder_tree._0105_ (net)
                  0.36    0.00    4.68 v core.adder_tree._0822_/A2 (gf180mcu_fd_sc_mcu7t5v0__xnor2_1)
                  0.51    0.58    5.26 v core.adder_tree._0822_/ZN (gf180mcu_fd_sc_mcu7t5v0__xnor2_1)
     3    0.02                           core.adder_tree._0107_ (net)
                  0.51    0.00    5.26 v core.adder_tree._0826_/A2 (gf180mcu_fd_sc_mcu7t5v0__xor3_1)
                  0.45    1.36    6.62 v core.adder_tree._0826_/Z (gf180mcu_fd_sc_mcu7t5v0__xor3_1)
     4    0.02                           core.adder_tree._0111_ (net)
                  0.45    0.00    6.62 v core.adder_tree._0857_/A1 (gf180mcu_fd_sc_mcu7t5v0__xor3_1)
                  0.41    1.29    7.91 v core.adder_tree._0857_/Z (gf180mcu_fd_sc_mcu7t5v0__xor3_1)
     2    0.02                           core.adder_tree._0142_ (net)
                  0.41    0.00    7.91 v core.adder_tree._0858_/A2 (gf180mcu_fd_sc_mcu7t5v0__xor2_1)
                  0.26    0.56    8.48 v core.adder_tree._0858_/Z (gf180mcu_fd_sc_mcu7t5v0__xor2_1)
     1    0.01                           core.adder_tree._0143_ (net)
                  0.26    0.00    8.48 v core.adder_tree._0867_/B1 (gf180mcu_fd_sc_mcu7t5v0__oai32_1)
                  0.79    0.25    8.73 ^ core.adder_tree._0867_/ZN (gf180mcu_fd_sc_mcu7t5v0__oai32_1)
     1    0.00                           core.adder_tree._0151_ (net)
                  0.79    0.00    8.73 ^ wire2/I (gf180mcu_fd_sc_mcu7t5v0__clkbuf_1)
                  0.19    0.35    9.08 ^ wire2/Z (gf180mcu_fd_sc_mcu7t5v0__clkbuf_1)
     2    0.01                           net1527 (net)
                  0.19    0.00    9.08 ^ max_cap1/I (gf180mcu_fd_sc_mcu7t5v0__clkbuf_1)
                  0.15    0.24    9.32 ^ max_cap1/Z (gf180mcu_fd_sc_mcu7t5v0__clkbuf_1)
     1    0.01                           net1526 (net)
                  0.15    0.00    9.32 ^ core.adder_tree._0928_/A2 (gf180mcu_fd_sc_mcu7t5v0__xnor3_1)
                  0.82    1.17   10.49 ^ core.adder_tree._0928_/ZN (gf180mcu_fd_sc_mcu7t5v0__xnor3_1)
     3    0.02                           core.adder_tree._0212_ (net)
                  0.82    0.00   10.49 ^ core.adder_tree._0929_/A2 (gf180mcu_fd_sc_mcu7t5v0__nor2_1)
                  0.33    0.22   10.71 v core.adder_tree._0929_/ZN (gf180mcu_fd_sc_mcu7t5v0__nor2_1)
     1    0.01                           core.adder_tree._0213_ (net)
                  0.33    0.00   10.71 v core.adder_tree._0932_/A2 (gf180mcu_fd_sc_mcu7t5v0__oai21_1)
                  0.60    0.45   11.17 ^ core.adder_tree._0932_/ZN (gf180mcu_fd_sc_mcu7t5v0__oai21_1)
     2    0.02                           core.adder_tree._0215_ (net)
                  0.60    0.00   11.17 ^ core.adder_tree._1002_/A1 (gf180mcu_fd_sc_mcu7t5v0__aoi21_2)
                  0.29    0.22   11.39 v core.adder_tree._1002_/ZN (gf180mcu_fd_sc_mcu7t5v0__aoi21_2)
     2    0.02                           core.adder_tree._0284_ (net)
                  0.29    0.00   11.39 v core.adder_tree._1134_/A1 (gf180mcu_fd_sc_mcu7t5v0__oai21_2)
                  0.64    0.47   11.86 ^ core.adder_tree._1134_/ZN (gf180mcu_fd_sc_mcu7t5v0__oai21_2)
     3    0.03                           core.adder_tree._0415_ (net)
                  0.64    0.00   11.86 ^ core.adder_tree._1270_/A2 (gf180mcu_fd_sc_mcu7t5v0__aoi221_2)
                  0.48    0.19   12.05 v core.adder_tree._1270_/ZN (gf180mcu_fd_sc_mcu7t5v0__aoi221_2)
     2    0.01                           core.adder_tree._0549_ (net)
                  0.48    0.00   12.05 v core.adder_tree._1273_/A3 (gf180mcu_fd_sc_mcu7t5v0__oai31_1)
                  0.70    0.56   12.61 ^ core.adder_tree._1273_/ZN (gf180mcu_fd_sc_mcu7t5v0__oai31_1)
     1    0.01                           core.adder_tree._0551_ (net)
                  0.70    0.00   12.61 ^ wire14/I (gf180mcu_fd_sc_mcu7t5v0__clkbuf_1)
                  0.27    0.39   13.00 ^ wire14/Z (gf180mcu_fd_sc_mcu7t5v0__clkbuf_1)
     2    0.01                           net14 (net)
                  0.27    0.00   13.00 ^ core.adder_tree._1342_/A1 (gf180mcu_fd_sc_mcu7t5v0__aoi21_1)
                  0.36    0.23   13.23 v core.adder_tree._1342_/ZN (gf180mcu_fd_sc_mcu7t5v0__aoi21_1)
     2    0.01                           core.adder_tree._0619_ (net)
                  0.36    0.00   13.23 v core.adder_tree._1409_/A1 (gf180mcu_fd_sc_mcu7t5v0__oai21_1)
                  0.34    0.30   13.53 ^ core.adder_tree._1409_/ZN (gf180mcu_fd_sc_mcu7t5v0__oai21_1)
     1    0.01                           core.adder_tree._0685_ (net)
                  0.34    0.00   13.53 ^ core.adder_tree._1439_/A1 (gf180mcu_fd_sc_mcu7t5v0__xor3_4)
                  1.22    1.95   15.48 ^ core.adder_tree._1439_/Z (gf180mcu_fd_sc_mcu7t5v0__xor3_4)
    32    0.30                           core.adder_tree.sum_out[11] (net)
                  1.23    0.06   15.54 ^ core.res_mem_inst.slot[12].slot_reg._078_/I (gf180mcu_fd_sc_mcu7t5v0__clkinv_1)
                  0.36    0.23   15.78 v core.res_mem_inst.slot[12].slot_reg._078_/ZN (gf180mcu_fd_sc_mcu7t5v0__clkinv_1)
     1    0.01                           core.res_mem_inst.slot[12].slot_reg._040_ (net)
                  0.36    0.00   15.78 v core.res_mem_inst.slot[12].slot_reg._105_/A1 (gf180mcu_fd_sc_mcu7t5v0__oai221_1)
                  0.44    0.30   16.08 ^ core.res_mem_inst.slot[12].slot_reg._105_/ZN (gf180mcu_fd_sc_mcu7t5v0__oai221_1)
     1    0.00                           core.res_mem_inst.slot[12].slot_reg._000_[11] (net)
                  0.44    0.00   16.08 ^ core.res_mem_inst.slot[12].slot_reg._128_/D (gf180mcu_fd_sc_mcu7t5v0__dffrnq_1)
                                 16.08   data arrival time

                         28.57   28.57   clock clk (rise edge)
                          0.00   28.57   clock source latency
                  0.39    0.21   28.78 ^ clk (in)
     1    0.09                           clk (net)
                  0.39    0.00   28.78 ^ clkbuf_0_clk/I (gf180mcu_fd_sc_mcu7t5v0__clkbuf_16)
                  0.31    0.41   29.19 ^ clkbuf_0_clk/Z (gf180mcu_fd_sc_mcu7t5v0__clkbuf_16)
    16    0.27                           clknet_0_clk (net)
                  0.32    0.01   29.20 ^ clkbuf_3_4_0_clk/I (gf180mcu_fd_sc_mcu7t5v0__clkbuf_8)
                  0.20    0.32   29.53 ^ clkbuf_3_4_0_clk/Z (gf180mcu_fd_sc_mcu7t5v0__clkbuf_8)
     4    0.07                           clknet_3_4_0_clk (net)
                  0.20    0.00   29.53 ^ clkbuf_4_9__f_clk/I (gf180mcu_fd_sc_mcu7t5v0__clkbuf_16)
                  0.45    0.45   29.98 ^ clkbuf_4_9__f_clk/Z (gf180mcu_fd_sc_mcu7t5v0__clkbuf_16)
    28    0.42                           clknet_4_9__leaf_clk (net)
                  0.46    0.01   29.99 ^ clkbuf_leaf_130_clk/I (gf180mcu_fd_sc_mcu7t5v0__clkbuf_16)
                  0.11    0.29   30.28 ^ clkbuf_leaf_130_clk/Z (gf180mcu_fd_sc_mcu7t5v0__clkbuf_16)
     6    0.03                           clknet_leaf_130_clk (net)
                  0.11    0.00   30.28 ^ core.res_mem_inst.slot[12].slot_reg._128_/CLK (gf180mcu_fd_sc_mcu7t5v0__dffrnq_1)
                         -0.25   30.03   clock uncertainty
                          0.07   30.10   clock reconvergence pessimism
                         -0.36   29.74   library setup time
                                 29.74   data required time
-----------------------------------------------------------------------------
                                 29.74   data required time
                                -16.08   data arrival time
-----------------------------------------------------------------------------
                                 13.66   slack (MET)




===========================================================================
report_checks --slack_max -0.01
============================================================================
======================= Fastest Corner ===================================

No paths found.

======================= Slowest Corner ===================================

No paths found.

======================= Typical Corner ===================================

No paths found.


===========================================================================
 report_check_types -max_slew -max_cap -max_fanout -violators
============================================================================
======================= Fastest Corner ===================================

max fanout

Pin                                   Limit Fanout  Slack
---------------------------------------------------------
fanout20/Z                               35     70    -35 (VIOLATED)
fanout21/Z                               35     70    -35 (VIOLATED)
fanout23/Z                               35     70    -35 (VIOLATED)
fanout24/Z                               35     70    -35 (VIOLATED)
fanout25/Z                               35     70    -35 (VIOLATED)
fanout29/Z                               35     70    -35 (VIOLATED)
fanout31/Z                               35     70    -35 (VIOLATED)
fanout32/Z                               35     70    -35 (VIOLATED)
fanout33/Z                               35     70    -35 (VIOLATED)
fanout35/Z                               35     70    -35 (VIOLATED)
fanout37/Z                               35     70    -35 (VIOLATED)
fanout38/Z                               35     70    -35 (VIOLATED)
fanout39/Z                               35     70    -35 (VIOLATED)
fanout40/Z                               35     70    -35 (VIOLATED)
fanout42/Z                               35     70    -35 (VIOLATED)
fanout45/Z                               35     70    -35 (VIOLATED)
fanout47/Z                               35     70    -35 (VIOLATED)
fanout49/Z                               35     70    -35 (VIOLATED)
fanout50/Z                               35     70    -35 (VIOLATED)
fanout51/Z                               35     70    -35 (VIOLATED)
fanout54/Z                               35     70    -35 (VIOLATED)
fanout55/Z                               35     70    -35 (VIOLATED)
fanout56/Z                               35     70    -35 (VIOLATED)
fanout58/Z                               35     70    -35 (VIOLATED)
fanout60/Z                               35     70    -35 (VIOLATED)
fanout61/Z                               35     70    -35 (VIOLATED)
fanout63/Z                               35     70    -35 (VIOLATED)
fanout66/Z                               35     70    -35 (VIOLATED)
fanout67/Z                               35     70    -35 (VIOLATED)
fanout68/Z                               35     70    -35 (VIOLATED)
fanout69/Z                               35     70    -35 (VIOLATED)
fanout70/Z                               35     70    -35 (VIOLATED)
fanout72/Z                               35     70    -35 (VIOLATED)
fanout73/Z                               35     70    -35 (VIOLATED)
fanout65/Z                               35     64    -29 (VIOLATED)
fanout27/Z                               35     62    -27 (VIOLATED)
fanout44/Z                               35     62    -27 (VIOLATED)
fanout36/Z                               35     58    -23 (VIOLATED)
fanout75/Z                               35     58    -23 (VIOLATED)
fanout22/Z                               35     56    -21 (VIOLATED)
fanout46/Z                               35     52    -17 (VIOLATED)
fanout71/Z                               35     52    -17 (VIOLATED)
core.bgc_0._08_/ZN                       35     48    -13 (VIOLATED)
core.bgc_1._08_/ZN                       35     48    -13 (VIOLATED)
core.bgc_10._08_/ZN                      35     48    -13 (VIOLATED)
core.bgc_11._08_/ZN                      35     48    -13 (VIOLATED)
core.bgc_12._08_/ZN                      35     48    -13 (VIOLATED)
core.bgc_13._08_/ZN                      35     48    -13 (VIOLATED)
core.bgc_14._08_/ZN                      35     48    -13 (VIOLATED)
core.bgc_15._08_/ZN                      35     48    -13 (VIOLATED)
core.bgc_2._08_/ZN                       35     48    -13 (VIOLATED)
core.bgc_3._08_/ZN                       35     48    -13 (VIOLATED)
core.bgc_4._08_/ZN                       35     48    -13 (VIOLATED)
core.bgc_5._08_/ZN                       35     48    -13 (VIOLATED)
core.bgc_6._08_/ZN                       35     48    -13 (VIOLATED)
core.bgc_7._08_/ZN                       35     48    -13 (VIOLATED)
core.bgc_8._08_/ZN                       35     48    -13 (VIOLATED)
core.bgc_9._08_/ZN                       35     48    -13 (VIOLATED)
fanout74/Z                               35     48    -13 (VIOLATED)
fanout30/Z                               35     46    -11 (VIOLATED)
fanout48/Z                               35     46    -11 (VIOLATED)
fanout62/Z                               35     46    -11 (VIOLATED)
fanout52/Z                               35     44     -9 (VIOLATED)
fanout64/Z                               35     42     -7 (VIOLATED)
fanout34/Z                               35     40     -5 (VIOLATED)
fanout43/Z                               35     40     -5 (VIOLATED)
fanout57/Z                               35     38     -3 (VIOLATED)
fanout59/Z                               35     38     -3 (VIOLATED)
fanout26/Z                               35     36        (VIOLATED)
fanout53/Z                               35     36        (VIOLATED)


======================= Slowest Corner ===================================

max fanout

Pin                                   Limit Fanout  Slack
---------------------------------------------------------
fanout20/Z                               35     70    -35 (VIOLATED)
fanout21/Z                               35     70    -35 (VIOLATED)
fanout23/Z                               35     70    -35 (VIOLATED)
fanout24/Z                               35     70    -35 (VIOLATED)
fanout25/Z                               35     70    -35 (VIOLATED)
fanout29/Z                               35     70    -35 (VIOLATED)
fanout31/Z                               35     70    -35 (VIOLATED)
fanout32/Z                               35     70    -35 (VIOLATED)
fanout33/Z                               35     70    -35 (VIOLATED)
fanout35/Z                               35     70    -35 (VIOLATED)
fanout37/Z                               35     70    -35 (VIOLATED)
fanout38/Z                               35     70    -35 (VIOLATED)
fanout39/Z                               35     70    -35 (VIOLATED)
fanout40/Z                               35     70    -35 (VIOLATED)
fanout42/Z                               35     70    -35 (VIOLATED)
fanout45/Z                               35     70    -35 (VIOLATED)
fanout47/Z                               35     70    -35 (VIOLATED)
fanout49/Z                               35     70    -35 (VIOLATED)
fanout50/Z                               35     70    -35 (VIOLATED)
fanout51/Z                               35     70    -35 (VIOLATED)
fanout54/Z                               35     70    -35 (VIOLATED)
fanout55/Z                               35     70    -35 (VIOLATED)
fanout56/Z                               35     70    -35 (VIOLATED)
fanout58/Z                               35     70    -35 (VIOLATED)
fanout60/Z                               35     70    -35 (VIOLATED)
fanout61/Z                               35     70    -35 (VIOLATED)
fanout63/Z                               35     70    -35 (VIOLATED)
fanout66/Z                               35     70    -35 (VIOLATED)
fanout67/Z                               35     70    -35 (VIOLATED)
fanout68/Z                               35     70    -35 (VIOLATED)
fanout69/Z                               35     70    -35 (VIOLATED)
fanout70/Z                               35     70    -35 (VIOLATED)
fanout72/Z                               35     70    -35 (VIOLATED)
fanout73/Z                               35     70    -35 (VIOLATED)
fanout65/Z                               35     64    -29 (VIOLATED)
fanout27/Z                               35     62    -27 (VIOLATED)
fanout44/Z                               35     62    -27 (VIOLATED)
fanout36/Z                               35     58    -23 (VIOLATED)
fanout75/Z                               35     58    -23 (VIOLATED)
fanout22/Z                               35     56    -21 (VIOLATED)
fanout46/Z                               35     52    -17 (VIOLATED)
fanout71/Z                               35     52    -17 (VIOLATED)
core.bgc_0._08_/ZN                       35     48    -13 (VIOLATED)
core.bgc_1._08_/ZN                       35     48    -13 (VIOLATED)
core.bgc_10._08_/ZN                      35     48    -13 (VIOLATED)
core.bgc_11._08_/ZN                      35     48    -13 (VIOLATED)
core.bgc_12._08_/ZN                      35     48    -13 (VIOLATED)
core.bgc_13._08_/ZN                      35     48    -13 (VIOLATED)
core.bgc_14._08_/ZN                      35     48    -13 (VIOLATED)
core.bgc_15._08_/ZN                      35     48    -13 (VIOLATED)
core.bgc_2._08_/ZN                       35     48    -13 (VIOLATED)
core.bgc_3._08_/ZN                       35     48    -13 (VIOLATED)
core.bgc_4._08_/ZN                       35     48    -13 (VIOLATED)
core.bgc_5._08_/ZN                       35     48    -13 (VIOLATED)
core.bgc_6._08_/ZN                       35     48    -13 (VIOLATED)
core.bgc_7._08_/ZN                       35     48    -13 (VIOLATED)
core.bgc_8._08_/ZN                       35     48    -13 (VIOLATED)
core.bgc_9._08_/ZN                       35     48    -13 (VIOLATED)
fanout74/Z                               35     48    -13 (VIOLATED)
fanout30/Z                               35     46    -11 (VIOLATED)
fanout48/Z                               35     46    -11 (VIOLATED)
fanout62/Z                               35     46    -11 (VIOLATED)
fanout52/Z                               35     44     -9 (VIOLATED)
fanout64/Z                               35     42     -7 (VIOLATED)
fanout34/Z                               35     40     -5 (VIOLATED)
fanout43/Z                               35     40     -5 (VIOLATED)
fanout57/Z                               35     38     -3 (VIOLATED)
fanout59/Z                               35     38     -3 (VIOLATED)
fanout26/Z                               35     36        (VIOLATED)
fanout53/Z                               35     36        (VIOLATED)


======================= Typical Corner ===================================

max fanout

Pin                                   Limit Fanout  Slack
---------------------------------------------------------
fanout20/Z                               35     70    -35 (VIOLATED)
fanout21/Z                               35     70    -35 (VIOLATED)
fanout23/Z                               35     70    -35 (VIOLATED)
fanout24/Z                               35     70    -35 (VIOLATED)
fanout25/Z                               35     70    -35 (VIOLATED)
fanout29/Z                               35     70    -35 (VIOLATED)
fanout31/Z                               35     70    -35 (VIOLATED)
fanout32/Z                               35     70    -35 (VIOLATED)
fanout33/Z                               35     70    -35 (VIOLATED)
fanout35/Z                               35     70    -35 (VIOLATED)
fanout37/Z                               35     70    -35 (VIOLATED)
fanout38/Z                               35     70    -35 (VIOLATED)
fanout39/Z                               35     70    -35 (VIOLATED)
fanout40/Z                               35     70    -35 (VIOLATED)
fanout42/Z                               35     70    -35 (VIOLATED)
fanout45/Z                               35     70    -35 (VIOLATED)
fanout47/Z                               35     70    -35 (VIOLATED)
fanout49/Z                               35     70    -35 (VIOLATED)
fanout50/Z                               35     70    -35 (VIOLATED)
fanout51/Z                               35     70    -35 (VIOLATED)
fanout54/Z                               35     70    -35 (VIOLATED)
fanout55/Z                               35     70    -35 (VIOLATED)
fanout56/Z                               35     70    -35 (VIOLATED)
fanout58/Z                               35     70    -35 (VIOLATED)
fanout60/Z                               35     70    -35 (VIOLATED)
fanout61/Z                               35     70    -35 (VIOLATED)
fanout63/Z                               35     70    -35 (VIOLATED)
fanout66/Z                               35     70    -35 (VIOLATED)
fanout67/Z                               35     70    -35 (VIOLATED)
fanout68/Z                               35     70    -35 (VIOLATED)
fanout69/Z                               35     70    -35 (VIOLATED)
fanout70/Z                               35     70    -35 (VIOLATED)
fanout72/Z                               35     70    -35 (VIOLATED)
fanout73/Z                               35     70    -35 (VIOLATED)
fanout65/Z                               35     64    -29 (VIOLATED)
fanout27/Z                               35     62    -27 (VIOLATED)
fanout44/Z                               35     62    -27 (VIOLATED)
fanout36/Z                               35     58    -23 (VIOLATED)
fanout75/Z                               35     58    -23 (VIOLATED)
fanout22/Z                               35     56    -21 (VIOLATED)
fanout46/Z                               35     52    -17 (VIOLATED)
fanout71/Z                               35     52    -17 (VIOLATED)
core.bgc_0._08_/ZN                       35     48    -13 (VIOLATED)
core.bgc_1._08_/ZN                       35     48    -13 (VIOLATED)
core.bgc_10._08_/ZN                      35     48    -13 (VIOLATED)
core.bgc_11._08_/ZN                      35     48    -13 (VIOLATED)
core.bgc_12._08_/ZN                      35     48    -13 (VIOLATED)
core.bgc_13._08_/ZN                      35     48    -13 (VIOLATED)
core.bgc_14._08_/ZN                      35     48    -13 (VIOLATED)
core.bgc_15._08_/ZN                      35     48    -13 (VIOLATED)
core.bgc_2._08_/ZN                       35     48    -13 (VIOLATED)
core.bgc_3._08_/ZN                       35     48    -13 (VIOLATED)
core.bgc_4._08_/ZN                       35     48    -13 (VIOLATED)
core.bgc_5._08_/ZN                       35     48    -13 (VIOLATED)
core.bgc_6._08_/ZN                       35     48    -13 (VIOLATED)
core.bgc_7._08_/ZN                       35     48    -13 (VIOLATED)
core.bgc_8._08_/ZN                       35     48    -13 (VIOLATED)
core.bgc_9._08_/ZN                       35     48    -13 (VIOLATED)
fanout74/Z                               35     48    -13 (VIOLATED)
fanout30/Z                               35     46    -11 (VIOLATED)
fanout48/Z                               35     46    -11 (VIOLATED)
fanout62/Z                               35     46    -11 (VIOLATED)
fanout52/Z                               35     44     -9 (VIOLATED)
fanout64/Z                               35     42     -7 (VIOLATED)
fanout34/Z                               35     40     -5 (VIOLATED)
fanout43/Z                               35     40     -5 (VIOLATED)
fanout57/Z                               35     38     -3 (VIOLATED)
fanout59/Z                               35     38     -3 (VIOLATED)
fanout26/Z                               35     36        (VIOLATED)
fanout53/Z                               35     36        (VIOLATED)



===========================================================================
report_parasitic_annotation -report_unannotated
============================================================================
Found 5 unannotated drivers.
 output_ready_IN
 spi_out0_IN
 spi_out1_IN
 spi_out2_IN
 spi_out3_IN
Found 0 partially unannotated drivers.

===========================================================================
max slew violation count 0
max fanout violation count 70
max cap violation count 0
============================================================================

===========================================================================
check_setup -verbose -unconstrained_endpoints -multiple_clock -no_clock -no_input_delay -loops -generated_clocks
===========================================================================
Warning: There are 58 unconstrained endpoints.
  clk_PD
  clk_PU
  input_ready_PD
  input_ready_PU
  load_row_or_col_PD
  load_row_or_col_PU
  output_ready_CS
  output_ready_IE
  output_ready_OE
  output_ready_PD
  output_ready_PDRV0
  output_ready_PDRV1
  output_ready_PU
  output_ready_SL
  output_valid_PD
  output_valid_PU
  rst_n_PD
  rst_n_PU
  spi_in0_PD
  spi_in0_PU
  spi_in1_PD
  spi_in1_PU
  spi_in2_PD
  spi_in2_PU
  spi_in3_PD
  spi_in3_PU
  spi_out0_CS
  spi_out0_IE
  spi_out0_OE
  spi_out0_PD
  spi_out0_PDRV0
  spi_out0_PDRV1
  spi_out0_PU
  spi_out0_SL
  spi_out1_CS
  spi_out1_IE
  spi_out1_OE
  spi_out1_PD
  spi_out1_PDRV0
  spi_out1_PDRV1
  spi_out1_PU
  spi_out1_SL
  spi_out2_CS
  spi_out2_IE
  spi_out2_OE
  spi_out2_PD
  spi_out2_PDRV0
  spi_out2_PDRV1
  spi_out2_PU
  spi_out2_SL
  spi_out3_CS
  spi_out3_IE
  spi_out3_OE
  spi_out3_PD
  spi_out3_PDRV0
  spi_out3_PDRV1
  spi_out3_PU
  spi_out3_SL
