OpenROAD 41a51eaf4ca2171c92ff38afb91eb37bbd3f36da 
This program is licensed under the BSD-3 license. See the LICENSE file for details.
Components of this program may be licensed under more restrictive licenses which must be honored.
[INFO]: Reading ODB at '/openlane/designs/Markov_Chain_Accelerator/runs/Mrqn-9-Sept/tmp/routing/19-diodes.odb'…
define_corners Typical
read_liberty -corner Typical /home/user/.ciel/gf180mcuC/libs.ref/gf180mcu_fd_sc_mcu7t5v0/lib/gf180mcu_fd_sc_mcu7t5v0__tt_025C_5v00.lib
Using 1e-12 for capacitance...
Using 1e+00 for resistance...
Using 1e-09 for time...
Using 1e+00 for voltage...
Using 1e-03 for current...
Using 1e-06 for power...
Using 1e-06 for distance...
Reading design constraints file at '/openlane/designs/Markov_Chain_Accelerator/runs/Mrqn-9-Sept/tmp/17-A06_BH_top_wrapper.sdc'…
Placement Analysis
---------------------------------
total displacement      24995.6 u
average displacement        1.2 u
max displacement           27.4 u
original HPWL          287657.1 u
legalized HPWL         298258.4 u
delta HPWL                    4 %

[INFO DPL-0020] Mirrored 5627 instances
[INFO DPL-0021] HPWL before          298258.4 u
[INFO DPL-0022] HPWL after           290047.5 u
[INFO DPL-0023] HPWL delta               -2.8 %
Setting global connections for newly added cells…
Writing OpenROAD database to '/openlane/designs/Markov_Chain_Accelerator/runs/Mrqn-9-Sept/tmp/routing/./19-diodes_legalized.odb'…
Writing netlist to '/openlane/designs/Markov_Chain_Accelerator/runs/Mrqn-9-Sept/tmp/routing/./19-diodes_legalized.nl.v'…
Writing powered netlist to '/openlane/designs/Markov_Chain_Accelerator/runs/Mrqn-9-Sept/tmp/routing/./19-diodes_legalized.pnl.v'…
Writing layout to '/openlane/designs/Markov_Chain_Accelerator/runs/Mrqn-9-Sept/tmp/routing/./19-diodes_legalized.def'…
