
===========================================================================
report_checks -unconstrained
===========================================================================
======================= Fastest Corner ===================================

Startpoint: rst_n (input port clocked by clk)
Endpoint: core.res_mem_inst.slot[13].slot_reg._121_
          (recovery check against rising-edge clock clk)
Path Group: asynchronous
Path Type: max
Corner: Fastest

Fanout     Cap    Slew   Delay    Time   Description
-----------------------------------------------------------------------------
                          0.00    0.00   clock clk (rise edge)
                          0.00    0.00   clock network delay (propagated)
                          5.71    5.71 ^ input external delay
                  0.08    0.03    5.75 ^ rst_n (in)
     1    0.00                           rst_n (net)
                  0.08    0.00    5.75 ^ input4/I (gf180mcu_fd_sc_mcu7t5v0__clkbuf_2)
                  0.24    0.27    6.02 ^ input4/Z (gf180mcu_fd_sc_mcu7t5v0__clkbuf_2)
     1    0.04                           net4 (net)
                  0.24    0.00    6.02 ^ fanout81/I (gf180mcu_fd_sc_mcu7t5v0__buf_16)
                  0.34    0.27    6.29 ^ fanout81/Z (gf180mcu_fd_sc_mcu7t5v0__buf_16)
    46    0.55                           net81 (net)
                  0.44    0.11    6.40 ^ fanout78/I (gf180mcu_fd_sc_mcu7t5v0__buf_8)
                  0.42    0.36    6.76 ^ fanout78/Z (gf180mcu_fd_sc_mcu7t5v0__buf_8)
    56    0.30                           net78 (net)
                  0.43    0.04    6.80 ^ core.res_mem_inst._063_/I (gf180mcu_fd_sc_mcu7t5v0__clkinv_1)
                  0.27    0.24    7.04 v core.res_mem_inst._063_/ZN (gf180mcu_fd_sc_mcu7t5v0__clkinv_1)
     1    0.02                           core.res_mem_inst._003_ (net)
                  0.27    0.00    7.04 v fanout40/I (gf180mcu_fd_sc_mcu7t5v0__buf_8)
                  0.25    0.32    7.36 v fanout40/Z (gf180mcu_fd_sc_mcu7t5v0__buf_8)
    40    0.29                           net40 (net)
                  0.26    0.03    7.39 v fanout35/I (gf180mcu_fd_sc_mcu7t5v0__clkbuf_8)
                  0.25    0.35    7.74 v fanout35/Z (gf180mcu_fd_sc_mcu7t5v0__clkbuf_8)
    42    0.17                           net35 (net)
                  0.26    0.01    7.75 v core.res_mem_inst.slot[13].slot_reg._110_/I (gf180mcu_fd_sc_mcu7t5v0__clkinv_1)
                  0.16    0.15    7.90 ^ core.res_mem_inst.slot[13].slot_reg._110_/ZN (gf180mcu_fd_sc_mcu7t5v0__clkinv_1)
     1    0.01                           core.res_mem_inst.slot[13].slot_reg._005_ (net)
                  0.16    0.00    7.90 ^ core.res_mem_inst.slot[13].slot_reg._121_/RN (gf180mcu_fd_sc_mcu7t5v0__dffrnq_1)
                                  7.90   data arrival time

                         28.57   28.57   clock clk (rise edge)
                          0.00   28.57   clock source latency
                  0.27    0.15   28.72 ^ clk (in)
     1    0.10                           clk (net)
                  0.28    0.00   28.72 ^ clkbuf_0_clk/I (gf180mcu_fd_sc_mcu7t5v0__clkbuf_16)
                  0.21    0.27   28.99 ^ clkbuf_0_clk/Z (gf180mcu_fd_sc_mcu7t5v0__clkbuf_16)
    16    0.28                           clknet_0_clk (net)
                  0.21    0.01   29.00 ^ clkbuf_3_2_0_clk/I (gf180mcu_fd_sc_mcu7t5v0__clkbuf_8)
                  0.13    0.21   29.21 ^ clkbuf_3_2_0_clk/Z (gf180mcu_fd_sc_mcu7t5v0__clkbuf_8)
     4    0.07                           clknet_3_2_0_clk (net)
                  0.13    0.00   29.21 ^ clkbuf_4_4__f_clk/I (gf180mcu_fd_sc_mcu7t5v0__clkbuf_16)
                  0.27    0.28   29.49 ^ clkbuf_4_4__f_clk/Z (gf180mcu_fd_sc_mcu7t5v0__clkbuf_16)
    26    0.38                           clknet_4_4__leaf_clk (net)
                  0.27    0.01   29.50 ^ clkbuf_leaf_29_clk/I (gf180mcu_fd_sc_mcu7t5v0__clkbuf_16)
                  0.06    0.18   29.68 ^ clkbuf_leaf_29_clk/Z (gf180mcu_fd_sc_mcu7t5v0__clkbuf_16)
     4    0.02                           clknet_leaf_29_clk (net)
                  0.06    0.00   29.68 ^ core.res_mem_inst.slot[13].slot_reg._121_/CLK (gf180mcu_fd_sc_mcu7t5v0__dffrnq_1)
                         -0.25   29.43   clock uncertainty
                          0.00   29.43   clock reconvergence pessimism
                          0.12   29.55   library recovery time
                                 29.55   data required time
-----------------------------------------------------------------------------
                                 29.55   data required time
                                 -7.90   data arrival time
-----------------------------------------------------------------------------
                                 21.65   slack (MET)


Startpoint: core.res_mem_inst.out_dec_inst._12_
            (rising edge-triggered flip-flop clocked by clk)
Endpoint: spi_out2_OUT (output port clocked by clk)
Path Group: clk
Path Type: max
Corner: Fastest

Fanout     Cap    Slew   Delay    Time   Description
-----------------------------------------------------------------------------
                          0.00    0.00   clock clk (rise edge)
                          0.00    0.00   clock source latency
                  0.27    0.17    0.17 ^ clk (in)
     1    0.10                           clk (net)
                  0.28    0.00    0.17 ^ clkbuf_0_clk/I (gf180mcu_fd_sc_mcu7t5v0__clkbuf_16)
                  0.21    0.30    0.47 ^ clkbuf_0_clk/Z (gf180mcu_fd_sc_mcu7t5v0__clkbuf_16)
    16    0.28                           clknet_0_clk (net)
                  0.21    0.01    0.48 ^ clkbuf_3_3_0_clk/I (gf180mcu_fd_sc_mcu7t5v0__clkbuf_8)
                  0.13    0.23    0.71 ^ clkbuf_3_3_0_clk/Z (gf180mcu_fd_sc_mcu7t5v0__clkbuf_8)
     4    0.07                           clknet_3_3_0_clk (net)
                  0.13    0.00    0.71 ^ clkbuf_4_6__f_clk/I (gf180mcu_fd_sc_mcu7t5v0__clkbuf_16)
                  0.28    0.31    1.02 ^ clkbuf_4_6__f_clk/Z (gf180mcu_fd_sc_mcu7t5v0__clkbuf_16)
    26    0.40                           clknet_4_6__leaf_clk (net)
                  0.28    0.01    1.04 ^ clkbuf_leaf_71_clk/I (gf180mcu_fd_sc_mcu7t5v0__clkbuf_16)
                  0.07    0.21    1.25 ^ clkbuf_leaf_71_clk/Z (gf180mcu_fd_sc_mcu7t5v0__clkbuf_16)
     7    0.04                           clknet_leaf_71_clk (net)
                  0.07    0.00    1.25 ^ core.res_mem_inst.out_dec_inst._12_/CLK (gf180mcu_fd_sc_mcu7t5v0__dffrnq_1)
                  0.47    0.80    2.05 ^ core.res_mem_inst.out_dec_inst._12_/Q (gf180mcu_fd_sc_mcu7t5v0__dffrnq_1)
     5    0.04                           core.res_mem_inst.out_active_select[1] (net)
                  0.47    0.00    2.05 ^ core.res_mem_inst.out_dec_inst._06_/A2 (gf180mcu_fd_sc_mcu7t5v0__and2_1)
                  0.38    0.40    2.45 ^ core.res_mem_inst.out_dec_inst._06_/Z (gf180mcu_fd_sc_mcu7t5v0__and2_1)
     2    0.03                           core.res_mem_inst.group_active[3] (net)
                  0.38    0.00    2.45 ^ core.res_mem_inst._056_/I (gf180mcu_fd_sc_mcu7t5v0__inv_2)
                  0.29    0.24    2.69 v core.res_mem_inst._056_/ZN (gf180mcu_fd_sc_mcu7t5v0__inv_2)
     8    0.07                           core.res_mem_inst._041_ (net)
                  0.29    0.00    2.69 v core.res_mem_inst._098_/A1 (gf180mcu_fd_sc_mcu7t5v0__oai31_2)
                  0.67    0.47    3.16 ^ core.res_mem_inst._098_/ZN (gf180mcu_fd_sc_mcu7t5v0__oai31_2)
     2    0.03                           core.res_mem_inst._017_ (net)
                  0.67    0.00    3.17 ^ core.res_mem_inst._099_/I0 (gf180mcu_fd_sc_mcu7t5v0__mux2_1)
                  0.24    0.34    3.51 ^ core.res_mem_inst._099_/Z (gf180mcu_fd_sc_mcu7t5v0__mux2_1)
     1    0.02                           core.res_mem_inst._018_ (net)
                  0.24    0.00    3.51 ^ core.res_mem_inst._100_/I0 (gf180mcu_fd_sc_mcu7t5v0__mux2_1)
                  0.34    0.38    3.89 ^ core.res_mem_inst._100_/Z (gf180mcu_fd_sc_mcu7t5v0__mux2_1)
     2    0.03                           net12 (net)
                  0.34    0.00    3.89 ^ output12/I (gf180mcu_fd_sc_mcu7t5v0__buf_3)
                  0.29    0.33    4.22 ^ output12/Z (gf180mcu_fd_sc_mcu7t5v0__buf_3)
     1    0.07                           spi_out2_OUT (net)
                  0.29    0.00    4.22 ^ spi_out2_OUT (out)
                                  4.22   data arrival time

                         28.57   28.57   clock clk (rise edge)
                          0.00   28.57   clock network delay (propagated)
                         -0.25   28.32   clock uncertainty
                          0.00   28.32   clock reconvergence pessimism
                         -5.71   22.61   output external delay
                                 22.61   data required time
-----------------------------------------------------------------------------
                                 22.61   data required time
                                 -4.22   data arrival time
-----------------------------------------------------------------------------
                                 18.39   slack (MET)



======================= Slowest Corner ===================================

Startpoint: rst_n (input port clocked by clk)
Endpoint: core.res_mem_inst.slot[13].slot_reg._121_
          (recovery check against rising-edge clock clk)
Path Group: asynchronous
Path Type: max
Corner: Slowest

Fanout     Cap    Slew   Delay    Time   Description
-----------------------------------------------------------------------------
                          0.00    0.00   clock clk (rise edge)
                          0.00    0.00   clock network delay (propagated)
                          5.71    5.71 ^ input external delay
                  0.22    0.08    5.79 ^ rst_n (in)
     1    0.00                           rst_n (net)
                  0.22    0.00    5.79 ^ input4/I (gf180mcu_fd_sc_mcu7t5v0__clkbuf_2)
                  0.62    0.74    6.54 ^ input4/Z (gf180mcu_fd_sc_mcu7t5v0__clkbuf_2)
     1    0.04                           net4 (net)
                  0.62    0.00    6.54 ^ fanout81/I (gf180mcu_fd_sc_mcu7t5v0__buf_16)
                  0.97    0.84    7.38 ^ fanout81/Z (gf180mcu_fd_sc_mcu7t5v0__buf_16)
    46    0.56                           net81 (net)
                  1.01    0.11    7.49 ^ fanout78/I (gf180mcu_fd_sc_mcu7t5v0__buf_8)
                  1.09    0.97    8.46 ^ fanout78/Z (gf180mcu_fd_sc_mcu7t5v0__buf_8)
    56    0.31                           net78 (net)
                  1.10    0.04    8.50 ^ core.res_mem_inst._063_/I (gf180mcu_fd_sc_mcu7t5v0__clkinv_1)
                  0.74    0.64    9.14 v core.res_mem_inst._063_/ZN (gf180mcu_fd_sc_mcu7t5v0__clkinv_1)
     1    0.02                           core.res_mem_inst._003_ (net)
                  0.74    0.00    9.14 v fanout40/I (gf180mcu_fd_sc_mcu7t5v0__buf_8)
                  0.63    0.89   10.03 v fanout40/Z (gf180mcu_fd_sc_mcu7t5v0__buf_8)
    40    0.30                           net40 (net)
                  0.63    0.03   10.06 v fanout35/I (gf180mcu_fd_sc_mcu7t5v0__clkbuf_8)
                  0.69    0.96   11.02 v fanout35/Z (gf180mcu_fd_sc_mcu7t5v0__clkbuf_8)
    42    0.18                           net35 (net)
                  0.69    0.01   11.03 v core.res_mem_inst.slot[13].slot_reg._110_/I (gf180mcu_fd_sc_mcu7t5v0__clkinv_1)
                  0.42    0.41   11.44 ^ core.res_mem_inst.slot[13].slot_reg._110_/ZN (gf180mcu_fd_sc_mcu7t5v0__clkinv_1)
     1    0.01                           core.res_mem_inst.slot[13].slot_reg._005_ (net)
                  0.42    0.00   11.44 ^ core.res_mem_inst.slot[13].slot_reg._121_/RN (gf180mcu_fd_sc_mcu7t5v0__dffrnq_1)
                                 11.44   data arrival time

                         28.57   28.57   clock clk (rise edge)
                          0.00   28.57   clock source latency
                  0.70    0.36   28.93 ^ clk (in)
     1    0.10                           clk (net)
                  0.70    0.00   28.93 ^ clkbuf_0_clk/I (gf180mcu_fd_sc_mcu7t5v0__clkbuf_16)
                  0.56    0.75   29.68 ^ clkbuf_0_clk/Z (gf180mcu_fd_sc_mcu7t5v0__clkbuf_16)
    16    0.28                           clknet_0_clk (net)
                  0.56    0.01   29.69 ^ clkbuf_3_2_0_clk/I (gf180mcu_fd_sc_mcu7t5v0__clkbuf_8)
                  0.34    0.58   30.28 ^ clkbuf_3_2_0_clk/Z (gf180mcu_fd_sc_mcu7t5v0__clkbuf_8)
     4    0.07                           clknet_3_2_0_clk (net)
                  0.34    0.00   30.28 ^ clkbuf_4_4__f_clk/I (gf180mcu_fd_sc_mcu7t5v0__clkbuf_16)
                  0.72    0.77   31.05 ^ clkbuf_4_4__f_clk/Z (gf180mcu_fd_sc_mcu7t5v0__clkbuf_16)
    26    0.38                           clknet_4_4__leaf_clk (net)
                  0.72    0.01   31.06 ^ clkbuf_leaf_29_clk/I (gf180mcu_fd_sc_mcu7t5v0__clkbuf_16)
                  0.17    0.49   31.56 ^ clkbuf_leaf_29_clk/Z (gf180mcu_fd_sc_mcu7t5v0__clkbuf_16)
     4    0.02                           clknet_leaf_29_clk (net)
                  0.17    0.00   31.56 ^ core.res_mem_inst.slot[13].slot_reg._121_/CLK (gf180mcu_fd_sc_mcu7t5v0__dffrnq_1)
                         -0.25   31.31   clock uncertainty
                          0.00   31.31   clock reconvergence pessimism
                          0.41   31.72   library recovery time
                                 31.72   data required time
-----------------------------------------------------------------------------
                                 31.72   data required time
                                -11.44   data arrival time
-----------------------------------------------------------------------------
                                 20.28   slack (MET)


Startpoint: core.bgc_0.final_counter._70_
            (rising edge-triggered flip-flop clocked by clk)
Endpoint: core.res_mem_inst.slot[13].slot_reg._128_
          (rising edge-triggered flip-flop clocked by clk)
Path Group: clk
Path Type: max
Corner: Slowest

Fanout     Cap    Slew   Delay    Time   Description
-----------------------------------------------------------------------------
                          0.00    0.00   clock clk (rise edge)
                          0.00    0.00   clock source latency
                  0.70    0.40    0.40 ^ clk (in)
     1    0.10                           clk (net)
                  0.70    0.00    0.40 ^ clkbuf_0_clk/I (gf180mcu_fd_sc_mcu7t5v0__clkbuf_16)
                  0.56    0.83    1.23 ^ clkbuf_0_clk/Z (gf180mcu_fd_sc_mcu7t5v0__clkbuf_16)
    16    0.28                           clknet_0_clk (net)
                  0.56    0.01    1.25 ^ clkbuf_3_4_0_clk/I (gf180mcu_fd_sc_mcu7t5v0__clkbuf_8)
                  0.37    0.66    1.91 ^ clkbuf_3_4_0_clk/Z (gf180mcu_fd_sc_mcu7t5v0__clkbuf_8)
     4    0.08                           clknet_3_4_0_clk (net)
                  0.37    0.00    1.91 ^ clkbuf_4_8__f_clk/I (gf180mcu_fd_sc_mcu7t5v0__clkbuf_16)
                  0.79    0.90    2.82 ^ clkbuf_4_8__f_clk/Z (gf180mcu_fd_sc_mcu7t5v0__clkbuf_16)
    28    0.43                           clknet_4_8__leaf_clk (net)
                  0.79    0.01    2.83 ^ clkbuf_leaf_169_clk/I (gf180mcu_fd_sc_mcu7t5v0__clkbuf_16)
                  0.19    0.58    3.41 ^ clkbuf_leaf_169_clk/Z (gf180mcu_fd_sc_mcu7t5v0__clkbuf_16)
     7    0.04                           clknet_leaf_169_clk (net)
                  0.19    0.00    3.41 ^ core.bgc_0.final_counter._70_/CLK (gf180mcu_fd_sc_mcu7t5v0__dffrnq_1)
                  0.55    1.64    5.05 v core.bgc_0.final_counter._70_/Q (gf180mcu_fd_sc_mcu7t5v0__dffrnq_1)
     6    0.03                           core.adder_tree.r[0][1] (net)
                  0.55    0.00    5.05 v core.adder_tree._0758_/A2 (gf180mcu_fd_sc_mcu7t5v0__xor3_1)
                  0.73    2.35    7.40 v core.adder_tree._0758_/Z (gf180mcu_fd_sc_mcu7t5v0__xor3_1)
     3    0.02                           core.adder_tree._0043_ (net)
                  0.73    0.00    7.40 v core.adder_tree._0766_/A2 (gf180mcu_fd_sc_mcu7t5v0__xor3_1)
                  0.46    2.25    9.66 v core.adder_tree._0766_/Z (gf180mcu_fd_sc_mcu7t5v0__xor3_1)
     1    0.00                           core.adder_tree._0051_ (net)
                  0.46    0.00    9.66 v wire21/I (gf180mcu_fd_sc_mcu7t5v0__buf_1)
                  0.52    0.81   10.47 v wire21/Z (gf180mcu_fd_sc_mcu7t5v0__buf_1)
     3    0.03                           net21 (net)
                  0.52    0.00   10.47 v core.adder_tree._0779_/A2 (gf180mcu_fd_sc_mcu7t5v0__xnor3_1)
                  0.93    2.08   12.55 v core.adder_tree._0779_/ZN (gf180mcu_fd_sc_mcu7t5v0__xnor3_1)
     3    0.02                           core.adder_tree._0064_ (net)
                  0.93    0.00   12.55 v core.adder_tree._0796_/A2 (gf180mcu_fd_sc_mcu7t5v0__xor3_1)
                  0.68    2.48   15.03 v core.adder_tree._0796_/Z (gf180mcu_fd_sc_mcu7t5v0__xor3_1)
     2    0.02                           core.adder_tree._0081_ (net)
                  0.68    0.00   15.03 v core.adder_tree._0798_/A2 (gf180mcu_fd_sc_mcu7t5v0__xnor2_1)
                  0.84    0.98   16.01 v core.adder_tree._0798_/ZN (gf180mcu_fd_sc_mcu7t5v0__xnor2_1)
     2    0.02                           core.adder_tree._0083_ (net)
                  0.84    0.00   16.01 v core.adder_tree._0804_/A1 (gf180mcu_fd_sc_mcu7t5v0__oai21_2)
                  0.86    0.78   16.79 ^ core.adder_tree._0804_/ZN (gf180mcu_fd_sc_mcu7t5v0__oai21_2)
     3    0.02                           core.adder_tree._0089_ (net)
                  0.86    0.00   16.79 ^ core.adder_tree._0862_/A2 (gf180mcu_fd_sc_mcu7t5v0__xnor3_1)
                  1.15    2.13   18.92 ^ core.adder_tree._0862_/ZN (gf180mcu_fd_sc_mcu7t5v0__xnor3_1)
     2    0.01                           core.adder_tree._0147_ (net)
                  1.15    0.00   18.92 ^ core.adder_tree._0863_/A2 (gf180mcu_fd_sc_mcu7t5v0__nand2_1)
                  0.54    0.39   19.30 v core.adder_tree._0863_/ZN (gf180mcu_fd_sc_mcu7t5v0__nand2_1)
     2    0.01                           core.adder_tree._0148_ (net)
                  0.54    0.00   19.30 v core.adder_tree._0932_/A1 (gf180mcu_fd_sc_mcu7t5v0__oai21_1)
                  1.15    0.84   20.15 ^ core.adder_tree._0932_/ZN (gf180mcu_fd_sc_mcu7t5v0__oai21_1)
     2    0.02                           core.adder_tree._0215_ (net)
                  1.15    0.00   20.15 ^ core.adder_tree._1002_/A1 (gf180mcu_fd_sc_mcu7t5v0__aoi21_2)
                  0.55    0.43   20.58 v core.adder_tree._1002_/ZN (gf180mcu_fd_sc_mcu7t5v0__aoi21_2)
     2    0.02                           core.adder_tree._0284_ (net)
                  0.55    0.00   20.58 v core.adder_tree._1134_/A1 (gf180mcu_fd_sc_mcu7t5v0__oai21_2)
                  1.06    0.80   21.38 ^ core.adder_tree._1134_/ZN (gf180mcu_fd_sc_mcu7t5v0__oai21_2)
     3    0.03                           core.adder_tree._0415_ (net)
                  1.06    0.00   21.38 ^ core.adder_tree._1270_/A2 (gf180mcu_fd_sc_mcu7t5v0__aoi221_2)
                  0.73    0.36   21.74 v core.adder_tree._1270_/ZN (gf180mcu_fd_sc_mcu7t5v0__aoi221_2)
     2    0.01                           core.adder_tree._0549_ (net)
                  0.73    0.00   21.74 v core.adder_tree._1273_/A3 (gf180mcu_fd_sc_mcu7t5v0__oai31_1)
                  1.91    1.39   23.13 ^ core.adder_tree._1273_/ZN (gf180mcu_fd_sc_mcu7t5v0__oai31_1)
     2    0.01                           core.adder_tree._0551_ (net)
                  1.91    0.00   23.13 ^ core.adder_tree._1342_/A1 (gf180mcu_fd_sc_mcu7t5v0__aoi21_1)
                  0.78    0.53   23.66 v core.adder_tree._1342_/ZN (gf180mcu_fd_sc_mcu7t5v0__aoi21_1)
     2    0.01                           core.adder_tree._0619_ (net)
                  0.78    0.00   23.66 v core.adder_tree._1409_/A1 (gf180mcu_fd_sc_mcu7t5v0__oai21_1)
                  0.66    0.62   24.28 ^ core.adder_tree._1409_/ZN (gf180mcu_fd_sc_mcu7t5v0__oai21_1)
     1    0.01                           core.adder_tree._0685_ (net)
                  0.66    0.00   24.28 ^ core.adder_tree._1439_/A1 (gf180mcu_fd_sc_mcu7t5v0__xor3_4)
                  1.82    3.52   27.81 ^ core.adder_tree._1439_/Z (gf180mcu_fd_sc_mcu7t5v0__xor3_4)
    32    0.26                           core.adder_tree.sum_out[11] (net)
                  1.82    0.03   27.84 ^ core.res_mem_inst.slot[13].slot_reg._078_/I (gf180mcu_fd_sc_mcu7t5v0__clkinv_1)
                  0.59    0.42   28.26 v core.res_mem_inst.slot[13].slot_reg._078_/ZN (gf180mcu_fd_sc_mcu7t5v0__clkinv_1)
     1    0.01                           core.res_mem_inst.slot[13].slot_reg._040_ (net)
                  0.59    0.00   28.26 v core.res_mem_inst.slot[13].slot_reg._105_/A1 (gf180mcu_fd_sc_mcu7t5v0__oai221_1)
                  0.81    0.55   28.82 ^ core.res_mem_inst.slot[13].slot_reg._105_/ZN (gf180mcu_fd_sc_mcu7t5v0__oai221_1)
     1    0.00                           core.res_mem_inst.slot[13].slot_reg._000_[11] (net)
                  0.81    0.00   28.82 ^ core.res_mem_inst.slot[13].slot_reg._128_/D (gf180mcu_fd_sc_mcu7t5v0__dffrnq_1)
                                 28.82   data arrival time

                         28.57   28.57   clock clk (rise edge)
                          0.00   28.57   clock source latency
                  0.70    0.36   28.93 ^ clk (in)
     1    0.10                           clk (net)
                  0.70    0.00   28.93 ^ clkbuf_0_clk/I (gf180mcu_fd_sc_mcu7t5v0__clkbuf_16)
                  0.56    0.75   29.68 ^ clkbuf_0_clk/Z (gf180mcu_fd_sc_mcu7t5v0__clkbuf_16)
    16    0.28                           clknet_0_clk (net)
                  0.56    0.01   29.69 ^ clkbuf_3_3_0_clk/I (gf180mcu_fd_sc_mcu7t5v0__clkbuf_8)
                  0.34    0.58   30.28 ^ clkbuf_3_3_0_clk/Z (gf180mcu_fd_sc_mcu7t5v0__clkbuf_8)
     4    0.07                           clknet_3_3_0_clk (net)
                  0.34    0.00   30.28 ^ clkbuf_4_6__f_clk/I (gf180mcu_fd_sc_mcu7t5v0__clkbuf_16)
                  0.75    0.79   31.07 ^ clkbuf_4_6__f_clk/Z (gf180mcu_fd_sc_mcu7t5v0__clkbuf_16)
    26    0.40                           clknet_4_6__leaf_clk (net)
                  0.75    0.01   31.07 ^ clkbuf_leaf_69_clk/I (gf180mcu_fd_sc_mcu7t5v0__clkbuf_16)
                  0.20    0.52   31.60 ^ clkbuf_leaf_69_clk/Z (gf180mcu_fd_sc_mcu7t5v0__clkbuf_16)
    10    0.04                           clknet_leaf_69_clk (net)
                  0.20    0.00   31.60 ^ core.res_mem_inst.slot[13].slot_reg._128_/CLK (gf180mcu_fd_sc_mcu7t5v0__dffrnq_1)
                         -0.25   31.35   clock uncertainty
                          0.12   31.46   clock reconvergence pessimism
                         -0.70   30.76   library setup time
                                 30.76   data required time
-----------------------------------------------------------------------------
                                 30.76   data required time
                                -28.82   data arrival time
-----------------------------------------------------------------------------
                                  1.95   slack (MET)



======================= Typical Corner ===================================

Startpoint: rst_n (input port clocked by clk)
Endpoint: core.res_mem_inst.slot[13].slot_reg._121_
          (recovery check against rising-edge clock clk)
Path Group: asynchronous
Path Type: max
Corner: Typical

Fanout     Cap    Slew   Delay    Time   Description
-----------------------------------------------------------------------------
                          0.00    0.00   clock clk (rise edge)
                          0.00    0.00   clock network delay (propagated)
                          5.71    5.71 ^ input external delay
                  0.13    0.05    5.76 ^ rst_n (in)
     1    0.00                           rst_n (net)
                  0.13    0.00    5.76 ^ input4/I (gf180mcu_fd_sc_mcu7t5v0__clkbuf_2)
                  0.36    0.42    6.18 ^ input4/Z (gf180mcu_fd_sc_mcu7t5v0__clkbuf_2)
     1    0.04                           net4 (net)
                  0.36    0.00    6.18 ^ fanout81/I (gf180mcu_fd_sc_mcu7t5v0__buf_16)
                  0.54    0.45    6.63 ^ fanout81/Z (gf180mcu_fd_sc_mcu7t5v0__buf_16)
    46    0.56                           net81 (net)
                  0.61    0.11    6.75 ^ fanout78/I (gf180mcu_fd_sc_mcu7t5v0__buf_8)
                  0.64    0.55    7.30 ^ fanout78/Z (gf180mcu_fd_sc_mcu7t5v0__buf_8)
    56    0.31                           net78 (net)
                  0.64    0.04    7.34 ^ core.res_mem_inst._063_/I (gf180mcu_fd_sc_mcu7t5v0__clkinv_1)
                  0.41    0.37    7.70 v core.res_mem_inst._063_/ZN (gf180mcu_fd_sc_mcu7t5v0__clkinv_1)
     1    0.02                           core.res_mem_inst._003_ (net)
                  0.41    0.00    7.70 v fanout40/I (gf180mcu_fd_sc_mcu7t5v0__buf_8)
                  0.37    0.50    8.20 v fanout40/Z (gf180mcu_fd_sc_mcu7t5v0__buf_8)
    40    0.29                           net40 (net)
                  0.38    0.03    8.23 v fanout35/I (gf180mcu_fd_sc_mcu7t5v0__clkbuf_8)
                  0.39    0.54    8.77 v fanout35/Z (gf180mcu_fd_sc_mcu7t5v0__clkbuf_8)
    42    0.17                           net35 (net)
                  0.39    0.01    8.78 v core.res_mem_inst.slot[13].slot_reg._110_/I (gf180mcu_fd_sc_mcu7t5v0__clkinv_1)
                  0.24    0.23    9.01 ^ core.res_mem_inst.slot[13].slot_reg._110_/ZN (gf180mcu_fd_sc_mcu7t5v0__clkinv_1)
     1    0.01                           core.res_mem_inst.slot[13].slot_reg._005_ (net)
                  0.24    0.00    9.01 ^ core.res_mem_inst.slot[13].slot_reg._121_/RN (gf180mcu_fd_sc_mcu7t5v0__dffrnq_1)
                                  9.01   data arrival time

                         28.57   28.57   clock clk (rise edge)
                          0.00   28.57   clock source latency
                  0.41    0.22   28.79 ^ clk (in)
     1    0.10                           clk (net)
                  0.42    0.00   28.79 ^ clkbuf_0_clk/I (gf180mcu_fd_sc_mcu7t5v0__clkbuf_16)
                  0.32    0.42   29.21 ^ clkbuf_0_clk/Z (gf180mcu_fd_sc_mcu7t5v0__clkbuf_16)
    16    0.28                           clknet_0_clk (net)
                  0.32    0.01   29.22 ^ clkbuf_3_2_0_clk/I (gf180mcu_fd_sc_mcu7t5v0__clkbuf_8)
                  0.19    0.33   29.54 ^ clkbuf_3_2_0_clk/Z (gf180mcu_fd_sc_mcu7t5v0__clkbuf_8)
     4    0.07                           clknet_3_2_0_clk (net)
                  0.19    0.00   29.55 ^ clkbuf_4_4__f_clk/I (gf180mcu_fd_sc_mcu7t5v0__clkbuf_16)
                  0.42    0.43   29.98 ^ clkbuf_4_4__f_clk/Z (gf180mcu_fd_sc_mcu7t5v0__clkbuf_16)
    26    0.38                           clknet_4_4__leaf_clk (net)
                  0.42    0.01   29.99 ^ clkbuf_leaf_29_clk/I (gf180mcu_fd_sc_mcu7t5v0__clkbuf_16)
                  0.09    0.27   30.27 ^ clkbuf_leaf_29_clk/Z (gf180mcu_fd_sc_mcu7t5v0__clkbuf_16)
     4    0.02                           clknet_leaf_29_clk (net)
                  0.09    0.00   30.27 ^ core.res_mem_inst.slot[13].slot_reg._121_/CLK (gf180mcu_fd_sc_mcu7t5v0__dffrnq_1)
                         -0.25   30.02   clock uncertainty
                          0.00   30.02   clock reconvergence pessimism
                          0.21   30.23   library recovery time
                                 30.23   data required time
-----------------------------------------------------------------------------
                                 30.23   data required time
                                 -9.01   data arrival time
-----------------------------------------------------------------------------
                                 21.22   slack (MET)


Startpoint: core.bgc_0.final_counter._70_
            (rising edge-triggered flip-flop clocked by clk)
Endpoint: core.res_mem_inst.slot[13].slot_reg._128_
          (rising edge-triggered flip-flop clocked by clk)
Path Group: clk
Path Type: max
Corner: Typical

Fanout     Cap    Slew   Delay    Time   Description
-----------------------------------------------------------------------------
                          0.00    0.00   clock clk (rise edge)
                          0.00    0.00   clock source latency
                  0.41    0.24    0.24 ^ clk (in)
     1    0.10                           clk (net)
                  0.42    0.00    0.24 ^ clkbuf_0_clk/I (gf180mcu_fd_sc_mcu7t5v0__clkbuf_16)
                  0.32    0.46    0.71 ^ clkbuf_0_clk/Z (gf180mcu_fd_sc_mcu7t5v0__clkbuf_16)
    16    0.28                           clknet_0_clk (net)
                  0.32    0.01    0.72 ^ clkbuf_3_4_0_clk/I (gf180mcu_fd_sc_mcu7t5v0__clkbuf_8)
                  0.21    0.37    1.09 ^ clkbuf_3_4_0_clk/Z (gf180mcu_fd_sc_mcu7t5v0__clkbuf_8)
     4    0.08                           clknet_3_4_0_clk (net)
                  0.21    0.00    1.10 ^ clkbuf_4_8__f_clk/I (gf180mcu_fd_sc_mcu7t5v0__clkbuf_16)
                  0.46    0.51    1.60 ^ clkbuf_4_8__f_clk/Z (gf180mcu_fd_sc_mcu7t5v0__clkbuf_16)
    28    0.42                           clknet_4_8__leaf_clk (net)
                  0.46    0.01    1.61 ^ clkbuf_leaf_169_clk/I (gf180mcu_fd_sc_mcu7t5v0__clkbuf_16)
                  0.11    0.32    1.94 ^ clkbuf_leaf_169_clk/Z (gf180mcu_fd_sc_mcu7t5v0__clkbuf_16)
     7    0.04                           clknet_leaf_169_clk (net)
                  0.11    0.00    1.94 ^ core.bgc_0.final_counter._70_/CLK (gf180mcu_fd_sc_mcu7t5v0__dffrnq_1)
                  0.33    0.89    2.83 v core.bgc_0.final_counter._70_/Q (gf180mcu_fd_sc_mcu7t5v0__dffrnq_1)
     6    0.03                           core.adder_tree.r[0][1] (net)
                  0.33    0.00    2.83 v core.adder_tree._0758_/A2 (gf180mcu_fd_sc_mcu7t5v0__xor3_1)
                  0.39    1.25    4.08 v core.adder_tree._0758_/Z (gf180mcu_fd_sc_mcu7t5v0__xor3_1)
     3    0.02                           core.adder_tree._0043_ (net)
                  0.39    0.00    4.08 v core.adder_tree._0766_/A2 (gf180mcu_fd_sc_mcu7t5v0__xor3_1)
                  0.25    1.18    5.27 v core.adder_tree._0766_/Z (gf180mcu_fd_sc_mcu7t5v0__xor3_1)
     1    0.00                           core.adder_tree._0051_ (net)
                  0.25    0.00    5.27 v wire21/I (gf180mcu_fd_sc_mcu7t5v0__buf_1)
                  0.30    0.45    5.72 v wire21/Z (gf180mcu_fd_sc_mcu7t5v0__buf_1)
     3    0.03                           net21 (net)
                  0.30    0.00    5.72 v core.adder_tree._0779_/A2 (gf180mcu_fd_sc_mcu7t5v0__xnor3_1)
                  0.51    1.11    6.83 v core.adder_tree._0779_/ZN (gf180mcu_fd_sc_mcu7t5v0__xnor3_1)
     3    0.02                           core.adder_tree._0064_ (net)
                  0.51    0.00    6.83 v core.adder_tree._0796_/A2 (gf180mcu_fd_sc_mcu7t5v0__xor3_1)
                  0.37    1.31    8.15 v core.adder_tree._0796_/Z (gf180mcu_fd_sc_mcu7t5v0__xor3_1)
     2    0.02                           core.adder_tree._0081_ (net)
                  0.37    0.00    8.15 v core.adder_tree._0798_/A2 (gf180mcu_fd_sc_mcu7t5v0__xnor2_1)
                  0.46    0.53    8.68 v core.adder_tree._0798_/ZN (gf180mcu_fd_sc_mcu7t5v0__xnor2_1)
     2    0.02                           core.adder_tree._0083_ (net)
                  0.46    0.00    8.68 v core.adder_tree._0804_/A1 (gf180mcu_fd_sc_mcu7t5v0__oai21_2)
                  0.47    0.42    9.09 ^ core.adder_tree._0804_/ZN (gf180mcu_fd_sc_mcu7t5v0__oai21_2)
     3    0.02                           core.adder_tree._0089_ (net)
                  0.47    0.00    9.09 ^ core.adder_tree._0862_/A2 (gf180mcu_fd_sc_mcu7t5v0__xnor3_1)
                  0.63    1.11   10.20 ^ core.adder_tree._0862_/ZN (gf180mcu_fd_sc_mcu7t5v0__xnor3_1)
     2    0.01                           core.adder_tree._0147_ (net)
                  0.63    0.00   10.20 ^ core.adder_tree._0863_/A2 (gf180mcu_fd_sc_mcu7t5v0__nand2_1)
                  0.30    0.21   10.42 v core.adder_tree._0863_/ZN (gf180mcu_fd_sc_mcu7t5v0__nand2_1)
     2    0.01                           core.adder_tree._0148_ (net)
                  0.30    0.00   10.42 v core.adder_tree._0932_/A1 (gf180mcu_fd_sc_mcu7t5v0__oai21_1)
                  0.62    0.46   10.88 ^ core.adder_tree._0932_/ZN (gf180mcu_fd_sc_mcu7t5v0__oai21_1)
     2    0.02                           core.adder_tree._0215_ (net)
                  0.62    0.00   10.88 ^ core.adder_tree._1002_/A1 (gf180mcu_fd_sc_mcu7t5v0__aoi21_2)
                  0.30    0.23   11.10 v core.adder_tree._1002_/ZN (gf180mcu_fd_sc_mcu7t5v0__aoi21_2)
     2    0.02                           core.adder_tree._0284_ (net)
                  0.30    0.00   11.10 v core.adder_tree._1134_/A1 (gf180mcu_fd_sc_mcu7t5v0__oai21_2)
                  0.58    0.43   11.54 ^ core.adder_tree._1134_/ZN (gf180mcu_fd_sc_mcu7t5v0__oai21_2)
     3    0.03                           core.adder_tree._0415_ (net)
                  0.58    0.00   11.54 ^ core.adder_tree._1270_/A2 (gf180mcu_fd_sc_mcu7t5v0__aoi221_2)
                  0.40    0.19   11.73 v core.adder_tree._1270_/ZN (gf180mcu_fd_sc_mcu7t5v0__aoi221_2)
     2    0.01                           core.adder_tree._0549_ (net)
                  0.40    0.00   11.73 v core.adder_tree._1273_/A3 (gf180mcu_fd_sc_mcu7t5v0__oai31_1)
                  1.00    0.73   12.46 ^ core.adder_tree._1273_/ZN (gf180mcu_fd_sc_mcu7t5v0__oai31_1)
     2    0.01                           core.adder_tree._0551_ (net)
                  1.00    0.00   12.46 ^ core.adder_tree._1342_/A1 (gf180mcu_fd_sc_mcu7t5v0__aoi21_1)
                  0.43    0.28   12.74 v core.adder_tree._1342_/ZN (gf180mcu_fd_sc_mcu7t5v0__aoi21_1)
     2    0.01                           core.adder_tree._0619_ (net)
                  0.43    0.00   12.74 v core.adder_tree._1409_/A1 (gf180mcu_fd_sc_mcu7t5v0__oai21_1)
                  0.36    0.34   13.07 ^ core.adder_tree._1409_/ZN (gf180mcu_fd_sc_mcu7t5v0__oai21_1)
     1    0.01                           core.adder_tree._0685_ (net)
                  0.36    0.00   13.07 ^ core.adder_tree._1439_/A1 (gf180mcu_fd_sc_mcu7t5v0__xor3_4)
                  1.06    1.87   14.94 ^ core.adder_tree._1439_/Z (gf180mcu_fd_sc_mcu7t5v0__xor3_4)
    32    0.26                           core.adder_tree.sum_out[11] (net)
                  1.07    0.03   14.98 ^ core.res_mem_inst.slot[13].slot_reg._078_/I (gf180mcu_fd_sc_mcu7t5v0__clkinv_1)
                  0.33    0.24   15.21 v core.res_mem_inst.slot[13].slot_reg._078_/ZN (gf180mcu_fd_sc_mcu7t5v0__clkinv_1)
     1    0.01                           core.res_mem_inst.slot[13].slot_reg._040_ (net)
                  0.33    0.00   15.21 v core.res_mem_inst.slot[13].slot_reg._105_/A1 (gf180mcu_fd_sc_mcu7t5v0__oai221_1)
                  0.45    0.30   15.52 ^ core.res_mem_inst.slot[13].slot_reg._105_/ZN (gf180mcu_fd_sc_mcu7t5v0__oai221_1)
     1    0.00                           core.res_mem_inst.slot[13].slot_reg._000_[11] (net)
                  0.45    0.00   15.52 ^ core.res_mem_inst.slot[13].slot_reg._128_/D (gf180mcu_fd_sc_mcu7t5v0__dffrnq_1)
                                 15.52   data arrival time

                         28.57   28.57   clock clk (rise edge)
                          0.00   28.57   clock source latency
                  0.41    0.22   28.79 ^ clk (in)
     1    0.10                           clk (net)
                  0.42    0.00   28.79 ^ clkbuf_0_clk/I (gf180mcu_fd_sc_mcu7t5v0__clkbuf_16)
                  0.32    0.42   29.21 ^ clkbuf_0_clk/Z (gf180mcu_fd_sc_mcu7t5v0__clkbuf_16)
    16    0.28                           clknet_0_clk (net)
                  0.32    0.01   29.22 ^ clkbuf_3_3_0_clk/I (gf180mcu_fd_sc_mcu7t5v0__clkbuf_8)
                  0.19    0.33   29.54 ^ clkbuf_3_3_0_clk/Z (gf180mcu_fd_sc_mcu7t5v0__clkbuf_8)
     4    0.07                           clknet_3_3_0_clk (net)
                  0.19    0.00   29.55 ^ clkbuf_4_6__f_clk/I (gf180mcu_fd_sc_mcu7t5v0__clkbuf_16)
                  0.43    0.44   29.99 ^ clkbuf_4_6__f_clk/Z (gf180mcu_fd_sc_mcu7t5v0__clkbuf_16)
    26    0.40                           clknet_4_6__leaf_clk (net)
                  0.43    0.01   29.99 ^ clkbuf_leaf_69_clk/I (gf180mcu_fd_sc_mcu7t5v0__clkbuf_16)
                  0.11    0.29   30.28 ^ clkbuf_leaf_69_clk/Z (gf180mcu_fd_sc_mcu7t5v0__clkbuf_16)
    10    0.04                           clknet_leaf_69_clk (net)
                  0.11    0.00   30.29 ^ core.res_mem_inst.slot[13].slot_reg._128_/CLK (gf180mcu_fd_sc_mcu7t5v0__dffrnq_1)
                         -0.25   30.04   clock uncertainty
                          0.07   30.10   clock reconvergence pessimism
                         -0.36   29.74   library setup time
                                 29.74   data required time
-----------------------------------------------------------------------------
                                 29.74   data required time
                                -15.52   data arrival time
-----------------------------------------------------------------------------
                                 14.23   slack (MET)




===========================================================================
report_checks --slack_max -0.01
============================================================================
======================= Fastest Corner ===================================

No paths found.

======================= Slowest Corner ===================================

No paths found.

======================= Typical Corner ===================================

No paths found.


===========================================================================
 report_check_types -max_slew -max_cap -max_fanout -violators
============================================================================
======================= Fastest Corner ===================================

max fanout

Pin                                   Limit Fanout  Slack
---------------------------------------------------------
fanout25/Z                               35     70    -35 (VIOLATED)
fanout26/Z                               35     70    -35 (VIOLATED)
fanout28/Z                               35     70    -35 (VIOLATED)
fanout30/Z                               35     70    -35 (VIOLATED)
fanout31/Z                               35     70    -35 (VIOLATED)
fanout34/Z                               35     70    -35 (VIOLATED)
fanout36/Z                               35     70    -35 (VIOLATED)
fanout38/Z                               35     70    -35 (VIOLATED)
fanout39/Z                               35     70    -35 (VIOLATED)
fanout41/Z                               35     70    -35 (VIOLATED)
fanout42/Z                               35     70    -35 (VIOLATED)
fanout43/Z                               35     70    -35 (VIOLATED)
fanout45/Z                               35     70    -35 (VIOLATED)
fanout46/Z                               35     70    -35 (VIOLATED)
fanout48/Z                               35     70    -35 (VIOLATED)
fanout49/Z                               35     70    -35 (VIOLATED)
fanout51/Z                               35     70    -35 (VIOLATED)
fanout53/Z                               35     70    -35 (VIOLATED)
fanout55/Z                               35     70    -35 (VIOLATED)
fanout57/Z                               35     70    -35 (VIOLATED)
fanout60/Z                               35     70    -35 (VIOLATED)
fanout63/Z                               35     70    -35 (VIOLATED)
fanout65/Z                               35     70    -35 (VIOLATED)
fanout67/Z                               35     70    -35 (VIOLATED)
fanout68/Z                               35     70    -35 (VIOLATED)
fanout69/Z                               35     70    -35 (VIOLATED)
fanout71/Z                               35     70    -35 (VIOLATED)
fanout72/Z                               35     70    -35 (VIOLATED)
fanout73/Z                               35     70    -35 (VIOLATED)
fanout74/Z                               35     70    -35 (VIOLATED)
fanout75/Z                               35     70    -35 (VIOLATED)
fanout77/Z                               35     70    -35 (VIOLATED)
fanout79/Z                               35     70    -35 (VIOLATED)
fanout80/Z                               35     70    -35 (VIOLATED)
fanout47/Z                               35     68    -33 (VIOLATED)
fanout52/Z                               35     66    -31 (VIOLATED)
fanout66/Z                               35     62    -27 (VIOLATED)
fanout78/Z                               35     56    -21 (VIOLATED)
fanout58/Z                               35     54    -19 (VIOLATED)
fanout32/Z                               35     52    -17 (VIOLATED)
fanout62/Z                               35     52    -17 (VIOLATED)
fanout33/Z                               35     50    -15 (VIOLATED)
fanout64/Z                               35     50    -15 (VIOLATED)
core.bgc_0._08_/ZN                       35     48    -13 (VIOLATED)
core.bgc_1._08_/ZN                       35     48    -13 (VIOLATED)
core.bgc_10._08_/ZN                      35     48    -13 (VIOLATED)
core.bgc_11._08_/ZN                      35     48    -13 (VIOLATED)
core.bgc_12._08_/ZN                      35     48    -13 (VIOLATED)
core.bgc_13._08_/ZN                      35     48    -13 (VIOLATED)
core.bgc_14._08_/ZN                      35     48    -13 (VIOLATED)
core.bgc_15._08_/ZN                      35     48    -13 (VIOLATED)
core.bgc_2._08_/ZN                       35     48    -13 (VIOLATED)
core.bgc_3._08_/ZN                       35     48    -13 (VIOLATED)
core.bgc_4._08_/ZN                       35     48    -13 (VIOLATED)
core.bgc_5._08_/ZN                       35     48    -13 (VIOLATED)
core.bgc_6._08_/ZN                       35     48    -13 (VIOLATED)
core.bgc_7._08_/ZN                       35     48    -13 (VIOLATED)
core.bgc_8._08_/ZN                       35     48    -13 (VIOLATED)
core.bgc_9._08_/ZN                       35     48    -13 (VIOLATED)
fanout27/Z                               35     46    -11 (VIOLATED)
fanout81/Z                               35     46    -11 (VIOLATED)
fanout35/Z                               35     42     -7 (VIOLATED)
fanout56/Z                               35     42     -7 (VIOLATED)
fanout76/Z                               35     42     -7 (VIOLATED)
fanout29/Z                               35     40     -5 (VIOLATED)
fanout40/Z                               35     40     -5 (VIOLATED)
fanout70/Z                               35     40     -5 (VIOLATED)
fanout54/Z                               35     38     -3 (VIOLATED)
fanout61/Z                               35     38     -3 (VIOLATED)
fanout44/Z                               35     36        (VIOLATED)


======================= Slowest Corner ===================================

max fanout

Pin                                   Limit Fanout  Slack
---------------------------------------------------------
fanout25/Z                               35     70    -35 (VIOLATED)
fanout26/Z                               35     70    -35 (VIOLATED)
fanout28/Z                               35     70    -35 (VIOLATED)
fanout30/Z                               35     70    -35 (VIOLATED)
fanout31/Z                               35     70    -35 (VIOLATED)
fanout34/Z                               35     70    -35 (VIOLATED)
fanout36/Z                               35     70    -35 (VIOLATED)
fanout38/Z                               35     70    -35 (VIOLATED)
fanout39/Z                               35     70    -35 (VIOLATED)
fanout41/Z                               35     70    -35 (VIOLATED)
fanout42/Z                               35     70    -35 (VIOLATED)
fanout43/Z                               35     70    -35 (VIOLATED)
fanout45/Z                               35     70    -35 (VIOLATED)
fanout46/Z                               35     70    -35 (VIOLATED)
fanout48/Z                               35     70    -35 (VIOLATED)
fanout49/Z                               35     70    -35 (VIOLATED)
fanout51/Z                               35     70    -35 (VIOLATED)
fanout53/Z                               35     70    -35 (VIOLATED)
fanout55/Z                               35     70    -35 (VIOLATED)
fanout57/Z                               35     70    -35 (VIOLATED)
fanout60/Z                               35     70    -35 (VIOLATED)
fanout63/Z                               35     70    -35 (VIOLATED)
fanout65/Z                               35     70    -35 (VIOLATED)
fanout67/Z                               35     70    -35 (VIOLATED)
fanout68/Z                               35     70    -35 (VIOLATED)
fanout69/Z                               35     70    -35 (VIOLATED)
fanout71/Z                               35     70    -35 (VIOLATED)
fanout72/Z                               35     70    -35 (VIOLATED)
fanout73/Z                               35     70    -35 (VIOLATED)
fanout74/Z                               35     70    -35 (VIOLATED)
fanout75/Z                               35     70    -35 (VIOLATED)
fanout77/Z                               35     70    -35 (VIOLATED)
fanout79/Z                               35     70    -35 (VIOLATED)
fanout80/Z                               35     70    -35 (VIOLATED)
fanout47/Z                               35     68    -33 (VIOLATED)
fanout52/Z                               35     66    -31 (VIOLATED)
fanout66/Z                               35     62    -27 (VIOLATED)
fanout78/Z                               35     56    -21 (VIOLATED)
fanout58/Z                               35     54    -19 (VIOLATED)
fanout32/Z                               35     52    -17 (VIOLATED)
fanout62/Z                               35     52    -17 (VIOLATED)
fanout33/Z                               35     50    -15 (VIOLATED)
fanout64/Z                               35     50    -15 (VIOLATED)
core.bgc_0._08_/ZN                       35     48    -13 (VIOLATED)
core.bgc_1._08_/ZN                       35     48    -13 (VIOLATED)
core.bgc_10._08_/ZN                      35     48    -13 (VIOLATED)
core.bgc_11._08_/ZN                      35     48    -13 (VIOLATED)
core.bgc_12._08_/ZN                      35     48    -13 (VIOLATED)
core.bgc_13._08_/ZN                      35     48    -13 (VIOLATED)
core.bgc_14._08_/ZN                      35     48    -13 (VIOLATED)
core.bgc_15._08_/ZN                      35     48    -13 (VIOLATED)
core.bgc_2._08_/ZN                       35     48    -13 (VIOLATED)
core.bgc_3._08_/ZN                       35     48    -13 (VIOLATED)
core.bgc_4._08_/ZN                       35     48    -13 (VIOLATED)
core.bgc_5._08_/ZN                       35     48    -13 (VIOLATED)
core.bgc_6._08_/ZN                       35     48    -13 (VIOLATED)
core.bgc_7._08_/ZN                       35     48    -13 (VIOLATED)
core.bgc_8._08_/ZN                       35     48    -13 (VIOLATED)
core.bgc_9._08_/ZN                       35     48    -13 (VIOLATED)
fanout27/Z                               35     46    -11 (VIOLATED)
fanout81/Z                               35     46    -11 (VIOLATED)
fanout35/Z                               35     42     -7 (VIOLATED)
fanout56/Z                               35     42     -7 (VIOLATED)
fanout76/Z                               35     42     -7 (VIOLATED)
fanout29/Z                               35     40     -5 (VIOLATED)
fanout40/Z                               35     40     -5 (VIOLATED)
fanout70/Z                               35     40     -5 (VIOLATED)
fanout54/Z                               35     38     -3 (VIOLATED)
fanout61/Z                               35     38     -3 (VIOLATED)
fanout44/Z                               35     36        (VIOLATED)


======================= Typical Corner ===================================

max fanout

Pin                                   Limit Fanout  Slack
---------------------------------------------------------
fanout25/Z                               35     70    -35 (VIOLATED)
fanout26/Z                               35     70    -35 (VIOLATED)
fanout28/Z                               35     70    -35 (VIOLATED)
fanout30/Z                               35     70    -35 (VIOLATED)
fanout31/Z                               35     70    -35 (VIOLATED)
fanout34/Z                               35     70    -35 (VIOLATED)
fanout36/Z                               35     70    -35 (VIOLATED)
fanout38/Z                               35     70    -35 (VIOLATED)
fanout39/Z                               35     70    -35 (VIOLATED)
fanout41/Z                               35     70    -35 (VIOLATED)
fanout42/Z                               35     70    -35 (VIOLATED)
fanout43/Z                               35     70    -35 (VIOLATED)
fanout45/Z                               35     70    -35 (VIOLATED)
fanout46/Z                               35     70    -35 (VIOLATED)
fanout48/Z                               35     70    -35 (VIOLATED)
fanout49/Z                               35     70    -35 (VIOLATED)
fanout51/Z                               35     70    -35 (VIOLATED)
fanout53/Z                               35     70    -35 (VIOLATED)
fanout55/Z                               35     70    -35 (VIOLATED)
fanout57/Z                               35     70    -35 (VIOLATED)
fanout60/Z                               35     70    -35 (VIOLATED)
fanout63/Z                               35     70    -35 (VIOLATED)
fanout65/Z                               35     70    -35 (VIOLATED)
fanout67/Z                               35     70    -35 (VIOLATED)
fanout68/Z                               35     70    -35 (VIOLATED)
fanout69/Z                               35     70    -35 (VIOLATED)
fanout71/Z                               35     70    -35 (VIOLATED)
fanout72/Z                               35     70    -35 (VIOLATED)
fanout73/Z                               35     70    -35 (VIOLATED)
fanout74/Z                               35     70    -35 (VIOLATED)
fanout75/Z                               35     70    -35 (VIOLATED)
fanout77/Z                               35     70    -35 (VIOLATED)
fanout79/Z                               35     70    -35 (VIOLATED)
fanout80/Z                               35     70    -35 (VIOLATED)
fanout47/Z                               35     68    -33 (VIOLATED)
fanout52/Z                               35     66    -31 (VIOLATED)
fanout66/Z                               35     62    -27 (VIOLATED)
fanout78/Z                               35     56    -21 (VIOLATED)
fanout58/Z                               35     54    -19 (VIOLATED)
fanout32/Z                               35     52    -17 (VIOLATED)
fanout62/Z                               35     52    -17 (VIOLATED)
fanout33/Z                               35     50    -15 (VIOLATED)
fanout64/Z                               35     50    -15 (VIOLATED)
core.bgc_0._08_/ZN                       35     48    -13 (VIOLATED)
core.bgc_1._08_/ZN                       35     48    -13 (VIOLATED)
core.bgc_10._08_/ZN                      35     48    -13 (VIOLATED)
core.bgc_11._08_/ZN                      35     48    -13 (VIOLATED)
core.bgc_12._08_/ZN                      35     48    -13 (VIOLATED)
core.bgc_13._08_/ZN                      35     48    -13 (VIOLATED)
core.bgc_14._08_/ZN                      35     48    -13 (VIOLATED)
core.bgc_15._08_/ZN                      35     48    -13 (VIOLATED)
core.bgc_2._08_/ZN                       35     48    -13 (VIOLATED)
core.bgc_3._08_/ZN                       35     48    -13 (VIOLATED)
core.bgc_4._08_/ZN                       35     48    -13 (VIOLATED)
core.bgc_5._08_/ZN                       35     48    -13 (VIOLATED)
core.bgc_6._08_/ZN                       35     48    -13 (VIOLATED)
core.bgc_7._08_/ZN                       35     48    -13 (VIOLATED)
core.bgc_8._08_/ZN                       35     48    -13 (VIOLATED)
core.bgc_9._08_/ZN                       35     48    -13 (VIOLATED)
fanout27/Z                               35     46    -11 (VIOLATED)
fanout81/Z                               35     46    -11 (VIOLATED)
fanout35/Z                               35     42     -7 (VIOLATED)
fanout56/Z                               35     42     -7 (VIOLATED)
fanout76/Z                               35     42     -7 (VIOLATED)
fanout29/Z                               35     40     -5 (VIOLATED)
fanout40/Z                               35     40     -5 (VIOLATED)
fanout70/Z                               35     40     -5 (VIOLATED)
fanout54/Z                               35     38     -3 (VIOLATED)
fanout61/Z                               35     38     -3 (VIOLATED)
fanout44/Z                               35     36        (VIOLATED)



===========================================================================
report_parasitic_annotation -report_unannotated
============================================================================
Found 5 unannotated drivers.
 output_ready_IN
 spi_out0_IN
 spi_out1_IN
 spi_out2_IN
 spi_out3_IN
Found 0 partially unannotated drivers.

===========================================================================
max slew violation count 0
max fanout violation count 70
max cap violation count 0
============================================================================

===========================================================================
check_setup -verbose -unconstrained_endpoints -multiple_clock -no_clock -no_input_delay -loops -generated_clocks
===========================================================================
Warning: There are 58 unconstrained endpoints.
  clk_PD
  clk_PU
  input_ready_PD
  input_ready_PU
  load_row_or_col_PD
  load_row_or_col_PU
  output_ready_CS
  output_ready_IE
  output_ready_OE
  output_ready_PD
  output_ready_PDRV0
  output_ready_PDRV1
  output_ready_PU
  output_ready_SL
  output_valid_PD
  output_valid_PU
  rst_n_PD
  rst_n_PU
  spi_in0_PD
  spi_in0_PU
  spi_in1_PD
  spi_in1_PU
  spi_in2_PD
  spi_in2_PU
  spi_in3_PD
  spi_in3_PU
  spi_out0_CS
  spi_out0_IE
  spi_out0_OE
  spi_out0_PD
  spi_out0_PDRV0
  spi_out0_PDRV1
  spi_out0_PU
  spi_out0_SL
  spi_out1_CS
  spi_out1_IE
  spi_out1_OE
  spi_out1_PD
  spi_out1_PDRV0
  spi_out1_PDRV1
  spi_out1_PU
  spi_out1_SL
  spi_out2_CS
  spi_out2_IE
  spi_out2_OE
  spi_out2_PD
  spi_out2_PDRV0
  spi_out2_PDRV1
  spi_out2_PU
  spi_out2_SL
  spi_out3_CS
  spi_out3_IE
  spi_out3_OE
  spi_out3_PD
  spi_out3_PDRV0
  spi_out3_PDRV1
  spi_out3_PU
  spi_out3_SL
