
===========================================================================
 report_power
============================================================================
======================= Fastest Corner ===================================

Group                  Internal  Switching    Leakage      Total
                          Power      Power      Power      Power (Watts)
----------------------------------------------------------------
Sequential             4.17e-02   4.84e-03   3.42e-07   4.65e-02  32.1%
Combinational          6.34e-02   3.49e-02   3.86e-06   9.83e-02  67.9%
Macro                  0.00e+00   0.00e+00   0.00e+00   0.00e+00   0.0%
Pad                    0.00e+00   0.00e+00   0.00e+00   0.00e+00   0.0%
----------------------------------------------------------------
Total                  1.05e-01   3.97e-02   4.20e-06   1.45e-01 100.0%
                          72.6%      27.4%       0.0%

======================= Slowest Corner ===================================

Group                  Internal  Switching    Leakage      Total
                          Power      Power      Power      Power (Watts)
----------------------------------------------------------------
Sequential             2.79e-02   3.30e-03   7.62e-07   3.12e-02  34.0%
Combinational          3.68e-02   2.39e-02   2.51e-05   6.07e-02  66.0%
Macro                  0.00e+00   0.00e+00   0.00e+00   0.00e+00   0.0%
Pad                    0.00e+00   0.00e+00   0.00e+00   0.00e+00   0.0%
----------------------------------------------------------------
Total                  6.47e-02   2.72e-02   2.59e-05   9.20e-02 100.0%
                          70.4%      29.6%       0.0%

======================= Typical Corner ===================================

Group                  Internal  Switching    Leakage      Total
                          Power      Power      Power      Power (Watts)
----------------------------------------------------------------
Sequential             3.40e-02   4.02e-03   2.88e-07   3.80e-02  33.0%
Combinational          4.79e-02   2.90e-02   3.19e-06   7.70e-02  67.0%
Macro                  0.00e+00   0.00e+00   0.00e+00   0.00e+00   0.0%
Pad                    0.00e+00   0.00e+00   0.00e+00   0.00e+00   0.0%
----------------------------------------------------------------
Total                  8.19e-02   3.31e-02   3.48e-06   1.15e-01 100.0%
                          71.2%      28.8%       0.0%

