
===========================================================================
 report_power
============================================================================
======================= Fastest Corner ===================================

Group                  Internal  Switching    Leakage      Total
                          Power      Power      Power      Power (Watts)
----------------------------------------------------------------
Sequential             4.17e-02   4.83e-03   3.42e-07   4.66e-02  32.2%
Combinational          6.28e-02   3.51e-02   3.89e-06   9.80e-02  67.8%
Macro                  0.00e+00   0.00e+00   0.00e+00   0.00e+00   0.0%
Pad                    0.00e+00   0.00e+00   0.00e+00   0.00e+00   0.0%
----------------------------------------------------------------
Total                  1.05e-01   4.00e-02   4.23e-06   1.45e-01 100.0%
                          72.3%      27.7%       0.0%

======================= Slowest Corner ===================================

Group                  Internal  Switching    Leakage      Total
                          Power      Power      Power      Power (Watts)
----------------------------------------------------------------
Sequential             2.79e-02   3.29e-03   7.62e-07   3.12e-02  34.1%
Combinational          3.64e-02   2.40e-02   2.53e-05   6.05e-02  65.9%
Macro                  0.00e+00   0.00e+00   0.00e+00   0.00e+00   0.0%
Pad                    0.00e+00   0.00e+00   0.00e+00   0.00e+00   0.0%
----------------------------------------------------------------
Total                  6.43e-02   2.73e-02   2.61e-05   9.17e-02 100.0%
                          70.2%      29.8%       0.0%

======================= Typical Corner ===================================

Group                  Internal  Switching    Leakage      Total
                          Power      Power      Power      Power (Watts)
----------------------------------------------------------------
Sequential             3.40e-02   4.01e-03   2.88e-07   3.80e-02  33.1%
Combinational          4.75e-02   2.92e-02   3.22e-06   7.68e-02  66.9%
Macro                  0.00e+00   0.00e+00   0.00e+00   0.00e+00   0.0%
Pad                    0.00e+00   0.00e+00   0.00e+00   0.00e+00   0.0%
----------------------------------------------------------------
Total                  8.15e-02   3.32e-02   3.51e-06   1.15e-01 100.0%
                          71.0%      29.0%       0.0%

