
===========================================================================
 report_power
============================================================================
======================= Fastest Corner ===================================

Group                  Internal  Switching    Leakage      Total
                          Power      Power      Power      Power (Watts)
----------------------------------------------------------------
Sequential             4.17e-02   4.79e-03   3.42e-07   4.65e-02  34.2%
Combinational          5.48e-02   3.46e-02   3.83e-06   8.94e-02  65.8%
Macro                  0.00e+00   0.00e+00   0.00e+00   0.00e+00   0.0%
Pad                    0.00e+00   0.00e+00   0.00e+00   0.00e+00   0.0%
----------------------------------------------------------------
Total                  9.66e-02   3.94e-02   4.18e-06   1.36e-01 100.0%
                          71.0%      29.0%       0.0%

======================= Slowest Corner ===================================

Group                  Internal  Switching    Leakage      Total
                          Power      Power      Power      Power (Watts)
----------------------------------------------------------------
Sequential             2.80e-02   3.26e-03   7.62e-07   3.12e-02  35.7%
Combinational          3.23e-02   2.37e-02   2.47e-05   5.61e-02  64.3%
Macro                  0.00e+00   0.00e+00   0.00e+00   0.00e+00   0.0%
Pad                    0.00e+00   0.00e+00   0.00e+00   0.00e+00   0.0%
----------------------------------------------------------------
Total                  6.03e-02   2.70e-02   2.54e-05   8.73e-02 100.0%
                          69.0%      30.9%       0.0%

======================= Typical Corner ===================================

Group                  Internal  Switching    Leakage      Total
                          Power      Power      Power      Power (Watts)
----------------------------------------------------------------
Sequential             3.40e-02   3.98e-03   2.89e-07   3.80e-02  34.9%
Combinational          4.18e-02   2.88e-02   3.17e-06   7.06e-02  65.1%
Macro                  0.00e+00   0.00e+00   0.00e+00   0.00e+00   0.0%
Pad                    0.00e+00   0.00e+00   0.00e+00   0.00e+00   0.0%
----------------------------------------------------------------
Total                  7.58e-02   3.28e-02   3.46e-06   1.09e-01 100.0%
                          69.8%      30.2%       0.0%

