
===========================================================================
 report_power
============================================================================
======================= Fastest Corner ===================================

Group                  Internal  Switching    Leakage      Total
                          Power      Power      Power      Power (Watts)
----------------------------------------------------------------
Sequential             4.18e-02   4.97e-03   3.42e-07   4.67e-02  33.9%
Combinational          5.53e-02   3.59e-02   3.83e-06   9.12e-02  66.1%
Macro                  0.00e+00   0.00e+00   0.00e+00   0.00e+00   0.0%
Pad                    0.00e+00   0.00e+00   0.00e+00   0.00e+00   0.0%
----------------------------------------------------------------
Total                  9.71e-02   4.08e-02   4.18e-06   1.38e-01 100.0%
                          70.4%      29.6%       0.0%

======================= Slowest Corner ===================================

Group                  Internal  Switching    Leakage      Total
                          Power      Power      Power      Power (Watts)
----------------------------------------------------------------
Sequential             2.80e-02   3.39e-03   7.62e-07   3.13e-02  35.4%
Combinational          3.25e-02   2.46e-02   2.47e-05   5.71e-02  64.6%
Macro                  0.00e+00   0.00e+00   0.00e+00   0.00e+00   0.0%
Pad                    0.00e+00   0.00e+00   0.00e+00   0.00e+00   0.0%
----------------------------------------------------------------
Total                  6.05e-02   2.80e-02   2.54e-05   8.85e-02 100.0%
                          68.3%      31.6%       0.0%

======================= Typical Corner ===================================

Group                  Internal  Switching    Leakage      Total
                          Power      Power      Power      Power (Watts)
----------------------------------------------------------------
Sequential             3.40e-02   4.13e-03   2.89e-07   3.81e-02  34.6%
Combinational          4.21e-02   2.99e-02   3.17e-06   7.20e-02  65.4%
Macro                  0.00e+00   0.00e+00   0.00e+00   0.00e+00   0.0%
Pad                    0.00e+00   0.00e+00   0.00e+00   0.00e+00   0.0%
----------------------------------------------------------------
Total                  7.61e-02   3.40e-02   3.46e-06   1.10e-01 100.0%
                          69.1%      30.9%       0.0%

