OpenROAD 41a51eaf4ca2171c92ff38afb91eb37bbd3f36da 
This program is licensed under the BSD-3 license. See the LICENSE file for details.
Components of this program may be licensed under more restrictive licenses which must be honored.
[INFO]: Reading ODB at '/openlane/designs/spm/runs/FP_PDN_CHECK_NODES_v4/tmp/floorplan/5-tapcell.odb'…
define_corners Typical
read_liberty -corner Typical /home/arnob/.volare/volare/gf180mcu/versions/0fe599b2afb6708d281543108caf8310912f54af/gf180mcuC/libs.ref/gf180mcu_fd_sc_mcu7t5v0/lib/gf180mcu_fd_sc_mcu7t5v0__tt_025C_5v00.lib
Using 1e-12 for capacitance...
Using 1e+00 for resistance...
Using 1e-09 for time...
Using 1e+00 for voltage...
Using 1e-03 for current...
Using 1e-06 for power...
Using 1e-06 for distance...
Reading design constraints file at '/openlane/designs/spm/runs/FP_PDN_CHECK_NODES_v4/tmp/floorplan/3-initial_fp.sdc'…
[INFO PDN-0001] Inserting grid: stdcell_grid
[WARNING PSM-0016] Voltage pad location (VSRC) file not specified, defaulting pad location to checkerboard pattern on core area.
[WARNING PSM-0017] X direction bump pitch is not specified, defaulting to 140um.
[WARNING PSM-0018] Y direction bump pitch is not specified, defaulting to 140um.
[WARNING PSM-0019] Voltage on net VDD is not explicitly set.
[WARNING PSM-0022] Using voltage 0.000V for VDD network.
[WARNING PSM-0065] VSRC location not specified, using default checkerboard pattern with one VDD every size bumps in x-direction and one in two bumps in the y-direction
[INFO PSM-0076] Setting metal node density to be standard cell height times 5.
[WARNING PSM-0030] VSRC location at (974.960um, 136.360um) and size 10.000um, is not located on an existing power stripe node. Moving to closest node at (985.040um, 137.840um).
[WARNING PSM-0030] VSRC location at (414.960um, 276.360um) and size 10.000um, is not located on an existing power stripe node. Moving to closest node at (410.040um, 287.840um).
[WARNING PSM-0030] VSRC location at (694.960um, 416.360um) and size 10.000um, is not located on an existing power stripe node. Moving to closest node at (685.040um, 412.840um).
[INFO PSM-0031] Number of PDN nodes on net VDD = 17666.
[INFO PSM-0064] Number of voltage sources = 4.
[INFO PSM-0040] All PDN stripes on net VDD are connected.
[WARNING PSM-0016] Voltage pad location (VSRC) file not specified, defaulting pad location to checkerboard pattern on core area.
[WARNING PSM-0017] X direction bump pitch is not specified, defaulting to 140um.
[WARNING PSM-0018] Y direction bump pitch is not specified, defaulting to 140um.
[WARNING PSM-0019] Voltage on net VSS is not explicitly set.
[WARNING PSM-0021] Using voltage 0.000V for ground network.
[WARNING PSM-0065] VSRC location not specified, using default checkerboard pattern with one VDD every size bumps in x-direction and one in two bumps in the y-direction
[INFO PSM-0076] Setting metal node density to be standard cell height times 5.
[WARNING PSM-0030] VSRC location at (974.960um, 136.360um) and size 10.000um, is not located on an existing power stripe node. Moving to closest node at (963.340um, 141.140um).
[WARNING PSM-0030] VSRC location at (414.960um, 276.360um) and size 10.000um, is not located on an existing power stripe node. Moving to closest node at (413.340um, 266.140um).
[WARNING PSM-0030] VSRC location at (694.960um, 416.360um) and size 10.000um, is not located on an existing power stripe node. Moving to closest node at (688.340um, 416.140um).
[INFO PSM-0031] Number of PDN nodes on net VSS = 17597.
[INFO PSM-0064] Number of voltage sources = 4.
[INFO PSM-0040] All PDN stripes on net VSS are connected.
Setting global connections for newly added cells…
Writing OpenROAD database to '/openlane/designs/spm/runs/FP_PDN_CHECK_NODES_v4/results/floorplan/A06_BH_top_wrapper.odb'…
Writing layout to '/openlane/designs/spm/runs/FP_PDN_CHECK_NODES_v4/results/floorplan/A06_BH_top_wrapper.def'…
