OpenROAD 41a51eaf4ca2171c92ff38afb91eb37bbd3f36da 
This program is licensed under the BSD-3 license. See the LICENSE file for details.
Components of this program may be licensed under more restrictive licenses which must be honored.
[INFO ODB-0222] Reading LEF file: /openlane/designs/Markov_Chain_Accelerator/runs/Mrqn-9-Sept/tmp/merged.nom.lef
[INFO ODB-0388] unsupported LEF58_EOLENCLOSURE property for layer Via1 :"
  	EOLENCLOSURE 0.34 0.06 ;"
[INFO ODB-0388] unsupported LEF58_EOLENCLOSURE property for layer Via2 :" EOLENCLOSURE 0.34 0.06 ; "
[INFO ODB-0388] unsupported LEF58_EOLENCLOSURE property for layer Via3 :" EOLENCLOSURE 0.34 0.06 ; "
[INFO ODB-0388] unsupported LEF58_EOLENCLOSURE property for layer Via4 :" EOLENCLOSURE 0.34 0.06 ; "
[INFO ODB-0223]     Created 15 technology layers
[INFO ODB-0224]     Created 60 technology vias
[INFO ODB-0225]     Created 229 library cells
[INFO ODB-0226] Finished LEF file:  /openlane/designs/Markov_Chain_Accelerator/runs/Mrqn-9-Sept/tmp/merged.nom.lef
[INFO ODB-0127] Reading DEF file: /openlane/designs/Markov_Chain_Accelerator/runs/Mrqn-9-Sept/results/routing/A06_BH_top_wrapper.def
[INFO ODB-0128] Design: A06_BH_top_wrapper
[INFO ODB-0130]     Created 79 pins.
[INFO ODB-0131]     Created 42146 components and 202080 component-terminals.
[INFO ODB-0132]     Created 2 special nets and 160388 connections.
[INFO ODB-0133]     Created 12395 nets and 41692 connections.
[INFO ODB-0134] Finished DEF file: /openlane/designs/Markov_Chain_Accelerator/runs/Mrqn-9-Sept/results/routing/A06_BH_top_wrapper.def
define_corners Typical
read_liberty -corner Typical /home/user/.ciel/gf180mcuC/libs.ref/gf180mcu_fd_sc_mcu7t5v0/lib/gf180mcu_fd_sc_mcu7t5v0__tt_025C_5v00.lib
Using 1e-12 for capacitance...
Using 1e+00 for resistance...
Using 1e-09 for time...
Using 1e+00 for voltage...
Using 1e-03 for current...
Using 1e-06 for power...
Using 1e-06 for distance...
Using RCX ruleset '/home/user/.ciel/gf180mcuC/libs.tech/openlane/rules.openrcx.gf180mcuC.nom'...
[INFO RCX-0431] Defined process_corner X with ext_model_index 0
[INFO RCX-0029] Defined extraction corner X
[INFO RCX-0008] extracting parasitics of A06_BH_top_wrapper ...
[INFO RCX-0435] Reading extraction model file /home/user/.ciel/gf180mcuC/libs.tech/openlane/rules.openrcx.gf180mcuC.nom ...
[INFO RCX-0436] RC segment generation A06_BH_top_wrapper (max_merge_res 50.0) ...
[INFO RCX-0040] Final 46341 rc segments
[INFO RCX-0439] Coupling Cap extraction A06_BH_top_wrapper ...
[INFO RCX-0440] Coupling threshhold is 0.1000 fF, coupling capacitance less than 0.1000 fF will be grounded.
[INFO RCX-0043] 71126 wires to be extracted
[INFO RCX-0442] 49% completion -- 35449 wires have been extracted
[INFO RCX-0442] 100% completion -- 71126 wires have been extracted
[INFO RCX-0045] Extract 12395 nets, 58731 rsegs, 58731 caps, 93020 ccs
[INFO RCX-0015] Finished extracting A06_BH_top_wrapper.
Writing result to /openlane/designs/Markov_Chain_Accelerator/runs/Mrqn-9-Sept/results/routing/mca/process_corner_nom/A06_BH_top_wrapper.spef...
Setting global connections for newly added cells…
[WARNING] Did not save OpenROAD database!
Writing extracted parasitics to '/openlane/designs/Markov_Chain_Accelerator/runs/Mrqn-9-Sept/results/routing/mca/process_corner_nom/A06_BH_top_wrapper.spef'…
[INFO RCX-0016] Writing SPEF ...
[INFO RCX-0443] 12395 nets finished
[INFO RCX-0017] Finished writing SPEF ...
