
Magic 8.3 revision 413 - Compiled on Wed Jul 12 10:04:40 UTC 2023.
Starting magic under Tcl interpreter
Using the terminal as the console.
Using NULL graphics device.
Processing system .magicrc file
Sourcing design .magicrc for technology gf180mcuC ...
10 Magic internal units = 1 Lambda
Input style import: scaleFactor=10, multiplier=2
The following types are not handled by extraction and will be treated as non-electrical types:
    obsactive mvobsactive filldiff fillpoly m1hole obsm1 fillm1 obsv1 m2hole obsm2 fillm2 obsv2 m3hole obsm3 fillm3 m4hole obsm4 fillm4 m5hole obsm5 fillm5 glass fillblock lvstext obscomment 
Scaled tech values by 10 / 1 to match internal grid scaling
Loading gf180mcuC Device Generator Menu ...
Using technology "gf180mcuC", version 1.0.532-2-gc6d73a3
Reading LEF data from file /home/user/.ciel/gf180mcuC/libs.ref/gf180mcu_fd_sc_mcu7t5v0/techlef/gf180mcu_fd_sc_mcu7t5v0__nom.tlef.
This action cannot be undone.
LEF read, Line 88 (Message): Unknown keyword "MINWIDTH" in LEF file; ignoring.
LEF read, Line 95 (Message): Unknown keyword "ANTENNAMODEL" in LEF file; ignoring.
LEF read, Line 105 (Message): Unknown keyword "DENSITYCHECKWINDOW" in LEF file; ignoring.
LEF read, Line 106 (Message): Unknown keyword "DENSITYCHECKSTEP" in LEF file; ignoring.
LEF read, Line 120 (Message): Unknown keyword "ARRAYSPACING" in LEF file; ignoring.
LEF read, Line 125 (Message): Unknown keyword "ANTENNAMODEL" in LEF file; ignoring.
LEF read, Line 137 (Message): Unknown keyword "MINWIDTH" in LEF file; ignoring.
LEF read, Line 144 (Message): Unknown keyword "ANTENNAMODEL" in LEF file; ignoring.
LEF read, Line 145 (Message): Unknown keyword "ANTENNADIFFSIDEAREARATIO" in LEF file; ignoring.
LEF read, Line 146 (Message): Unknown keyword "ANTENNAGATEPLUSDIFF" in LEF file; ignoring.
LEF read, Line 155 (Message): Unknown keyword "DENSITYCHECKWINDOW" in LEF file; ignoring.
LEF read, Line 156 (Message): Unknown keyword "DENSITYCHECKSTEP" in LEF file; ignoring.
LEF read, Line 172 (Message): Unknown keyword "ARRAYSPACING" in LEF file; ignoring.
LEF read, Line 177 (Message): Unknown keyword "ANTENNAMODEL" in LEF file; ignoring.
LEF read, Line 189 (Message): Unknown keyword "MINWIDTH" in LEF file; ignoring.
LEF read, Line 196 (Message): Unknown keyword "ANTENNAMODEL" in LEF file; ignoring.
LEF read, Line 197 (Message): Unknown keyword "ANTENNADIFFSIDEAREARATIO" in LEF file; ignoring.
LEF read, Line 198 (Message): Unknown keyword "ANTENNAGATEPLUSDIFF" in LEF file; ignoring.
LEF read, Line 207 (Message): Unknown keyword "DENSITYCHECKWINDOW" in LEF file; ignoring.
LEF read, Line 208 (Message): Unknown keyword "DENSITYCHECKSTEP" in LEF file; ignoring.
LEF read, Line 224 (Message): Unknown keyword "ARRAYSPACING" in LEF file; ignoring.
LEF read, Line 229 (Message): Unknown keyword "ANTENNAMODEL" in LEF file; ignoring.
LEF read, Line 241 (Message): Unknown keyword "MINWIDTH" in LEF file; ignoring.
LEF read, Line 248 (Message): Unknown keyword "ANTENNAMODEL" in LEF file; ignoring.
LEF read, Line 249 (Message): Unknown keyword "ANTENNADIFFSIDEAREARATIO" in LEF file; ignoring.
LEF read, Line 250 (Message): Unknown keyword "ANTENNAGATEPLUSDIFF" in LEF file; ignoring.
LEF read, Line 259 (Message): Unknown keyword "DENSITYCHECKWINDOW" in LEF file; ignoring.
LEF read, Line 260 (Message): Unknown keyword "DENSITYCHECKSTEP" in LEF file; ignoring.
LEF read, Line 277 (Message): Unknown keyword "ARRAYSPACING" in LEF file; ignoring.
LEF read, Line 282 (Message): Unknown keyword "ANTENNAMODEL" in LEF file; ignoring.
LEF read, Line 296 (Message): Unknown keyword "MINWIDTH" in LEF file; ignoring.
LEF read, Line 308 (Message): Unknown keyword "ANTENNAMODEL" in LEF file; ignoring.
LEF read, Line 309 (Message): Unknown keyword "ANTENNADIFFSIDEAREARATIO" in LEF file; ignoring.
LEF read, Line 310 (Message): Unknown keyword "ANTENNAGATEPLUSDIFF" in LEF file; ignoring.
LEF read, Line 315 (Message): Unknown keyword "DENSITYCHECKWINDOW" in LEF file; ignoring.
LEF read, Line 316 (Message): Unknown keyword "DENSITYCHECKSTEP" in LEF file; ignoring.
LEF read: Processed 1380 lines.
Reading DEF data from file /openlane/designs/Markov_Chain_Accelerator/runs/Mrqn-9-Sept/results/routing/A06_BH_top_wrapper.def.
This action cannot be undone.
  Processed 4 vias total.
Cell gf180mcu_fd_sc_mcu7t5v0__tieh read from path /home/user/.ciel/gf180mcuC/libs.ref/gf180mcu_fd_sc_mcu7t5v0/mag
Cell gf180mcu_fd_sc_mcu7t5v0__tiel read from path /home/user/.ciel/gf180mcuC/libs.ref/gf180mcu_fd_sc_mcu7t5v0/mag
Cell gf180mcu_fd_sc_mcu7t5v0__antenna read from path /home/user/.ciel/gf180mcuC/libs.ref/gf180mcu_fd_sc_mcu7t5v0/mag
Cell gf180mcu_fd_sc_mcu7t5v0__fill_1 read from path /home/user/.ciel/gf180mcuC/libs.ref/gf180mcu_fd_sc_mcu7t5v0/mag
Scaled magic input cell gf180mcu_fd_sc_mcu7t5v0__fill_1 geometry by factor of 2
Cell gf180mcu_fd_sc_mcu7t5v0__fillcap_32 read from path /home/user/.ciel/gf180mcuC/libs.ref/gf180mcu_fd_sc_mcu7t5v0/mag
Cell gf180mcu_fd_sc_mcu7t5v0__fillcap_16 read from path /home/user/.ciel/gf180mcuC/libs.ref/gf180mcu_fd_sc_mcu7t5v0/mag
Cell gf180mcu_fd_sc_mcu7t5v0__fill_2 read from path /home/user/.ciel/gf180mcuC/libs.ref/gf180mcu_fd_sc_mcu7t5v0/mag
Scaled magic input cell gf180mcu_fd_sc_mcu7t5v0__fill_2 geometry by factor of 2
Cell gf180mcu_fd_sc_mcu7t5v0__fillcap_4 read from path /home/user/.ciel/gf180mcuC/libs.ref/gf180mcu_fd_sc_mcu7t5v0/mag
Cell gf180mcu_fd_sc_mcu7t5v0__fillcap_8 read from path /home/user/.ciel/gf180mcuC/libs.ref/gf180mcu_fd_sc_mcu7t5v0/mag
Cell gf180mcu_fd_sc_mcu7t5v0__fillcap_64 read from path /home/user/.ciel/gf180mcuC/libs.ref/gf180mcu_fd_sc_mcu7t5v0/mag
Cell gf180mcu_fd_sc_mcu7t5v0__endcap read from path /home/user/.ciel/gf180mcuC/libs.ref/gf180mcu_fd_sc_mcu7t5v0/mag
Cell gf180mcu_fd_sc_mcu7t5v0__filltie read from path /home/user/.ciel/gf180mcuC/libs.ref/gf180mcu_fd_sc_mcu7t5v0/mag
Cell gf180mcu_fd_sc_mcu7t5v0__clkbuf_16 read from path /home/user/.ciel/gf180mcuC/libs.ref/gf180mcu_fd_sc_mcu7t5v0/mag
Cell gf180mcu_fd_sc_mcu7t5v0__clkbuf_8 read from path /home/user/.ciel/gf180mcuC/libs.ref/gf180mcu_fd_sc_mcu7t5v0/mag
Cell gf180mcu_fd_sc_mcu7t5v0__inv_3 read from path /home/user/.ciel/gf180mcuC/libs.ref/gf180mcu_fd_sc_mcu7t5v0/mag
Cell gf180mcu_fd_sc_mcu7t5v0__clkinv_1 read from path /home/user/.ciel/gf180mcuC/libs.ref/gf180mcu_fd_sc_mcu7t5v0/mag
Cell gf180mcu_fd_sc_mcu7t5v0__and2_2 read from path /home/user/.ciel/gf180mcuC/libs.ref/gf180mcu_fd_sc_mcu7t5v0/mag
Cell gf180mcu_fd_sc_mcu7t5v0__and2_4 read from path /home/user/.ciel/gf180mcuC/libs.ref/gf180mcu_fd_sc_mcu7t5v0/mag
Cell gf180mcu_fd_sc_mcu7t5v0__nor4_4 read from path /home/user/.ciel/gf180mcuC/libs.ref/gf180mcu_fd_sc_mcu7t5v0/mag
Cell gf180mcu_fd_sc_mcu7t5v0__and2_1 read from path /home/user/.ciel/gf180mcuC/libs.ref/gf180mcu_fd_sc_mcu7t5v0/mag
Cell gf180mcu_fd_sc_mcu7t5v0__xor2_1 read from path /home/user/.ciel/gf180mcuC/libs.ref/gf180mcu_fd_sc_mcu7t5v0/mag
Cell gf180mcu_fd_sc_mcu7t5v0__nand2_1 read from path /home/user/.ciel/gf180mcuC/libs.ref/gf180mcu_fd_sc_mcu7t5v0/mag
Cell gf180mcu_fd_sc_mcu7t5v0__nor2_1 read from path /home/user/.ciel/gf180mcuC/libs.ref/gf180mcu_fd_sc_mcu7t5v0/mag
Cell gf180mcu_fd_sc_mcu7t5v0__xor3_1 read from path /home/user/.ciel/gf180mcuC/libs.ref/gf180mcu_fd_sc_mcu7t5v0/mag
Cell gf180mcu_fd_sc_mcu7t5v0__aoi21_1 read from path /home/user/.ciel/gf180mcuC/libs.ref/gf180mcu_fd_sc_mcu7t5v0/mag
Cell gf180mcu_fd_sc_mcu7t5v0__oai21_1 read from path /home/user/.ciel/gf180mcuC/libs.ref/gf180mcu_fd_sc_mcu7t5v0/mag
Cell gf180mcu_fd_sc_mcu7t5v0__nor3_1 read from path /home/user/.ciel/gf180mcuC/libs.ref/gf180mcu_fd_sc_mcu7t5v0/mag
Cell gf180mcu_fd_sc_mcu7t5v0__aoi21_2 read from path /home/user/.ciel/gf180mcuC/libs.ref/gf180mcu_fd_sc_mcu7t5v0/mag
Cell gf180mcu_fd_sc_mcu7t5v0__oai21_2 read from path /home/user/.ciel/gf180mcuC/libs.ref/gf180mcu_fd_sc_mcu7t5v0/mag
Cell gf180mcu_fd_sc_mcu7t5v0__or2_1 read from path /home/user/.ciel/gf180mcuC/libs.ref/gf180mcu_fd_sc_mcu7t5v0/mag
Cell gf180mcu_fd_sc_mcu7t5v0__xnor3_1 read from path /home/user/.ciel/gf180mcuC/libs.ref/gf180mcu_fd_sc_mcu7t5v0/mag
Cell gf180mcu_fd_sc_mcu7t5v0__xnor2_1 read from path /home/user/.ciel/gf180mcuC/libs.ref/gf180mcu_fd_sc_mcu7t5v0/mag
Cell gf180mcu_fd_sc_mcu7t5v0__nand3_1 read from path /home/user/.ciel/gf180mcuC/libs.ref/gf180mcu_fd_sc_mcu7t5v0/mag
Cell gf180mcu_fd_sc_mcu7t5v0__xor3_2 read from path /home/user/.ciel/gf180mcuC/libs.ref/gf180mcu_fd_sc_mcu7t5v0/mag
Cell gf180mcu_fd_sc_mcu7t5v0__xor2_4 read from path /home/user/.ciel/gf180mcuC/libs.ref/gf180mcu_fd_sc_mcu7t5v0/mag
Cell gf180mcu_fd_sc_mcu7t5v0__oai32_1 read from path /home/user/.ciel/gf180mcuC/libs.ref/gf180mcu_fd_sc_mcu7t5v0/mag
Cell gf180mcu_fd_sc_mcu7t5v0__xnor3_4 read from path /home/user/.ciel/gf180mcuC/libs.ref/gf180mcu_fd_sc_mcu7t5v0/mag
Cell gf180mcu_fd_sc_mcu7t5v0__xor3_4 read from path /home/user/.ciel/gf180mcuC/libs.ref/gf180mcu_fd_sc_mcu7t5v0/mag
Cell gf180mcu_fd_sc_mcu7t5v0__aoi221_2 read from path /home/user/.ciel/gf180mcuC/libs.ref/gf180mcu_fd_sc_mcu7t5v0/mag
Cell gf180mcu_fd_sc_mcu7t5v0__xnor2_4 read from path /home/user/.ciel/gf180mcuC/libs.ref/gf180mcu_fd_sc_mcu7t5v0/mag
Cell gf180mcu_fd_sc_mcu7t5v0__oai31_1 read from path /home/user/.ciel/gf180mcuC/libs.ref/gf180mcu_fd_sc_mcu7t5v0/mag
Cell gf180mcu_fd_sc_mcu7t5v0__clkinv_8 read from path /home/user/.ciel/gf180mcuC/libs.ref/gf180mcu_fd_sc_mcu7t5v0/mag
Cell gf180mcu_fd_sc_mcu7t5v0__and3_4 read from path /home/user/.ciel/gf180mcuC/libs.ref/gf180mcu_fd_sc_mcu7t5v0/mag
Cell gf180mcu_fd_sc_mcu7t5v0__or2_2 read from path /home/user/.ciel/gf180mcuC/libs.ref/gf180mcu_fd_sc_mcu7t5v0/mag
Cell gf180mcu_fd_sc_mcu7t5v0__clkinv_2 read from path /home/user/.ciel/gf180mcuC/libs.ref/gf180mcu_fd_sc_mcu7t5v0/mag
Cell gf180mcu_fd_sc_mcu7t5v0__nand2_4 read from path /home/user/.ciel/gf180mcuC/libs.ref/gf180mcu_fd_sc_mcu7t5v0/mag
Cell gf180mcu_fd_sc_mcu7t5v0__or2_4 read from path /home/user/.ciel/gf180mcuC/libs.ref/gf180mcu_fd_sc_mcu7t5v0/mag
Cell gf180mcu_fd_sc_mcu7t5v0__oai221_1 read from path /home/user/.ciel/gf180mcuC/libs.ref/gf180mcu_fd_sc_mcu7t5v0/mag
Cell gf180mcu_fd_sc_mcu7t5v0__dffrnq_1 read from path /home/user/.ciel/gf180mcuC/libs.ref/gf180mcu_fd_sc_mcu7t5v0/mag
Cell gf180mcu_fd_sc_mcu7t5v0__nor2_2 read from path /home/user/.ciel/gf180mcuC/libs.ref/gf180mcu_fd_sc_mcu7t5v0/mag
Cell gf180mcu_fd_sc_mcu7t5v0__aoi22_1 read from path /home/user/.ciel/gf180mcuC/libs.ref/gf180mcu_fd_sc_mcu7t5v0/mag
Cell gf180mcu_fd_sc_mcu7t5v0__oai22_1 read from path /home/user/.ciel/gf180mcuC/libs.ref/gf180mcu_fd_sc_mcu7t5v0/mag
Cell gf180mcu_fd_sc_mcu7t5v0__aoi211_1 read from path /home/user/.ciel/gf180mcuC/libs.ref/gf180mcu_fd_sc_mcu7t5v0/mag
Cell gf180mcu_fd_sc_mcu7t5v0__nor4_2 read from path /home/user/.ciel/gf180mcuC/libs.ref/gf180mcu_fd_sc_mcu7t5v0/mag
Cell gf180mcu_fd_sc_mcu7t5v0__nand3_2 read from path /home/user/.ciel/gf180mcuC/libs.ref/gf180mcu_fd_sc_mcu7t5v0/mag
Cell gf180mcu_fd_sc_mcu7t5v0__and4_1 read from path /home/user/.ciel/gf180mcuC/libs.ref/gf180mcu_fd_sc_mcu7t5v0/mag
Cell gf180mcu_fd_sc_mcu7t5v0__and4_2 read from path /home/user/.ciel/gf180mcuC/libs.ref/gf180mcu_fd_sc_mcu7t5v0/mag
Cell gf180mcu_fd_sc_mcu7t5v0__and3_1 read from path /home/user/.ciel/gf180mcuC/libs.ref/gf180mcu_fd_sc_mcu7t5v0/mag
Cell gf180mcu_fd_sc_mcu7t5v0__nand4_2 read from path /home/user/.ciel/gf180mcuC/libs.ref/gf180mcu_fd_sc_mcu7t5v0/mag
Cell gf180mcu_fd_sc_mcu7t5v0__or4_1 read from path /home/user/.ciel/gf180mcuC/libs.ref/gf180mcu_fd_sc_mcu7t5v0/mag
Cell gf180mcu_fd_sc_mcu7t5v0__dffrnq_2 read from path /home/user/.ciel/gf180mcuC/libs.ref/gf180mcu_fd_sc_mcu7t5v0/mag
Cell gf180mcu_fd_sc_mcu7t5v0__mux2_1 read from path /home/user/.ciel/gf180mcuC/libs.ref/gf180mcu_fd_sc_mcu7t5v0/mag
Cell gf180mcu_fd_sc_mcu7t5v0__dffrsnq_1 read from path /home/user/.ciel/gf180mcuC/libs.ref/gf180mcu_fd_sc_mcu7t5v0/mag
Cell gf180mcu_fd_sc_mcu7t5v0__clkinv_4 read from path /home/user/.ciel/gf180mcuC/libs.ref/gf180mcu_fd_sc_mcu7t5v0/mag
Cell gf180mcu_fd_sc_mcu7t5v0__and3_2 read from path /home/user/.ciel/gf180mcuC/libs.ref/gf180mcu_fd_sc_mcu7t5v0/mag
Cell gf180mcu_fd_sc_mcu7t5v0__oai221_2 read from path /home/user/.ciel/gf180mcuC/libs.ref/gf180mcu_fd_sc_mcu7t5v0/mag
Cell gf180mcu_fd_sc_mcu7t5v0__dffrsnq_2 read from path /home/user/.ciel/gf180mcuC/libs.ref/gf180mcu_fd_sc_mcu7t5v0/mag
Cell gf180mcu_fd_sc_mcu7t5v0__nor4_1 read from path /home/user/.ciel/gf180mcuC/libs.ref/gf180mcu_fd_sc_mcu7t5v0/mag
Cell gf180mcu_fd_sc_mcu7t5v0__inv_1 read from path /home/user/.ciel/gf180mcuC/libs.ref/gf180mcu_fd_sc_mcu7t5v0/mag
Cell gf180mcu_fd_sc_mcu7t5v0__nand4_4 read from path /home/user/.ciel/gf180mcuC/libs.ref/gf180mcu_fd_sc_mcu7t5v0/mag
Cell gf180mcu_fd_sc_mcu7t5v0__nand2_2 read from path /home/user/.ciel/gf180mcuC/libs.ref/gf180mcu_fd_sc_mcu7t5v0/mag
Cell gf180mcu_fd_sc_mcu7t5v0__nand4_1 read from path /home/user/.ciel/gf180mcuC/libs.ref/gf180mcu_fd_sc_mcu7t5v0/mag
Cell gf180mcu_fd_sc_mcu7t5v0__inv_2 read from path /home/user/.ciel/gf180mcuC/libs.ref/gf180mcu_fd_sc_mcu7t5v0/mag
Cell gf180mcu_fd_sc_mcu7t5v0__clkinv_3 read from path /home/user/.ciel/gf180mcuC/libs.ref/gf180mcu_fd_sc_mcu7t5v0/mag
Cell gf180mcu_fd_sc_mcu7t5v0__nand3_4 read from path /home/user/.ciel/gf180mcuC/libs.ref/gf180mcu_fd_sc_mcu7t5v0/mag
Cell gf180mcu_fd_sc_mcu7t5v0__nor2_4 read from path /home/user/.ciel/gf180mcuC/libs.ref/gf180mcu_fd_sc_mcu7t5v0/mag
Cell gf180mcu_fd_sc_mcu7t5v0__oai31_2 read from path /home/user/.ciel/gf180mcuC/libs.ref/gf180mcu_fd_sc_mcu7t5v0/mag
Cell gf180mcu_fd_sc_mcu7t5v0__oai211_1 read from path /home/user/.ciel/gf180mcuC/libs.ref/gf180mcu_fd_sc_mcu7t5v0/mag
Cell gf180mcu_fd_sc_mcu7t5v0__dffrnq_4 read from path /home/user/.ciel/gf180mcuC/libs.ref/gf180mcu_fd_sc_mcu7t5v0/mag
Cell gf180mcu_fd_sc_mcu7t5v0__buf_8 read from path /home/user/.ciel/gf180mcuC/libs.ref/gf180mcu_fd_sc_mcu7t5v0/mag
Cell gf180mcu_fd_sc_mcu7t5v0__buf_4 read from path /home/user/.ciel/gf180mcuC/libs.ref/gf180mcu_fd_sc_mcu7t5v0/mag
Cell gf180mcu_fd_sc_mcu7t5v0__buf_12 read from path /home/user/.ciel/gf180mcuC/libs.ref/gf180mcu_fd_sc_mcu7t5v0/mag
Cell gf180mcu_fd_sc_mcu7t5v0__clkbuf_20 read from path /home/user/.ciel/gf180mcuC/libs.ref/gf180mcu_fd_sc_mcu7t5v0/mag
Cell gf180mcu_fd_sc_mcu7t5v0__clkbuf_12 read from path /home/user/.ciel/gf180mcuC/libs.ref/gf180mcu_fd_sc_mcu7t5v0/mag
Cell gf180mcu_fd_sc_mcu7t5v0__buf_16 read from path /home/user/.ciel/gf180mcuC/libs.ref/gf180mcu_fd_sc_mcu7t5v0/mag
Cell gf180mcu_fd_sc_mcu7t5v0__clkbuf_3 read from path /home/user/.ciel/gf180mcuC/libs.ref/gf180mcu_fd_sc_mcu7t5v0/mag
Cell gf180mcu_fd_sc_mcu7t5v0__buf_1 read from path /home/user/.ciel/gf180mcuC/libs.ref/gf180mcu_fd_sc_mcu7t5v0/mag
Cell gf180mcu_fd_sc_mcu7t5v0__clkbuf_2 read from path /home/user/.ciel/gf180mcuC/libs.ref/gf180mcu_fd_sc_mcu7t5v0/mag
Cell gf180mcu_fd_sc_mcu7t5v0__clkbuf_1 read from path /home/user/.ciel/gf180mcuC/libs.ref/gf180mcu_fd_sc_mcu7t5v0/mag
Cell gf180mcu_fd_sc_mcu7t5v0__buf_2 read from path /home/user/.ciel/gf180mcuC/libs.ref/gf180mcu_fd_sc_mcu7t5v0/mag
Cell gf180mcu_fd_sc_mcu7t5v0__buf_3 read from path /home/user/.ciel/gf180mcuC/libs.ref/gf180mcu_fd_sc_mcu7t5v0/mag
  Processed 42146 subcell instances total.
  Processed 79 pins total.
  Processed 2 special nets total.
  Processed 12395 nets total.
DEF read: Processed 213347 lines.
Root cell box:
           width x height  (   llx,  lly  ), (   urx,  ury  )  area (units^2)

microns:  1110.000 x 550.000  ( 0.000,  0.000), ( 1110.000,  550.000)  610499.938
lambda:   22200.00 x 11000.00  (  0.00,  0.00 ), ( 22200.00,  11000.00)  244200016.00
internal: 222000 x 110000  (     0,  0    ), ( 222000,  110000)  24420000000
   Generating output for cell gf180mcu_fd_sc_mcu7t5v0__fillcap_32
   Generating output for cell gf180mcu_fd_sc_mcu7t5v0__fill_1
   Generating output for cell gf180mcu_fd_sc_mcu7t5v0__fillcap_64
   Generating output for cell gf180mcu_fd_sc_mcu7t5v0__endcap
   Generating output for cell gf180mcu_fd_sc_mcu7t5v0__filltie
   Generating output for cell gf180mcu_fd_sc_mcu7t5v0__fillcap_4
   Generating output for cell gf180mcu_fd_sc_mcu7t5v0__mux2_1
   Generating output for cell gf180mcu_fd_sc_mcu7t5v0__fill_2
   Generating output for cell gf180mcu_fd_sc_mcu7t5v0__fillcap_16
   Generating output for cell gf180mcu_fd_sc_mcu7t5v0__antenna
   Generating output for cell gf180mcu_fd_sc_mcu7t5v0__fillcap_8
   Generating output for cell gf180mcu_fd_sc_mcu7t5v0__or2_1
   Generating output for cell gf180mcu_fd_sc_mcu7t5v0__dffrsnq_1
   Generating output for cell gf180mcu_fd_sc_mcu7t5v0__tiel
   Generating output for cell gf180mcu_fd_sc_mcu7t5v0__tieh
   Generating output for cell gf180mcu_fd_sc_mcu7t5v0__nand2_1
   Generating output for cell gf180mcu_fd_sc_mcu7t5v0__oai21_1
   Generating output for cell gf180mcu_fd_sc_mcu7t5v0__oai31_1
   Generating output for cell gf180mcu_fd_sc_mcu7t5v0__clkinv_1
   Generating output for cell gf180mcu_fd_sc_mcu7t5v0__aoi21_1
   Generating output for cell gf180mcu_fd_sc_mcu7t5v0__nor2_1
   Generating output for cell gf180mcu_fd_sc_mcu7t5v0__inv_3
   Generating output for cell gf180mcu_fd_sc_mcu7t5v0__oai221_1
   Generating output for cell gf180mcu_fd_sc_mcu7t5v0__dffrnq_1
   Generating output for cell gf180mcu_fd_sc_mcu7t5v0__xor2_1
   Generating output for cell gf180mcu_fd_sc_mcu7t5v0__dffrsnq_2
   Generating output for cell gf180mcu_fd_sc_mcu7t5v0__nor3_1
   Generating output for cell gf180mcu_fd_sc_mcu7t5v0__clkinv_4
   Generating output for cell gf180mcu_fd_sc_mcu7t5v0__nor4_2
   Generating output for cell gf180mcu_fd_sc_mcu7t5v0__aoi211_1
   Generating output for cell gf180mcu_fd_sc_mcu7t5v0__nand3_1
   Generating output for cell gf180mcu_fd_sc_mcu7t5v0__and2_1
   Generating output for cell gf180mcu_fd_sc_mcu7t5v0__xor3_1
   Generating output for cell gf180mcu_fd_sc_mcu7t5v0__or4_1
   Generating output for cell gf180mcu_fd_sc_mcu7t5v0__clkbuf_16
   Generating output for cell gf180mcu_fd_sc_mcu7t5v0__oai21_2
   Generating output for cell gf180mcu_fd_sc_mcu7t5v0__aoi22_1
   Generating output for cell gf180mcu_fd_sc_mcu7t5v0__oai22_1
   Generating output for cell gf180mcu_fd_sc_mcu7t5v0__xnor2_1
   Generating output for cell gf180mcu_fd_sc_mcu7t5v0__nand3_2
   Generating output for cell gf180mcu_fd_sc_mcu7t5v0__nor2_2
   Generating output for cell gf180mcu_fd_sc_mcu7t5v0__and3_1
   Generating output for cell gf180mcu_fd_sc_mcu7t5v0__dffrnq_2
   Generating output for cell gf180mcu_fd_sc_mcu7t5v0__nand4_2
   Generating output for cell gf180mcu_fd_sc_mcu7t5v0__and4_2
   Generating output for cell gf180mcu_fd_sc_mcu7t5v0__and4_1
   Generating output for cell gf180mcu_fd_sc_mcu7t5v0__aoi21_2
   Generating output for cell gf180mcu_fd_sc_mcu7t5v0__clkinv_8
   Generating output for cell gf180mcu_fd_sc_mcu7t5v0__xnor2_4
   Generating output for cell gf180mcu_fd_sc_mcu7t5v0__or2_4
   Generating output for cell gf180mcu_fd_sc_mcu7t5v0__clkbuf_8
   Generating output for cell gf180mcu_fd_sc_mcu7t5v0__buf_12
   Generating output for cell gf180mcu_fd_sc_mcu7t5v0__clkbuf_12
   Generating output for cell gf180mcu_fd_sc_mcu7t5v0__inv_1
   Generating output for cell gf180mcu_fd_sc_mcu7t5v0__clkbuf_20
   Generating output for cell gf180mcu_fd_sc_mcu7t5v0__nand4_4
   Generating output for cell gf180mcu_fd_sc_mcu7t5v0__buf_1
   Generating output for cell gf180mcu_fd_sc_mcu7t5v0__xor3_2
   Generating output for cell gf180mcu_fd_sc_mcu7t5v0__and3_2
   Generating output for cell gf180mcu_fd_sc_mcu7t5v0__buf_8
   Generating output for cell gf180mcu_fd_sc_mcu7t5v0__xnor3_1
   Generating output for cell gf180mcu_fd_sc_mcu7t5v0__or2_2
   Generating output for cell gf180mcu_fd_sc_mcu7t5v0__clkinv_2
   Generating output for cell gf180mcu_fd_sc_mcu7t5v0__nand2_4
   Generating output for cell gf180mcu_fd_sc_mcu7t5v0__aoi221_2
   Generating output for cell gf180mcu_fd_sc_mcu7t5v0__oai32_1
   Generating output for cell gf180mcu_fd_sc_mcu7t5v0__xor3_4
   Generating output for cell gf180mcu_fd_sc_mcu7t5v0__xnor3_4
   Generating output for cell gf180mcu_fd_sc_mcu7t5v0__clkbuf_1
   Generating output for cell gf180mcu_fd_sc_mcu7t5v0__xor2_4
   Generating output for cell gf180mcu_fd_sc_mcu7t5v0__buf_16
   Generating output for cell gf180mcu_fd_sc_mcu7t5v0__clkbuf_2
   Generating output for cell gf180mcu_fd_sc_mcu7t5v0__nor2_4
   Generating output for cell gf180mcu_fd_sc_mcu7t5v0__buf_4
   Generating output for cell gf180mcu_fd_sc_mcu7t5v0__oai31_2
   Generating output for cell gf180mcu_fd_sc_mcu7t5v0__and3_4
   Generating output for cell gf180mcu_fd_sc_mcu7t5v0__inv_2
   Generating output for cell gf180mcu_fd_sc_mcu7t5v0__clkinv_3
   Generating output for cell gf180mcu_fd_sc_mcu7t5v0__nand2_2
   Generating output for cell gf180mcu_fd_sc_mcu7t5v0__and2_4
   Generating output for cell gf180mcu_fd_sc_mcu7t5v0__buf_2
   Generating output for cell gf180mcu_fd_sc_mcu7t5v0__nor4_4
   Generating output for cell gf180mcu_fd_sc_mcu7t5v0__and2_2
   Generating output for cell gf180mcu_fd_sc_mcu7t5v0__nand3_4
   Generating output for cell gf180mcu_fd_sc_mcu7t5v0__oai211_1
   Generating output for cell gf180mcu_fd_sc_mcu7t5v0__nor4_1
   Generating output for cell gf180mcu_fd_sc_mcu7t5v0__oai221_2
   Generating output for cell gf180mcu_fd_sc_mcu7t5v0__dffrnq_4
   Generating output for cell gf180mcu_fd_sc_mcu7t5v0__nand4_1
   Generating output for cell gf180mcu_fd_sc_mcu7t5v0__clkbuf_3
   Generating output for cell gf180mcu_fd_sc_mcu7t5v0__buf_3
   Generating output for cell A06_BH_top_wrapper
[INFO]: GDS Write Complete
