
===========================================================================
report_checks -unconstrained
===========================================================================
======================= Typical Corner ===================================

Startpoint: rst_n (input port clocked by clk)
Endpoint: res_mem_inst.slot[1].slot_reg._128_
          (recovery check against rising-edge clock clk)
Path Group: asynchronous
Path Type: max

Fanout     Cap    Slew   Delay    Time   Description
-----------------------------------------------------------------------------
                          0.00    0.00   clock clk (rise edge)
                          0.00    0.00   clock network delay (propagated)
                          4.00    4.00 ^ input external delay
                  0.14    0.06    4.06 ^ rst_n (in)
     1    0.01                           rst_n (net)
                  0.14    0.00    4.06 ^ input4/I (gf180mcu_fd_sc_mcu7t5v0__clkbuf_1)
                  0.39    0.39    4.44 ^ input4/Z (gf180mcu_fd_sc_mcu7t5v0__clkbuf_1)
     2    0.02                           net4 (net)
                  0.39    0.00    4.44 ^ fanout735/I (gf180mcu_fd_sc_mcu7t5v0__buf_4)
                  0.56    0.50    4.94 ^ fanout735/Z (gf180mcu_fd_sc_mcu7t5v0__buf_4)
     8    0.13                           net735 (net)
                  0.56    0.01    4.95 ^ fanout684/I (gf180mcu_fd_sc_mcu7t5v0__buf_2)
                  0.85    0.70    5.65 ^ fanout684/Z (gf180mcu_fd_sc_mcu7t5v0__buf_2)
     8    0.10                           net684 (net)
                  0.85    0.00    5.66 ^ fanout683/I (gf180mcu_fd_sc_mcu7t5v0__buf_2)
                  0.67    0.60    6.26 ^ fanout683/Z (gf180mcu_fd_sc_mcu7t5v0__buf_2)
     8    0.08                           net683 (net)
                  0.67    0.00    6.26 ^ fanout682/I (gf180mcu_fd_sc_mcu7t5v0__clkbuf_3)
                  0.48    0.62    6.89 ^ fanout682/Z (gf180mcu_fd_sc_mcu7t5v0__clkbuf_3)
    14    0.11                           net682 (net)
                  0.48    0.01    6.89 ^ res_mem_inst._063_/I (gf180mcu_fd_sc_mcu7t5v0__clkinv_1)
                  0.20    0.17    7.06 v res_mem_inst._063_/ZN (gf180mcu_fd_sc_mcu7t5v0__clkinv_1)
     1    0.01                           res_mem_inst._003_ (net)
                  0.20    0.00    7.06 v fanout379/I (gf180mcu_fd_sc_mcu7t5v0__buf_2)
                  0.53    0.57    7.63 v fanout379/Z (gf180mcu_fd_sc_mcu7t5v0__buf_2)
    12    0.11                           net379 (net)
                  0.53    0.00    7.63 v fanout361/I (gf180mcu_fd_sc_mcu7t5v0__clkbuf_2)
                  0.45    0.60    8.23 v fanout361/Z (gf180mcu_fd_sc_mcu7t5v0__clkbuf_2)
     8    0.05                           net361 (net)
                  0.45    0.00    8.24 v fanout357/I (gf180mcu_fd_sc_mcu7t5v0__buf_2)
                  0.45    0.59    8.83 v fanout357/Z (gf180mcu_fd_sc_mcu7t5v0__buf_2)
    16    0.09                           net357 (net)
                  0.45    0.00    8.83 v fanout356/I (gf180mcu_fd_sc_mcu7t5v0__buf_2)
                  0.40    0.56    9.38 v fanout356/Z (gf180mcu_fd_sc_mcu7t5v0__buf_2)
    16    0.08                           net356 (net)
                  0.40    0.00    9.38 v fanout355/I (gf180mcu_fd_sc_mcu7t5v0__buf_2)
                  0.36    0.51    9.90 v fanout355/Z (gf180mcu_fd_sc_mcu7t5v0__buf_2)
    16    0.07                           net355 (net)
                  0.36    0.00    9.90 v res_mem_inst.slot[1].slot_reg._053_/I (gf180mcu_fd_sc_mcu7t5v0__clkinv_1)
                  0.27    0.25   10.15 ^ res_mem_inst.slot[1].slot_reg._053_/ZN (gf180mcu_fd_sc_mcu7t5v0__clkinv_1)
     1    0.01                           res_mem_inst.slot[1].slot_reg._012_ (net)
                  0.27    0.00   10.15 ^ res_mem_inst.slot[1].slot_reg._128_/RN (gf180mcu_fd_sc_mcu7t5v0__dffrnq_1)
                                 10.15   data arrival time

                         20.00   20.00   clock clk (rise edge)
                          0.00   20.00   clock source latency
                  0.49    0.27   20.27 ^ clk (in)
     1    0.12                           clk (net)
                  0.49    0.00   20.27 ^ clkbuf_0_clk/I (gf180mcu_fd_sc_mcu7t5v0__clkbuf_16)
                  0.33    0.43   20.70 ^ clkbuf_0_clk/Z (gf180mcu_fd_sc_mcu7t5v0__clkbuf_16)
    16    0.29                           clknet_0_clk (net)
                  0.34    0.02   20.72 ^ clkbuf_3_6_0_clk/I (gf180mcu_fd_sc_mcu7t5v0__clkbuf_8)
                  0.20    0.33   21.06 ^ clkbuf_3_6_0_clk/Z (gf180mcu_fd_sc_mcu7t5v0__clkbuf_8)
     4    0.08                           clknet_3_6_0_clk (net)
                  0.21    0.00   21.06 ^ clkbuf_4_12__f_clk/I (gf180mcu_fd_sc_mcu7t5v0__clkbuf_16)
                  0.40    0.43   21.49 ^ clkbuf_4_12__f_clk/Z (gf180mcu_fd_sc_mcu7t5v0__clkbuf_16)
    22    0.36                           clknet_4_12__leaf_clk (net)
                  0.40    0.01   21.50 ^ clkbuf_leaf_70_clk/I (gf180mcu_fd_sc_mcu7t5v0__clkbuf_16)
                  0.11    0.29   21.78 ^ clkbuf_leaf_70_clk/Z (gf180mcu_fd_sc_mcu7t5v0__clkbuf_16)
     7    0.04                           clknet_leaf_70_clk (net)
                  0.11    0.00   21.78 ^ res_mem_inst.slot[1].slot_reg._128_/CLK (gf180mcu_fd_sc_mcu7t5v0__dffrnq_1)
                         -0.25   21.53   clock uncertainty
                          0.00   21.53   clock reconvergence pessimism
                          0.22   21.75   library recovery time
                                 21.75   data required time
-----------------------------------------------------------------------------
                                 21.75   data required time
                                -10.15   data arrival time
-----------------------------------------------------------------------------
                                 11.60   slack (MET)


Startpoint: bgc_7.final_counter._75_
            (rising edge-triggered flip-flop clocked by clk)
Endpoint: res_mem_inst.slot[12].slot_reg._127_
          (rising edge-triggered flip-flop clocked by clk)
Path Group: clk
Path Type: max

Fanout     Cap    Slew   Delay    Time   Description
-----------------------------------------------------------------------------
                          0.00    0.00   clock clk (rise edge)
                          0.00    0.00   clock source latency
                  0.49    0.30    0.30 ^ clk (in)
     1    0.12                           clk (net)
                  0.49    0.00    0.30 ^ clkbuf_0_clk/I (gf180mcu_fd_sc_mcu7t5v0__clkbuf_16)
                  0.33    0.48    0.77 ^ clkbuf_0_clk/Z (gf180mcu_fd_sc_mcu7t5v0__clkbuf_16)
    16    0.29                           clknet_0_clk (net)
                  0.34    0.03    0.80 ^ clkbuf_3_0_0_clk/I (gf180mcu_fd_sc_mcu7t5v0__clkbuf_8)
                  0.20    0.37    1.17 ^ clkbuf_3_0_0_clk/Z (gf180mcu_fd_sc_mcu7t5v0__clkbuf_8)
     4    0.08                           clknet_3_0_0_clk (net)
                  0.20    0.00    1.17 ^ clkbuf_4_1__f_clk/I (gf180mcu_fd_sc_mcu7t5v0__clkbuf_16)
                  0.43    0.49    1.66 ^ clkbuf_4_1__f_clk/Z (gf180mcu_fd_sc_mcu7t5v0__clkbuf_16)
    24    0.39                           clknet_4_1__leaf_clk (net)
                  0.43    0.01    1.67 ^ clkbuf_leaf_9_clk/I (gf180mcu_fd_sc_mcu7t5v0__clkbuf_16)
                  0.11    0.31    1.98 ^ clkbuf_leaf_9_clk/Z (gf180mcu_fd_sc_mcu7t5v0__clkbuf_16)
     6    0.03                           clknet_leaf_9_clk (net)
                  0.11    0.00    1.98 ^ bgc_7.final_counter._75_/CLK (gf180mcu_fd_sc_mcu7t5v0__dffrnq_1)
                  0.37    1.06    3.04 ^ bgc_7.final_counter._75_/Q (gf180mcu_fd_sc_mcu7t5v0__dffrnq_1)
     3    0.02                           adder_tree.r[7][6] (net)
                  0.37    0.00    3.04 ^ adder_tree._1093_/A1 (gf180mcu_fd_sc_mcu7t5v0__xor2_1)
                  0.57    0.56    3.61 ^ adder_tree._1093_/Z (gf180mcu_fd_sc_mcu7t5v0__xor2_1)
     2    0.01                           adder_tree._0374_ (net)
                  0.57    0.00    3.61 ^ adder_tree._1095_/A2 (gf180mcu_fd_sc_mcu7t5v0__xor2_1)
                  0.61    0.55    4.15 ^ adder_tree._1095_/Z (gf180mcu_fd_sc_mcu7t5v0__xor2_1)
     1    0.01                           adder_tree._0376_ (net)
                  0.61    0.00    4.15 ^ adder_tree._1096_/I (gf180mcu_fd_sc_mcu7t5v0__clkinv_1)
                  0.32    0.28    4.44 v adder_tree._1096_/ZN (gf180mcu_fd_sc_mcu7t5v0__clkinv_1)
     2    0.01                           adder_tree._0377_ (net)
                  0.32    0.00    4.44 v adder_tree._1098_/A1 (gf180mcu_fd_sc_mcu7t5v0__xor2_1)
                  0.32    0.59    5.03 v adder_tree._1098_/Z (gf180mcu_fd_sc_mcu7t5v0__xor2_1)
     2    0.01                           adder_tree._0379_ (net)
                  0.32    0.00    5.03 v adder_tree._1100_/A2 (gf180mcu_fd_sc_mcu7t5v0__xor2_1)
                  0.30    0.58    5.60 v adder_tree._1100_/Z (gf180mcu_fd_sc_mcu7t5v0__xor2_1)
     2    0.01                           adder_tree._0381_ (net)
                  0.30    0.00    5.60 v adder_tree._1116_/A1 (gf180mcu_fd_sc_mcu7t5v0__xor3_1)
                  0.56    1.32    6.92 v adder_tree._1116_/Z (gf180mcu_fd_sc_mcu7t5v0__xor3_1)
     2    0.03                           adder_tree._0397_ (net)
                  0.56    0.00    6.92 v adder_tree._1118_/A2 (gf180mcu_fd_sc_mcu7t5v0__xnor2_1)
                  0.50    0.55    7.47 v adder_tree._1118_/ZN (gf180mcu_fd_sc_mcu7t5v0__xnor2_1)
     2    0.01                           adder_tree._0399_ (net)
                  0.50    0.00    7.47 v adder_tree._1119_/A2 (gf180mcu_fd_sc_mcu7t5v0__xor2_1)
                  0.35    0.65    8.12 v adder_tree._1119_/Z (gf180mcu_fd_sc_mcu7t5v0__xor2_1)
     2    0.01                           adder_tree._0400_ (net)
                  0.35    0.00    8.12 v adder_tree._1121_/A2 (gf180mcu_fd_sc_mcu7t5v0__xor2_1)
                  0.33    0.60    8.72 v adder_tree._1121_/Z (gf180mcu_fd_sc_mcu7t5v0__xor2_1)
     2    0.01                           adder_tree._0402_ (net)
                  0.33    0.00    8.72 v adder_tree._1127_/A1 (gf180mcu_fd_sc_mcu7t5v0__xor2_1)
                  0.36    0.60    9.32 v adder_tree._1127_/Z (gf180mcu_fd_sc_mcu7t5v0__xor2_1)
     2    0.01                           adder_tree._0408_ (net)
                  0.36    0.00    9.32 v adder_tree._1130_/A2 (gf180mcu_fd_sc_mcu7t5v0__xor2_1)
                  0.41    0.65    9.98 v adder_tree._1130_/Z (gf180mcu_fd_sc_mcu7t5v0__xor2_1)
     2    0.02                           adder_tree._0411_ (net)
                  0.41    0.00    9.98 v adder_tree._1131_/A2 (gf180mcu_fd_sc_mcu7t5v0__xor2_1)
                  0.36    0.63   10.60 v adder_tree._1131_/Z (gf180mcu_fd_sc_mcu7t5v0__xor2_1)
     2    0.01                           adder_tree._0412_ (net)
                  0.36    0.00   10.60 v adder_tree._1133_/A2 (gf180mcu_fd_sc_mcu7t5v0__xor2_2)
                  0.26    0.64   11.25 ^ adder_tree._1133_/Z (gf180mcu_fd_sc_mcu7t5v0__xor2_2)
     3    0.03                           adder_tree._0414_ (net)
                  0.26    0.00   11.25 ^ adder_tree._1270_/A1 (gf180mcu_fd_sc_mcu7t5v0__aoi221_2)
                  0.53    0.23   11.47 v adder_tree._1270_/ZN (gf180mcu_fd_sc_mcu7t5v0__aoi221_2)
     2    0.02                           adder_tree._0549_ (net)
                  0.53    0.00   11.47 v adder_tree._1273_/A3 (gf180mcu_fd_sc_mcu7t5v0__oai31_2)
                  0.63    0.53   12.00 ^ adder_tree._1273_/ZN (gf180mcu_fd_sc_mcu7t5v0__oai31_2)
     2    0.01                           adder_tree._0551_ (net)
                  0.63    0.00   12.00 ^ adder_tree._1342_/A1 (gf180mcu_fd_sc_mcu7t5v0__aoi21_1)
                  0.32    0.24   12.24 v adder_tree._1342_/ZN (gf180mcu_fd_sc_mcu7t5v0__aoi21_1)
     2    0.01                           adder_tree._0619_ (net)
                  0.32    0.00   12.24 v adder_tree._1408_/A1 (gf180mcu_fd_sc_mcu7t5v0__xnor3_4)
                  0.58    1.73   13.97 ^ adder_tree._1408_/ZN (gf180mcu_fd_sc_mcu7t5v0__xnor3_4)
     4    0.13                           adder_tree.sum_out[10] (net)
                  0.58    0.01   13.98 ^ fanout17/I (gf180mcu_fd_sc_mcu7t5v0__buf_8)
                  0.38    0.40   14.38 ^ fanout17/Z (gf180mcu_fd_sc_mcu7t5v0__buf_8)
    16    0.17                           net17 (net)
                  0.38    0.01   14.39 ^ fanout16/I (gf180mcu_fd_sc_mcu7t5v0__buf_8)
                  0.29    0.33   14.72 ^ fanout16/Z (gf180mcu_fd_sc_mcu7t5v0__buf_8)
    16    0.13                           net16 (net)
                  0.29    0.01   14.74 ^ res_mem_inst.slot[12].slot_reg._076_/I (gf180mcu_fd_sc_mcu7t5v0__clkinv_1)
                  0.20    0.18   14.92 v res_mem_inst.slot[12].slot_reg._076_/ZN (gf180mcu_fd_sc_mcu7t5v0__clkinv_1)
     1    0.01                           res_mem_inst.slot[12].slot_reg._038_ (net)
                  0.20    0.00   14.92 v res_mem_inst.slot[12].slot_reg._103_/A1 (gf180mcu_fd_sc_mcu7t5v0__oai221_1)
                  0.66    0.26   15.18 ^ res_mem_inst.slot[12].slot_reg._103_/ZN (gf180mcu_fd_sc_mcu7t5v0__oai221_1)
     1    0.00                           res_mem_inst.slot[12].slot_reg._000_[10] (net)
                  0.66    0.00   15.18 ^ res_mem_inst.slot[12].slot_reg._127_/D (gf180mcu_fd_sc_mcu7t5v0__dffrnq_1)
                                 15.18   data arrival time

                         20.00   20.00   clock clk (rise edge)
                          0.00   20.00   clock source latency
                  0.49    0.27   20.27 ^ clk (in)
     1    0.12                           clk (net)
                  0.49    0.00   20.27 ^ clkbuf_0_clk/I (gf180mcu_fd_sc_mcu7t5v0__clkbuf_16)
                  0.33    0.43   20.70 ^ clkbuf_0_clk/Z (gf180mcu_fd_sc_mcu7t5v0__clkbuf_16)
    16    0.29                           clknet_0_clk (net)
                  0.34    0.02   20.72 ^ clkbuf_3_6_0_clk/I (gf180mcu_fd_sc_mcu7t5v0__clkbuf_8)
                  0.20    0.33   21.06 ^ clkbuf_3_6_0_clk/Z (gf180mcu_fd_sc_mcu7t5v0__clkbuf_8)
     4    0.08                           clknet_3_6_0_clk (net)
                  0.21    0.00   21.06 ^ clkbuf_4_12__f_clk/I (gf180mcu_fd_sc_mcu7t5v0__clkbuf_16)
                  0.40    0.43   21.49 ^ clkbuf_4_12__f_clk/Z (gf180mcu_fd_sc_mcu7t5v0__clkbuf_16)
    22    0.36                           clknet_4_12__leaf_clk (net)
                  0.40    0.01   21.49 ^ clkbuf_leaf_75_clk/I (gf180mcu_fd_sc_mcu7t5v0__clkbuf_16)
                  0.11    0.28   21.77 ^ clkbuf_leaf_75_clk/Z (gf180mcu_fd_sc_mcu7t5v0__clkbuf_16)
     5    0.03                           clknet_leaf_75_clk (net)
                  0.11    0.00   21.77 ^ res_mem_inst.slot[12].slot_reg._127_/CLK (gf180mcu_fd_sc_mcu7t5v0__dffrnq_1)
                         -0.25   21.52   clock uncertainty
                          0.07   21.60   clock reconvergence pessimism
                         -0.39   21.21   library setup time
                                 21.21   data required time
-----------------------------------------------------------------------------
                                 21.21   data required time
                                -15.18   data arrival time
-----------------------------------------------------------------------------
                                  6.03   slack (MET)




===========================================================================
report_checks --slack_max -0.01
============================================================================
======================= Typical Corner ===================================

No paths found.


===========================================================================
 report_check_types -max_slew -max_cap -max_fanout -violators
============================================================================
======================= Typical Corner ===================================

max fanout

Pin                                   Limit Fanout  Slack
---------------------------------------------------------
clkbuf_4_13__f_clk/Z                      8     28    -20 (VIOLATED)
clkbuf_4_0__f_clk/Z                       8     26    -18 (VIOLATED)
clkbuf_4_14__f_clk/Z                      8     26    -18 (VIOLATED)
clkbuf_4_2__f_clk/Z                       8     26    -18 (VIOLATED)
clkbuf_4_8__f_clk/Z                       8     26    -18 (VIOLATED)
clkbuf_leaf_27_clk/Z                      8     26    -18 (VIOLATED)
clkbuf_4_11__f_clk/Z                      8     24    -16 (VIOLATED)
clkbuf_4_1__f_clk/Z                       8     24    -16 (VIOLATED)
clkbuf_4_4__f_clk/Z                       8     24    -16 (VIOLATED)
clkbuf_4_6__f_clk/Z                       8     24    -16 (VIOLATED)
clkbuf_4_7__f_clk/Z                       8     24    -16 (VIOLATED)
clkbuf_4_10__f_clk/Z                      8     22    -14 (VIOLATED)
clkbuf_4_12__f_clk/Z                      8     22    -14 (VIOLATED)
clkbuf_4_15__f_clk/Z                      8     22    -14 (VIOLATED)
clkbuf_4_3__f_clk/Z                       8     22    -14 (VIOLATED)
clkbuf_4_5__f_clk/Z                       8     22    -14 (VIOLATED)
clkbuf_4_9__f_clk/Z                       8     22    -14 (VIOLATED)
clkbuf_leaf_120_clk/Z                     8     22    -14 (VIOLATED)
clkbuf_leaf_123_clk/Z                     8     22    -14 (VIOLATED)
clkbuf_leaf_124_clk/Z                     8     22    -14 (VIOLATED)
clkbuf_leaf_166_clk/Z                     8     22    -14 (VIOLATED)
clkbuf_leaf_115_clk/Z                     8     20    -12 (VIOLATED)
clkbuf_leaf_129_clk/Z                     8     20    -12 (VIOLATED)
clkbuf_leaf_181_clk/Z                     8     20    -12 (VIOLATED)
clkbuf_leaf_188_clk/Z                     8     20    -12 (VIOLATED)
clkbuf_leaf_25_clk/Z                      8     20    -12 (VIOLATED)
clkbuf_leaf_31_clk/Z                      8     20    -12 (VIOLATED)
clkbuf_leaf_56_clk/Z                      8     20    -12 (VIOLATED)
clkbuf_leaf_0_clk/Z                       8     18    -10 (VIOLATED)
clkbuf_leaf_111_clk/Z                     8     18    -10 (VIOLATED)
clkbuf_leaf_117_clk/Z                     8     18    -10 (VIOLATED)
clkbuf_leaf_122_clk/Z                     8     18    -10 (VIOLATED)
clkbuf_leaf_150_clk/Z                     8     18    -10 (VIOLATED)
clkbuf_leaf_151_clk/Z                     8     18    -10 (VIOLATED)
clkbuf_leaf_155_clk/Z                     8     18    -10 (VIOLATED)
clkbuf_leaf_160_clk/Z                     8     18    -10 (VIOLATED)
clkbuf_leaf_167_clk/Z                     8     18    -10 (VIOLATED)
clkbuf_leaf_57_clk/Z                      8     18    -10 (VIOLATED)
clkbuf_leaf_66_clk/Z                      8     18    -10 (VIOLATED)
clkbuf_leaf_74_clk/Z                      8     18    -10 (VIOLATED)
clkbuf_leaf_77_clk/Z                      8     18    -10 (VIOLATED)
clkbuf_0_clk/Z                            8     16     -8 (VIOLATED)
clkbuf_leaf_10_clk/Z                      8     16     -8 (VIOLATED)
clkbuf_leaf_138_clk/Z                     8     16     -8 (VIOLATED)
clkbuf_leaf_144_clk/Z                     8     16     -8 (VIOLATED)
clkbuf_leaf_17_clk/Z                      8     16     -8 (VIOLATED)
clkbuf_leaf_189_clk/Z                     8     16     -8 (VIOLATED)
clkbuf_leaf_28_clk/Z                      8     16     -8 (VIOLATED)
clkbuf_leaf_36_clk/Z                      8     16     -8 (VIOLATED)
clkbuf_leaf_49_clk/Z                      8     16     -8 (VIOLATED)
clkbuf_leaf_59_clk/Z                      8     16     -8 (VIOLATED)
clkbuf_leaf_73_clk/Z                      8     16     -8 (VIOLATED)
clkbuf_leaf_76_clk/Z                      8     16     -8 (VIOLATED)
clkbuf_leaf_92_clk/Z                      8     16     -8 (VIOLATED)
fanout100/Z                               8     16     -8 (VIOLATED)
fanout102/Z                               8     16     -8 (VIOLATED)
fanout110/Z                               8     16     -8 (VIOLATED)
fanout118/Z                               8     16     -8 (VIOLATED)
fanout124/Z                               8     16     -8 (VIOLATED)
fanout128/Z                               8     16     -8 (VIOLATED)
fanout130/Z                               8     16     -8 (VIOLATED)
fanout138/Z                               8     16     -8 (VIOLATED)
fanout14/Z                                8     16     -8 (VIOLATED)
fanout142/Z                               8     16     -8 (VIOLATED)
fanout15/Z                                8     16     -8 (VIOLATED)
fanout152/Z                               8     16     -8 (VIOLATED)
fanout16/Z                                8     16     -8 (VIOLATED)
fanout162/Z                               8     16     -8 (VIOLATED)
fanout166/Z                               8     16     -8 (VIOLATED)
fanout168/Z                               8     16     -8 (VIOLATED)
fanout17/Z                                8     16     -8 (VIOLATED)
fanout18/Z                                8     16     -8 (VIOLATED)
fanout186/Z                               8     16     -8 (VIOLATED)
fanout188/Z                               8     16     -8 (VIOLATED)
fanout19/Z                                8     16     -8 (VIOLATED)
fanout20/Z                                8     16     -8 (VIOLATED)
fanout204/Z                               8     16     -8 (VIOLATED)
fanout206/Z                               8     16     -8 (VIOLATED)
fanout21/Z                                8     16     -8 (VIOLATED)
fanout210/Z                               8     16     -8 (VIOLATED)
fanout212/Z                               8     16     -8 (VIOLATED)
fanout214/Z                               8     16     -8 (VIOLATED)
fanout216/Z                               8     16     -8 (VIOLATED)
fanout22/Z                                8     16     -8 (VIOLATED)
fanout224/Z                               8     16     -8 (VIOLATED)
fanout23/Z                                8     16     -8 (VIOLATED)
fanout236/Z                               8     16     -8 (VIOLATED)
fanout238/Z                               8     16     -8 (VIOLATED)
fanout24/Z                                8     16     -8 (VIOLATED)
fanout240/Z                               8     16     -8 (VIOLATED)
fanout242/Z                               8     16     -8 (VIOLATED)
fanout246/Z                               8     16     -8 (VIOLATED)
fanout247/Z                               8     16     -8 (VIOLATED)
fanout248/Z                               8     16     -8 (VIOLATED)
fanout25/Z                                8     16     -8 (VIOLATED)
fanout250/Z                               8     16     -8 (VIOLATED)
fanout26/Z                                8     16     -8 (VIOLATED)
fanout262/Z                               8     16     -8 (VIOLATED)
fanout27/Z                                8     16     -8 (VIOLATED)
fanout278/Z                               8     16     -8 (VIOLATED)
fanout28/Z                                8     16     -8 (VIOLATED)
fanout280/Z                               8     16     -8 (VIOLATED)
fanout282/Z                               8     16     -8 (VIOLATED)
fanout29/Z                                8     16     -8 (VIOLATED)
fanout290/Z                               8     16     -8 (VIOLATED)
fanout292/Z                               8     16     -8 (VIOLATED)
fanout294/Z                               8     16     -8 (VIOLATED)
fanout297/Z                               8     16     -8 (VIOLATED)
fanout298/Z                               8     16     -8 (VIOLATED)
fanout299/Z                               8     16     -8 (VIOLATED)
fanout30/Z                                8     16     -8 (VIOLATED)
fanout300/Z                               8     16     -8 (VIOLATED)
fanout302/Z                               8     16     -8 (VIOLATED)
fanout306/Z                               8     16     -8 (VIOLATED)
fanout307/Z                               8     16     -8 (VIOLATED)
fanout31/Z                                8     16     -8 (VIOLATED)
fanout311/Z                               8     16     -8 (VIOLATED)
fanout32/Z                                8     16     -8 (VIOLATED)
fanout320/Z                               8     16     -8 (VIOLATED)
fanout324/Z                               8     16     -8 (VIOLATED)
fanout325/Z                               8     16     -8 (VIOLATED)
fanout328/Z                               8     16     -8 (VIOLATED)
fanout329/Z                               8     16     -8 (VIOLATED)
fanout33/Z                                8     16     -8 (VIOLATED)
fanout336/Z                               8     16     -8 (VIOLATED)
fanout338/Z                               8     16     -8 (VIOLATED)
fanout340/Z                               8     16     -8 (VIOLATED)
fanout347/Z                               8     16     -8 (VIOLATED)
fanout348/Z                               8     16     -8 (VIOLATED)
fanout350/Z                               8     16     -8 (VIOLATED)
fanout354/Z                               8     16     -8 (VIOLATED)
fanout355/Z                               8     16     -8 (VIOLATED)
fanout356/Z                               8     16     -8 (VIOLATED)
fanout357/Z                               8     16     -8 (VIOLATED)
fanout358/Z                               8     16     -8 (VIOLATED)
fanout360/Z                               8     16     -8 (VIOLATED)
fanout362/Z                               8     16     -8 (VIOLATED)
fanout363/Z                               8     16     -8 (VIOLATED)
fanout364/Z                               8     16     -8 (VIOLATED)
fanout366/Z                               8     16     -8 (VIOLATED)
fanout367/Z                               8     16     -8 (VIOLATED)
fanout368/Z                               8     16     -8 (VIOLATED)
fanout369/Z                               8     16     -8 (VIOLATED)
fanout370/Z                               8     16     -8 (VIOLATED)
fanout371/Z                               8     16     -8 (VIOLATED)
fanout372/Z                               8     16     -8 (VIOLATED)
fanout373/Z                               8     16     -8 (VIOLATED)
fanout376/Z                               8     16     -8 (VIOLATED)
fanout38/Z                                8     16     -8 (VIOLATED)
fanout380/Z                               8     16     -8 (VIOLATED)
fanout382/Z                               8     16     -8 (VIOLATED)
fanout383/Z                               8     16     -8 (VIOLATED)
fanout384/Z                               8     16     -8 (VIOLATED)
fanout385/Z                               8     16     -8 (VIOLATED)
fanout388/Z                               8     16     -8 (VIOLATED)
fanout391/Z                               8     16     -8 (VIOLATED)
fanout392/Z                               8     16     -8 (VIOLATED)
fanout395/Z                               8     16     -8 (VIOLATED)
fanout397/Z                               8     16     -8 (VIOLATED)
fanout40/Z                                8     16     -8 (VIOLATED)
fanout401/Z                               8     16     -8 (VIOLATED)
fanout403/Z                               8     16     -8 (VIOLATED)
fanout404/Z                               8     16     -8 (VIOLATED)
fanout407/Z                               8     16     -8 (VIOLATED)
fanout408/Z                               8     16     -8 (VIOLATED)
fanout411/Z                               8     16     -8 (VIOLATED)
fanout415/Z                               8     16     -8 (VIOLATED)
fanout417/Z                               8     16     -8 (VIOLATED)
fanout418/Z                               8     16     -8 (VIOLATED)
fanout419/Z                               8     16     -8 (VIOLATED)
fanout421/Z                               8     16     -8 (VIOLATED)
fanout423/Z                               8     16     -8 (VIOLATED)
fanout425/Z                               8     16     -8 (VIOLATED)
fanout426/Z                               8     16     -8 (VIOLATED)
fanout427/Z                               8     16     -8 (VIOLATED)
fanout430/Z                               8     16     -8 (VIOLATED)
fanout431/Z                               8     16     -8 (VIOLATED)
fanout432/Z                               8     16     -8 (VIOLATED)
fanout434/Z                               8     16     -8 (VIOLATED)
fanout435/Z                               8     16     -8 (VIOLATED)
fanout436/Z                               8     16     -8 (VIOLATED)
fanout442/Z                               8     16     -8 (VIOLATED)
fanout445/Z                               8     16     -8 (VIOLATED)
fanout447/Z                               8     16     -8 (VIOLATED)
fanout448/Z                               8     16     -8 (VIOLATED)
fanout450/Z                               8     16     -8 (VIOLATED)
fanout453/Z                               8     16     -8 (VIOLATED)
fanout455/Z                               8     16     -8 (VIOLATED)
fanout456/Z                               8     16     -8 (VIOLATED)
fanout457/Z                               8     16     -8 (VIOLATED)
fanout458/Z                               8     16     -8 (VIOLATED)
fanout459/Z                               8     16     -8 (VIOLATED)
fanout46/Z                                8     16     -8 (VIOLATED)
fanout460/Z                               8     16     -8 (VIOLATED)
fanout464/Z                               8     16     -8 (VIOLATED)
fanout465/Z                               8     16     -8 (VIOLATED)
fanout467/Z                               8     16     -8 (VIOLATED)
fanout469/Z                               8     16     -8 (VIOLATED)
fanout470/Z                               8     16     -8 (VIOLATED)
fanout471/Z                               8     16     -8 (VIOLATED)
fanout473/Z                               8     16     -8 (VIOLATED)
fanout474/Z                               8     16     -8 (VIOLATED)
fanout478/Z                               8     16     -8 (VIOLATED)
fanout48/Z                                8     16     -8 (VIOLATED)
fanout482/Z                               8     16     -8 (VIOLATED)
fanout489/Z                               8     16     -8 (VIOLATED)
fanout491/Z                               8     16     -8 (VIOLATED)
fanout496/Z                               8     16     -8 (VIOLATED)
fanout498/Z                               8     16     -8 (VIOLATED)
fanout505/Z                               8     16     -8 (VIOLATED)
fanout507/Z                               8     16     -8 (VIOLATED)
fanout509/Z                               8     16     -8 (VIOLATED)
fanout511/Z                               8     16     -8 (VIOLATED)
fanout513/Z                               8     16     -8 (VIOLATED)
fanout517/Z                               8     16     -8 (VIOLATED)
fanout522/Z                               8     16     -8 (VIOLATED)
fanout524/Z                               8     16     -8 (VIOLATED)
fanout526/Z                               8     16     -8 (VIOLATED)
fanout528/Z                               8     16     -8 (VIOLATED)
fanout532/Z                               8     16     -8 (VIOLATED)
fanout536/Z                               8     16     -8 (VIOLATED)
fanout539/Z                               8     16     -8 (VIOLATED)
fanout541/Z                               8     16     -8 (VIOLATED)
fanout543/Z                               8     16     -8 (VIOLATED)
fanout545/Z                               8     16     -8 (VIOLATED)
fanout547/Z                               8     16     -8 (VIOLATED)
fanout549/Z                               8     16     -8 (VIOLATED)
fanout553/Z                               8     16     -8 (VIOLATED)
fanout556/Z                               8     16     -8 (VIOLATED)
fanout562/Z                               8     16     -8 (VIOLATED)
fanout564/Z                               8     16     -8 (VIOLATED)
fanout566/Z                               8     16     -8 (VIOLATED)
fanout568/Z                               8     16     -8 (VIOLATED)
fanout570/Z                               8     16     -8 (VIOLATED)
fanout573/Z                               8     16     -8 (VIOLATED)
fanout575/Z                               8     16     -8 (VIOLATED)
fanout577/Z                               8     16     -8 (VIOLATED)
fanout581/Z                               8     16     -8 (VIOLATED)
fanout583/Z                               8     16     -8 (VIOLATED)
fanout589/Z                               8     16     -8 (VIOLATED)
fanout591/Z                               8     16     -8 (VIOLATED)
fanout593/Z                               8     16     -8 (VIOLATED)
fanout595/Z                               8     16     -8 (VIOLATED)
fanout598/Z                               8     16     -8 (VIOLATED)
fanout600/Z                               8     16     -8 (VIOLATED)
fanout603/Z                               8     16     -8 (VIOLATED)
fanout605/Z                               8     16     -8 (VIOLATED)
fanout610/Z                               8     16     -8 (VIOLATED)
fanout613/Z                               8     16     -8 (VIOLATED)
fanout615/Z                               8     16     -8 (VIOLATED)
fanout621/Z                               8     16     -8 (VIOLATED)
fanout622/Z                               8     16     -8 (VIOLATED)
fanout623/Z                               8     16     -8 (VIOLATED)
fanout624/Z                               8     16     -8 (VIOLATED)
fanout627/Z                               8     16     -8 (VIOLATED)
fanout630/Z                               8     16     -8 (VIOLATED)
fanout635/Z                               8     16     -8 (VIOLATED)
fanout638/Z                               8     16     -8 (VIOLATED)
fanout640/Z                               8     16     -8 (VIOLATED)
fanout645/Z                               8     16     -8 (VIOLATED)
fanout646/Z                               8     16     -8 (VIOLATED)
fanout648/Z                               8     16     -8 (VIOLATED)
fanout650/Z                               8     16     -8 (VIOLATED)
fanout651/Z                               8     16     -8 (VIOLATED)
fanout652/Z                               8     16     -8 (VIOLATED)
fanout654/Z                               8     16     -8 (VIOLATED)
fanout656/Z                               8     16     -8 (VIOLATED)
fanout66/Z                                8     16     -8 (VIOLATED)
fanout661/Z                               8     16     -8 (VIOLATED)
fanout662/Z                               8     16     -8 (VIOLATED)
fanout663/Z                               8     16     -8 (VIOLATED)
fanout664/Z                               8     16     -8 (VIOLATED)
fanout665/Z                               8     16     -8 (VIOLATED)
fanout666/Z                               8     16     -8 (VIOLATED)
fanout669/Z                               8     16     -8 (VIOLATED)
fanout67/Z                                8     16     -8 (VIOLATED)
fanout671/Z                               8     16     -8 (VIOLATED)
fanout673/Z                               8     16     -8 (VIOLATED)
fanout674/Z                               8     16     -8 (VIOLATED)
fanout678/Z                               8     16     -8 (VIOLATED)
fanout679/Z                               8     16     -8 (VIOLATED)
fanout681/Z                               8     16     -8 (VIOLATED)
fanout685/Z                               8     16     -8 (VIOLATED)
fanout689/Z                               8     16     -8 (VIOLATED)
fanout691/Z                               8     16     -8 (VIOLATED)
fanout696/Z                               8     16     -8 (VIOLATED)
fanout697/Z                               8     16     -8 (VIOLATED)
fanout699/Z                               8     16     -8 (VIOLATED)
fanout702/Z                               8     16     -8 (VIOLATED)
fanout706/Z                               8     16     -8 (VIOLATED)
fanout707/Z                               8     16     -8 (VIOLATED)
fanout709/Z                               8     16     -8 (VIOLATED)
fanout714/Z                               8     16     -8 (VIOLATED)
fanout716/Z                               8     16     -8 (VIOLATED)
fanout718/Z                               8     16     -8 (VIOLATED)
fanout72/Z                                8     16     -8 (VIOLATED)
fanout721/Z                               8     16     -8 (VIOLATED)
fanout723/Z                               8     16     -8 (VIOLATED)
fanout724/Z                               8     16     -8 (VIOLATED)
fanout725/Z                               8     16     -8 (VIOLATED)
fanout726/Z                               8     16     -8 (VIOLATED)
fanout729/Z                               8     16     -8 (VIOLATED)
fanout730/Z                               8     16     -8 (VIOLATED)
fanout78/Z                                8     16     -8 (VIOLATED)
fanout84/Z                                8     16     -8 (VIOLATED)
fanout86/Z                                8     16     -8 (VIOLATED)
fanout88/Z                                8     16     -8 (VIOLATED)
input5/Z                                  8     16     -8 (VIOLATED)
input6/Z                                  8     16     -8 (VIOLATED)
input7/Z                                  8     16     -8 (VIOLATED)
input8/Z                                  8     16     -8 (VIOLATED)
bgc_12.final_counter._49_/Z               8     14     -6 (VIOLATED)
bgc_12.final_counter._78_/Q               8     14     -6 (VIOLATED)
bgc_13.final_counter._49_/Z               8     14     -6 (VIOLATED)
bgc_14.final_counter._49_/Z               8     14     -6 (VIOLATED)
bgc_15.final_counter._49_/Z               8     14     -6 (VIOLATED)
bgc_2.final_counter._49_/Z                8     14     -6 (VIOLATED)
bgc_3.final_counter._49_/Z                8     14     -6 (VIOLATED)
bgc_4.final_counter._49_/Z                8     14     -6 (VIOLATED)
bgc_5.final_counter._49_/Z                8     14     -6 (VIOLATED)
bgc_6.final_counter._49_/Z                8     14     -6 (VIOLATED)
bgc_7.final_counter._49_/Z                8     14     -6 (VIOLATED)
bgc_8.final_counter._49_/Z                8     14     -6 (VIOLATED)
clkbuf_leaf_100_clk/Z                     8     14     -6 (VIOLATED)
clkbuf_leaf_113_clk/Z                     8     14     -6 (VIOLATED)
clkbuf_leaf_121_clk/Z                     8     14     -6 (VIOLATED)
clkbuf_leaf_13_clk/Z                      8     14     -6 (VIOLATED)
clkbuf_leaf_149_clk/Z                     8     14     -6 (VIOLATED)
clkbuf_leaf_157_clk/Z                     8     14     -6 (VIOLATED)
clkbuf_leaf_158_clk/Z                     8     14     -6 (VIOLATED)
clkbuf_leaf_190_clk/Z                     8     14     -6 (VIOLATED)
clkbuf_leaf_82_clk/Z                      8     14     -6 (VIOLATED)
clkbuf_leaf_85_clk/Z                      8     14     -6 (VIOLATED)
clkbuf_leaf_97_clk/Z                      8     14     -6 (VIOLATED)
fanout309/Z                               8     14     -6 (VIOLATED)
fanout326/Z                               8     14     -6 (VIOLATED)
fanout334/Z                               8     14     -6 (VIOLATED)
fanout345/Z                               8     14     -6 (VIOLATED)
fanout410/Z                               8     14     -6 (VIOLATED)
fanout461/Z                               8     14     -6 (VIOLATED)
fanout655/Z                               8     14     -6 (VIOLATED)
fanout682/Z                               8     14     -6 (VIOLATED)
fanout686/Z                               8     14     -6 (VIOLATED)
fanout708/Z                               8     14     -6 (VIOLATED)
input2/Z                                  8     14     -6 (VIOLATED)
clkbuf_leaf_130_clk/Z                     8     12     -4 (VIOLATED)
clkbuf_leaf_165_clk/Z                     8     12     -4 (VIOLATED)
clkbuf_leaf_175_clk/Z                     8     12     -4 (VIOLATED)
clkbuf_leaf_178_clk/Z                     8     12     -4 (VIOLATED)
clkbuf_leaf_33_clk/Z                      8     12     -4 (VIOLATED)
clkbuf_leaf_46_clk/Z                      8     12     -4 (VIOLATED)
clkbuf_leaf_52_clk/Z                      8     12     -4 (VIOLATED)
clkbuf_leaf_88_clk/Z                      8     12     -4 (VIOLATED)
fanout316/Z                               8     12     -4 (VIOLATED)
fanout379/Z                               8     12     -4 (VIOLATED)
fanout420/Z                               8     12     -4 (VIOLATED)
fanout424/Z                               8     12     -4 (VIOLATED)
fanout472/Z                               8     12     -4 (VIOLATED)
fanout629/Z                               8     12     -4 (VIOLATED)
fanout637/Z                               8     12     -4 (VIOLATED)
fanout658/Z                               8     12     -4 (VIOLATED)
fanout677/Z                               8     12     -4 (VIOLATED)
fanout690/Z                               8     12     -4 (VIOLATED)
fanout722/Z                               8     12     -4 (VIOLATED)
fanout728/Z                               8     12     -4 (VIOLATED)
fanout731/Z                               8     12     -4 (VIOLATED)
input1/Z                                  8     12     -4 (VIOLATED)
bgc_0._09_/Z                              8     10     -2 (VIOLATED)
bgc_11._09_/Z                             8     10     -2 (VIOLATED)
bgc_12._09_/Z                             8     10     -2 (VIOLATED)
bgc_12.final_counter._79_/Q               8     10     -2 (VIOLATED)
bgc_13._09_/Z                             8     10     -2 (VIOLATED)
bgc_14._09_/Z                             8     10     -2 (VIOLATED)
bgc_15._09_/Z                             8     10     -2 (VIOLATED)
bgc_2._09_/Z                              8     10     -2 (VIOLATED)
bgc_3._09_/Z                              8     10     -2 (VIOLATED)
bgc_4._09_/Z                              8     10     -2 (VIOLATED)
bgc_5._09_/Z                              8     10     -2 (VIOLATED)
bgc_6._09_/Z                              8     10     -2 (VIOLATED)
bgc_7._09_/Z                              8     10     -2 (VIOLATED)
bgc_8._09_/Z                              8     10     -2 (VIOLATED)
bgc_9._09_/Z                              8     10     -2 (VIOLATED)
clkbuf_leaf_101_clk/Z                     8     10     -2 (VIOLATED)
clkbuf_leaf_106_clk/Z                     8     10     -2 (VIOLATED)
clkbuf_leaf_119_clk/Z                     8     10     -2 (VIOLATED)
clkbuf_leaf_14_clk/Z                      8     10     -2 (VIOLATED)
clkbuf_leaf_19_clk/Z                      8     10     -2 (VIOLATED)
clkbuf_leaf_68_clk/Z                      8     10     -2 (VIOLATED)
clkbuf_leaf_95_clk/Z                      8     10     -2 (VIOLATED)
fanout303/Z                               8     10     -2 (VIOLATED)
fanout327/Z                               8     10     -2 (VIOLATED)
fanout330/Z                               8     10     -2 (VIOLATED)
fanout337/Z                               8     10     -2 (VIOLATED)
fanout339/Z                               8     10     -2 (VIOLATED)
fanout365/Z                               8     10     -2 (VIOLATED)
fanout377/Z                               8     10     -2 (VIOLATED)
fanout381/Z                               8     10     -2 (VIOLATED)
fanout387/Z                               8     10     -2 (VIOLATED)
fanout390/Z                               8     10     -2 (VIOLATED)
fanout405/Z                               8     10     -2 (VIOLATED)
fanout413/Z                               8     10     -2 (VIOLATED)
fanout414/Z                               8     10     -2 (VIOLATED)
fanout429/Z                               8     10     -2 (VIOLATED)
fanout433/Z                               8     10     -2 (VIOLATED)
fanout438/Z                               8     10     -2 (VIOLATED)
fanout443/Z                               8     10     -2 (VIOLATED)
fanout449/Z                               8     10     -2 (VIOLATED)
fanout468/Z                               8     10     -2 (VIOLATED)
fanout475/Z                               8     10     -2 (VIOLATED)
fanout544/Z                               8     10     -2 (VIOLATED)
fanout546/Z                               8     10     -2 (VIOLATED)
fanout578/Z                               8     10     -2 (VIOLATED)
fanout588/Z                               8     10     -2 (VIOLATED)
fanout626/Z                               8     10     -2 (VIOLATED)
fanout633/Z                               8     10     -2 (VIOLATED)
fanout641/Z                               8     10     -2 (VIOLATED)
fanout667/Z                               8     10     -2 (VIOLATED)
fanout701/Z                               8     10     -2 (VIOLATED)
fanout704/Z                               8     10     -2 (VIOLATED)
fanout712/Z                               8     10     -2 (VIOLATED)
fanout715/Z                               8     10     -2 (VIOLATED)
fanout719/Z                               8     10     -2 (VIOLATED)
fanout734/Z                               8     10     -2 (VIOLATED)
input3/Z                                  8     10     -2 (VIOLATED)
res_mem_inst._067_/ZN                     8     10     -2 (VIOLATED)
res_mem_inst._069_/ZN                     8     10     -2 (VIOLATED)
res_mem_inst.out_dec_inst._05_/ZN         8     10     -2 (VIOLATED)
res_mem_inst.out_dec_inst._10_/Z          8     10     -2 (VIOLATED)
clkbuf_leaf_136_clk/Z                     8      9        (VIOLATED)
clkbuf_leaf_146_clk/Z                     8      9        (VIOLATED)
clkbuf_leaf_63_clk/Z                      8      9        (VIOLATED)
clkbuf_leaf_64_clk/Z                      8      9        (VIOLATED)



===========================================================================
report_parasitic_annotation -report_unannotated
============================================================================
Found 0 unannotated drivers.
Found 0 partially unannotated drivers.

===========================================================================
max slew violation count 0
max fanout violation count 432
max cap violation count 0
============================================================================

===========================================================================
check_setup -verbose -unconstrained_endpoints -multiple_clock -no_clock -no_input_delay -loops -generated_clocks
===========================================================================
