
===========================================================================
report_checks -unconstrained
===========================================================================
======================= Fastest Corner ===================================

Startpoint: rst_n (input port clocked by clk)
Endpoint: res_mem_inst.slot[3].slot_reg._126_
          (recovery check against rising-edge clock clk)
Path Group: asynchronous
Path Type: max
Corner: Fastest

Fanout     Cap    Slew   Delay    Time   Description
-----------------------------------------------------------------------------
                          0.00    0.00   clock clk (rise edge)
                          0.00    0.00   clock network delay (propagated)
                          4.00    4.00 ^ input external delay
                  0.10    0.05    4.05 ^ rst_n (in)
     1    0.01                           rst_n (net)
                  0.10    0.00    4.05 ^ input4/I (gf180mcu_fd_sc_mcu7t5v0__buf_2)
                  0.32    0.29    4.34 ^ input4/Z (gf180mcu_fd_sc_mcu7t5v0__buf_2)
     2    0.06                           net4 (net)
                  0.32    0.00    4.34 ^ fanout77/I (gf180mcu_fd_sc_mcu7t5v0__buf_20)
                  0.36    0.31    4.65 ^ fanout77/Z (gf180mcu_fd_sc_mcu7t5v0__buf_20)
    46    0.68                           net77 (net)
                  0.37    0.03    4.68 ^ fanout66/I (gf180mcu_fd_sc_mcu7t5v0__buf_8)
                  0.35    0.32    5.00 ^ fanout66/Z (gf180mcu_fd_sc_mcu7t5v0__buf_8)
    54    0.25                           net66 (net)
                  0.35    0.01    5.02 ^ res_mem_inst._063_/I (gf180mcu_fd_sc_mcu7t5v0__clkinv_2)
                  0.26    0.23    5.24 v res_mem_inst._063_/ZN (gf180mcu_fd_sc_mcu7t5v0__clkinv_2)
     2    0.04                           res_mem_inst._003_ (net)
                  0.26    0.00    5.24 v fanout32/I (gf180mcu_fd_sc_mcu7t5v0__clkbuf_8)
                  0.30    0.38    5.62 v fanout32/Z (gf180mcu_fd_sc_mcu7t5v0__clkbuf_8)
    34    0.20                           net32 (net)
                  0.30    0.00    5.62 v fanout30/I (gf180mcu_fd_sc_mcu7t5v0__buf_8)
                  0.24    0.33    5.95 v fanout30/Z (gf180mcu_fd_sc_mcu7t5v0__buf_8)
    64    0.28                           net30 (net)
                  0.25    0.02    5.97 v fanout29/I (gf180mcu_fd_sc_mcu7t5v0__buf_8)
                  0.23    0.31    6.29 v fanout29/Z (gf180mcu_fd_sc_mcu7t5v0__buf_8)
    64    0.27                           net29 (net)
                  0.23    0.01    6.30 v res_mem_inst.slot[3].slot_reg._115_/I (gf180mcu_fd_sc_mcu7t5v0__clkinv_1)
                  0.15    0.14    6.44 ^ res_mem_inst.slot[3].slot_reg._115_/ZN (gf180mcu_fd_sc_mcu7t5v0__clkinv_1)
     1    0.01                           res_mem_inst.slot[3].slot_reg._010_ (net)
                  0.15    0.00    6.44 ^ res_mem_inst.slot[3].slot_reg._126_/RN (gf180mcu_fd_sc_mcu7t5v0__dffrnq_1)
                                  6.44   data arrival time

                         20.00   20.00   clock clk (rise edge)
                          0.00   20.00   clock source latency
                  0.28    0.15   20.15 ^ clk (in)
     1    0.10                           clk (net)
                  0.28    0.00   20.15 ^ clkbuf_0_clk/I (gf180mcu_fd_sc_mcu7t5v0__clkbuf_16)
                  0.20    0.26   20.42 ^ clkbuf_0_clk/Z (gf180mcu_fd_sc_mcu7t5v0__clkbuf_16)
    16    0.26                           clknet_0_clk (net)
                  0.20    0.01   20.43 ^ clkbuf_3_4_0_clk/I (gf180mcu_fd_sc_mcu7t5v0__clkbuf_8)
                  0.12    0.20   20.63 ^ clkbuf_3_4_0_clk/Z (gf180mcu_fd_sc_mcu7t5v0__clkbuf_8)
     4    0.06                           clknet_3_4_0_clk (net)
                  0.12    0.00   20.64 ^ clkbuf_4_9__f_clk/I (gf180mcu_fd_sc_mcu7t5v0__clkbuf_16)
                  0.25    0.27   20.90 ^ clkbuf_4_9__f_clk/Z (gf180mcu_fd_sc_mcu7t5v0__clkbuf_16)
    22    0.35                           clknet_4_9__leaf_clk (net)
                  0.25    0.01   20.91 ^ clkbuf_leaf_123_clk/I (gf180mcu_fd_sc_mcu7t5v0__clkbuf_16)
                  0.07    0.18   21.09 ^ clkbuf_leaf_123_clk/Z (gf180mcu_fd_sc_mcu7t5v0__clkbuf_16)
     7    0.04                           clknet_leaf_123_clk (net)
                  0.07    0.00   21.09 ^ res_mem_inst.slot[3].slot_reg._126_/CLK (gf180mcu_fd_sc_mcu7t5v0__dffrnq_1)
                         -0.25   20.84   clock uncertainty
                          0.00   20.84   clock reconvergence pessimism
                          0.12   20.96   library recovery time
                                 20.96   data required time
-----------------------------------------------------------------------------
                                 20.96   data required time
                                 -6.44   data arrival time
-----------------------------------------------------------------------------
                                 14.52   slack (MET)


Startpoint: bgc_7.final_counter._75_
            (rising edge-triggered flip-flop clocked by clk)
Endpoint: res_mem_inst.slot[13].slot_reg._127_
          (rising edge-triggered flip-flop clocked by clk)
Path Group: clk
Path Type: max
Corner: Fastest

Fanout     Cap    Slew   Delay    Time   Description
-----------------------------------------------------------------------------
                          0.00    0.00   clock clk (rise edge)
                          0.00    0.00   clock source latency
                  0.28    0.17    0.17 ^ clk (in)
     1    0.10                           clk (net)
                  0.28    0.00    0.17 ^ clkbuf_0_clk/I (gf180mcu_fd_sc_mcu7t5v0__clkbuf_16)
                  0.20    0.29    0.46 ^ clkbuf_0_clk/Z (gf180mcu_fd_sc_mcu7t5v0__clkbuf_16)
    16    0.26                           clknet_0_clk (net)
                  0.20    0.01    0.48 ^ clkbuf_3_0_0_clk/I (gf180mcu_fd_sc_mcu7t5v0__clkbuf_8)
                  0.12    0.23    0.70 ^ clkbuf_3_0_0_clk/Z (gf180mcu_fd_sc_mcu7t5v0__clkbuf_8)
     4    0.07                           clknet_3_0_0_clk (net)
                  0.12    0.00    0.71 ^ clkbuf_4_1__f_clk/I (gf180mcu_fd_sc_mcu7t5v0__clkbuf_16)
                  0.27    0.30    1.01 ^ clkbuf_4_1__f_clk/Z (gf180mcu_fd_sc_mcu7t5v0__clkbuf_16)
    24    0.37                           clknet_4_1__leaf_clk (net)
                  0.27    0.01    1.02 ^ clkbuf_leaf_8_clk/I (gf180mcu_fd_sc_mcu7t5v0__clkbuf_16)
                  0.07    0.20    1.22 ^ clkbuf_leaf_8_clk/Z (gf180mcu_fd_sc_mcu7t5v0__clkbuf_16)
     7    0.04                           clknet_leaf_8_clk (net)
                  0.07    0.00    1.22 ^ bgc_7.final_counter._75_/CLK (gf180mcu_fd_sc_mcu7t5v0__dffrnq_1)
                  0.24    0.66    1.88 ^ bgc_7.final_counter._75_/Q (gf180mcu_fd_sc_mcu7t5v0__dffrnq_1)
     3    0.02                           adder_tree.r[7][6] (net)
                  0.24    0.00    1.88 ^ adder_tree._1093_/A1 (gf180mcu_fd_sc_mcu7t5v0__xor2_1)
                  0.35    0.35    2.23 ^ adder_tree._1093_/Z (gf180mcu_fd_sc_mcu7t5v0__xor2_1)
     2    0.01                           adder_tree._0374_ (net)
                  0.35    0.00    2.23 ^ adder_tree._1095_/A2 (gf180mcu_fd_sc_mcu7t5v0__xor2_1)
                  0.49    0.40    2.63 ^ adder_tree._1095_/Z (gf180mcu_fd_sc_mcu7t5v0__xor2_1)
     2    0.02                           adder_tree._0376_ (net)
                  0.49    0.00    2.63 ^ adder_tree._1096_/I (gf180mcu_fd_sc_mcu7t5v0__clkinv_1)
                  0.23    0.19    2.82 v adder_tree._1096_/ZN (gf180mcu_fd_sc_mcu7t5v0__clkinv_1)
     2    0.01                           adder_tree._0377_ (net)
                  0.23    0.00    2.82 v adder_tree._1098_/A1 (gf180mcu_fd_sc_mcu7t5v0__xor2_1)
                  0.19    0.36    3.19 v adder_tree._1098_/Z (gf180mcu_fd_sc_mcu7t5v0__xor2_1)
     2    0.01                           adder_tree._0379_ (net)
                  0.19    0.00    3.19 v adder_tree._1100_/A2 (gf180mcu_fd_sc_mcu7t5v0__xor2_1)
                  0.18    0.34    3.53 v adder_tree._1100_/Z (gf180mcu_fd_sc_mcu7t5v0__xor2_1)
     2    0.01                           adder_tree._0381_ (net)
                  0.18    0.00    3.53 v adder_tree._1116_/A1 (gf180mcu_fd_sc_mcu7t5v0__xor3_1)
                  0.29    0.76    4.29 v adder_tree._1116_/Z (gf180mcu_fd_sc_mcu7t5v0__xor3_1)
     2    0.02                           adder_tree._0397_ (net)
                  0.29    0.00    4.29 v adder_tree._1118_/A2 (gf180mcu_fd_sc_mcu7t5v0__xnor2_1)
                  0.27    0.32    4.60 v adder_tree._1118_/ZN (gf180mcu_fd_sc_mcu7t5v0__xnor2_1)
     2    0.01                           adder_tree._0399_ (net)
                  0.27    0.00    4.60 v adder_tree._1119_/A1 (gf180mcu_fd_sc_mcu7t5v0__xor2_1)
                  0.21    0.38    4.98 v adder_tree._1119_/Z (gf180mcu_fd_sc_mcu7t5v0__xor2_1)
     2    0.01                           adder_tree._0400_ (net)
                  0.21    0.00    4.98 v adder_tree._1121_/A2 (gf180mcu_fd_sc_mcu7t5v0__xor2_1)
                  0.20    0.37    5.35 v adder_tree._1121_/Z (gf180mcu_fd_sc_mcu7t5v0__xor2_1)
     2    0.01                           adder_tree._0402_ (net)
                  0.20    0.00    5.35 v adder_tree._1127_/A1 (gf180mcu_fd_sc_mcu7t5v0__xor2_1)
                  0.24    0.38    5.73 v adder_tree._1127_/Z (gf180mcu_fd_sc_mcu7t5v0__xor2_1)
     2    0.02                           adder_tree._0408_ (net)
                  0.24    0.00    5.73 v adder_tree._1130_/A2 (gf180mcu_fd_sc_mcu7t5v0__xor2_2)
                  0.14    0.39    6.11 ^ adder_tree._1130_/Z (gf180mcu_fd_sc_mcu7t5v0__xor2_2)
     2    0.02                           adder_tree._0411_ (net)
                  0.14    0.00    6.11 ^ adder_tree._1131_/A2 (gf180mcu_fd_sc_mcu7t5v0__xor2_1)
                  0.37    0.32    6.43 ^ adder_tree._1131_/Z (gf180mcu_fd_sc_mcu7t5v0__xor2_1)
     2    0.01                           adder_tree._0412_ (net)
                  0.37    0.00    6.43 ^ adder_tree._1133_/A2 (gf180mcu_fd_sc_mcu7t5v0__xor2_2)
                  0.18    0.43    6.86 v adder_tree._1133_/Z (gf180mcu_fd_sc_mcu7t5v0__xor2_2)
     3    0.04                           adder_tree._0414_ (net)
                  0.18    0.00    6.86 v adder_tree._1270_/A1 (gf180mcu_fd_sc_mcu7t5v0__aoi221_4)
                  0.42    0.23    7.09 ^ adder_tree._1270_/ZN (gf180mcu_fd_sc_mcu7t5v0__aoi221_4)
     2    0.02                           adder_tree._0549_ (net)
                  0.42    0.00    7.09 ^ adder_tree._1273_/A3 (gf180mcu_fd_sc_mcu7t5v0__oai31_2)
                  0.24    0.14    7.23 v adder_tree._1273_/ZN (gf180mcu_fd_sc_mcu7t5v0__oai31_2)
     2    0.01                           adder_tree._0551_ (net)
                  0.24    0.00    7.23 v adder_tree._1342_/A1 (gf180mcu_fd_sc_mcu7t5v0__aoi21_1)
                  0.33    0.24    7.48 ^ adder_tree._1342_/ZN (gf180mcu_fd_sc_mcu7t5v0__aoi21_1)
     2    0.01                           adder_tree._0619_ (net)
                  0.33    0.00    7.48 ^ adder_tree._1408_/A1 (gf180mcu_fd_sc_mcu7t5v0__xnor3_1)
                  0.54    0.75    8.23 ^ adder_tree._1408_/ZN (gf180mcu_fd_sc_mcu7t5v0__xnor3_1)
     2    0.02                           adder_tree.sum_out[10] (net)
                  0.54    0.00    8.23 ^ rebuffer42/I (gf180mcu_fd_sc_mcu7t5v0__buf_4)
                  0.49    0.41    8.64 ^ rebuffer42/Z (gf180mcu_fd_sc_mcu7t5v0__buf_4)
    16    0.18                           net1511 (net)
                  0.50    0.03    8.67 ^ res_mem_inst.slot[13].slot_reg._076_/I (gf180mcu_fd_sc_mcu7t5v0__clkinv_1)
                  0.18    0.13    8.81 v res_mem_inst.slot[13].slot_reg._076_/ZN (gf180mcu_fd_sc_mcu7t5v0__clkinv_1)
     1    0.01                           res_mem_inst.slot[13].slot_reg._038_ (net)
                  0.18    0.00    8.81 v res_mem_inst.slot[13].slot_reg._103_/A1 (gf180mcu_fd_sc_mcu7t5v0__oai221_1)
                  0.45    0.20    9.01 ^ res_mem_inst.slot[13].slot_reg._103_/ZN (gf180mcu_fd_sc_mcu7t5v0__oai221_1)
     1    0.01                           res_mem_inst.slot[13].slot_reg._000_[10] (net)
                  0.45    0.00    9.01 ^ res_mem_inst.slot[13].slot_reg._127_/D (gf180mcu_fd_sc_mcu7t5v0__dffrnq_1)
                                  9.01   data arrival time

                         20.00   20.00   clock clk (rise edge)
                          0.00   20.00   clock source latency
                  0.28    0.15   20.15 ^ clk (in)
     1    0.10                           clk (net)
                  0.28    0.00   20.15 ^ clkbuf_0_clk/I (gf180mcu_fd_sc_mcu7t5v0__clkbuf_16)
                  0.20    0.26   20.42 ^ clkbuf_0_clk/Z (gf180mcu_fd_sc_mcu7t5v0__clkbuf_16)
    16    0.26                           clknet_0_clk (net)
                  0.20    0.01   20.43 ^ clkbuf_3_4_0_clk/I (gf180mcu_fd_sc_mcu7t5v0__clkbuf_8)
                  0.12    0.20   20.63 ^ clkbuf_3_4_0_clk/Z (gf180mcu_fd_sc_mcu7t5v0__clkbuf_8)
     4    0.06                           clknet_3_4_0_clk (net)
                  0.12    0.00   20.64 ^ clkbuf_4_9__f_clk/I (gf180mcu_fd_sc_mcu7t5v0__clkbuf_16)
                  0.25    0.27   20.90 ^ clkbuf_4_9__f_clk/Z (gf180mcu_fd_sc_mcu7t5v0__clkbuf_16)
    22    0.35                           clknet_4_9__leaf_clk (net)
                  0.25    0.01   20.91 ^ clkbuf_leaf_122_clk/I (gf180mcu_fd_sc_mcu7t5v0__clkbuf_16)
                  0.09    0.20   21.11 ^ clkbuf_leaf_122_clk/Z (gf180mcu_fd_sc_mcu7t5v0__clkbuf_16)
    20    0.08                           clknet_leaf_122_clk (net)
                  0.09    0.00   21.11 ^ res_mem_inst.slot[13].slot_reg._127_/CLK (gf180mcu_fd_sc_mcu7t5v0__dffrnq_1)
                         -0.25   20.86   clock uncertainty
                          0.04   20.90   clock reconvergence pessimism
                         -0.24   20.66   library setup time
                                 20.66   data required time
-----------------------------------------------------------------------------
                                 20.66   data required time
                                 -9.01   data arrival time
-----------------------------------------------------------------------------
                                 11.65   slack (MET)



======================= Slowest Corner ===================================

Startpoint: rst_n (input port clocked by clk)
Endpoint: res_mem_inst.slot[3].slot_reg._126_
          (recovery check against rising-edge clock clk)
Path Group: asynchronous
Path Type: max
Corner: Slowest

Fanout     Cap    Slew   Delay    Time   Description
-----------------------------------------------------------------------------
                          0.00    0.00   clock clk (rise edge)
                          0.00    0.00   clock network delay (propagated)
                          4.00    4.00 ^ input external delay
                  0.27    0.11    4.11 ^ rst_n (in)
     1    0.01                           rst_n (net)
                  0.27    0.00    4.11 ^ input4/I (gf180mcu_fd_sc_mcu7t5v0__buf_2)
                  0.86    0.78    4.89 ^ input4/Z (gf180mcu_fd_sc_mcu7t5v0__buf_2)
     2    0.06                           net4 (net)
                  0.86    0.00    4.89 ^ fanout77/I (gf180mcu_fd_sc_mcu7t5v0__buf_20)
                  1.00    0.90    5.79 ^ fanout77/Z (gf180mcu_fd_sc_mcu7t5v0__buf_20)
    46    0.70                           net77 (net)
                  1.01    0.03    5.82 ^ fanout66/I (gf180mcu_fd_sc_mcu7t5v0__buf_8)
                  0.94    0.88    6.70 ^ fanout66/Z (gf180mcu_fd_sc_mcu7t5v0__buf_8)
    54    0.26                           net66 (net)
                  0.94    0.01    6.72 ^ res_mem_inst._063_/I (gf180mcu_fd_sc_mcu7t5v0__clkinv_2)
                  0.69    0.62    7.34 v res_mem_inst._063_/ZN (gf180mcu_fd_sc_mcu7t5v0__clkinv_2)
     2    0.04                           res_mem_inst._003_ (net)
                  0.69    0.00    7.34 v fanout32/I (gf180mcu_fd_sc_mcu7t5v0__clkbuf_8)
                  0.83    1.07    8.41 v fanout32/Z (gf180mcu_fd_sc_mcu7t5v0__clkbuf_8)
    34    0.21                           net32 (net)
                  0.83    0.00    8.42 v fanout30/I (gf180mcu_fd_sc_mcu7t5v0__buf_8)
                  0.64    0.93    9.34 v fanout30/Z (gf180mcu_fd_sc_mcu7t5v0__buf_8)
    64    0.30                           net30 (net)
                  0.64    0.02    9.37 v fanout29/I (gf180mcu_fd_sc_mcu7t5v0__buf_8)
                  0.61    0.86   10.22 v fanout29/Z (gf180mcu_fd_sc_mcu7t5v0__buf_8)
    64    0.28                           net29 (net)
                  0.61    0.01   10.24 v res_mem_inst.slot[3].slot_reg._115_/I (gf180mcu_fd_sc_mcu7t5v0__clkinv_1)
                  0.38    0.38   10.61 ^ res_mem_inst.slot[3].slot_reg._115_/ZN (gf180mcu_fd_sc_mcu7t5v0__clkinv_1)
     1    0.01                           res_mem_inst.slot[3].slot_reg._010_ (net)
                  0.38    0.00   10.61 ^ res_mem_inst.slot[3].slot_reg._126_/RN (gf180mcu_fd_sc_mcu7t5v0__dffrnq_1)
                                 10.61   data arrival time

                         20.00   20.00   clock clk (rise edge)
                          0.00   20.00   clock source latency
                  0.72    0.37   20.37 ^ clk (in)
     1    0.10                           clk (net)
                  0.72    0.00   20.37 ^ clkbuf_0_clk/I (gf180mcu_fd_sc_mcu7t5v0__clkbuf_16)
                  0.54    0.74   21.11 ^ clkbuf_0_clk/Z (gf180mcu_fd_sc_mcu7t5v0__clkbuf_16)
    16    0.27                           clknet_0_clk (net)
                  0.54    0.01   21.12 ^ clkbuf_3_4_0_clk/I (gf180mcu_fd_sc_mcu7t5v0__clkbuf_8)
                  0.32    0.57   21.69 ^ clkbuf_3_4_0_clk/Z (gf180mcu_fd_sc_mcu7t5v0__clkbuf_8)
     4    0.07                           clknet_3_4_0_clk (net)
                  0.32    0.00   21.69 ^ clkbuf_4_9__f_clk/I (gf180mcu_fd_sc_mcu7t5v0__clkbuf_16)
                  0.68    0.75   22.44 ^ clkbuf_4_9__f_clk/Z (gf180mcu_fd_sc_mcu7t5v0__clkbuf_16)
    22    0.35                           clknet_4_9__leaf_clk (net)
                  0.68    0.01   22.45 ^ clkbuf_leaf_123_clk/I (gf180mcu_fd_sc_mcu7t5v0__clkbuf_16)
                  0.20    0.51   22.96 ^ clkbuf_leaf_123_clk/Z (gf180mcu_fd_sc_mcu7t5v0__clkbuf_16)
     7    0.04                           clknet_leaf_123_clk (net)
                  0.20    0.00   22.96 ^ res_mem_inst.slot[3].slot_reg._126_/CLK (gf180mcu_fd_sc_mcu7t5v0__dffrnq_1)
                         -0.25   22.71   clock uncertainty
                          0.00   22.71   clock reconvergence pessimism
                          0.42   23.13   library recovery time
                                 23.13   data required time
-----------------------------------------------------------------------------
                                 23.13   data required time
                                -10.61   data arrival time
-----------------------------------------------------------------------------
                                 12.52   slack (MET)


Startpoint: bgc_7.final_counter._75_
            (rising edge-triggered flip-flop clocked by clk)
Endpoint: res_mem_inst.slot[13].slot_reg._127_
          (rising edge-triggered flip-flop clocked by clk)
Path Group: clk
Path Type: max
Corner: Slowest

Fanout     Cap    Slew   Delay    Time   Description
-----------------------------------------------------------------------------
                          0.00    0.00   clock clk (rise edge)
                          0.00    0.00   clock source latency
                  0.72    0.41    0.41 ^ clk (in)
     1    0.10                           clk (net)
                  0.72    0.00    0.41 ^ clkbuf_0_clk/I (gf180mcu_fd_sc_mcu7t5v0__clkbuf_16)
                  0.54    0.82    1.23 ^ clkbuf_0_clk/Z (gf180mcu_fd_sc_mcu7t5v0__clkbuf_16)
    16    0.27                           clknet_0_clk (net)
                  0.54    0.01    1.24 ^ clkbuf_3_0_0_clk/I (gf180mcu_fd_sc_mcu7t5v0__clkbuf_8)
                  0.34    0.64    1.88 ^ clkbuf_3_0_0_clk/Z (gf180mcu_fd_sc_mcu7t5v0__clkbuf_8)
     4    0.07                           clknet_3_0_0_clk (net)
                  0.34    0.00    1.88 ^ clkbuf_4_1__f_clk/I (gf180mcu_fd_sc_mcu7t5v0__clkbuf_16)
                  0.72    0.85    2.73 ^ clkbuf_4_1__f_clk/Z (gf180mcu_fd_sc_mcu7t5v0__clkbuf_16)
    24    0.38                           clknet_4_1__leaf_clk (net)
                  0.72    0.01    2.74 ^ clkbuf_leaf_8_clk/I (gf180mcu_fd_sc_mcu7t5v0__clkbuf_16)
                  0.19    0.57    3.31 ^ clkbuf_leaf_8_clk/Z (gf180mcu_fd_sc_mcu7t5v0__clkbuf_16)
     7    0.04                           clknet_leaf_8_clk (net)
                  0.19    0.00    3.31 ^ bgc_7.final_counter._75_/CLK (gf180mcu_fd_sc_mcu7t5v0__dffrnq_1)
                  0.67    2.03    5.34 ^ bgc_7.final_counter._75_/Q (gf180mcu_fd_sc_mcu7t5v0__dffrnq_1)
     3    0.02                           adder_tree.r[7][6] (net)
                  0.67    0.00    5.34 ^ adder_tree._1093_/A1 (gf180mcu_fd_sc_mcu7t5v0__xor2_1)
                  1.08    1.06    6.40 ^ adder_tree._1093_/Z (gf180mcu_fd_sc_mcu7t5v0__xor2_1)
     2    0.01                           adder_tree._0374_ (net)
                  1.08    0.00    6.40 ^ adder_tree._1095_/A2 (gf180mcu_fd_sc_mcu7t5v0__xor2_1)
                  1.45    1.24    7.64 ^ adder_tree._1095_/Z (gf180mcu_fd_sc_mcu7t5v0__xor2_1)
     2    0.02                           adder_tree._0376_ (net)
                  1.45    0.00    7.64 ^ adder_tree._1096_/I (gf180mcu_fd_sc_mcu7t5v0__clkinv_1)
                  0.67    0.55    8.19 v adder_tree._1096_/ZN (gf180mcu_fd_sc_mcu7t5v0__clkinv_1)
     2    0.01                           adder_tree._0377_ (net)
                  0.67    0.00    8.19 v adder_tree._1098_/A1 (gf180mcu_fd_sc_mcu7t5v0__xor2_1)
                  0.56    1.12    9.30 v adder_tree._1098_/Z (gf180mcu_fd_sc_mcu7t5v0__xor2_1)
     2    0.01                           adder_tree._0379_ (net)
                  0.56    0.00    9.30 v adder_tree._1100_/A2 (gf180mcu_fd_sc_mcu7t5v0__xor2_1)
                  0.51    1.06   10.36 v adder_tree._1100_/Z (gf180mcu_fd_sc_mcu7t5v0__xor2_1)
     2    0.01                           adder_tree._0381_ (net)
                  0.51    0.00   10.36 v adder_tree._1116_/A1 (gf180mcu_fd_sc_mcu7t5v0__xor3_1)
                  0.84    2.37   12.73 v adder_tree._1116_/Z (gf180mcu_fd_sc_mcu7t5v0__xor3_1)
     2    0.02                           adder_tree._0397_ (net)
                  0.84    0.00   12.73 v adder_tree._1118_/A2 (gf180mcu_fd_sc_mcu7t5v0__xnor2_1)
                  0.78    0.95   13.68 v adder_tree._1118_/ZN (gf180mcu_fd_sc_mcu7t5v0__xnor2_1)
     2    0.01                           adder_tree._0399_ (net)
                  0.78    0.00   13.68 v adder_tree._1119_/A1 (gf180mcu_fd_sc_mcu7t5v0__xor2_1)
                  0.63    1.15   14.83 v adder_tree._1119_/Z (gf180mcu_fd_sc_mcu7t5v0__xor2_1)
     2    0.01                           adder_tree._0400_ (net)
                  0.63    0.00   14.83 v adder_tree._1121_/A2 (gf180mcu_fd_sc_mcu7t5v0__xor2_1)
                  0.61    1.12   15.96 v adder_tree._1121_/Z (gf180mcu_fd_sc_mcu7t5v0__xor2_1)
     2    0.01                           adder_tree._0402_ (net)
                  0.61    0.00   15.96 v adder_tree._1127_/A1 (gf180mcu_fd_sc_mcu7t5v0__xor2_1)
                  0.71    1.16   17.12 v adder_tree._1127_/Z (gf180mcu_fd_sc_mcu7t5v0__xor2_1)
     2    0.02                           adder_tree._0408_ (net)
                  0.71    0.00   17.12 v adder_tree._1130_/A2 (gf180mcu_fd_sc_mcu7t5v0__xor2_2)
                  0.38    1.15   18.26 ^ adder_tree._1130_/Z (gf180mcu_fd_sc_mcu7t5v0__xor2_2)
     2    0.02                           adder_tree._0411_ (net)
                  0.38    0.00   18.26 ^ adder_tree._1131_/A2 (gf180mcu_fd_sc_mcu7t5v0__xor2_1)
                  1.13    0.97   19.23 ^ adder_tree._1131_/Z (gf180mcu_fd_sc_mcu7t5v0__xor2_1)
     2    0.01                           adder_tree._0412_ (net)
                  1.13    0.00   19.24 ^ adder_tree._1133_/A2 (gf180mcu_fd_sc_mcu7t5v0__xor2_2)
                  0.50    1.27   20.51 v adder_tree._1133_/Z (gf180mcu_fd_sc_mcu7t5v0__xor2_2)
     3    0.04                           adder_tree._0414_ (net)
                  0.50    0.00   20.51 v adder_tree._1270_/A1 (gf180mcu_fd_sc_mcu7t5v0__aoi221_4)
                  1.32    0.74   21.24 ^ adder_tree._1270_/ZN (gf180mcu_fd_sc_mcu7t5v0__aoi221_4)
     2    0.02                           adder_tree._0549_ (net)
                  1.32    0.00   21.24 ^ adder_tree._1273_/A3 (gf180mcu_fd_sc_mcu7t5v0__oai31_2)
                  0.67    0.45   21.70 v adder_tree._1273_/ZN (gf180mcu_fd_sc_mcu7t5v0__oai31_2)
     2    0.01                           adder_tree._0551_ (net)
                  0.67    0.00   21.70 v adder_tree._1342_/A1 (gf180mcu_fd_sc_mcu7t5v0__aoi21_1)
                  1.01    0.73   22.42 ^ adder_tree._1342_/ZN (gf180mcu_fd_sc_mcu7t5v0__aoi21_1)
     2    0.01                           adder_tree._0619_ (net)
                  1.01    0.00   22.42 ^ adder_tree._1408_/A1 (gf180mcu_fd_sc_mcu7t5v0__xnor3_1)
                  1.67    2.37   24.79 ^ adder_tree._1408_/ZN (gf180mcu_fd_sc_mcu7t5v0__xnor3_1)
     2    0.02                           adder_tree.sum_out[10] (net)
                  1.67    0.00   24.79 ^ rebuffer42/I (gf180mcu_fd_sc_mcu7t5v0__buf_4)
                  1.30    1.11   25.90 ^ rebuffer42/Z (gf180mcu_fd_sc_mcu7t5v0__buf_4)
    16    0.18                           net1511 (net)
                  1.31    0.04   25.94 ^ res_mem_inst.slot[13].slot_reg._076_/I (gf180mcu_fd_sc_mcu7t5v0__clkinv_1)
                  0.46    0.37   26.31 v res_mem_inst.slot[13].slot_reg._076_/ZN (gf180mcu_fd_sc_mcu7t5v0__clkinv_1)
     1    0.01                           res_mem_inst.slot[13].slot_reg._038_ (net)
                  0.46    0.00   26.31 v res_mem_inst.slot[13].slot_reg._103_/A1 (gf180mcu_fd_sc_mcu7t5v0__oai221_1)
                  1.33    0.59   26.90 ^ res_mem_inst.slot[13].slot_reg._103_/ZN (gf180mcu_fd_sc_mcu7t5v0__oai221_1)
     1    0.01                           res_mem_inst.slot[13].slot_reg._000_[10] (net)
                  1.33    0.00   26.90 ^ res_mem_inst.slot[13].slot_reg._127_/D (gf180mcu_fd_sc_mcu7t5v0__dffrnq_1)
                                 26.90   data arrival time

                         20.00   20.00   clock clk (rise edge)
                          0.00   20.00   clock source latency
                  0.72    0.37   20.37 ^ clk (in)
     1    0.10                           clk (net)
                  0.72    0.00   20.37 ^ clkbuf_0_clk/I (gf180mcu_fd_sc_mcu7t5v0__clkbuf_16)
                  0.54    0.74   21.11 ^ clkbuf_0_clk/Z (gf180mcu_fd_sc_mcu7t5v0__clkbuf_16)
    16    0.27                           clknet_0_clk (net)
                  0.54    0.01   21.12 ^ clkbuf_3_4_0_clk/I (gf180mcu_fd_sc_mcu7t5v0__clkbuf_8)
                  0.32    0.57   21.69 ^ clkbuf_3_4_0_clk/Z (gf180mcu_fd_sc_mcu7t5v0__clkbuf_8)
     4    0.07                           clknet_3_4_0_clk (net)
                  0.32    0.00   21.69 ^ clkbuf_4_9__f_clk/I (gf180mcu_fd_sc_mcu7t5v0__clkbuf_16)
                  0.68    0.75   22.44 ^ clkbuf_4_9__f_clk/Z (gf180mcu_fd_sc_mcu7t5v0__clkbuf_16)
    22    0.35                           clknet_4_9__leaf_clk (net)
                  0.68    0.01   22.45 ^ clkbuf_leaf_122_clk/I (gf180mcu_fd_sc_mcu7t5v0__clkbuf_16)
                  0.26    0.56   23.00 ^ clkbuf_leaf_122_clk/Z (gf180mcu_fd_sc_mcu7t5v0__clkbuf_16)
    20    0.08                           clknet_leaf_122_clk (net)
                  0.26    0.00   23.01 ^ res_mem_inst.slot[13].slot_reg._127_/CLK (gf180mcu_fd_sc_mcu7t5v0__dffrnq_1)
                         -0.25   22.76   clock uncertainty
                          0.12   22.87   clock reconvergence pessimism
                         -0.75   22.12   library setup time
                                 22.12   data required time
-----------------------------------------------------------------------------
                                 22.12   data required time
                                -26.90   data arrival time
-----------------------------------------------------------------------------
                                 -4.78   slack (VIOLATED)



======================= Typical Corner ===================================

Startpoint: rst_n (input port clocked by clk)
Endpoint: res_mem_inst.slot[3].slot_reg._126_
          (recovery check against rising-edge clock clk)
Path Group: asynchronous
Path Type: max
Corner: Typical

Fanout     Cap    Slew   Delay    Time   Description
-----------------------------------------------------------------------------
                          0.00    0.00   clock clk (rise edge)
                          0.00    0.00   clock network delay (propagated)
                          4.00    4.00 ^ input external delay
                  0.16    0.07    4.07 ^ rst_n (in)
     1    0.01                           rst_n (net)
                  0.16    0.00    4.07 ^ input4/I (gf180mcu_fd_sc_mcu7t5v0__buf_2)
                  0.49    0.44    4.51 ^ input4/Z (gf180mcu_fd_sc_mcu7t5v0__buf_2)
     2    0.06                           net4 (net)
                  0.49    0.00    4.51 ^ fanout77/I (gf180mcu_fd_sc_mcu7t5v0__buf_20)
                  0.57    0.49    5.01 ^ fanout77/Z (gf180mcu_fd_sc_mcu7t5v0__buf_20)
    46    0.69                           net77 (net)
                  0.57    0.03    5.04 ^ fanout66/I (gf180mcu_fd_sc_mcu7t5v0__buf_8)
                  0.54    0.49    5.53 ^ fanout66/Z (gf180mcu_fd_sc_mcu7t5v0__buf_8)
    54    0.25                           net66 (net)
                  0.54    0.01    5.55 ^ res_mem_inst._063_/I (gf180mcu_fd_sc_mcu7t5v0__clkinv_2)
                  0.39    0.35    5.90 v res_mem_inst._063_/ZN (gf180mcu_fd_sc_mcu7t5v0__clkinv_2)
     2    0.04                           res_mem_inst._003_ (net)
                  0.39    0.00    5.90 v fanout32/I (gf180mcu_fd_sc_mcu7t5v0__clkbuf_8)
                  0.47    0.59    6.49 v fanout32/Z (gf180mcu_fd_sc_mcu7t5v0__clkbuf_8)
    34    0.20                           net32 (net)
                  0.47    0.00    6.49 v fanout30/I (gf180mcu_fd_sc_mcu7t5v0__buf_8)
                  0.37    0.52    7.01 v fanout30/Z (gf180mcu_fd_sc_mcu7t5v0__buf_8)
    64    0.29                           net30 (net)
                  0.37    0.02    7.03 v fanout29/I (gf180mcu_fd_sc_mcu7t5v0__buf_8)
                  0.35    0.48    7.52 v fanout29/Z (gf180mcu_fd_sc_mcu7t5v0__buf_8)
    64    0.27                           net29 (net)
                  0.35    0.01    7.53 v res_mem_inst.slot[3].slot_reg._115_/I (gf180mcu_fd_sc_mcu7t5v0__clkinv_1)
                  0.22    0.21    7.74 ^ res_mem_inst.slot[3].slot_reg._115_/ZN (gf180mcu_fd_sc_mcu7t5v0__clkinv_1)
     1    0.01                           res_mem_inst.slot[3].slot_reg._010_ (net)
                  0.22    0.00    7.74 ^ res_mem_inst.slot[3].slot_reg._126_/RN (gf180mcu_fd_sc_mcu7t5v0__dffrnq_1)
                                  7.74   data arrival time

                         20.00   20.00   clock clk (rise edge)
                          0.00   20.00   clock source latency
                  0.42    0.22   20.22 ^ clk (in)
     1    0.10                           clk (net)
                  0.42    0.00   20.22 ^ clkbuf_0_clk/I (gf180mcu_fd_sc_mcu7t5v0__clkbuf_16)
                  0.31    0.41   20.64 ^ clkbuf_0_clk/Z (gf180mcu_fd_sc_mcu7t5v0__clkbuf_16)
    16    0.26                           clknet_0_clk (net)
                  0.31    0.01   20.65 ^ clkbuf_3_4_0_clk/I (gf180mcu_fd_sc_mcu7t5v0__clkbuf_8)
                  0.18    0.32   20.96 ^ clkbuf_3_4_0_clk/Z (gf180mcu_fd_sc_mcu7t5v0__clkbuf_8)
     4    0.06                           clknet_3_4_0_clk (net)
                  0.18    0.00   20.97 ^ clkbuf_4_9__f_clk/I (gf180mcu_fd_sc_mcu7t5v0__clkbuf_16)
                  0.39    0.42   21.38 ^ clkbuf_4_9__f_clk/Z (gf180mcu_fd_sc_mcu7t5v0__clkbuf_16)
    22    0.35                           clknet_4_9__leaf_clk (net)
                  0.39    0.01   21.39 ^ clkbuf_leaf_123_clk/I (gf180mcu_fd_sc_mcu7t5v0__clkbuf_16)
                  0.11    0.28   21.67 ^ clkbuf_leaf_123_clk/Z (gf180mcu_fd_sc_mcu7t5v0__clkbuf_16)
     7    0.04                           clknet_leaf_123_clk (net)
                  0.11    0.00   21.67 ^ res_mem_inst.slot[3].slot_reg._126_/CLK (gf180mcu_fd_sc_mcu7t5v0__dffrnq_1)
                         -0.25   21.42   clock uncertainty
                          0.00   21.42   clock reconvergence pessimism
                          0.22   21.64   library recovery time
                                 21.64   data required time
-----------------------------------------------------------------------------
                                 21.64   data required time
                                 -7.74   data arrival time
-----------------------------------------------------------------------------
                                 13.90   slack (MET)


Startpoint: bgc_7.final_counter._75_
            (rising edge-triggered flip-flop clocked by clk)
Endpoint: res_mem_inst.slot[13].slot_reg._127_
          (rising edge-triggered flip-flop clocked by clk)
Path Group: clk
Path Type: max
Corner: Typical

Fanout     Cap    Slew   Delay    Time   Description
-----------------------------------------------------------------------------
                          0.00    0.00   clock clk (rise edge)
                          0.00    0.00   clock source latency
                  0.42    0.25    0.25 ^ clk (in)
     1    0.10                           clk (net)
                  0.42    0.00    0.25 ^ clkbuf_0_clk/I (gf180mcu_fd_sc_mcu7t5v0__clkbuf_16)
                  0.31    0.46    0.70 ^ clkbuf_0_clk/Z (gf180mcu_fd_sc_mcu7t5v0__clkbuf_16)
    16    0.26                           clknet_0_clk (net)
                  0.31    0.01    0.72 ^ clkbuf_3_0_0_clk/I (gf180mcu_fd_sc_mcu7t5v0__clkbuf_8)
                  0.19    0.35    1.07 ^ clkbuf_3_0_0_clk/Z (gf180mcu_fd_sc_mcu7t5v0__clkbuf_8)
     4    0.07                           clknet_3_0_0_clk (net)
                  0.19    0.00    1.07 ^ clkbuf_4_1__f_clk/I (gf180mcu_fd_sc_mcu7t5v0__clkbuf_16)
                  0.41    0.47    1.55 ^ clkbuf_4_1__f_clk/Z (gf180mcu_fd_sc_mcu7t5v0__clkbuf_16)
    24    0.37                           clknet_4_1__leaf_clk (net)
                  0.41    0.01    1.56 ^ clkbuf_leaf_8_clk/I (gf180mcu_fd_sc_mcu7t5v0__clkbuf_16)
                  0.11    0.31    1.87 ^ clkbuf_leaf_8_clk/Z (gf180mcu_fd_sc_mcu7t5v0__clkbuf_16)
     7    0.04                           clknet_leaf_8_clk (net)
                  0.11    0.00    1.87 ^ bgc_7.final_counter._75_/CLK (gf180mcu_fd_sc_mcu7t5v0__dffrnq_1)
                  0.38    1.07    2.94 ^ bgc_7.final_counter._75_/Q (gf180mcu_fd_sc_mcu7t5v0__dffrnq_1)
     3    0.02                           adder_tree.r[7][6] (net)
                  0.38    0.00    2.94 ^ adder_tree._1093_/A1 (gf180mcu_fd_sc_mcu7t5v0__xor2_1)
                  0.59    0.57    3.51 ^ adder_tree._1093_/Z (gf180mcu_fd_sc_mcu7t5v0__xor2_1)
     2    0.01                           adder_tree._0374_ (net)
                  0.59    0.00    3.51 ^ adder_tree._1095_/A2 (gf180mcu_fd_sc_mcu7t5v0__xor2_1)
                  0.80    0.66    4.17 ^ adder_tree._1095_/Z (gf180mcu_fd_sc_mcu7t5v0__xor2_1)
     2    0.02                           adder_tree._0376_ (net)
                  0.80    0.00    4.17 ^ adder_tree._1096_/I (gf180mcu_fd_sc_mcu7t5v0__clkinv_1)
                  0.37    0.30    4.47 v adder_tree._1096_/ZN (gf180mcu_fd_sc_mcu7t5v0__clkinv_1)
     2    0.01                           adder_tree._0377_ (net)
                  0.37    0.00    4.47 v adder_tree._1098_/A1 (gf180mcu_fd_sc_mcu7t5v0__xor2_1)
                  0.30    0.60    5.06 v adder_tree._1098_/Z (gf180mcu_fd_sc_mcu7t5v0__xor2_1)
     2    0.01                           adder_tree._0379_ (net)
                  0.30    0.00    5.06 v adder_tree._1100_/A2 (gf180mcu_fd_sc_mcu7t5v0__xor2_1)
                  0.28    0.56    5.63 v adder_tree._1100_/Z (gf180mcu_fd_sc_mcu7t5v0__xor2_1)
     2    0.01                           adder_tree._0381_ (net)
                  0.28    0.00    5.63 v adder_tree._1116_/A1 (gf180mcu_fd_sc_mcu7t5v0__xor3_1)
                  0.45    1.25    6.88 v adder_tree._1116_/Z (gf180mcu_fd_sc_mcu7t5v0__xor3_1)
     2    0.02                           adder_tree._0397_ (net)
                  0.45    0.00    6.88 v adder_tree._1118_/A2 (gf180mcu_fd_sc_mcu7t5v0__xnor2_1)
                  0.42    0.51    7.38 v adder_tree._1118_/ZN (gf180mcu_fd_sc_mcu7t5v0__xnor2_1)
     2    0.01                           adder_tree._0399_ (net)
                  0.42    0.00    7.38 v adder_tree._1119_/A1 (gf180mcu_fd_sc_mcu7t5v0__xor2_1)
                  0.35    0.61    8.00 v adder_tree._1119_/Z (gf180mcu_fd_sc_mcu7t5v0__xor2_1)
     2    0.01                           adder_tree._0400_ (net)
                  0.35    0.00    8.00 v adder_tree._1121_/A2 (gf180mcu_fd_sc_mcu7t5v0__xor2_1)
                  0.33    0.60    8.60 v adder_tree._1121_/Z (gf180mcu_fd_sc_mcu7t5v0__xor2_1)
     2    0.01                           adder_tree._0402_ (net)
                  0.33    0.00    8.60 v adder_tree._1127_/A1 (gf180mcu_fd_sc_mcu7t5v0__xor2_1)
                  0.39    0.62    9.21 v adder_tree._1127_/Z (gf180mcu_fd_sc_mcu7t5v0__xor2_1)
     2    0.02                           adder_tree._0408_ (net)
                  0.39    0.00    9.21 v adder_tree._1130_/A2 (gf180mcu_fd_sc_mcu7t5v0__xor2_2)
                  0.21    0.62    9.83 ^ adder_tree._1130_/Z (gf180mcu_fd_sc_mcu7t5v0__xor2_2)
     2    0.02                           adder_tree._0411_ (net)
                  0.21    0.00    9.83 ^ adder_tree._1131_/A2 (gf180mcu_fd_sc_mcu7t5v0__xor2_1)
                  0.60    0.52   10.35 ^ adder_tree._1131_/Z (gf180mcu_fd_sc_mcu7t5v0__xor2_1)
     2    0.01                           adder_tree._0412_ (net)
                  0.60    0.00   10.35 ^ adder_tree._1133_/A2 (gf180mcu_fd_sc_mcu7t5v0__xor2_2)
                  0.28    0.68   11.03 v adder_tree._1133_/Z (gf180mcu_fd_sc_mcu7t5v0__xor2_2)
     3    0.04                           adder_tree._0414_ (net)
                  0.28    0.00   11.04 v adder_tree._1270_/A1 (gf180mcu_fd_sc_mcu7t5v0__aoi221_4)
                  0.70    0.38   11.42 ^ adder_tree._1270_/ZN (gf180mcu_fd_sc_mcu7t5v0__aoi221_4)
     2    0.02                           adder_tree._0549_ (net)
                  0.70    0.00   11.42 ^ adder_tree._1273_/A3 (gf180mcu_fd_sc_mcu7t5v0__oai31_2)
                  0.37    0.23   11.65 v adder_tree._1273_/ZN (gf180mcu_fd_sc_mcu7t5v0__oai31_2)
     2    0.01                           adder_tree._0551_ (net)
                  0.37    0.00   11.65 v adder_tree._1342_/A1 (gf180mcu_fd_sc_mcu7t5v0__aoi21_1)
                  0.54    0.39   12.05 ^ adder_tree._1342_/ZN (gf180mcu_fd_sc_mcu7t5v0__aoi21_1)
     2    0.01                           adder_tree._0619_ (net)
                  0.54    0.00   12.05 ^ adder_tree._1408_/A1 (gf180mcu_fd_sc_mcu7t5v0__xnor3_1)
                  0.88    1.24   13.29 ^ adder_tree._1408_/ZN (gf180mcu_fd_sc_mcu7t5v0__xnor3_1)
     2    0.02                           adder_tree.sum_out[10] (net)
                  0.88    0.00   13.29 ^ rebuffer42/I (gf180mcu_fd_sc_mcu7t5v0__buf_4)
                  0.75    0.63   13.92 ^ rebuffer42/Z (gf180mcu_fd_sc_mcu7t5v0__buf_4)
    16    0.18                           net1511 (net)
                  0.76    0.04   13.95 ^ res_mem_inst.slot[13].slot_reg._076_/I (gf180mcu_fd_sc_mcu7t5v0__clkinv_1)
                  0.27    0.20   14.16 v res_mem_inst.slot[13].slot_reg._076_/ZN (gf180mcu_fd_sc_mcu7t5v0__clkinv_1)
     1    0.01                           res_mem_inst.slot[13].slot_reg._038_ (net)
                  0.27    0.00   14.16 v res_mem_inst.slot[13].slot_reg._103_/A1 (gf180mcu_fd_sc_mcu7t5v0__oai221_1)
                  0.73    0.32   14.48 ^ res_mem_inst.slot[13].slot_reg._103_/ZN (gf180mcu_fd_sc_mcu7t5v0__oai221_1)
     1    0.01                           res_mem_inst.slot[13].slot_reg._000_[10] (net)
                  0.73    0.00   14.48 ^ res_mem_inst.slot[13].slot_reg._127_/D (gf180mcu_fd_sc_mcu7t5v0__dffrnq_1)
                                 14.48   data arrival time

                         20.00   20.00   clock clk (rise edge)
                          0.00   20.00   clock source latency
                  0.42    0.22   20.22 ^ clk (in)
     1    0.10                           clk (net)
                  0.42    0.00   20.22 ^ clkbuf_0_clk/I (gf180mcu_fd_sc_mcu7t5v0__clkbuf_16)
                  0.31    0.41   20.64 ^ clkbuf_0_clk/Z (gf180mcu_fd_sc_mcu7t5v0__clkbuf_16)
    16    0.26                           clknet_0_clk (net)
                  0.31    0.01   20.65 ^ clkbuf_3_4_0_clk/I (gf180mcu_fd_sc_mcu7t5v0__clkbuf_8)
                  0.18    0.32   20.96 ^ clkbuf_3_4_0_clk/Z (gf180mcu_fd_sc_mcu7t5v0__clkbuf_8)
     4    0.06                           clknet_3_4_0_clk (net)
                  0.18    0.00   20.97 ^ clkbuf_4_9__f_clk/I (gf180mcu_fd_sc_mcu7t5v0__clkbuf_16)
                  0.39    0.42   21.38 ^ clkbuf_4_9__f_clk/Z (gf180mcu_fd_sc_mcu7t5v0__clkbuf_16)
    22    0.35                           clknet_4_9__leaf_clk (net)
                  0.39    0.01   21.39 ^ clkbuf_leaf_122_clk/I (gf180mcu_fd_sc_mcu7t5v0__clkbuf_16)
                  0.15    0.31   21.70 ^ clkbuf_leaf_122_clk/Z (gf180mcu_fd_sc_mcu7t5v0__clkbuf_16)
    20    0.08                           clknet_leaf_122_clk (net)
                  0.15    0.00   21.70 ^ res_mem_inst.slot[13].slot_reg._127_/CLK (gf180mcu_fd_sc_mcu7t5v0__dffrnq_1)
                         -0.25   21.45   clock uncertainty
                          0.07   21.51   clock reconvergence pessimism
                         -0.39   21.13   library setup time
                                 21.13   data required time
-----------------------------------------------------------------------------
                                 21.13   data required time
                                -14.48   data arrival time
-----------------------------------------------------------------------------
                                  6.65   slack (MET)




===========================================================================
report_checks --slack_max -0.01
============================================================================
======================= Fastest Corner ===================================

No paths found.

======================= Slowest Corner ===================================

Startpoint: bgc_7.final_counter._75_
            (rising edge-triggered flip-flop clocked by clk)
Endpoint: res_mem_inst.slot[13].slot_reg._127_
          (rising edge-triggered flip-flop clocked by clk)
Path Group: clk
Path Type: max
Corner: Slowest

Fanout     Cap    Slew   Delay    Time   Description
-----------------------------------------------------------------------------
                          0.00    0.00   clock clk (rise edge)
                          0.00    0.00   clock source latency
                  0.72    0.41    0.41 ^ clk (in)
     1    0.10                           clk (net)
                  0.72    0.00    0.41 ^ clkbuf_0_clk/I (gf180mcu_fd_sc_mcu7t5v0__clkbuf_16)
                  0.54    0.82    1.23 ^ clkbuf_0_clk/Z (gf180mcu_fd_sc_mcu7t5v0__clkbuf_16)
    16    0.27                           clknet_0_clk (net)
                  0.54    0.01    1.24 ^ clkbuf_3_0_0_clk/I (gf180mcu_fd_sc_mcu7t5v0__clkbuf_8)
                  0.34    0.64    1.88 ^ clkbuf_3_0_0_clk/Z (gf180mcu_fd_sc_mcu7t5v0__clkbuf_8)
     4    0.07                           clknet_3_0_0_clk (net)
                  0.34    0.00    1.88 ^ clkbuf_4_1__f_clk/I (gf180mcu_fd_sc_mcu7t5v0__clkbuf_16)
                  0.72    0.85    2.73 ^ clkbuf_4_1__f_clk/Z (gf180mcu_fd_sc_mcu7t5v0__clkbuf_16)
    24    0.38                           clknet_4_1__leaf_clk (net)
                  0.72    0.01    2.74 ^ clkbuf_leaf_8_clk/I (gf180mcu_fd_sc_mcu7t5v0__clkbuf_16)
                  0.19    0.57    3.31 ^ clkbuf_leaf_8_clk/Z (gf180mcu_fd_sc_mcu7t5v0__clkbuf_16)
     7    0.04                           clknet_leaf_8_clk (net)
                  0.19    0.00    3.31 ^ bgc_7.final_counter._75_/CLK (gf180mcu_fd_sc_mcu7t5v0__dffrnq_1)
                  0.67    2.03    5.34 ^ bgc_7.final_counter._75_/Q (gf180mcu_fd_sc_mcu7t5v0__dffrnq_1)
     3    0.02                           adder_tree.r[7][6] (net)
                  0.67    0.00    5.34 ^ adder_tree._1093_/A1 (gf180mcu_fd_sc_mcu7t5v0__xor2_1)
                  1.08    1.06    6.40 ^ adder_tree._1093_/Z (gf180mcu_fd_sc_mcu7t5v0__xor2_1)
     2    0.01                           adder_tree._0374_ (net)
                  1.08    0.00    6.40 ^ adder_tree._1095_/A2 (gf180mcu_fd_sc_mcu7t5v0__xor2_1)
                  1.45    1.24    7.64 ^ adder_tree._1095_/Z (gf180mcu_fd_sc_mcu7t5v0__xor2_1)
     2    0.02                           adder_tree._0376_ (net)
                  1.45    0.00    7.64 ^ adder_tree._1096_/I (gf180mcu_fd_sc_mcu7t5v0__clkinv_1)
                  0.67    0.55    8.19 v adder_tree._1096_/ZN (gf180mcu_fd_sc_mcu7t5v0__clkinv_1)
     2    0.01                           adder_tree._0377_ (net)
                  0.67    0.00    8.19 v adder_tree._1098_/A1 (gf180mcu_fd_sc_mcu7t5v0__xor2_1)
                  0.56    1.12    9.30 v adder_tree._1098_/Z (gf180mcu_fd_sc_mcu7t5v0__xor2_1)
     2    0.01                           adder_tree._0379_ (net)
                  0.56    0.00    9.30 v adder_tree._1100_/A2 (gf180mcu_fd_sc_mcu7t5v0__xor2_1)
                  0.51    1.06   10.36 v adder_tree._1100_/Z (gf180mcu_fd_sc_mcu7t5v0__xor2_1)
     2    0.01                           adder_tree._0381_ (net)
                  0.51    0.00   10.36 v adder_tree._1116_/A1 (gf180mcu_fd_sc_mcu7t5v0__xor3_1)
                  0.84    2.37   12.73 v adder_tree._1116_/Z (gf180mcu_fd_sc_mcu7t5v0__xor3_1)
     2    0.02                           adder_tree._0397_ (net)
                  0.84    0.00   12.73 v adder_tree._1118_/A2 (gf180mcu_fd_sc_mcu7t5v0__xnor2_1)
                  0.78    0.95   13.68 v adder_tree._1118_/ZN (gf180mcu_fd_sc_mcu7t5v0__xnor2_1)
     2    0.01                           adder_tree._0399_ (net)
                  0.78    0.00   13.68 v adder_tree._1119_/A1 (gf180mcu_fd_sc_mcu7t5v0__xor2_1)
                  0.63    1.15   14.83 v adder_tree._1119_/Z (gf180mcu_fd_sc_mcu7t5v0__xor2_1)
     2    0.01                           adder_tree._0400_ (net)
                  0.63    0.00   14.83 v adder_tree._1121_/A2 (gf180mcu_fd_sc_mcu7t5v0__xor2_1)
                  0.61    1.12   15.96 v adder_tree._1121_/Z (gf180mcu_fd_sc_mcu7t5v0__xor2_1)
     2    0.01                           adder_tree._0402_ (net)
                  0.61    0.00   15.96 v adder_tree._1127_/A1 (gf180mcu_fd_sc_mcu7t5v0__xor2_1)
                  0.71    1.16   17.12 v adder_tree._1127_/Z (gf180mcu_fd_sc_mcu7t5v0__xor2_1)
     2    0.02                           adder_tree._0408_ (net)
                  0.71    0.00   17.12 v adder_tree._1130_/A2 (gf180mcu_fd_sc_mcu7t5v0__xor2_2)
                  0.38    1.15   18.26 ^ adder_tree._1130_/Z (gf180mcu_fd_sc_mcu7t5v0__xor2_2)
     2    0.02                           adder_tree._0411_ (net)
                  0.38    0.00   18.26 ^ adder_tree._1131_/A2 (gf180mcu_fd_sc_mcu7t5v0__xor2_1)
                  1.13    0.97   19.23 ^ adder_tree._1131_/Z (gf180mcu_fd_sc_mcu7t5v0__xor2_1)
     2    0.01                           adder_tree._0412_ (net)
                  1.13    0.00   19.24 ^ adder_tree._1133_/A2 (gf180mcu_fd_sc_mcu7t5v0__xor2_2)
                  0.50    1.27   20.51 v adder_tree._1133_/Z (gf180mcu_fd_sc_mcu7t5v0__xor2_2)
     3    0.04                           adder_tree._0414_ (net)
                  0.50    0.00   20.51 v adder_tree._1270_/A1 (gf180mcu_fd_sc_mcu7t5v0__aoi221_4)
                  1.32    0.74   21.24 ^ adder_tree._1270_/ZN (gf180mcu_fd_sc_mcu7t5v0__aoi221_4)
     2    0.02                           adder_tree._0549_ (net)
                  1.32    0.00   21.24 ^ adder_tree._1273_/A3 (gf180mcu_fd_sc_mcu7t5v0__oai31_2)
                  0.67    0.45   21.70 v adder_tree._1273_/ZN (gf180mcu_fd_sc_mcu7t5v0__oai31_2)
     2    0.01                           adder_tree._0551_ (net)
                  0.67    0.00   21.70 v adder_tree._1342_/A1 (gf180mcu_fd_sc_mcu7t5v0__aoi21_1)
                  1.01    0.73   22.42 ^ adder_tree._1342_/ZN (gf180mcu_fd_sc_mcu7t5v0__aoi21_1)
     2    0.01                           adder_tree._0619_ (net)
                  1.01    0.00   22.42 ^ adder_tree._1408_/A1 (gf180mcu_fd_sc_mcu7t5v0__xnor3_1)
                  1.67    2.37   24.79 ^ adder_tree._1408_/ZN (gf180mcu_fd_sc_mcu7t5v0__xnor3_1)
     2    0.02                           adder_tree.sum_out[10] (net)
                  1.67    0.00   24.79 ^ rebuffer42/I (gf180mcu_fd_sc_mcu7t5v0__buf_4)
                  1.30    1.11   25.90 ^ rebuffer42/Z (gf180mcu_fd_sc_mcu7t5v0__buf_4)
    16    0.18                           net1511 (net)
                  1.31    0.04   25.94 ^ res_mem_inst.slot[13].slot_reg._076_/I (gf180mcu_fd_sc_mcu7t5v0__clkinv_1)
                  0.46    0.37   26.31 v res_mem_inst.slot[13].slot_reg._076_/ZN (gf180mcu_fd_sc_mcu7t5v0__clkinv_1)
     1    0.01                           res_mem_inst.slot[13].slot_reg._038_ (net)
                  0.46    0.00   26.31 v res_mem_inst.slot[13].slot_reg._103_/A1 (gf180mcu_fd_sc_mcu7t5v0__oai221_1)
                  1.33    0.59   26.90 ^ res_mem_inst.slot[13].slot_reg._103_/ZN (gf180mcu_fd_sc_mcu7t5v0__oai221_1)
     1    0.01                           res_mem_inst.slot[13].slot_reg._000_[10] (net)
                  1.33    0.00   26.90 ^ res_mem_inst.slot[13].slot_reg._127_/D (gf180mcu_fd_sc_mcu7t5v0__dffrnq_1)
                                 26.90   data arrival time

                         20.00   20.00   clock clk (rise edge)
                          0.00   20.00   clock source latency
                  0.72    0.37   20.37 ^ clk (in)
     1    0.10                           clk (net)
                  0.72    0.00   20.37 ^ clkbuf_0_clk/I (gf180mcu_fd_sc_mcu7t5v0__clkbuf_16)
                  0.54    0.74   21.11 ^ clkbuf_0_clk/Z (gf180mcu_fd_sc_mcu7t5v0__clkbuf_16)
    16    0.27                           clknet_0_clk (net)
                  0.54    0.01   21.12 ^ clkbuf_3_4_0_clk/I (gf180mcu_fd_sc_mcu7t5v0__clkbuf_8)
                  0.32    0.57   21.69 ^ clkbuf_3_4_0_clk/Z (gf180mcu_fd_sc_mcu7t5v0__clkbuf_8)
     4    0.07                           clknet_3_4_0_clk (net)
                  0.32    0.00   21.69 ^ clkbuf_4_9__f_clk/I (gf180mcu_fd_sc_mcu7t5v0__clkbuf_16)
                  0.68    0.75   22.44 ^ clkbuf_4_9__f_clk/Z (gf180mcu_fd_sc_mcu7t5v0__clkbuf_16)
    22    0.35                           clknet_4_9__leaf_clk (net)
                  0.68    0.01   22.45 ^ clkbuf_leaf_122_clk/I (gf180mcu_fd_sc_mcu7t5v0__clkbuf_16)
                  0.26    0.56   23.00 ^ clkbuf_leaf_122_clk/Z (gf180mcu_fd_sc_mcu7t5v0__clkbuf_16)
    20    0.08                           clknet_leaf_122_clk (net)
                  0.26    0.00   23.01 ^ res_mem_inst.slot[13].slot_reg._127_/CLK (gf180mcu_fd_sc_mcu7t5v0__dffrnq_1)
                         -0.25   22.76   clock uncertainty
                          0.12   22.87   clock reconvergence pessimism
                         -0.75   22.12   library setup time
                                 22.12   data required time
-----------------------------------------------------------------------------
                                 22.12   data required time
                                -26.90   data arrival time
-----------------------------------------------------------------------------
                                 -4.78   slack (VIOLATED)



======================= Typical Corner ===================================

No paths found.


===========================================================================
 report_check_types -max_slew -max_cap -max_fanout -violators
============================================================================
======================= Fastest Corner ===================================

max fanout

Pin                                   Limit Fanout  Slack
---------------------------------------------------------
fanout16/Z                               32     64    -32 (VIOLATED)
fanout18/Z                               32     64    -32 (VIOLATED)
fanout20/Z                               32     64    -32 (VIOLATED)
fanout22/Z                               32     64    -32 (VIOLATED)
fanout23/Z                               32     64    -32 (VIOLATED)
fanout26/Z                               32     64    -32 (VIOLATED)
fanout28/Z                               32     64    -32 (VIOLATED)
fanout29/Z                               32     64    -32 (VIOLATED)
fanout30/Z                               32     64    -32 (VIOLATED)
fanout31/Z                               32     64    -32 (VIOLATED)
fanout33/Z                               32     64    -32 (VIOLATED)
fanout35/Z                               32     64    -32 (VIOLATED)
fanout36/Z                               32     64    -32 (VIOLATED)
fanout37/Z                               32     64    -32 (VIOLATED)
fanout38/Z                               32     64    -32 (VIOLATED)
fanout40/Z                               32     64    -32 (VIOLATED)
fanout42/Z                               32     64    -32 (VIOLATED)
fanout44/Z                               32     64    -32 (VIOLATED)
fanout46/Z                               32     64    -32 (VIOLATED)
fanout47/Z                               32     64    -32 (VIOLATED)
fanout49/Z                               32     64    -32 (VIOLATED)
fanout50/Z                               32     64    -32 (VIOLATED)
fanout53/Z                               32     64    -32 (VIOLATED)
fanout54/Z                               32     64    -32 (VIOLATED)
fanout55/Z                               32     64    -32 (VIOLATED)
fanout56/Z                               32     64    -32 (VIOLATED)
fanout58/Z                               32     64    -32 (VIOLATED)
fanout60/Z                               32     64    -32 (VIOLATED)
fanout62/Z                               32     64    -32 (VIOLATED)
fanout65/Z                               32     64    -32 (VIOLATED)
fanout67/Z                               32     64    -32 (VIOLATED)
fanout68/Z                               32     64    -32 (VIOLATED)
fanout69/Z                               32     64    -32 (VIOLATED)
fanout71/Z                               32     64    -32 (VIOLATED)
fanout73/Z                               32     64    -32 (VIOLATED)
fanout74/Z                               32     64    -32 (VIOLATED)
fanout75/Z                               32     64    -32 (VIOLATED)
fanout41/Z                               32     60    -28 (VIOLATED)
fanout48/Z                               32     60    -28 (VIOLATED)
fanout17/Z                               32     56    -24 (VIOLATED)
fanout45/Z                               32     56    -24 (VIOLATED)
fanout51/Z                               32     54    -22 (VIOLATED)
fanout66/Z                               32     54    -22 (VIOLATED)
fanout64/Z                               32     50    -18 (VIOLATED)
bgc_0._08_/ZN                            32     48    -16 (VIOLATED)
bgc_1._08_/ZN                            32     48    -16 (VIOLATED)
bgc_10._08_/ZN                           32     48    -16 (VIOLATED)
bgc_11._08_/ZN                           32     48    -16 (VIOLATED)
bgc_12._08_/ZN                           32     48    -16 (VIOLATED)
bgc_13._08_/ZN                           32     48    -16 (VIOLATED)
bgc_14._08_/ZN                           32     48    -16 (VIOLATED)
bgc_15._08_/ZN                           32     48    -16 (VIOLATED)
bgc_2._08_/ZN                            32     48    -16 (VIOLATED)
bgc_3._08_/ZN                            32     48    -16 (VIOLATED)
bgc_4._08_/ZN                            32     48    -16 (VIOLATED)
bgc_5._08_/ZN                            32     48    -16 (VIOLATED)
bgc_6._08_/ZN                            32     48    -16 (VIOLATED)
bgc_7._08_/ZN                            32     48    -16 (VIOLATED)
bgc_8._08_/ZN                            32     48    -16 (VIOLATED)
bgc_9._08_/ZN                            32     48    -16 (VIOLATED)
fanout39/Z                               32     46    -14 (VIOLATED)
fanout70/Z                               32     46    -14 (VIOLATED)
fanout77/Z                               32     46    -14 (VIOLATED)
fanout59/Z                               32     42    -10 (VIOLATED)
fanout19/Z                               32     40     -8 (VIOLATED)
fanout27/Z                               32     40     -8 (VIOLATED)
fanout76/Z                               32     40     -8 (VIOLATED)
fanout21/Z                               32     38     -6 (VIOLATED)
fanout24/Z                               32     36     -4 (VIOLATED)
fanout43/Z                               32     36     -4 (VIOLATED)
fanout57/Z                               32     36     -4 (VIOLATED)
fanout25/Z                               32     34     -2 (VIOLATED)
fanout32/Z                               32     34     -2 (VIOLATED)
fanout61/Z                               32     34     -2 (VIOLATED)


======================= Slowest Corner ===================================

max slew

Pin                                    Limit    Slew   Slack
------------------------------------------------------------
ANTENNA_bgc_10._05__I/I                 3.00    3.08   -0.08 (VIOLATED)
bgc_10._05_/I                           3.00    3.08   -0.08 (VIOLATED)
ANTENNA_bgc_9._05__I/I                  3.00    3.08   -0.08 (VIOLATED)
bgc_9._05_/I                            3.00    3.08   -0.08 (VIOLATED)
bgc_8._05_/I                            3.00    3.08   -0.08 (VIOLATED)
ANTENNA_bgc_8._05__I/I                  3.00    3.08   -0.08 (VIOLATED)
ANTENNA_bgc_11._05__I/I                 3.00    3.08   -0.08 (VIOLATED)
_18_/ZN                                 3.00    3.08   -0.08 (VIOLATED)
bgc_11._05_/I                           3.00    3.08   -0.08 (VIOLATED)

max fanout

Pin                                   Limit Fanout  Slack
---------------------------------------------------------
fanout16/Z                               32     64    -32 (VIOLATED)
fanout18/Z                               32     64    -32 (VIOLATED)
fanout20/Z                               32     64    -32 (VIOLATED)
fanout22/Z                               32     64    -32 (VIOLATED)
fanout23/Z                               32     64    -32 (VIOLATED)
fanout26/Z                               32     64    -32 (VIOLATED)
fanout28/Z                               32     64    -32 (VIOLATED)
fanout29/Z                               32     64    -32 (VIOLATED)
fanout30/Z                               32     64    -32 (VIOLATED)
fanout31/Z                               32     64    -32 (VIOLATED)
fanout33/Z                               32     64    -32 (VIOLATED)
fanout35/Z                               32     64    -32 (VIOLATED)
fanout36/Z                               32     64    -32 (VIOLATED)
fanout37/Z                               32     64    -32 (VIOLATED)
fanout38/Z                               32     64    -32 (VIOLATED)
fanout40/Z                               32     64    -32 (VIOLATED)
fanout42/Z                               32     64    -32 (VIOLATED)
fanout44/Z                               32     64    -32 (VIOLATED)
fanout46/Z                               32     64    -32 (VIOLATED)
fanout47/Z                               32     64    -32 (VIOLATED)
fanout49/Z                               32     64    -32 (VIOLATED)
fanout50/Z                               32     64    -32 (VIOLATED)
fanout53/Z                               32     64    -32 (VIOLATED)
fanout54/Z                               32     64    -32 (VIOLATED)
fanout55/Z                               32     64    -32 (VIOLATED)
fanout56/Z                               32     64    -32 (VIOLATED)
fanout58/Z                               32     64    -32 (VIOLATED)
fanout60/Z                               32     64    -32 (VIOLATED)
fanout62/Z                               32     64    -32 (VIOLATED)
fanout65/Z                               32     64    -32 (VIOLATED)
fanout67/Z                               32     64    -32 (VIOLATED)
fanout68/Z                               32     64    -32 (VIOLATED)
fanout69/Z                               32     64    -32 (VIOLATED)
fanout71/Z                               32     64    -32 (VIOLATED)
fanout73/Z                               32     64    -32 (VIOLATED)
fanout74/Z                               32     64    -32 (VIOLATED)
fanout75/Z                               32     64    -32 (VIOLATED)
fanout41/Z                               32     60    -28 (VIOLATED)
fanout48/Z                               32     60    -28 (VIOLATED)
fanout17/Z                               32     56    -24 (VIOLATED)
fanout45/Z                               32     56    -24 (VIOLATED)
fanout51/Z                               32     54    -22 (VIOLATED)
fanout66/Z                               32     54    -22 (VIOLATED)
fanout64/Z                               32     50    -18 (VIOLATED)
bgc_0._08_/ZN                            32     48    -16 (VIOLATED)
bgc_1._08_/ZN                            32     48    -16 (VIOLATED)
bgc_10._08_/ZN                           32     48    -16 (VIOLATED)
bgc_11._08_/ZN                           32     48    -16 (VIOLATED)
bgc_12._08_/ZN                           32     48    -16 (VIOLATED)
bgc_13._08_/ZN                           32     48    -16 (VIOLATED)
bgc_14._08_/ZN                           32     48    -16 (VIOLATED)
bgc_15._08_/ZN                           32     48    -16 (VIOLATED)
bgc_2._08_/ZN                            32     48    -16 (VIOLATED)
bgc_3._08_/ZN                            32     48    -16 (VIOLATED)
bgc_4._08_/ZN                            32     48    -16 (VIOLATED)
bgc_5._08_/ZN                            32     48    -16 (VIOLATED)
bgc_6._08_/ZN                            32     48    -16 (VIOLATED)
bgc_7._08_/ZN                            32     48    -16 (VIOLATED)
bgc_8._08_/ZN                            32     48    -16 (VIOLATED)
bgc_9._08_/ZN                            32     48    -16 (VIOLATED)
fanout39/Z                               32     46    -14 (VIOLATED)
fanout70/Z                               32     46    -14 (VIOLATED)
fanout77/Z                               32     46    -14 (VIOLATED)
fanout59/Z                               32     42    -10 (VIOLATED)
fanout19/Z                               32     40     -8 (VIOLATED)
fanout27/Z                               32     40     -8 (VIOLATED)
fanout76/Z                               32     40     -8 (VIOLATED)
fanout21/Z                               32     38     -6 (VIOLATED)
fanout24/Z                               32     36     -4 (VIOLATED)
fanout43/Z                               32     36     -4 (VIOLATED)
fanout57/Z                               32     36     -4 (VIOLATED)
fanout25/Z                               32     34     -2 (VIOLATED)
fanout32/Z                               32     34     -2 (VIOLATED)
fanout61/Z                               32     34     -2 (VIOLATED)


======================= Typical Corner ===================================

max fanout

Pin                                   Limit Fanout  Slack
---------------------------------------------------------
fanout16/Z                               32     64    -32 (VIOLATED)
fanout18/Z                               32     64    -32 (VIOLATED)
fanout20/Z                               32     64    -32 (VIOLATED)
fanout22/Z                               32     64    -32 (VIOLATED)
fanout23/Z                               32     64    -32 (VIOLATED)
fanout26/Z                               32     64    -32 (VIOLATED)
fanout28/Z                               32     64    -32 (VIOLATED)
fanout29/Z                               32     64    -32 (VIOLATED)
fanout30/Z                               32     64    -32 (VIOLATED)
fanout31/Z                               32     64    -32 (VIOLATED)
fanout33/Z                               32     64    -32 (VIOLATED)
fanout35/Z                               32     64    -32 (VIOLATED)
fanout36/Z                               32     64    -32 (VIOLATED)
fanout37/Z                               32     64    -32 (VIOLATED)
fanout38/Z                               32     64    -32 (VIOLATED)
fanout40/Z                               32     64    -32 (VIOLATED)
fanout42/Z                               32     64    -32 (VIOLATED)
fanout44/Z                               32     64    -32 (VIOLATED)
fanout46/Z                               32     64    -32 (VIOLATED)
fanout47/Z                               32     64    -32 (VIOLATED)
fanout49/Z                               32     64    -32 (VIOLATED)
fanout50/Z                               32     64    -32 (VIOLATED)
fanout53/Z                               32     64    -32 (VIOLATED)
fanout54/Z                               32     64    -32 (VIOLATED)
fanout55/Z                               32     64    -32 (VIOLATED)
fanout56/Z                               32     64    -32 (VIOLATED)
fanout58/Z                               32     64    -32 (VIOLATED)
fanout60/Z                               32     64    -32 (VIOLATED)
fanout62/Z                               32     64    -32 (VIOLATED)
fanout65/Z                               32     64    -32 (VIOLATED)
fanout67/Z                               32     64    -32 (VIOLATED)
fanout68/Z                               32     64    -32 (VIOLATED)
fanout69/Z                               32     64    -32 (VIOLATED)
fanout71/Z                               32     64    -32 (VIOLATED)
fanout73/Z                               32     64    -32 (VIOLATED)
fanout74/Z                               32     64    -32 (VIOLATED)
fanout75/Z                               32     64    -32 (VIOLATED)
fanout41/Z                               32     60    -28 (VIOLATED)
fanout48/Z                               32     60    -28 (VIOLATED)
fanout17/Z                               32     56    -24 (VIOLATED)
fanout45/Z                               32     56    -24 (VIOLATED)
fanout51/Z                               32     54    -22 (VIOLATED)
fanout66/Z                               32     54    -22 (VIOLATED)
fanout64/Z                               32     50    -18 (VIOLATED)
bgc_0._08_/ZN                            32     48    -16 (VIOLATED)
bgc_1._08_/ZN                            32     48    -16 (VIOLATED)
bgc_10._08_/ZN                           32     48    -16 (VIOLATED)
bgc_11._08_/ZN                           32     48    -16 (VIOLATED)
bgc_12._08_/ZN                           32     48    -16 (VIOLATED)
bgc_13._08_/ZN                           32     48    -16 (VIOLATED)
bgc_14._08_/ZN                           32     48    -16 (VIOLATED)
bgc_15._08_/ZN                           32     48    -16 (VIOLATED)
bgc_2._08_/ZN                            32     48    -16 (VIOLATED)
bgc_3._08_/ZN                            32     48    -16 (VIOLATED)
bgc_4._08_/ZN                            32     48    -16 (VIOLATED)
bgc_5._08_/ZN                            32     48    -16 (VIOLATED)
bgc_6._08_/ZN                            32     48    -16 (VIOLATED)
bgc_7._08_/ZN                            32     48    -16 (VIOLATED)
bgc_8._08_/ZN                            32     48    -16 (VIOLATED)
bgc_9._08_/ZN                            32     48    -16 (VIOLATED)
fanout39/Z                               32     46    -14 (VIOLATED)
fanout70/Z                               32     46    -14 (VIOLATED)
fanout77/Z                               32     46    -14 (VIOLATED)
fanout59/Z                               32     42    -10 (VIOLATED)
fanout19/Z                               32     40     -8 (VIOLATED)
fanout27/Z                               32     40     -8 (VIOLATED)
fanout76/Z                               32     40     -8 (VIOLATED)
fanout21/Z                               32     38     -6 (VIOLATED)
fanout24/Z                               32     36     -4 (VIOLATED)
fanout43/Z                               32     36     -4 (VIOLATED)
fanout57/Z                               32     36     -4 (VIOLATED)
fanout25/Z                               32     34     -2 (VIOLATED)
fanout32/Z                               32     34     -2 (VIOLATED)
fanout61/Z                               32     34     -2 (VIOLATED)



===========================================================================
report_parasitic_annotation -report_unannotated
============================================================================
Found 0 unannotated drivers.
Found 0 partially unannotated drivers.

===========================================================================
max slew violation count 9
max fanout violation count 74
max cap violation count 0
============================================================================

===========================================================================
check_setup -verbose -unconstrained_endpoints -multiple_clock -no_clock -no_input_delay -loops -generated_clocks
===========================================================================
