
===========================================================================
 report_power
============================================================================
======================= Fastest Corner ===================================

Group                  Internal  Switching    Leakage      Total
                          Power      Power      Power      Power (Watts)
----------------------------------------------------------------
Sequential             5.96e-02   6.74e-03   3.42e-07   6.64e-02  33.7%
Combinational          7.95e-02   5.09e-02   3.81e-06   1.30e-01  66.3%
Macro                  0.00e+00   0.00e+00   0.00e+00   0.00e+00   0.0%
Pad                    0.00e+00   0.00e+00   0.00e+00   0.00e+00   0.0%
----------------------------------------------------------------
Total                  1.39e-01   5.76e-02   4.15e-06   1.97e-01 100.0%
                          70.7%      29.3%       0.0%

======================= Slowest Corner ===================================

Group                  Internal  Switching    Leakage      Total
                          Power      Power      Power      Power (Watts)
----------------------------------------------------------------
Sequential             3.99e-02   4.60e-03   7.62e-07   4.45e-02  35.2%
Combinational          4.70e-02   3.49e-02   2.45e-05   8.20e-02  64.8%
Macro                  0.00e+00   0.00e+00   0.00e+00   0.00e+00   0.0%
Pad                    0.00e+00   0.00e+00   0.00e+00   0.00e+00   0.0%
----------------------------------------------------------------
Total                  8.69e-02   3.95e-02   2.52e-05   1.26e-01 100.0%
                          68.7%      31.2%       0.0%

======================= Typical Corner ===================================

Group                  Internal  Switching    Leakage      Total
                          Power      Power      Power      Power (Watts)
----------------------------------------------------------------
Sequential             4.85e-02   5.60e-03   2.89e-07   5.41e-02  34.4%
Combinational          6.07e-02   4.24e-02   3.15e-06   1.03e-01  65.6%
Macro                  0.00e+00   0.00e+00   0.00e+00   0.00e+00   0.0%
Pad                    0.00e+00   0.00e+00   0.00e+00   0.00e+00   0.0%
----------------------------------------------------------------
Total                  1.09e-01   4.80e-02   3.44e-06   1.57e-01 100.0%
                          69.5%      30.5%       0.0%

