Reading /openlane/designs/Markov_Chain_Accelerator/runs/automated_pdn_fix_v10_strong/results/signoff/A06_BH_top_wrapper.gds ..
Reading /openlane/designs/Markov_Chain_Accelerator/runs/automated_pdn_fix_v10_strong/results/signoff/A06_BH_top_wrapper.klayout.gds ..
--- Running XOR for layer 0/0 ---
"input" in: xor.drc:94
    Polygons (raw): 42147 (flat)  92 (hierarchical)
    Elapsed: 0.010s  Memory: 444.00M
"input" in: xor.drc:94
    Polygons (raw): 42147 (flat)  92 (hierarchical)
    Elapsed: 0.000s  Memory: 444.00M
"^" in: xor.drc:94
    Polygons (raw): 0 (flat)  0 (hierarchical)
    Elapsed: 0.490s  Memory: 446.00M
XOR differences: 0
"output" in: xor.drc:69
    Polygons (raw): 0 (flat)  0 (hierarchical)
    Elapsed: 0.000s  Memory: 446.00M
--- Running XOR for layer 112/1 ---
"input" in: xor.drc:94
    Polygons (raw): 42146 (flat)  91 (hierarchical)
    Elapsed: 0.000s  Memory: 446.00M
"input" in: xor.drc:94
    Polygons (raw): 42146 (flat)  91 (hierarchical)
    Elapsed: 0.000s  Memory: 446.00M
"^" in: xor.drc:94
    Polygons (raw): 0 (flat)  0 (hierarchical)
    Elapsed: 0.450s  Memory: 446.00M
XOR differences: 0
"output" in: xor.drc:69
    Polygons (raw): 0 (flat)  0 (hierarchical)
    Elapsed: 0.000s  Memory: 446.00M
--- Running XOR for layer 115/5 ---
"input" in: xor.drc:94
    Polygons (raw): 4927 (flat)  1 (hierarchical)
    Elapsed: 0.000s  Memory: 446.00M
"input" in: xor.drc:94
    Polygons (raw): 4927 (flat)  1 (hierarchical)
    Elapsed: 0.000s  Memory: 446.00M
"^" in: xor.drc:94
    Polygons (raw): 0 (flat)  0 (hierarchical)
    Elapsed: 0.090s  Memory: 446.00M
XOR differences: 0
"output" in: xor.drc:69
    Polygons (raw): 0 (flat)  0 (hierarchical)
    Elapsed: 0.000s  Memory: 446.00M
--- Running XOR for layer 204/0 ---
"input" in: xor.drc:94
    Polygons (raw): 42146 (flat)  91 (hierarchical)
    Elapsed: 0.000s  Memory: 446.00M
"input" in: xor.drc:94
    Polygons (raw): 42146 (flat)  91 (hierarchical)
    Elapsed: 0.000s  Memory: 446.00M
"^" in: xor.drc:94
    Polygons (raw): 0 (flat)  0 (hierarchical)
    Elapsed: 0.640s  Memory: 442.00M
XOR differences: 0
"output" in: xor.drc:69
    Polygons (raw): 0 (flat)  0 (hierarchical)
    Elapsed: 0.000s  Memory: 442.00M
--- Running XOR for layer 204/10 ---
"input" in: xor.drc:94
    Polygons (raw): 0 (flat)  0 (hierarchical)
    Elapsed: 0.000s  Memory: 442.00M
"input" in: xor.drc:94
    Polygons (raw): 0 (flat)  0 (hierarchical)
    Elapsed: 0.000s  Memory: 442.00M
"^" in: xor.drc:94
    Polygons (raw): 0 (flat)  0 (hierarchical)
    Elapsed: 0.150s  Memory: 442.00M
XOR differences: 0
"output" in: xor.drc:69
    Polygons (raw): 0 (flat)  0 (hierarchical)
    Elapsed: 0.000s  Memory: 442.00M
--- Running XOR for layer 21/0 ---
"input" in: xor.drc:94
    Polygons (raw): 42146 (flat)  91 (hierarchical)
    Elapsed: 0.000s  Memory: 442.00M
"input" in: xor.drc:94
    Polygons (raw): 42146 (flat)  91 (hierarchical)
    Elapsed: 0.000s  Memory: 442.00M
"^" in: xor.drc:94
    Polygons (raw): 0 (flat)  0 (hierarchical)
    Elapsed: 0.680s  Memory: 483.00M
XOR differences: 0
"output" in: xor.drc:69
    Polygons (raw): 0 (flat)  0 (hierarchical)
    Elapsed: 0.000s  Memory: 483.00M
--- Running XOR for layer 21/10 ---
"input" in: xor.drc:94
    Polygons (raw): 0 (flat)  0 (hierarchical)
    Elapsed: 0.000s  Memory: 483.00M
"input" in: xor.drc:94
    Polygons (raw): 0 (flat)  0 (hierarchical)
    Elapsed: 0.000s  Memory: 483.00M
"^" in: xor.drc:94
    Polygons (raw): 0 (flat)  0 (hierarchical)
    Elapsed: 0.200s  Memory: 483.00M
XOR differences: 0
"output" in: xor.drc:69
    Polygons (raw): 0 (flat)  0 (hierarchical)
    Elapsed: 0.000s  Memory: 483.00M
--- Running XOR for layer 22/0 ---
"input" in: xor.drc:94
    Polygons (raw): 98117 (flat)  286 (hierarchical)
    Elapsed: 0.000s  Memory: 483.00M
"input" in: xor.drc:94
    Polygons (raw): 98117 (flat)  286 (hierarchical)
    Elapsed: 0.000s  Memory: 483.00M
"^" in: xor.drc:94
    Polygons (raw): 0 (flat)  0 (hierarchical)
    Elapsed: 0.890s  Memory: 483.00M
XOR differences: 0
"output" in: xor.drc:69
    Polygons (raw): 0 (flat)  0 (hierarchical)
    Elapsed: 0.000s  Memory: 483.00M
--- Running XOR for layer 30/0 ---
"input" in: xor.drc:94
    Polygons (raw): 91627 (flat)  439 (hierarchical)
    Elapsed: 0.000s  Memory: 483.00M
"input" in: xor.drc:94
    Polygons (raw): 91627 (flat)  439 (hierarchical)
    Elapsed: 0.000s  Memory: 483.00M
"^" in: xor.drc:94
    Polygons (raw): 0 (flat)  0 (hierarchical)
    Elapsed: 1.230s  Memory: 483.00M
XOR differences: 0
"output" in: xor.drc:69
    Polygons (raw): 0 (flat)  0 (hierarchical)
    Elapsed: 0.010s  Memory: 483.00M
--- Running XOR for layer 31/0 ---
"input" in: xor.drc:94
    Polygons (raw): 46244 (flat)  93 (hierarchical)
    Elapsed: 0.000s  Memory: 483.00M
"input" in: xor.drc:94
    Polygons (raw): 46244 (flat)  93 (hierarchical)
    Elapsed: 0.000s  Memory: 483.00M
"^" in: xor.drc:94
    Polygons (raw): 0 (flat)  0 (hierarchical)
    Elapsed: 0.700s  Memory: 484.00M
XOR differences: 0
"output" in: xor.drc:69
    Polygons (raw): 0 (flat)  0 (hierarchical)
    Elapsed: 0.000s  Memory: 484.00M
--- Running XOR for layer 32/0 ---
"input" in: xor.drc:94
    Polygons (raw): 42146 (flat)  91 (hierarchical)
    Elapsed: 0.000s  Memory: 484.00M
"input" in: xor.drc:94
    Polygons (raw): 42146 (flat)  91 (hierarchical)
    Elapsed: 0.000s  Memory: 484.00M
"^" in: xor.drc:94
    Polygons (raw): 0 (flat)  0 (hierarchical)
    Elapsed: 0.670s  Memory: 485.00M
XOR differences: 0
"output" in: xor.drc:69
    Polygons (raw): 0 (flat)  0 (hierarchical)
    Elapsed: 0.000s  Memory: 485.00M
--- Running XOR for layer 33/0 ---
"input" in: xor.drc:94
    Polygons (raw): 485230 (flat)  2629 (hierarchical)
    Elapsed: 0.000s  Memory: 485.00M
"input" in: xor.drc:94
    Polygons (raw): 485230 (flat)  2629 (hierarchical)
    Elapsed: 0.000s  Memory: 485.00M
"^" in: xor.drc:94
    Polygons (raw): 0 (flat)  0 (hierarchical)
    Elapsed: 3.510s  Memory: 485.00M
XOR differences: 0
"output" in: xor.drc:69
    Polygons (raw): 0 (flat)  0 (hierarchical)
    Elapsed: 0.000s  Memory: 485.00M
--- Running XOR for layer 34/0 ---
"input" in: xor.drc:94
    Polygons (raw): 237757 (flat)  43716 (hierarchical)
    Elapsed: 0.000s  Memory: 485.00M
"input" in: xor.drc:94
    Polygons (raw): 243389 (flat)  1091 (hierarchical)
    Elapsed: 0.000s  Memory: 485.00M
"^" in: xor.drc:94
    Polygons (raw): 0 (flat)  0 (hierarchical)
    Elapsed: 4.460s  Memory: 495.00M
XOR differences: 0
"output" in: xor.drc:69
    Polygons (raw): 0 (flat)  0 (hierarchical)
    Elapsed: 0.000s  Memory: 495.00M
--- Running XOR for layer 34/10 ---
"input" in: xor.drc:94
    Polygons (raw): 0 (flat)  0 (hierarchical)
    Elapsed: 0.010s  Memory: 495.00M
"input" in: xor.drc:94
    Polygons (raw): 0 (flat)  0 (hierarchical)
    Elapsed: 0.000s  Memory: 495.00M
"^" in: xor.drc:94
    Polygons (raw): 0 (flat)  0 (hierarchical)
    Elapsed: 0.160s  Memory: 495.00M
XOR differences: 0
"output" in: xor.drc:69
    Polygons (raw): 0 (flat)  0 (hierarchical)
    Elapsed: 0.000s  Memory: 495.00M
--- Running XOR for layer 35/0 ---
"input" in: xor.drc:94
    Polygons (raw): 60428 (flat)  60428 (hierarchical)
    Elapsed: 0.000s  Memory: 495.00M
"input" in: xor.drc:94
    Polygons (raw): 60428 (flat)  5 (hierarchical)
    Elapsed: 0.000s  Memory: 495.00M
"^" in: xor.drc:94
    Polygons (raw): 0 (flat)  0 (hierarchical)
    Elapsed: 0.410s  Memory: 495.00M
XOR differences: 0
"output" in: xor.drc:69
    Polygons (raw): 0 (flat)  0 (hierarchical)
    Elapsed: 0.000s  Memory: 495.00M
--- Running XOR for layer 36/0 ---
"input" in: xor.drc:94
    Polygons (raw): 86521 (flat)  86521 (hierarchical)
    Elapsed: 0.000s  Memory: 495.00M
"input" in: xor.drc:94
    Polygons (raw): 147709 (flat)  64335 (hierarchical)
    Elapsed: 0.000s  Memory: 495.00M
"^" in: xor.drc:94
    Polygons (raw): 0 (flat)  0 (hierarchical)
    Elapsed: 1.630s  Memory: 442.00M
XOR differences: 0
"output" in: xor.drc:69
    Polygons (raw): 0 (flat)  0 (hierarchical)
    Elapsed: 0.010s  Memory: 442.00M
--- Running XOR for layer 36/10 ---
"input" in: xor.drc:94
    Polygons (raw): 77 (flat)  77 (hierarchical)
    Elapsed: 0.000s  Memory: 442.00M
"input" in: xor.drc:94
    Polygons (raw): 77 (flat)  77 (hierarchical)
    Elapsed: 0.000s  Memory: 442.00M
"^" in: xor.drc:94
    Polygons (raw): 0 (flat)  0 (hierarchical)
    Elapsed: 0.110s  Memory: 442.00M
XOR differences: 0
"output" in: xor.drc:69
    Polygons (raw): 0 (flat)  0 (hierarchical)
    Elapsed: 0.000s  Memory: 442.00M
--- Running XOR for layer 38/0 ---
"input" in: xor.drc:94
    Polygons (raw): 47629 (flat)  47629 (hierarchical)
    Elapsed: 0.000s  Memory: 442.00M
"input" in: xor.drc:94
    Polygons (raw): 47629 (flat)  66 (hierarchical)
    Elapsed: 0.000s  Memory: 442.00M
"^" in: xor.drc:94
    Polygons (raw): 0 (flat)  0 (hierarchical)
    Elapsed: 0.370s  Memory: 455.00M
XOR differences: 0
"output" in: xor.drc:69
    Polygons (raw): 0 (flat)  0 (hierarchical)
    Elapsed: 0.000s  Memory: 455.00M
--- Running XOR for layer 40/0 ---
"input" in: xor.drc:94
    Polygons (raw): 19360 (flat)  19360 (hierarchical)
    Elapsed: 0.000s  Memory: 455.00M
"input" in: xor.drc:94
    Polygons (raw): 19360 (flat)  66 (hierarchical)
    Elapsed: 0.000s  Memory: 455.00M
"^" in: xor.drc:94
    Polygons (raw): 0 (flat)  0 (hierarchical)
    Elapsed: 0.160s  Memory: 455.00M
XOR differences: 0
"output" in: xor.drc:69
    Polygons (raw): 0 (flat)  0 (hierarchical)
    Elapsed: 0.000s  Memory: 455.00M
--- Running XOR for layer 41/0 ---
"input" in: xor.drc:94
    Polygons (raw): 19902 (flat)  19902 (hierarchical)
    Elapsed: 0.000s  Memory: 455.00M
"input" in: xor.drc:94
    Polygons (raw): 19902 (flat)  10 (hierarchical)
    Elapsed: 0.000s  Memory: 455.00M
"^" in: xor.drc:94
    Polygons (raw): 0 (flat)  0 (hierarchical)
    Elapsed: 0.150s  Memory: 455.00M
XOR differences: 0
"output" in: xor.drc:69
    Polygons (raw): 0 (flat)  0 (hierarchical)
    Elapsed: 0.000s  Memory: 455.00M
--- Running XOR for layer 42/0 ---
"input" in: xor.drc:94
    Polygons (raw): 21729 (flat)  21729 (hierarchical)
    Elapsed: 0.000s  Memory: 455.00M
"input" in: xor.drc:94
    Polygons (raw): 62534 (flat)  20569 (hierarchical)
    Elapsed: 0.000s  Memory: 455.00M
"^" in: xor.drc:94
    Polygons (raw): 0 (flat)  0 (hierarchical)
    Elapsed: 0.370s  Memory: 466.00M
XOR differences: 0
"output" in: xor.drc:69
    Polygons (raw): 0 (flat)  0 (hierarchical)
    Elapsed: 0.010s  Memory: 466.00M
--- Running XOR for layer 46/0 ---
"input" in: xor.drc:94
    Polygons (raw): 472 (flat)  472 (hierarchical)
    Elapsed: 0.000s  Memory: 466.00M
"input" in: xor.drc:94
    Polygons (raw): 9705 (flat)  621 (hierarchical)
    Elapsed: 0.000s  Memory: 466.00M
"^" in: xor.drc:94
    Polygons (raw): 0 (flat)  0 (hierarchical)
    Elapsed: 0.170s  Memory: 466.00M
XOR differences: 0
"output" in: xor.drc:69
    Polygons (raw): 0 (flat)  0 (hierarchical)
    Elapsed: 0.000s  Memory: 466.00M
--- Running XOR for layer 46/10 ---
"input" in: xor.drc:94
    Polygons (raw): 92 (flat)  92 (hierarchical)
    Elapsed: 0.000s  Memory: 466.00M
"input" in: xor.drc:94
    Polygons (raw): 92 (flat)  92 (hierarchical)
    Elapsed: 0.000s  Memory: 466.00M
"^" in: xor.drc:94
    Polygons (raw): 0 (flat)  0 (hierarchical)
    Elapsed: 0.070s  Memory: 466.00M
XOR differences: 0
"output" in: xor.drc:69
    Polygons (raw): 0 (flat)  0 (hierarchical)
    Elapsed: 0.000s  Memory: 466.00M
--- Running XOR for layer 55/0 ---
"input" in: xor.drc:94
    Polygons (raw): 42146 (flat)  91 (hierarchical)
    Elapsed: 0.000s  Memory: 466.00M
"input" in: xor.drc:94
    Polygons (raw): 42146 (flat)  91 (hierarchical)
    Elapsed: 0.000s  Memory: 466.00M
"^" in: xor.drc:94
    Polygons (raw): 0 (flat)  0 (hierarchical)
    Elapsed: 0.630s  Memory: 442.00M
XOR differences: 0
"output" in: xor.drc:69
    Polygons (raw): 0 (flat)  0 (hierarchical)
    Elapsed: 0.000s  Memory: 442.00M
--- Running XOR for layer 63/63 ---
"input" in: xor.drc:94
    Polygons (raw): 0 (flat)  0 (hierarchical)
    Elapsed: 0.000s  Memory: 442.00M
"input" in: xor.drc:94
    Polygons (raw): 0 (flat)  0 (hierarchical)
    Elapsed: 0.000s  Memory: 442.00M
"^" in: xor.drc:94
    Polygons (raw): 0 (flat)  0 (hierarchical)
    Elapsed: 0.160s  Memory: 442.00M
XOR differences: 0
"output" in: xor.drc:69
    Polygons (raw): 0 (flat)  0 (hierarchical)
    Elapsed: 0.000s  Memory: 442.00M
--- Running XOR for layer 81/0 ---
"input" in: xor.drc:94
    Polygons (raw): 64 (flat)  64 (hierarchical)
    Elapsed: 0.000s  Memory: 442.00M
"input" in: xor.drc:94
    Polygons (raw): 2352 (flat)  116 (hierarchical)
    Elapsed: 0.000s  Memory: 442.00M
"^" in: xor.drc:94
    Polygons (raw): 0 (flat)  0 (hierarchical)
    Elapsed: 0.070s  Memory: 443.00M
XOR differences: 0
"output" in: xor.drc:69
    Polygons (raw): 0 (flat)  0 (hierarchical)
    Elapsed: 0.000s  Memory: 443.00M
--- Running XOR for layer 81/10 ---
"input" in: xor.drc:94
    Polygons (raw): 48 (flat)  48 (hierarchical)
    Elapsed: 0.000s  Memory: 443.00M
"input" in: xor.drc:94
    Polygons (raw): 48 (flat)  48 (hierarchical)
    Elapsed: 0.000s  Memory: 443.00M
"^" in: xor.drc:94
    Polygons (raw): 0 (flat)  0 (hierarchical)
    Elapsed: 0.060s  Memory: 443.00M
XOR differences: 0
"output" in: xor.drc:69
    Polygons (raw): 0 (flat)  0 (hierarchical)
    Elapsed: 0.000s  Memory: 443.00M
---
Total XOR differences: 0
Writing report database: /openlane/designs/Markov_Chain_Accelerator/runs/automated_pdn_fix_v10_strong/reports/signoff/37-xor.xml ..
Total elapsed: 19.820s  Memory: 443.00M
