
===========================================================================
 report_power
============================================================================
======================= Fastest Corner ===================================

Group                  Internal  Switching    Leakage      Total
                          Power      Power      Power      Power (Watts)
----------------------------------------------------------------
Sequential             4.17e-02   4.79e-03   3.42e-07   4.65e-02  32.3%
Combinational          6.28e-02   3.48e-02   3.89e-06   9.76e-02  67.7%
Macro                  0.00e+00   0.00e+00   0.00e+00   0.00e+00   0.0%
Pad                    0.00e+00   0.00e+00   0.00e+00   0.00e+00   0.0%
----------------------------------------------------------------
Total                  1.04e-01   3.96e-02   4.23e-06   1.44e-01 100.0%
                          72.5%      27.5%       0.0%

======================= Slowest Corner ===================================

Group                  Internal  Switching    Leakage      Total
                          Power      Power      Power      Power (Watts)
----------------------------------------------------------------
Sequential             2.79e-02   3.27e-03   7.62e-07   3.12e-02  34.1%
Combinational          3.65e-02   2.38e-02   2.53e-05   6.03e-02  65.9%
Macro                  0.00e+00   0.00e+00   0.00e+00   0.00e+00   0.0%
Pad                    0.00e+00   0.00e+00   0.00e+00   0.00e+00   0.0%
----------------------------------------------------------------
Total                  6.44e-02   2.71e-02   2.61e-05   9.16e-02 100.0%
                          70.4%      29.6%       0.0%

======================= Typical Corner ===================================

Group                  Internal  Switching    Leakage      Total
                          Power      Power      Power      Power (Watts)
----------------------------------------------------------------
Sequential             3.40e-02   3.98e-03   2.88e-07   3.80e-02  33.2%
Combinational          4.75e-02   2.90e-02   3.22e-06   7.65e-02  66.8%
Macro                  0.00e+00   0.00e+00   0.00e+00   0.00e+00   0.0%
Pad                    0.00e+00   0.00e+00   0.00e+00   0.00e+00   0.0%
----------------------------------------------------------------
Total                  8.15e-02   3.29e-02   3.51e-06   1.14e-01 100.0%
                          71.2%      28.8%       0.0%

